[2025-04-13T10:42:17.735+0000] {taskinstance.py:1103} INFO - Dependencies all met for dep_context=non-requeueable deps ti=<TaskInstance: fourth_multiple_task_dag.task_c scheduled__2025-04-12T00:00:00+00:00 [queued]>
[2025-04-13T10:42:17.739+0000] {taskinstance.py:1103} INFO - Dependencies all met for dep_context=requeueable deps ti=<TaskInstance: fourth_multiple_task_dag.task_c scheduled__2025-04-12T00:00:00+00:00 [queued]>
[2025-04-13T10:42:17.739+0000] {taskinstance.py:1308} INFO - Starting attempt 1 of 1
[2025-04-13T10:42:17.748+0000] {taskinstance.py:1327} INFO - Executing <Task(BashOperator): task_c> on 2025-04-12 00:00:00+00:00
[2025-04-13T10:42:17.751+0000] {standard_task_runner.py:57} INFO - Started process 30886 to run task
[2025-04-13T10:42:17.754+0000] {standard_task_runner.py:84} INFO - Running: ['airflow', 'tasks', 'run', 'fourth_multiple_task_dag', 'task_c', 'scheduled__2025-04-12T00:00:00+00:00', '--job-id', '69', '--raw', '--subdir', 'DAGS_FOLDER/fourth_multiple_task_dag.py', '--cfg-path', '/tmp/tmpa217ucfj']
[2025-04-13T10:42:17.754+0000] {standard_task_runner.py:85} INFO - Job 69: Subtask task_c
[2025-04-13T10:42:17.777+0000] {task_command.py:410} INFO - Running <TaskInstance: fourth_multiple_task_dag.task_c scheduled__2025-04-12T00:00:00+00:00 [running]> on host codespaces-6b480a
[2025-04-13T10:42:17.810+0000] {taskinstance.py:1545} INFO - Exporting env vars: AIRFLOW_CTX_DAG_OWNER='logan' AIRFLOW_CTX_DAG_ID='fourth_multiple_task_dag' AIRFLOW_CTX_TASK_ID='task_c' AIRFLOW_CTX_EXECUTION_DATE='2025-04-12T00:00:00+00:00' AIRFLOW_CTX_TRY_NUMBER='1' AIRFLOW_CTX_DAG_RUN_ID='scheduled__2025-04-12T00:00:00+00:00'
[2025-04-13T10:42:17.811+0000] {subprocess.py:63} INFO - Tmp dir root location: /tmp
[2025-04-13T10:42:17.811+0000] {subprocess.py:75} INFO - Running command: ['/usr/bin/bash', '-c', 'echo TASK C begin\nsleep 5\nexit 130\necho TASK C end']
[2025-04-13T10:42:17.816+0000] {subprocess.py:86} INFO - Output:
[2025-04-13T10:42:17.817+0000] {subprocess.py:93} INFO - TASK C begin
[2025-04-13T10:42:22.819+0000] {subprocess.py:97} INFO - Command exited with return code 130
[2025-04-13T10:42:22.824+0000] {taskinstance.py:1824} ERROR - Task failed with exception
Traceback (most recent call last):
  File "/home/vscode/.local/lib/python3.10/site-packages/airflow/operators/bash.py", line 210, in execute
    raise AirflowException(
airflow.exceptions.AirflowException: Bash command failed. The command returned a non-zero exit code 130.
[2025-04-13T10:42:22.826+0000] {taskinstance.py:1345} INFO - Marking task as FAILED. dag_id=fourth_multiple_task_dag, task_id=task_c, execution_date=20250412T000000, start_date=20250413T104217, end_date=20250413T104222
[2025-04-13T10:42:22.835+0000] {standard_task_runner.py:104} ERROR - Failed to execute job 69 for task task_c (Bash command failed. The command returned a non-zero exit code 130.; 30886)
[2025-04-13T10:42:22.839+0000] {local_task_job_runner.py:225} INFO - Task exited with return code 1
[2025-04-13T10:42:22.848+0000] {taskinstance.py:2653} INFO - 0 downstream tasks scheduled from follow-on schedule check
