[2025-04-09T17:36:43.583+0000] {taskinstance.py:1103} INFO - Dependencies all met for dep_context=non-requeueable deps ti=<TaskInstance: extract_csv_dag.task_wget manual__2025-04-09T17:36:41.623882+00:00 [queued]>
[2025-04-09T17:36:43.587+0000] {taskinstance.py:1103} INFO - Dependencies all met for dep_context=requeueable deps ti=<TaskInstance: extract_csv_dag.task_wget manual__2025-04-09T17:36:41.623882+00:00 [queued]>
[2025-04-09T17:36:43.587+0000] {taskinstance.py:1308} INFO - Starting attempt 1 of 1
[2025-04-09T17:36:43.596+0000] {taskinstance.py:1327} INFO - Executing <Task(BashOperator): task_wget> on 2025-04-09 17:36:41.623882+00:00
[2025-04-09T17:36:43.599+0000] {standard_task_runner.py:57} INFO - Started process 20525 to run task
[2025-04-09T17:36:43.602+0000] {standard_task_runner.py:84} INFO - Running: ['airflow', 'tasks', 'run', 'extract_csv_dag', 'task_wget', 'manual__2025-04-09T17:36:41.623882+00:00', '--job-id', '14', '--raw', '--subdir', 'DAGS_FOLDER/extract_csv_dag.py', '--cfg-path', '/tmp/tmpkqe_icob']
[2025-04-09T17:36:43.602+0000] {standard_task_runner.py:85} INFO - Job 14: Subtask task_wget
[2025-04-09T17:36:43.627+0000] {task_command.py:410} INFO - Running <TaskInstance: extract_csv_dag.task_wget manual__2025-04-09T17:36:41.623882+00:00 [running]> on host codespaces-6b480a
[2025-04-09T17:36:43.664+0000] {taskinstance.py:1545} INFO - Exporting env vars: AIRFLOW_CTX_DAG_OWNER='logan' AIRFLOW_CTX_DAG_ID='extract_csv_dag' AIRFLOW_CTX_TASK_ID='task_wget' AIRFLOW_CTX_EXECUTION_DATE='2025-04-09T17:36:41.623882+00:00' AIRFLOW_CTX_TRY_NUMBER='1' AIRFLOW_CTX_DAG_RUN_ID='manual__2025-04-09T17:36:41.623882+00:00'
[2025-04-09T17:36:43.665+0000] {subprocess.py:63} INFO - Tmp dir root location: /tmp
[2025-04-09T17:36:43.665+0000] {subprocess.py:75} INFO - Running command: ['/usr/bin/bash', '-c', 'echo pwd=$PWD && echo airflow_home=$AIRFLOW_HOME && wget -c https://datahub.io/core/top-level-domain-names/r/top-level-domain-names.csv.csv -O $AIRFLOW_HOME/../lab/manual/top_level_domain_$(date +%Y%m%d%H%M%S).csv']
[2025-04-09T17:36:43.670+0000] {subprocess.py:86} INFO - Output:
[2025-04-09T17:36:43.671+0000] {subprocess.py:93} INFO - pwd=/tmp/airflowtmpfddba0b7
[2025-04-09T17:36:43.671+0000] {subprocess.py:93} INFO - airflow_home=/workspaces/hands-on-introduction-data-engineering-4395021/airflow
[2025-04-09T17:36:43.674+0000] {subprocess.py:93} INFO - --2025-04-09 17:36:43--  https://datahub.io/core/top-level-domain-names/r/top-level-domain-names.csv.csv
[2025-04-09T17:36:43.911+0000] {subprocess.py:93} INFO - Resolving datahub.io (datahub.io)... 172.67.157.38, 104.21.40.221, 2606:4700:3030::ac43:9d26, ...
[2025-04-09T17:36:43.913+0000] {subprocess.py:93} INFO - Connecting to datahub.io (datahub.io)|172.67.157.38|:443... connected.
[2025-04-09T17:36:44.194+0000] {subprocess.py:93} INFO - HTTP request sent, awaiting response... 301 Moved Permanently
[2025-04-09T17:36:44.195+0000] {subprocess.py:93} INFO - Location: https://datahub.io/core/top-level-domain-names/_r/-/data/top-level-domain-names.csv [following]
[2025-04-09T17:36:44.195+0000] {subprocess.py:93} INFO - --2025-04-09 17:36:44--  https://datahub.io/core/top-level-domain-names/_r/-/data/top-level-domain-names.csv
[2025-04-09T17:36:44.195+0000] {subprocess.py:93} INFO - Reusing existing connection to datahub.io:443.
[2025-04-09T17:36:44.384+0000] {subprocess.py:93} INFO - HTTP request sent, awaiting response... 302 Found
[2025-04-09T17:36:44.384+0000] {subprocess.py:93} INFO - Location: https://r2.datahub.io/clt98mhbp000nl708qb1tppbw/main/raw/data/top-level-domain-names.csv [following]
[2025-04-09T17:36:44.384+0000] {subprocess.py:93} INFO - --2025-04-09 17:36:44--  https://r2.datahub.io/clt98mhbp000nl708qb1tppbw/main/raw/data/top-level-domain-names.csv
[2025-04-09T17:36:44.402+0000] {subprocess.py:93} INFO - Resolving r2.datahub.io (r2.datahub.io)... 172.67.157.38, 104.21.40.221, 2606:4700:3033::6815:28dd, ...
[2025-04-09T17:36:44.405+0000] {subprocess.py:93} INFO - Connecting to r2.datahub.io (r2.datahub.io)|172.67.157.38|:443... connected.
[2025-04-09T17:36:44.555+0000] {subprocess.py:93} INFO - HTTP request sent, awaiting response... 200 OK
[2025-04-09T17:36:44.555+0000] {subprocess.py:93} INFO - Length: 71040 (69K) [text/csv]
[2025-04-09T17:36:44.555+0000] {subprocess.py:93} INFO - Saving to: ‘/workspaces/hands-on-introduction-data-engineering-4395021/airflow/../lab/manual/top_level_domain_20250409173643.csv’
[2025-04-09T17:36:44.555+0000] {subprocess.py:93} INFO - 
[2025-04-09T17:36:44.556+0000] {subprocess.py:93} INFO -      0K .......... .......... .......... .......... .......... 72%  109M 0s
[2025-04-09T17:36:44.557+0000] {subprocess.py:93} INFO -     50K .......... .........                                  100% 18.1M=0.001s
[2025-04-09T17:36:44.557+0000] {subprocess.py:93} INFO - 
[2025-04-09T17:36:44.557+0000] {subprocess.py:93} INFO - 2025-04-09 17:36:44 (45.3 MB/s) - ‘/workspaces/hands-on-introduction-data-engineering-4395021/airflow/../lab/manual/top_level_domain_20250409173643.csv’ saved [71040/71040]
[2025-04-09T17:36:44.557+0000] {subprocess.py:93} INFO - 
[2025-04-09T17:36:44.558+0000] {subprocess.py:97} INFO - Command exited with return code 0
[2025-04-09T17:36:44.570+0000] {taskinstance.py:1345} INFO - Marking task as SUCCESS. dag_id=extract_csv_dag, task_id=task_wget, execution_date=20250409T173641, start_date=20250409T173643, end_date=20250409T173644
[2025-04-09T17:36:44.615+0000] {local_task_job_runner.py:225} INFO - Task exited with return code 0
[2025-04-09T17:36:44.623+0000] {taskinstance.py:2653} INFO - 0 downstream tasks scheduled from follow-on schedule check
