[2025-04-13T09:40:07.463+0000] {taskinstance.py:1103} INFO - Dependencies all met for dep_context=non-requeueable deps ti=<TaskInstance: etl_dag.extract_task scheduled__2025-04-11T00:00:00+00:00 [queued]>
[2025-04-13T09:40:07.467+0000] {taskinstance.py:1103} INFO - Dependencies all met for dep_context=requeueable deps ti=<TaskInstance: etl_dag.extract_task scheduled__2025-04-11T00:00:00+00:00 [queued]>
[2025-04-13T09:40:07.467+0000] {taskinstance.py:1308} INFO - Starting attempt 1 of 1
[2025-04-13T09:40:07.477+0000] {taskinstance.py:1327} INFO - Executing <Task(BashOperator): extract_task> on 2025-04-11 00:00:00+00:00
[2025-04-13T09:40:07.480+0000] {standard_task_runner.py:57} INFO - Started process 5740 to run task
[2025-04-13T09:40:07.482+0000] {standard_task_runner.py:84} INFO - Running: ['airflow', 'tasks', 'run', 'etl_dag', 'extract_task', 'scheduled__2025-04-11T00:00:00+00:00', '--job-id', '49', '--raw', '--subdir', 'DAGS_FOLDER/first_try/etl_dag.py', '--cfg-path', '/tmp/tmpi8nqya7c']
[2025-04-13T09:40:07.483+0000] {standard_task_runner.py:85} INFO - Job 49: Subtask extract_task
[2025-04-13T09:40:07.505+0000] {task_command.py:410} INFO - Running <TaskInstance: etl_dag.extract_task scheduled__2025-04-11T00:00:00+00:00 [running]> on host codespaces-6b480a
[2025-04-13T09:40:07.543+0000] {taskinstance.py:1545} INFO - Exporting env vars: AIRFLOW_CTX_DAG_OWNER='logan' AIRFLOW_CTX_DAG_ID='etl_dag' AIRFLOW_CTX_TASK_ID='extract_task' AIRFLOW_CTX_EXECUTION_DATE='2025-04-11T00:00:00+00:00' AIRFLOW_CTX_TRY_NUMBER='1' AIRFLOW_CTX_DAG_RUN_ID='scheduled__2025-04-11T00:00:00+00:00'
[2025-04-13T09:40:07.543+0000] {subprocess.py:63} INFO - Tmp dir root location: /tmp
[2025-04-13T09:40:07.544+0000] {subprocess.py:75} INFO - Running command: ['/usr/bin/bash', '-c', 'wget -c https://datahub.io/core/top-level-domain-names/r/top-level-domain-names.csv.csv -O $AIRFLOW_HOME/../lab/orchestrated/airflow_extract_data.csv']
[2025-04-13T09:40:07.549+0000] {subprocess.py:86} INFO - Output:
[2025-04-13T09:40:07.552+0000] {subprocess.py:93} INFO - --2025-04-13 09:40:07--  https://datahub.io/core/top-level-domain-names/r/top-level-domain-names.csv.csv
[2025-04-13T09:40:07.560+0000] {subprocess.py:93} INFO - Resolving datahub.io (datahub.io)... 172.67.157.38, 104.21.40.221, 2606:4700:3033::6815:28dd, ...
[2025-04-13T09:40:07.565+0000] {subprocess.py:93} INFO - Connecting to datahub.io (datahub.io)|172.67.157.38|:443... connected.
[2025-04-13T09:40:07.885+0000] {subprocess.py:93} INFO - HTTP request sent, awaiting response... 301 Moved Permanently
[2025-04-13T09:40:07.886+0000] {subprocess.py:93} INFO - Location: https://datahub.io/core/top-level-domain-names/_r/-/data/top-level-domain-names.csv [following]
[2025-04-13T09:40:07.886+0000] {subprocess.py:93} INFO - --2025-04-13 09:40:07--  https://datahub.io/core/top-level-domain-names/_r/-/data/top-level-domain-names.csv
[2025-04-13T09:40:07.886+0000] {subprocess.py:93} INFO - Reusing existing connection to datahub.io:443.
[2025-04-13T09:40:08.048+0000] {subprocess.py:93} INFO - HTTP request sent, awaiting response... 302 Found
[2025-04-13T09:40:08.049+0000] {subprocess.py:93} INFO - Location: https://r2.datahub.io/clt98mhbp000nl708qb1tppbw/main/raw/data/top-level-domain-names.csv [following]
[2025-04-13T09:40:08.049+0000] {subprocess.py:93} INFO - --2025-04-13 09:40:08--  https://r2.datahub.io/clt98mhbp000nl708qb1tppbw/main/raw/data/top-level-domain-names.csv
[2025-04-13T09:40:08.049+0000] {subprocess.py:93} INFO - Resolving r2.datahub.io (r2.datahub.io)... 104.21.40.221, 172.67.157.38, 2606:4700:3030::ac43:9d26, ...
[2025-04-13T09:40:08.051+0000] {subprocess.py:93} INFO - Connecting to r2.datahub.io (r2.datahub.io)|104.21.40.221|:443... connected.
[2025-04-13T09:40:08.166+0000] {subprocess.py:93} INFO - HTTP request sent, awaiting response... 416 Requested Range Not Satisfiable
[2025-04-13T09:40:08.166+0000] {subprocess.py:93} INFO - 
[2025-04-13T09:40:08.167+0000] {subprocess.py:93} INFO -     The file is already fully retrieved; nothing to do.
[2025-04-13T09:40:08.167+0000] {subprocess.py:93} INFO - 
[2025-04-13T09:40:08.167+0000] {subprocess.py:97} INFO - Command exited with return code 0
[2025-04-13T09:40:08.179+0000] {taskinstance.py:1345} INFO - Marking task as SUCCESS. dag_id=etl_dag, task_id=extract_task, execution_date=20250411T000000, start_date=20250413T094007, end_date=20250413T094008
[2025-04-13T09:40:08.216+0000] {local_task_job_runner.py:225} INFO - Task exited with return code 0
[2025-04-13T09:40:08.229+0000] {taskinstance.py:2653} INFO - 1 downstream tasks scheduled from follow-on schedule check
