[2025-04-09T20:32:43.310+0000] {taskinstance.py:1103} INFO - Dependencies all met for dep_context=non-requeueable deps ti=<TaskInstance: transform_dag.transform_task manual__2025-04-09T20:32:41.715001+00:00 [queued]>
[2025-04-09T20:32:43.314+0000] {taskinstance.py:1103} INFO - Dependencies all met for dep_context=requeueable deps ti=<TaskInstance: transform_dag.transform_task manual__2025-04-09T20:32:41.715001+00:00 [queued]>
[2025-04-09T20:32:43.314+0000] {taskinstance.py:1308} INFO - Starting attempt 1 of 1
[2025-04-09T20:32:43.324+0000] {taskinstance.py:1327} INFO - Executing <Task(PythonOperator): transform_task> on 2025-04-09 20:32:41.715001+00:00
[2025-04-09T20:32:43.328+0000] {standard_task_runner.py:57} INFO - Started process 24735 to run task
[2025-04-09T20:32:43.331+0000] {standard_task_runner.py:84} INFO - Running: ['airflow', 'tasks', 'run', 'transform_dag', 'transform_task', 'manual__2025-04-09T20:32:41.715001+00:00', '--job-id', '21', '--raw', '--subdir', 'DAGS_FOLDER/transform_dag.py', '--cfg-path', '/tmp/tmpfh_l1t0_']
[2025-04-09T20:32:43.331+0000] {standard_task_runner.py:85} INFO - Job 21: Subtask transform_task
[2025-04-09T20:32:43.361+0000] {task_command.py:410} INFO - Running <TaskInstance: transform_dag.transform_task manual__2025-04-09T20:32:41.715001+00:00 [running]> on host codespaces-6b480a
[2025-04-09T20:32:43.405+0000] {taskinstance.py:1545} INFO - Exporting env vars: AIRFLOW_CTX_DAG_OWNER='logan' AIRFLOW_CTX_DAG_ID='transform_dag' AIRFLOW_CTX_TASK_ID='transform_task' AIRFLOW_CTX_EXECUTION_DATE='2025-04-09T20:32:41.715001+00:00' AIRFLOW_CTX_TRY_NUMBER='1' AIRFLOW_CTX_DAG_RUN_ID='manual__2025-04-09T20:32:41.715001+00:00'
[2025-04-09T20:32:43.405+0000] {taskinstance.py:1824} ERROR - Task failed with exception
Traceback (most recent call last):
  File "/home/vscode/.local/lib/python3.10/site-packages/airflow/operators/python.py", line 181, in execute
    return_value = self.execute_callable()
  File "/home/vscode/.local/lib/python3.10/site-packages/airflow/operators/python.py", line 198, in execute_callable
    return self.python_callable(*self.op_args, **self.op_kwargs)
  File "/workspaces/hands-on-introduction-data-engineering-4395021/airflow/dags/transform_dag.py", line 31, in transform_data
    open('w', input_file).write("foo")
ValueError: invalid mode: 'airflow_extract_data.csv'
[2025-04-09T20:32:43.408+0000] {taskinstance.py:1345} INFO - Marking task as FAILED. dag_id=transform_dag, task_id=transform_task, execution_date=20250409T203241, start_date=20250409T203243, end_date=20250409T203243
[2025-04-09T20:32:43.415+0000] {standard_task_runner.py:104} ERROR - Failed to execute job 21 for task transform_task (invalid mode: 'airflow_extract_data.csv'; 24735)
[2025-04-09T20:32:43.424+0000] {local_task_job_runner.py:225} INFO - Task exited with return code 1
[2025-04-09T20:32:43.432+0000] {taskinstance.py:2653} INFO - 0 downstream tasks scheduled from follow-on schedule check
