[2025-04-08T11:42:06.997+0000] {processor.py:157} INFO - Started process (PID=2821) to work on /home/vscode/.local/lib/python3.10/site-packages/airflow/example_dags/example_task_group_decorator.py
[2025-04-08T11:42:06.998+0000] {processor.py:826} INFO - Processing file /home/vscode/.local/lib/python3.10/site-packages/airflow/example_dags/example_task_group_decorator.py for tasks to queue
[2025-04-08T11:42:06.998+0000] {logging_mixin.py:150} INFO - [2025-04-08T11:42:06.998+0000] {dagbag.py:541} INFO - Filling up the DagBag from /home/vscode/.local/lib/python3.10/site-packages/airflow/example_dags/example_task_group_decorator.py
[2025-04-08T11:42:07.009+0000] {processor.py:836} INFO - DAG(s) dict_keys(['example_task_group_decorator']) retrieved from /home/vscode/.local/lib/python3.10/site-packages/airflow/example_dags/example_task_group_decorator.py
[2025-04-08T11:42:07.078+0000] {logging_mixin.py:150} INFO - [2025-04-08T11:42:07.078+0000] {manager.py:504} INFO - Created Permission View: can edit on DAG:example_task_group_decorator
[2025-04-08T11:42:07.087+0000] {logging_mixin.py:150} INFO - [2025-04-08T11:42:07.087+0000] {manager.py:504} INFO - Created Permission View: can read on DAG:example_task_group_decorator
[2025-04-08T11:42:07.093+0000] {logging_mixin.py:150} INFO - [2025-04-08T11:42:07.093+0000] {manager.py:504} INFO - Created Permission View: can delete on DAG:example_task_group_decorator
[2025-04-08T11:42:07.101+0000] {logging_mixin.py:150} INFO - [2025-04-08T11:42:07.101+0000] {dag.py:2742} INFO - Sync 1 DAGs
[2025-04-08T11:42:07.108+0000] {logging_mixin.py:150} INFO - [2025-04-08T11:42:07.107+0000] {dag.py:2763} INFO - Creating ORM DAG for example_task_group_decorator
[2025-04-08T11:42:07.114+0000] {logging_mixin.py:150} INFO - [2025-04-08T11:42:07.114+0000] {dag.py:3504} INFO - Setting next_dagrun for example_task_group_decorator to 2025-04-07T11:42:07.113895+00:00, run_after=2025-04-08T11:42:07.113895+00:00
[2025-04-08T11:42:07.128+0000] {processor.py:179} INFO - Processing /home/vscode/.local/lib/python3.10/site-packages/airflow/example_dags/example_task_group_decorator.py took 0.133 seconds
[2025-04-08T11:42:52.261+0000] {processor.py:157} INFO - Started process (PID=3122) to work on /home/vscode/.local/lib/python3.10/site-packages/airflow/example_dags/example_task_group_decorator.py
[2025-04-08T11:42:52.262+0000] {processor.py:826} INFO - Processing file /home/vscode/.local/lib/python3.10/site-packages/airflow/example_dags/example_task_group_decorator.py for tasks to queue
[2025-04-08T11:42:52.262+0000] {logging_mixin.py:150} INFO - [2025-04-08T11:42:52.262+0000] {dagbag.py:541} INFO - Filling up the DagBag from /home/vscode/.local/lib/python3.10/site-packages/airflow/example_dags/example_task_group_decorator.py
[2025-04-08T11:42:52.273+0000] {processor.py:836} INFO - DAG(s) dict_keys(['example_task_group_decorator']) retrieved from /home/vscode/.local/lib/python3.10/site-packages/airflow/example_dags/example_task_group_decorator.py
[2025-04-08T11:42:52.287+0000] {logging_mixin.py:150} INFO - [2025-04-08T11:42:52.287+0000] {dag.py:2742} INFO - Sync 1 DAGs
[2025-04-08T11:42:52.302+0000] {logging_mixin.py:150} INFO - [2025-04-08T11:42:52.302+0000] {dag.py:3504} INFO - Setting next_dagrun for example_task_group_decorator to 2025-04-07T11:42:52.302144+00:00, run_after=2025-04-08T11:42:52.302144+00:00
[2025-04-08T11:42:52.317+0000] {processor.py:179} INFO - Processing /home/vscode/.local/lib/python3.10/site-packages/airflow/example_dags/example_task_group_decorator.py took 0.058 seconds
[2025-04-08T11:43:38.352+0000] {processor.py:157} INFO - Started process (PID=3428) to work on /home/vscode/.local/lib/python3.10/site-packages/airflow/example_dags/example_task_group_decorator.py
[2025-04-08T11:43:38.352+0000] {processor.py:826} INFO - Processing file /home/vscode/.local/lib/python3.10/site-packages/airflow/example_dags/example_task_group_decorator.py for tasks to queue
[2025-04-08T11:43:38.353+0000] {logging_mixin.py:150} INFO - [2025-04-08T11:43:38.353+0000] {dagbag.py:541} INFO - Filling up the DagBag from /home/vscode/.local/lib/python3.10/site-packages/airflow/example_dags/example_task_group_decorator.py
[2025-04-08T11:43:38.364+0000] {processor.py:836} INFO - DAG(s) dict_keys(['example_task_group_decorator']) retrieved from /home/vscode/.local/lib/python3.10/site-packages/airflow/example_dags/example_task_group_decorator.py
[2025-04-08T11:43:38.381+0000] {logging_mixin.py:150} INFO - [2025-04-08T11:43:38.380+0000] {dag.py:2742} INFO - Sync 1 DAGs
[2025-04-08T11:43:38.396+0000] {logging_mixin.py:150} INFO - [2025-04-08T11:43:38.396+0000] {dag.py:3504} INFO - Setting next_dagrun for example_task_group_decorator to 2025-04-07T11:43:38.396509+00:00, run_after=2025-04-08T11:43:38.396509+00:00
[2025-04-08T11:43:38.414+0000] {processor.py:179} INFO - Processing /home/vscode/.local/lib/python3.10/site-packages/airflow/example_dags/example_task_group_decorator.py took 0.065 seconds
[2025-04-08T11:44:24.116+0000] {processor.py:157} INFO - Started process (PID=3763) to work on /home/vscode/.local/lib/python3.10/site-packages/airflow/example_dags/example_task_group_decorator.py
[2025-04-08T11:44:24.116+0000] {processor.py:826} INFO - Processing file /home/vscode/.local/lib/python3.10/site-packages/airflow/example_dags/example_task_group_decorator.py for tasks to queue
[2025-04-08T11:44:24.117+0000] {logging_mixin.py:150} INFO - [2025-04-08T11:44:24.117+0000] {dagbag.py:541} INFO - Filling up the DagBag from /home/vscode/.local/lib/python3.10/site-packages/airflow/example_dags/example_task_group_decorator.py
[2025-04-08T11:44:24.128+0000] {processor.py:836} INFO - DAG(s) dict_keys(['example_task_group_decorator']) retrieved from /home/vscode/.local/lib/python3.10/site-packages/airflow/example_dags/example_task_group_decorator.py
[2025-04-08T11:44:24.142+0000] {logging_mixin.py:150} INFO - [2025-04-08T11:44:24.142+0000] {dag.py:2742} INFO - Sync 1 DAGs
[2025-04-08T11:44:24.156+0000] {logging_mixin.py:150} INFO - [2025-04-08T11:44:24.156+0000] {dag.py:3504} INFO - Setting next_dagrun for example_task_group_decorator to 2025-04-07T11:44:24.156231+00:00, run_after=2025-04-08T11:44:24.156231+00:00
[2025-04-08T11:44:24.173+0000] {processor.py:179} INFO - Processing /home/vscode/.local/lib/python3.10/site-packages/airflow/example_dags/example_task_group_decorator.py took 0.059 seconds
[2025-04-08T11:45:08.201+0000] {processor.py:157} INFO - Started process (PID=4157) to work on /home/vscode/.local/lib/python3.10/site-packages/airflow/example_dags/example_task_group_decorator.py
[2025-04-08T11:45:08.202+0000] {processor.py:826} INFO - Processing file /home/vscode/.local/lib/python3.10/site-packages/airflow/example_dags/example_task_group_decorator.py for tasks to queue
[2025-04-08T11:45:08.202+0000] {logging_mixin.py:150} INFO - [2025-04-08T11:45:08.202+0000] {dagbag.py:541} INFO - Filling up the DagBag from /home/vscode/.local/lib/python3.10/site-packages/airflow/example_dags/example_task_group_decorator.py
[2025-04-08T11:45:08.213+0000] {processor.py:836} INFO - DAG(s) dict_keys(['example_task_group_decorator']) retrieved from /home/vscode/.local/lib/python3.10/site-packages/airflow/example_dags/example_task_group_decorator.py
[2025-04-08T11:45:08.227+0000] {logging_mixin.py:150} INFO - [2025-04-08T11:45:08.227+0000] {dag.py:2742} INFO - Sync 1 DAGs
[2025-04-08T11:45:08.241+0000] {logging_mixin.py:150} INFO - [2025-04-08T11:45:08.241+0000] {dag.py:3504} INFO - Setting next_dagrun for example_task_group_decorator to 2025-04-07T11:45:08.241259+00:00, run_after=2025-04-08T11:45:08.241259+00:00
[2025-04-08T11:45:08.257+0000] {processor.py:179} INFO - Processing /home/vscode/.local/lib/python3.10/site-packages/airflow/example_dags/example_task_group_decorator.py took 0.058 seconds
[2025-04-08T11:45:52.231+0000] {processor.py:157} INFO - Started process (PID=4586) to work on /home/vscode/.local/lib/python3.10/site-packages/airflow/example_dags/example_task_group_decorator.py
[2025-04-08T11:45:52.231+0000] {processor.py:826} INFO - Processing file /home/vscode/.local/lib/python3.10/site-packages/airflow/example_dags/example_task_group_decorator.py for tasks to queue
[2025-04-08T11:45:52.232+0000] {logging_mixin.py:150} INFO - [2025-04-08T11:45:52.232+0000] {dagbag.py:541} INFO - Filling up the DagBag from /home/vscode/.local/lib/python3.10/site-packages/airflow/example_dags/example_task_group_decorator.py
[2025-04-08T11:45:52.249+0000] {processor.py:836} INFO - DAG(s) dict_keys(['example_task_group_decorator']) retrieved from /home/vscode/.local/lib/python3.10/site-packages/airflow/example_dags/example_task_group_decorator.py
[2025-04-08T11:45:52.269+0000] {logging_mixin.py:150} INFO - [2025-04-08T11:45:52.269+0000] {dag.py:2742} INFO - Sync 1 DAGs
[2025-04-08T11:45:52.283+0000] {logging_mixin.py:150} INFO - [2025-04-08T11:45:52.282+0000] {dag.py:3504} INFO - Setting next_dagrun for example_task_group_decorator to 2025-04-07T11:45:52.282839+00:00, run_after=2025-04-08T11:45:52.282839+00:00
[2025-04-08T11:45:52.298+0000] {processor.py:179} INFO - Processing /home/vscode/.local/lib/python3.10/site-packages/airflow/example_dags/example_task_group_decorator.py took 0.069 seconds
[2025-04-08T11:46:40.526+0000] {processor.py:157} INFO - Started process (PID=4898) to work on /home/vscode/.local/lib/python3.10/site-packages/airflow/example_dags/example_task_group_decorator.py
[2025-04-08T11:46:40.527+0000] {processor.py:826} INFO - Processing file /home/vscode/.local/lib/python3.10/site-packages/airflow/example_dags/example_task_group_decorator.py for tasks to queue
[2025-04-08T11:46:40.528+0000] {logging_mixin.py:150} INFO - [2025-04-08T11:46:40.527+0000] {dagbag.py:541} INFO - Filling up the DagBag from /home/vscode/.local/lib/python3.10/site-packages/airflow/example_dags/example_task_group_decorator.py
[2025-04-08T11:46:40.538+0000] {processor.py:836} INFO - DAG(s) dict_keys(['example_task_group_decorator']) retrieved from /home/vscode/.local/lib/python3.10/site-packages/airflow/example_dags/example_task_group_decorator.py
[2025-04-08T11:46:40.551+0000] {logging_mixin.py:150} INFO - [2025-04-08T11:46:40.551+0000] {dag.py:2742} INFO - Sync 1 DAGs
[2025-04-08T11:46:40.565+0000] {logging_mixin.py:150} INFO - [2025-04-08T11:46:40.564+0000] {dag.py:3504} INFO - Setting next_dagrun for example_task_group_decorator to 2025-04-07T11:46:40.564719+00:00, run_after=2025-04-08T11:46:40.564719+00:00
[2025-04-08T11:46:40.578+0000] {processor.py:179} INFO - Processing /home/vscode/.local/lib/python3.10/site-packages/airflow/example_dags/example_task_group_decorator.py took 0.054 seconds
[2025-04-08T11:47:25.639+0000] {processor.py:157} INFO - Started process (PID=5204) to work on /home/vscode/.local/lib/python3.10/site-packages/airflow/example_dags/example_task_group_decorator.py
[2025-04-08T11:47:25.639+0000] {processor.py:826} INFO - Processing file /home/vscode/.local/lib/python3.10/site-packages/airflow/example_dags/example_task_group_decorator.py for tasks to queue
[2025-04-08T11:47:25.640+0000] {logging_mixin.py:150} INFO - [2025-04-08T11:47:25.640+0000] {dagbag.py:541} INFO - Filling up the DagBag from /home/vscode/.local/lib/python3.10/site-packages/airflow/example_dags/example_task_group_decorator.py
[2025-04-08T11:47:25.650+0000] {processor.py:836} INFO - DAG(s) dict_keys(['example_task_group_decorator']) retrieved from /home/vscode/.local/lib/python3.10/site-packages/airflow/example_dags/example_task_group_decorator.py
[2025-04-08T11:47:25.665+0000] {logging_mixin.py:150} INFO - [2025-04-08T11:47:25.665+0000] {dag.py:2742} INFO - Sync 1 DAGs
[2025-04-08T11:47:25.679+0000] {logging_mixin.py:150} INFO - [2025-04-08T11:47:25.679+0000] {dag.py:3504} INFO - Setting next_dagrun for example_task_group_decorator to 2025-04-07T11:47:25.679060+00:00, run_after=2025-04-08T11:47:25.679060+00:00
[2025-04-08T11:47:25.694+0000] {processor.py:179} INFO - Processing /home/vscode/.local/lib/python3.10/site-packages/airflow/example_dags/example_task_group_decorator.py took 0.057 seconds
[2025-04-08T11:48:08.946+0000] {processor.py:157} INFO - Started process (PID=5492) to work on /home/vscode/.local/lib/python3.10/site-packages/airflow/example_dags/example_task_group_decorator.py
[2025-04-08T11:48:08.947+0000] {processor.py:826} INFO - Processing file /home/vscode/.local/lib/python3.10/site-packages/airflow/example_dags/example_task_group_decorator.py for tasks to queue
[2025-04-08T11:48:08.947+0000] {logging_mixin.py:150} INFO - [2025-04-08T11:48:08.947+0000] {dagbag.py:541} INFO - Filling up the DagBag from /home/vscode/.local/lib/python3.10/site-packages/airflow/example_dags/example_task_group_decorator.py
[2025-04-08T11:48:08.959+0000] {processor.py:836} INFO - DAG(s) dict_keys(['example_task_group_decorator']) retrieved from /home/vscode/.local/lib/python3.10/site-packages/airflow/example_dags/example_task_group_decorator.py
[2025-04-08T11:48:08.973+0000] {logging_mixin.py:150} INFO - [2025-04-08T11:48:08.973+0000] {dag.py:2742} INFO - Sync 1 DAGs
[2025-04-08T11:48:08.987+0000] {logging_mixin.py:150} INFO - [2025-04-08T11:48:08.987+0000] {dag.py:3504} INFO - Setting next_dagrun for example_task_group_decorator to 2025-04-07T11:48:08.987556+00:00, run_after=2025-04-08T11:48:08.987556+00:00
[2025-04-08T11:48:09.003+0000] {processor.py:179} INFO - Processing /home/vscode/.local/lib/python3.10/site-packages/airflow/example_dags/example_task_group_decorator.py took 0.059 seconds
[2025-04-08T11:48:56.041+0000] {processor.py:157} INFO - Started process (PID=5991) to work on /home/vscode/.local/lib/python3.10/site-packages/airflow/example_dags/example_task_group_decorator.py
[2025-04-08T11:48:56.042+0000] {processor.py:826} INFO - Processing file /home/vscode/.local/lib/python3.10/site-packages/airflow/example_dags/example_task_group_decorator.py for tasks to queue
[2025-04-08T11:48:56.042+0000] {logging_mixin.py:150} INFO - [2025-04-08T11:48:56.042+0000] {dagbag.py:541} INFO - Filling up the DagBag from /home/vscode/.local/lib/python3.10/site-packages/airflow/example_dags/example_task_group_decorator.py
[2025-04-08T11:48:56.053+0000] {processor.py:836} INFO - DAG(s) dict_keys(['example_task_group_decorator']) retrieved from /home/vscode/.local/lib/python3.10/site-packages/airflow/example_dags/example_task_group_decorator.py
[2025-04-08T11:48:56.067+0000] {logging_mixin.py:150} INFO - [2025-04-08T11:48:56.067+0000] {dag.py:2742} INFO - Sync 1 DAGs
[2025-04-08T11:48:56.082+0000] {logging_mixin.py:150} INFO - [2025-04-08T11:48:56.082+0000] {dag.py:3504} INFO - Setting next_dagrun for example_task_group_decorator to 2025-04-07T11:48:56.082157+00:00, run_after=2025-04-08T11:48:56.082157+00:00
[2025-04-08T11:48:56.098+0000] {processor.py:179} INFO - Processing /home/vscode/.local/lib/python3.10/site-packages/airflow/example_dags/example_task_group_decorator.py took 0.059 seconds
[2025-04-08T11:49:37.759+0000] {processor.py:157} INFO - Started process (PID=6447) to work on /home/vscode/.local/lib/python3.10/site-packages/airflow/example_dags/example_task_group_decorator.py
[2025-04-08T11:49:37.759+0000] {processor.py:826} INFO - Processing file /home/vscode/.local/lib/python3.10/site-packages/airflow/example_dags/example_task_group_decorator.py for tasks to queue
[2025-04-08T11:49:37.760+0000] {logging_mixin.py:150} INFO - [2025-04-08T11:49:37.760+0000] {dagbag.py:541} INFO - Filling up the DagBag from /home/vscode/.local/lib/python3.10/site-packages/airflow/example_dags/example_task_group_decorator.py
[2025-04-08T11:49:37.771+0000] {processor.py:836} INFO - DAG(s) dict_keys(['example_task_group_decorator']) retrieved from /home/vscode/.local/lib/python3.10/site-packages/airflow/example_dags/example_task_group_decorator.py
[2025-04-08T11:49:37.784+0000] {logging_mixin.py:150} INFO - [2025-04-08T11:49:37.784+0000] {dag.py:2742} INFO - Sync 1 DAGs
[2025-04-08T11:49:37.798+0000] {logging_mixin.py:150} INFO - [2025-04-08T11:49:37.798+0000] {dag.py:3504} INFO - Setting next_dagrun for example_task_group_decorator to 2025-04-07T11:49:37.797988+00:00, run_after=2025-04-08T11:49:37.797988+00:00
[2025-04-08T11:49:37.812+0000] {processor.py:179} INFO - Processing /home/vscode/.local/lib/python3.10/site-packages/airflow/example_dags/example_task_group_decorator.py took 0.055 seconds
[2025-04-08T11:50:18.734+0000] {processor.py:157} INFO - Started process (PID=6864) to work on /home/vscode/.local/lib/python3.10/site-packages/airflow/example_dags/example_task_group_decorator.py
[2025-04-08T11:50:18.735+0000] {processor.py:826} INFO - Processing file /home/vscode/.local/lib/python3.10/site-packages/airflow/example_dags/example_task_group_decorator.py for tasks to queue
[2025-04-08T11:50:18.736+0000] {logging_mixin.py:150} INFO - [2025-04-08T11:50:18.735+0000] {dagbag.py:541} INFO - Filling up the DagBag from /home/vscode/.local/lib/python3.10/site-packages/airflow/example_dags/example_task_group_decorator.py
[2025-04-08T11:50:18.746+0000] {processor.py:836} INFO - DAG(s) dict_keys(['example_task_group_decorator']) retrieved from /home/vscode/.local/lib/python3.10/site-packages/airflow/example_dags/example_task_group_decorator.py
[2025-04-08T11:50:18.760+0000] {logging_mixin.py:150} INFO - [2025-04-08T11:50:18.760+0000] {dag.py:2742} INFO - Sync 1 DAGs
[2025-04-08T11:50:18.774+0000] {logging_mixin.py:150} INFO - [2025-04-08T11:50:18.774+0000] {dag.py:3504} INFO - Setting next_dagrun for example_task_group_decorator to 2025-04-07T11:50:18.774316+00:00, run_after=2025-04-08T11:50:18.774316+00:00
[2025-04-08T11:50:18.789+0000] {processor.py:179} INFO - Processing /home/vscode/.local/lib/python3.10/site-packages/airflow/example_dags/example_task_group_decorator.py took 0.057 seconds
