[2025-04-08T11:42:01.781+0000] {processor.py:157} INFO - Started process (PID=2787) to work on /home/vscode/.local/lib/python3.10/site-packages/airflow/example_dags/example_short_circuit_decorator.py
[2025-04-08T11:42:01.782+0000] {processor.py:826} INFO - Processing file /home/vscode/.local/lib/python3.10/site-packages/airflow/example_dags/example_short_circuit_decorator.py for tasks to queue
[2025-04-08T11:42:01.782+0000] {logging_mixin.py:150} INFO - [2025-04-08T11:42:01.782+0000] {dagbag.py:541} INFO - Filling up the DagBag from /home/vscode/.local/lib/python3.10/site-packages/airflow/example_dags/example_short_circuit_decorator.py
[2025-04-08T11:42:01.791+0000] {processor.py:836} INFO - DAG(s) dict_keys(['example_short_circuit_decorator']) retrieved from /home/vscode/.local/lib/python3.10/site-packages/airflow/example_dags/example_short_circuit_decorator.py
[2025-04-08T11:42:01.868+0000] {logging_mixin.py:150} INFO - [2025-04-08T11:42:01.867+0000] {manager.py:504} INFO - Created Permission View: can edit on DAG:example_short_circuit_decorator
[2025-04-08T11:42:01.875+0000] {logging_mixin.py:150} INFO - [2025-04-08T11:42:01.875+0000] {manager.py:504} INFO - Created Permission View: can read on DAG:example_short_circuit_decorator
[2025-04-08T11:42:01.881+0000] {logging_mixin.py:150} INFO - [2025-04-08T11:42:01.881+0000] {manager.py:504} INFO - Created Permission View: can delete on DAG:example_short_circuit_decorator
[2025-04-08T11:42:01.889+0000] {logging_mixin.py:150} INFO - [2025-04-08T11:42:01.888+0000] {dag.py:2742} INFO - Sync 1 DAGs
[2025-04-08T11:42:01.896+0000] {logging_mixin.py:150} INFO - [2025-04-08T11:42:01.896+0000] {dag.py:2763} INFO - Creating ORM DAG for example_short_circuit_decorator
[2025-04-08T11:42:01.903+0000] {logging_mixin.py:150} INFO - [2025-04-08T11:42:01.903+0000] {dag.py:3504} INFO - Setting next_dagrun for example_short_circuit_decorator to 2025-04-07T11:42:01.903127+00:00, run_after=2025-04-08T11:42:01.903127+00:00
[2025-04-08T11:42:01.918+0000] {processor.py:179} INFO - Processing /home/vscode/.local/lib/python3.10/site-packages/airflow/example_dags/example_short_circuit_decorator.py took 0.139 seconds
[2025-04-08T11:42:47.123+0000] {processor.py:157} INFO - Started process (PID=3088) to work on /home/vscode/.local/lib/python3.10/site-packages/airflow/example_dags/example_short_circuit_decorator.py
[2025-04-08T11:42:47.124+0000] {processor.py:826} INFO - Processing file /home/vscode/.local/lib/python3.10/site-packages/airflow/example_dags/example_short_circuit_decorator.py for tasks to queue
[2025-04-08T11:42:47.124+0000] {logging_mixin.py:150} INFO - [2025-04-08T11:42:47.124+0000] {dagbag.py:541} INFO - Filling up the DagBag from /home/vscode/.local/lib/python3.10/site-packages/airflow/example_dags/example_short_circuit_decorator.py
[2025-04-08T11:42:47.132+0000] {processor.py:836} INFO - DAG(s) dict_keys(['example_short_circuit_decorator']) retrieved from /home/vscode/.local/lib/python3.10/site-packages/airflow/example_dags/example_short_circuit_decorator.py
[2025-04-08T11:42:47.147+0000] {logging_mixin.py:150} INFO - [2025-04-08T11:42:47.146+0000] {dag.py:2742} INFO - Sync 1 DAGs
[2025-04-08T11:42:47.161+0000] {logging_mixin.py:150} INFO - [2025-04-08T11:42:47.161+0000] {dag.py:3504} INFO - Setting next_dagrun for example_short_circuit_decorator to 2025-04-07T11:42:47.161202+00:00, run_after=2025-04-08T11:42:47.161202+00:00
[2025-04-08T11:42:47.176+0000] {processor.py:179} INFO - Processing /home/vscode/.local/lib/python3.10/site-packages/airflow/example_dags/example_short_circuit_decorator.py took 0.055 seconds
[2025-04-08T11:43:33.319+0000] {processor.py:157} INFO - Started process (PID=3394) to work on /home/vscode/.local/lib/python3.10/site-packages/airflow/example_dags/example_short_circuit_decorator.py
[2025-04-08T11:43:33.320+0000] {processor.py:826} INFO - Processing file /home/vscode/.local/lib/python3.10/site-packages/airflow/example_dags/example_short_circuit_decorator.py for tasks to queue
[2025-04-08T11:43:33.320+0000] {logging_mixin.py:150} INFO - [2025-04-08T11:43:33.320+0000] {dagbag.py:541} INFO - Filling up the DagBag from /home/vscode/.local/lib/python3.10/site-packages/airflow/example_dags/example_short_circuit_decorator.py
[2025-04-08T11:43:33.328+0000] {processor.py:836} INFO - DAG(s) dict_keys(['example_short_circuit_decorator']) retrieved from /home/vscode/.local/lib/python3.10/site-packages/airflow/example_dags/example_short_circuit_decorator.py
[2025-04-08T11:43:33.342+0000] {logging_mixin.py:150} INFO - [2025-04-08T11:43:33.342+0000] {dag.py:2742} INFO - Sync 1 DAGs
[2025-04-08T11:43:33.357+0000] {logging_mixin.py:150} INFO - [2025-04-08T11:43:33.357+0000] {dag.py:3504} INFO - Setting next_dagrun for example_short_circuit_decorator to 2025-04-07T11:43:33.357457+00:00, run_after=2025-04-08T11:43:33.357457+00:00
[2025-04-08T11:43:33.377+0000] {processor.py:179} INFO - Processing /home/vscode/.local/lib/python3.10/site-packages/airflow/example_dags/example_short_circuit_decorator.py took 0.062 seconds
[2025-04-08T11:44:18.824+0000] {processor.py:157} INFO - Started process (PID=3701) to work on /home/vscode/.local/lib/python3.10/site-packages/airflow/example_dags/example_short_circuit_decorator.py
[2025-04-08T11:44:18.825+0000] {processor.py:826} INFO - Processing file /home/vscode/.local/lib/python3.10/site-packages/airflow/example_dags/example_short_circuit_decorator.py for tasks to queue
[2025-04-08T11:44:18.825+0000] {logging_mixin.py:150} INFO - [2025-04-08T11:44:18.825+0000] {dagbag.py:541} INFO - Filling up the DagBag from /home/vscode/.local/lib/python3.10/site-packages/airflow/example_dags/example_short_circuit_decorator.py
[2025-04-08T11:44:18.833+0000] {processor.py:836} INFO - DAG(s) dict_keys(['example_short_circuit_decorator']) retrieved from /home/vscode/.local/lib/python3.10/site-packages/airflow/example_dags/example_short_circuit_decorator.py
[2025-04-08T11:44:18.846+0000] {logging_mixin.py:150} INFO - [2025-04-08T11:44:18.846+0000] {dag.py:2742} INFO - Sync 1 DAGs
[2025-04-08T11:44:18.862+0000] {logging_mixin.py:150} INFO - [2025-04-08T11:44:18.862+0000] {dag.py:3504} INFO - Setting next_dagrun for example_short_circuit_decorator to 2025-04-07T11:44:18.861906+00:00, run_after=2025-04-08T11:44:18.861906+00:00
[2025-04-08T11:44:18.881+0000] {processor.py:179} INFO - Processing /home/vscode/.local/lib/python3.10/site-packages/airflow/example_dags/example_short_circuit_decorator.py took 0.062 seconds
[2025-04-08T11:45:03.529+0000] {processor.py:157} INFO - Started process (PID=4131) to work on /home/vscode/.local/lib/python3.10/site-packages/airflow/example_dags/example_short_circuit_decorator.py
[2025-04-08T11:45:03.529+0000] {processor.py:826} INFO - Processing file /home/vscode/.local/lib/python3.10/site-packages/airflow/example_dags/example_short_circuit_decorator.py for tasks to queue
[2025-04-08T11:45:03.530+0000] {logging_mixin.py:150} INFO - [2025-04-08T11:45:03.530+0000] {dagbag.py:541} INFO - Filling up the DagBag from /home/vscode/.local/lib/python3.10/site-packages/airflow/example_dags/example_short_circuit_decorator.py
[2025-04-08T11:45:03.544+0000] {processor.py:836} INFO - DAG(s) dict_keys(['example_short_circuit_decorator']) retrieved from /home/vscode/.local/lib/python3.10/site-packages/airflow/example_dags/example_short_circuit_decorator.py
[2025-04-08T11:45:03.561+0000] {logging_mixin.py:150} INFO - [2025-04-08T11:45:03.561+0000] {dag.py:2742} INFO - Sync 1 DAGs
[2025-04-08T11:45:03.575+0000] {logging_mixin.py:150} INFO - [2025-04-08T11:45:03.575+0000] {dag.py:3504} INFO - Setting next_dagrun for example_short_circuit_decorator to 2025-04-07T11:45:03.575148+00:00, run_after=2025-04-08T11:45:03.575148+00:00
[2025-04-08T11:45:03.589+0000] {processor.py:179} INFO - Processing /home/vscode/.local/lib/python3.10/site-packages/airflow/example_dags/example_short_circuit_decorator.py took 0.063 seconds
[2025-04-08T11:45:45.427+0000] {processor.py:157} INFO - Started process (PID=4529) to work on /home/vscode/.local/lib/python3.10/site-packages/airflow/example_dags/example_short_circuit_decorator.py
[2025-04-08T11:45:45.428+0000] {processor.py:826} INFO - Processing file /home/vscode/.local/lib/python3.10/site-packages/airflow/example_dags/example_short_circuit_decorator.py for tasks to queue
[2025-04-08T11:45:45.428+0000] {logging_mixin.py:150} INFO - [2025-04-08T11:45:45.428+0000] {dagbag.py:541} INFO - Filling up the DagBag from /home/vscode/.local/lib/python3.10/site-packages/airflow/example_dags/example_short_circuit_decorator.py
[2025-04-08T11:45:45.436+0000] {processor.py:836} INFO - DAG(s) dict_keys(['example_short_circuit_decorator']) retrieved from /home/vscode/.local/lib/python3.10/site-packages/airflow/example_dags/example_short_circuit_decorator.py
[2025-04-08T11:45:45.449+0000] {logging_mixin.py:150} INFO - [2025-04-08T11:45:45.449+0000] {dag.py:2742} INFO - Sync 1 DAGs
[2025-04-08T11:45:45.463+0000] {logging_mixin.py:150} INFO - [2025-04-08T11:45:45.462+0000] {dag.py:3504} INFO - Setting next_dagrun for example_short_circuit_decorator to 2025-04-07T11:45:45.462747+00:00, run_after=2025-04-08T11:45:45.462747+00:00
[2025-04-08T11:45:45.478+0000] {processor.py:179} INFO - Processing /home/vscode/.local/lib/python3.10/site-packages/airflow/example_dags/example_short_circuit_decorator.py took 0.053 seconds
[2025-04-08T11:46:29.353+0000] {processor.py:157} INFO - Started process (PID=4822) to work on /home/vscode/.local/lib/python3.10/site-packages/airflow/example_dags/example_short_circuit_decorator.py
[2025-04-08T11:46:29.354+0000] {processor.py:826} INFO - Processing file /home/vscode/.local/lib/python3.10/site-packages/airflow/example_dags/example_short_circuit_decorator.py for tasks to queue
[2025-04-08T11:46:29.354+0000] {logging_mixin.py:150} INFO - [2025-04-08T11:46:29.354+0000] {dagbag.py:541} INFO - Filling up the DagBag from /home/vscode/.local/lib/python3.10/site-packages/airflow/example_dags/example_short_circuit_decorator.py
[2025-04-08T11:46:29.361+0000] {processor.py:836} INFO - DAG(s) dict_keys(['example_short_circuit_decorator']) retrieved from /home/vscode/.local/lib/python3.10/site-packages/airflow/example_dags/example_short_circuit_decorator.py
[2025-04-08T11:46:29.374+0000] {logging_mixin.py:150} INFO - [2025-04-08T11:46:29.374+0000] {dag.py:2742} INFO - Sync 1 DAGs
[2025-04-08T11:46:29.388+0000] {logging_mixin.py:150} INFO - [2025-04-08T11:46:29.388+0000] {dag.py:3504} INFO - Setting next_dagrun for example_short_circuit_decorator to 2025-04-07T11:46:29.388119+00:00, run_after=2025-04-08T11:46:29.388119+00:00
[2025-04-08T11:46:29.402+0000] {processor.py:179} INFO - Processing /home/vscode/.local/lib/python3.10/site-packages/airflow/example_dags/example_short_circuit_decorator.py took 0.051 seconds
[2025-04-08T11:47:14.224+0000] {processor.py:157} INFO - Started process (PID=5128) to work on /home/vscode/.local/lib/python3.10/site-packages/airflow/example_dags/example_short_circuit_decorator.py
[2025-04-08T11:47:14.225+0000] {processor.py:826} INFO - Processing file /home/vscode/.local/lib/python3.10/site-packages/airflow/example_dags/example_short_circuit_decorator.py for tasks to queue
[2025-04-08T11:47:14.225+0000] {logging_mixin.py:150} INFO - [2025-04-08T11:47:14.225+0000] {dagbag.py:541} INFO - Filling up the DagBag from /home/vscode/.local/lib/python3.10/site-packages/airflow/example_dags/example_short_circuit_decorator.py
[2025-04-08T11:47:14.232+0000] {processor.py:836} INFO - DAG(s) dict_keys(['example_short_circuit_decorator']) retrieved from /home/vscode/.local/lib/python3.10/site-packages/airflow/example_dags/example_short_circuit_decorator.py
[2025-04-08T11:47:14.245+0000] {logging_mixin.py:150} INFO - [2025-04-08T11:47:14.245+0000] {dag.py:2742} INFO - Sync 1 DAGs
[2025-04-08T11:47:14.259+0000] {logging_mixin.py:150} INFO - [2025-04-08T11:47:14.258+0000] {dag.py:3504} INFO - Setting next_dagrun for example_short_circuit_decorator to 2025-04-07T11:47:14.258805+00:00, run_after=2025-04-08T11:47:14.258805+00:00
[2025-04-08T11:47:14.274+0000] {processor.py:179} INFO - Processing /home/vscode/.local/lib/python3.10/site-packages/airflow/example_dags/example_short_circuit_decorator.py took 0.052 seconds
[2025-04-08T11:48:00.565+0000] {processor.py:157} INFO - Started process (PID=5433) to work on /home/vscode/.local/lib/python3.10/site-packages/airflow/example_dags/example_short_circuit_decorator.py
[2025-04-08T11:48:00.566+0000] {processor.py:826} INFO - Processing file /home/vscode/.local/lib/python3.10/site-packages/airflow/example_dags/example_short_circuit_decorator.py for tasks to queue
[2025-04-08T11:48:00.566+0000] {logging_mixin.py:150} INFO - [2025-04-08T11:48:00.566+0000] {dagbag.py:541} INFO - Filling up the DagBag from /home/vscode/.local/lib/python3.10/site-packages/airflow/example_dags/example_short_circuit_decorator.py
[2025-04-08T11:48:00.574+0000] {processor.py:836} INFO - DAG(s) dict_keys(['example_short_circuit_decorator']) retrieved from /home/vscode/.local/lib/python3.10/site-packages/airflow/example_dags/example_short_circuit_decorator.py
[2025-04-08T11:48:00.588+0000] {logging_mixin.py:150} INFO - [2025-04-08T11:48:00.587+0000] {dag.py:2742} INFO - Sync 1 DAGs
[2025-04-08T11:48:00.602+0000] {logging_mixin.py:150} INFO - [2025-04-08T11:48:00.602+0000] {dag.py:3504} INFO - Setting next_dagrun for example_short_circuit_decorator to 2025-04-07T11:48:00.601998+00:00, run_after=2025-04-08T11:48:00.601998+00:00
[2025-04-08T11:48:00.617+0000] {processor.py:179} INFO - Processing /home/vscode/.local/lib/python3.10/site-packages/airflow/example_dags/example_short_circuit_decorator.py took 0.054 seconds
[2025-04-08T11:48:44.660+0000] {processor.py:157} INFO - Started process (PID=5797) to work on /home/vscode/.local/lib/python3.10/site-packages/airflow/example_dags/example_short_circuit_decorator.py
[2025-04-08T11:48:44.661+0000] {processor.py:826} INFO - Processing file /home/vscode/.local/lib/python3.10/site-packages/airflow/example_dags/example_short_circuit_decorator.py for tasks to queue
[2025-04-08T11:48:44.661+0000] {logging_mixin.py:150} INFO - [2025-04-08T11:48:44.661+0000] {dagbag.py:541} INFO - Filling up the DagBag from /home/vscode/.local/lib/python3.10/site-packages/airflow/example_dags/example_short_circuit_decorator.py
[2025-04-08T11:48:44.669+0000] {processor.py:836} INFO - DAG(s) dict_keys(['example_short_circuit_decorator']) retrieved from /home/vscode/.local/lib/python3.10/site-packages/airflow/example_dags/example_short_circuit_decorator.py
[2025-04-08T11:48:44.684+0000] {logging_mixin.py:150} INFO - [2025-04-08T11:48:44.683+0000] {dag.py:2742} INFO - Sync 1 DAGs
[2025-04-08T11:48:44.708+0000] {logging_mixin.py:150} INFO - [2025-04-08T11:48:44.707+0000] {dag.py:3504} INFO - Setting next_dagrun for example_short_circuit_decorator to 2025-04-07T11:48:44.707558+00:00, run_after=2025-04-08T11:48:44.707558+00:00
[2025-04-08T11:48:44.732+0000] {processor.py:179} INFO - Processing /home/vscode/.local/lib/python3.10/site-packages/airflow/example_dags/example_short_circuit_decorator.py took 0.074 seconds
[2025-04-08T11:49:27.483+0000] {processor.py:157} INFO - Started process (PID=6309) to work on /home/vscode/.local/lib/python3.10/site-packages/airflow/example_dags/example_short_circuit_decorator.py
[2025-04-08T11:49:27.484+0000] {processor.py:826} INFO - Processing file /home/vscode/.local/lib/python3.10/site-packages/airflow/example_dags/example_short_circuit_decorator.py for tasks to queue
[2025-04-08T11:49:27.484+0000] {logging_mixin.py:150} INFO - [2025-04-08T11:49:27.484+0000] {dagbag.py:541} INFO - Filling up the DagBag from /home/vscode/.local/lib/python3.10/site-packages/airflow/example_dags/example_short_circuit_decorator.py
[2025-04-08T11:49:27.492+0000] {processor.py:836} INFO - DAG(s) dict_keys(['example_short_circuit_decorator']) retrieved from /home/vscode/.local/lib/python3.10/site-packages/airflow/example_dags/example_short_circuit_decorator.py
[2025-04-08T11:49:27.507+0000] {logging_mixin.py:150} INFO - [2025-04-08T11:49:27.507+0000] {dag.py:2742} INFO - Sync 1 DAGs
[2025-04-08T11:49:27.522+0000] {logging_mixin.py:150} INFO - [2025-04-08T11:49:27.522+0000] {dag.py:3504} INFO - Setting next_dagrun for example_short_circuit_decorator to 2025-04-07T11:49:27.522219+00:00, run_after=2025-04-08T11:49:27.522219+00:00
[2025-04-08T11:49:27.538+0000] {processor.py:179} INFO - Processing /home/vscode/.local/lib/python3.10/site-packages/airflow/example_dags/example_short_circuit_decorator.py took 0.058 seconds
[2025-04-08T11:50:13.597+0000] {processor.py:157} INFO - Started process (PID=6830) to work on /home/vscode/.local/lib/python3.10/site-packages/airflow/example_dags/example_short_circuit_decorator.py
[2025-04-08T11:50:13.598+0000] {processor.py:826} INFO - Processing file /home/vscode/.local/lib/python3.10/site-packages/airflow/example_dags/example_short_circuit_decorator.py for tasks to queue
[2025-04-08T11:50:13.598+0000] {logging_mixin.py:150} INFO - [2025-04-08T11:50:13.598+0000] {dagbag.py:541} INFO - Filling up the DagBag from /home/vscode/.local/lib/python3.10/site-packages/airflow/example_dags/example_short_circuit_decorator.py
[2025-04-08T11:50:13.605+0000] {processor.py:836} INFO - DAG(s) dict_keys(['example_short_circuit_decorator']) retrieved from /home/vscode/.local/lib/python3.10/site-packages/airflow/example_dags/example_short_circuit_decorator.py
[2025-04-08T11:50:13.618+0000] {logging_mixin.py:150} INFO - [2025-04-08T11:50:13.618+0000] {dag.py:2742} INFO - Sync 1 DAGs
[2025-04-08T11:50:13.632+0000] {logging_mixin.py:150} INFO - [2025-04-08T11:50:13.632+0000] {dag.py:3504} INFO - Setting next_dagrun for example_short_circuit_decorator to 2025-04-07T11:50:13.631999+00:00, run_after=2025-04-08T11:50:13.631999+00:00
[2025-04-08T11:50:13.647+0000] {processor.py:179} INFO - Processing /home/vscode/.local/lib/python3.10/site-packages/airflow/example_dags/example_short_circuit_decorator.py took 0.052 seconds
[2025-04-08T11:50:59.258+0000] {processor.py:157} INFO - Started process (PID=7207) to work on /home/vscode/.local/lib/python3.10/site-packages/airflow/example_dags/example_short_circuit_decorator.py
[2025-04-08T11:50:59.259+0000] {processor.py:826} INFO - Processing file /home/vscode/.local/lib/python3.10/site-packages/airflow/example_dags/example_short_circuit_decorator.py for tasks to queue
[2025-04-08T11:50:59.259+0000] {logging_mixin.py:150} INFO - [2025-04-08T11:50:59.259+0000] {dagbag.py:541} INFO - Filling up the DagBag from /home/vscode/.local/lib/python3.10/site-packages/airflow/example_dags/example_short_circuit_decorator.py
[2025-04-08T11:50:59.266+0000] {processor.py:836} INFO - DAG(s) dict_keys(['example_short_circuit_decorator']) retrieved from /home/vscode/.local/lib/python3.10/site-packages/airflow/example_dags/example_short_circuit_decorator.py
[2025-04-08T11:50:59.280+0000] {logging_mixin.py:150} INFO - [2025-04-08T11:50:59.280+0000] {dag.py:2742} INFO - Sync 1 DAGs
[2025-04-08T11:50:59.294+0000] {logging_mixin.py:150} INFO - [2025-04-08T11:50:59.294+0000] {dag.py:3504} INFO - Setting next_dagrun for example_short_circuit_decorator to 2025-04-07T11:50:59.294104+00:00, run_after=2025-04-08T11:50:59.294104+00:00
[2025-04-08T11:50:59.309+0000] {processor.py:179} INFO - Processing /home/vscode/.local/lib/python3.10/site-packages/airflow/example_dags/example_short_circuit_decorator.py took 0.054 seconds
