[2025-04-08T11:42:30.967+0000] {processor.py:157} INFO - Started process (PID=2982) to work on /home/vscode/.local/lib/python3.10/site-packages/airflow/example_dags/example_bash_operator.py
[2025-04-08T11:42:30.967+0000] {processor.py:826} INFO - Processing file /home/vscode/.local/lib/python3.10/site-packages/airflow/example_dags/example_bash_operator.py for tasks to queue
[2025-04-08T11:42:30.968+0000] {logging_mixin.py:150} INFO - [2025-04-08T11:42:30.968+0000] {dagbag.py:541} INFO - Filling up the DagBag from /home/vscode/.local/lib/python3.10/site-packages/airflow/example_dags/example_bash_operator.py
[2025-04-08T11:42:30.977+0000] {processor.py:836} INFO - DAG(s) dict_keys(['example_bash_operator']) retrieved from /home/vscode/.local/lib/python3.10/site-packages/airflow/example_dags/example_bash_operator.py
[2025-04-08T11:42:31.047+0000] {logging_mixin.py:150} INFO - [2025-04-08T11:42:31.047+0000] {manager.py:504} INFO - Created Permission View: can edit on DAG:example_bash_operator
[2025-04-08T11:42:31.055+0000] {logging_mixin.py:150} INFO - [2025-04-08T11:42:31.055+0000] {manager.py:504} INFO - Created Permission View: can read on DAG:example_bash_operator
[2025-04-08T11:42:31.061+0000] {logging_mixin.py:150} INFO - [2025-04-08T11:42:31.061+0000] {manager.py:504} INFO - Created Permission View: can delete on DAG:example_bash_operator
[2025-04-08T11:42:31.071+0000] {logging_mixin.py:150} INFO - [2025-04-08T11:42:31.071+0000] {dag.py:2742} INFO - Sync 1 DAGs
[2025-04-08T11:42:31.077+0000] {logging_mixin.py:150} INFO - [2025-04-08T11:42:31.077+0000] {dag.py:2763} INFO - Creating ORM DAG for example_bash_operator
[2025-04-08T11:42:31.084+0000] {logging_mixin.py:150} INFO - [2025-04-08T11:42:31.084+0000] {dag.py:3504} INFO - Setting next_dagrun for example_bash_operator to 2025-04-07T00:00:00+00:00, run_after=2025-04-08T00:00:00+00:00
[2025-04-08T11:42:31.099+0000] {processor.py:179} INFO - Processing /home/vscode/.local/lib/python3.10/site-packages/airflow/example_dags/example_bash_operator.py took 0.135 seconds
[2025-04-08T11:43:16.941+0000] {processor.py:157} INFO - Started process (PID=3285) to work on /home/vscode/.local/lib/python3.10/site-packages/airflow/example_dags/example_bash_operator.py
[2025-04-08T11:43:16.941+0000] {processor.py:826} INFO - Processing file /home/vscode/.local/lib/python3.10/site-packages/airflow/example_dags/example_bash_operator.py for tasks to queue
[2025-04-08T11:43:16.942+0000] {logging_mixin.py:150} INFO - [2025-04-08T11:43:16.942+0000] {dagbag.py:541} INFO - Filling up the DagBag from /home/vscode/.local/lib/python3.10/site-packages/airflow/example_dags/example_bash_operator.py
[2025-04-08T11:43:16.950+0000] {processor.py:836} INFO - DAG(s) dict_keys(['example_bash_operator']) retrieved from /home/vscode/.local/lib/python3.10/site-packages/airflow/example_dags/example_bash_operator.py
[2025-04-08T11:43:16.967+0000] {logging_mixin.py:150} INFO - [2025-04-08T11:43:16.967+0000] {dag.py:2742} INFO - Sync 1 DAGs
[2025-04-08T11:43:16.983+0000] {logging_mixin.py:150} INFO - [2025-04-08T11:43:16.983+0000] {dag.py:3504} INFO - Setting next_dagrun for example_bash_operator to 2025-04-07T00:00:00+00:00, run_after=2025-04-08T00:00:00+00:00
[2025-04-08T11:43:16.999+0000] {processor.py:179} INFO - Processing /home/vscode/.local/lib/python3.10/site-packages/airflow/example_dags/example_bash_operator.py took 0.060 seconds
[2025-04-08T11:44:05.283+0000] {processor.py:157} INFO - Started process (PID=3608) to work on /home/vscode/.local/lib/python3.10/site-packages/airflow/example_dags/example_bash_operator.py
[2025-04-08T11:44:05.284+0000] {processor.py:826} INFO - Processing file /home/vscode/.local/lib/python3.10/site-packages/airflow/example_dags/example_bash_operator.py for tasks to queue
[2025-04-08T11:44:05.285+0000] {logging_mixin.py:150} INFO - [2025-04-08T11:44:05.284+0000] {dagbag.py:541} INFO - Filling up the DagBag from /home/vscode/.local/lib/python3.10/site-packages/airflow/example_dags/example_bash_operator.py
[2025-04-08T11:44:05.294+0000] {processor.py:836} INFO - DAG(s) dict_keys(['example_bash_operator']) retrieved from /home/vscode/.local/lib/python3.10/site-packages/airflow/example_dags/example_bash_operator.py
[2025-04-08T11:44:05.313+0000] {logging_mixin.py:150} INFO - [2025-04-08T11:44:05.313+0000] {dag.py:2742} INFO - Sync 1 DAGs
[2025-04-08T11:44:05.329+0000] {logging_mixin.py:150} INFO - [2025-04-08T11:44:05.329+0000] {dag.py:3504} INFO - Setting next_dagrun for example_bash_operator to 2025-04-07T00:00:00+00:00, run_after=2025-04-08T00:00:00+00:00
[2025-04-08T11:44:05.345+0000] {processor.py:179} INFO - Processing /home/vscode/.local/lib/python3.10/site-packages/airflow/example_dags/example_bash_operator.py took 0.064 seconds
[2025-04-08T11:44:50.354+0000] {processor.py:157} INFO - Started process (PID=4021) to work on /home/vscode/.local/lib/python3.10/site-packages/airflow/example_dags/example_bash_operator.py
[2025-04-08T11:44:50.355+0000] {processor.py:826} INFO - Processing file /home/vscode/.local/lib/python3.10/site-packages/airflow/example_dags/example_bash_operator.py for tasks to queue
[2025-04-08T11:44:50.356+0000] {logging_mixin.py:150} INFO - [2025-04-08T11:44:50.355+0000] {dagbag.py:541} INFO - Filling up the DagBag from /home/vscode/.local/lib/python3.10/site-packages/airflow/example_dags/example_bash_operator.py
[2025-04-08T11:44:50.363+0000] {processor.py:836} INFO - DAG(s) dict_keys(['example_bash_operator']) retrieved from /home/vscode/.local/lib/python3.10/site-packages/airflow/example_dags/example_bash_operator.py
[2025-04-08T11:44:50.380+0000] {logging_mixin.py:150} INFO - [2025-04-08T11:44:50.380+0000] {dag.py:2742} INFO - Sync 1 DAGs
[2025-04-08T11:44:50.396+0000] {logging_mixin.py:150} INFO - [2025-04-08T11:44:50.395+0000] {dag.py:3504} INFO - Setting next_dagrun for example_bash_operator to 2025-04-07T00:00:00+00:00, run_after=2025-04-08T00:00:00+00:00
[2025-04-08T11:44:50.412+0000] {processor.py:179} INFO - Processing /home/vscode/.local/lib/python3.10/site-packages/airflow/example_dags/example_bash_operator.py took 0.060 seconds
[2025-04-08T11:45:32.675+0000] {processor.py:157} INFO - Started process (PID=4446) to work on /home/vscode/.local/lib/python3.10/site-packages/airflow/example_dags/example_bash_operator.py
[2025-04-08T11:45:32.676+0000] {processor.py:826} INFO - Processing file /home/vscode/.local/lib/python3.10/site-packages/airflow/example_dags/example_bash_operator.py for tasks to queue
[2025-04-08T11:45:32.676+0000] {logging_mixin.py:150} INFO - [2025-04-08T11:45:32.676+0000] {dagbag.py:541} INFO - Filling up the DagBag from /home/vscode/.local/lib/python3.10/site-packages/airflow/example_dags/example_bash_operator.py
[2025-04-08T11:45:32.685+0000] {processor.py:836} INFO - DAG(s) dict_keys(['example_bash_operator']) retrieved from /home/vscode/.local/lib/python3.10/site-packages/airflow/example_dags/example_bash_operator.py
[2025-04-08T11:45:32.701+0000] {logging_mixin.py:150} INFO - [2025-04-08T11:45:32.701+0000] {dag.py:2742} INFO - Sync 1 DAGs
[2025-04-08T11:45:32.716+0000] {logging_mixin.py:150} INFO - [2025-04-08T11:45:32.716+0000] {dag.py:3504} INFO - Setting next_dagrun for example_bash_operator to 2025-04-07T00:00:00+00:00, run_after=2025-04-08T00:00:00+00:00
[2025-04-08T11:45:32.731+0000] {processor.py:179} INFO - Processing /home/vscode/.local/lib/python3.10/site-packages/airflow/example_dags/example_bash_operator.py took 0.058 seconds
[2025-04-08T11:46:19.220+0000] {processor.py:157} INFO - Started process (PID=4759) to work on /home/vscode/.local/lib/python3.10/site-packages/airflow/example_dags/example_bash_operator.py
[2025-04-08T11:46:19.221+0000] {processor.py:826} INFO - Processing file /home/vscode/.local/lib/python3.10/site-packages/airflow/example_dags/example_bash_operator.py for tasks to queue
[2025-04-08T11:46:19.222+0000] {logging_mixin.py:150} INFO - [2025-04-08T11:46:19.221+0000] {dagbag.py:541} INFO - Filling up the DagBag from /home/vscode/.local/lib/python3.10/site-packages/airflow/example_dags/example_bash_operator.py
[2025-04-08T11:46:19.229+0000] {processor.py:836} INFO - DAG(s) dict_keys(['example_bash_operator']) retrieved from /home/vscode/.local/lib/python3.10/site-packages/airflow/example_dags/example_bash_operator.py
[2025-04-08T11:46:19.246+0000] {logging_mixin.py:150} INFO - [2025-04-08T11:46:19.246+0000] {dag.py:2742} INFO - Sync 1 DAGs
[2025-04-08T11:46:19.262+0000] {logging_mixin.py:150} INFO - [2025-04-08T11:46:19.262+0000] {dag.py:3504} INFO - Setting next_dagrun for example_bash_operator to 2025-04-07T00:00:00+00:00, run_after=2025-04-08T00:00:00+00:00
[2025-04-08T11:46:19.277+0000] {processor.py:179} INFO - Processing /home/vscode/.local/lib/python3.10/site-packages/airflow/example_dags/example_bash_operator.py took 0.059 seconds
[2025-04-08T11:47:05.083+0000] {processor.py:157} INFO - Started process (PID=5062) to work on /home/vscode/.local/lib/python3.10/site-packages/airflow/example_dags/example_bash_operator.py
[2025-04-08T11:47:05.083+0000] {processor.py:826} INFO - Processing file /home/vscode/.local/lib/python3.10/site-packages/airflow/example_dags/example_bash_operator.py for tasks to queue
[2025-04-08T11:47:05.084+0000] {logging_mixin.py:150} INFO - [2025-04-08T11:47:05.084+0000] {dagbag.py:541} INFO - Filling up the DagBag from /home/vscode/.local/lib/python3.10/site-packages/airflow/example_dags/example_bash_operator.py
[2025-04-08T11:47:05.094+0000] {processor.py:836} INFO - DAG(s) dict_keys(['example_bash_operator']) retrieved from /home/vscode/.local/lib/python3.10/site-packages/airflow/example_dags/example_bash_operator.py
[2025-04-08T11:47:05.120+0000] {logging_mixin.py:150} INFO - [2025-04-08T11:47:05.119+0000] {dag.py:2742} INFO - Sync 1 DAGs
[2025-04-08T11:47:05.136+0000] {logging_mixin.py:150} INFO - [2025-04-08T11:47:05.136+0000] {dag.py:3504} INFO - Setting next_dagrun for example_bash_operator to 2025-04-07T00:00:00+00:00, run_after=2025-04-08T00:00:00+00:00
[2025-04-08T11:47:05.150+0000] {processor.py:179} INFO - Processing /home/vscode/.local/lib/python3.10/site-packages/airflow/example_dags/example_bash_operator.py took 0.070 seconds
[2025-04-08T11:47:52.697+0000] {processor.py:157} INFO - Started process (PID=5387) to work on /home/vscode/.local/lib/python3.10/site-packages/airflow/example_dags/example_bash_operator.py
[2025-04-08T11:47:52.697+0000] {processor.py:826} INFO - Processing file /home/vscode/.local/lib/python3.10/site-packages/airflow/example_dags/example_bash_operator.py for tasks to queue
[2025-04-08T11:47:52.698+0000] {logging_mixin.py:150} INFO - [2025-04-08T11:47:52.698+0000] {dagbag.py:541} INFO - Filling up the DagBag from /home/vscode/.local/lib/python3.10/site-packages/airflow/example_dags/example_bash_operator.py
[2025-04-08T11:47:52.706+0000] {processor.py:836} INFO - DAG(s) dict_keys(['example_bash_operator']) retrieved from /home/vscode/.local/lib/python3.10/site-packages/airflow/example_dags/example_bash_operator.py
[2025-04-08T11:47:52.723+0000] {logging_mixin.py:150} INFO - [2025-04-08T11:47:52.723+0000] {dag.py:2742} INFO - Sync 1 DAGs
[2025-04-08T11:47:52.738+0000] {logging_mixin.py:150} INFO - [2025-04-08T11:47:52.737+0000] {dag.py:3504} INFO - Setting next_dagrun for example_bash_operator to 2025-04-07T00:00:00+00:00, run_after=2025-04-08T00:00:00+00:00
[2025-04-08T11:47:52.751+0000] {processor.py:179} INFO - Processing /home/vscode/.local/lib/python3.10/site-packages/airflow/example_dags/example_bash_operator.py took 0.057 seconds
[2025-04-08T11:48:49.134+0000] {processor.py:157} INFO - Started process (PID=5868) to work on /home/vscode/.local/lib/python3.10/site-packages/airflow/example_dags/example_bash_operator.py
[2025-04-08T11:48:49.135+0000] {processor.py:826} INFO - Processing file /home/vscode/.local/lib/python3.10/site-packages/airflow/example_dags/example_bash_operator.py for tasks to queue
[2025-04-08T11:48:49.136+0000] {logging_mixin.py:150} INFO - [2025-04-08T11:48:49.136+0000] {dagbag.py:541} INFO - Filling up the DagBag from /home/vscode/.local/lib/python3.10/site-packages/airflow/example_dags/example_bash_operator.py
[2025-04-08T11:48:49.145+0000] {processor.py:836} INFO - DAG(s) dict_keys(['example_bash_operator']) retrieved from /home/vscode/.local/lib/python3.10/site-packages/airflow/example_dags/example_bash_operator.py
[2025-04-08T11:48:49.164+0000] {logging_mixin.py:150} INFO - [2025-04-08T11:48:49.164+0000] {dag.py:2742} INFO - Sync 1 DAGs
[2025-04-08T11:48:49.179+0000] {logging_mixin.py:150} INFO - [2025-04-08T11:48:49.179+0000] {dag.py:3504} INFO - Setting next_dagrun for example_bash_operator to 2025-04-07T00:00:00+00:00, run_after=2025-04-08T00:00:00+00:00
[2025-04-08T11:48:49.195+0000] {processor.py:179} INFO - Processing /home/vscode/.local/lib/python3.10/site-packages/airflow/example_dags/example_bash_operator.py took 0.063 seconds
[2025-04-08T11:49:33.759+0000] {processor.py:157} INFO - Started process (PID=6383) to work on /home/vscode/.local/lib/python3.10/site-packages/airflow/example_dags/example_bash_operator.py
[2025-04-08T11:49:33.760+0000] {processor.py:826} INFO - Processing file /home/vscode/.local/lib/python3.10/site-packages/airflow/example_dags/example_bash_operator.py for tasks to queue
[2025-04-08T11:49:33.761+0000] {logging_mixin.py:150} INFO - [2025-04-08T11:49:33.760+0000] {dagbag.py:541} INFO - Filling up the DagBag from /home/vscode/.local/lib/python3.10/site-packages/airflow/example_dags/example_bash_operator.py
[2025-04-08T11:49:33.769+0000] {processor.py:836} INFO - DAG(s) dict_keys(['example_bash_operator']) retrieved from /home/vscode/.local/lib/python3.10/site-packages/airflow/example_dags/example_bash_operator.py
[2025-04-08T11:49:33.786+0000] {logging_mixin.py:150} INFO - [2025-04-08T11:49:33.786+0000] {dag.py:2742} INFO - Sync 1 DAGs
[2025-04-08T11:49:33.803+0000] {logging_mixin.py:150} INFO - [2025-04-08T11:49:33.803+0000] {dag.py:3504} INFO - Setting next_dagrun for example_bash_operator to 2025-04-07T00:00:00+00:00, run_after=2025-04-08T00:00:00+00:00
[2025-04-08T11:49:33.824+0000] {processor.py:179} INFO - Processing /home/vscode/.local/lib/python3.10/site-packages/airflow/example_dags/example_bash_operator.py took 0.066 seconds
[2025-04-08T11:50:21.010+0000] {processor.py:157} INFO - Started process (PID=6875) to work on /home/vscode/.local/lib/python3.10/site-packages/airflow/example_dags/example_bash_operator.py
[2025-04-08T11:50:21.011+0000] {processor.py:826} INFO - Processing file /home/vscode/.local/lib/python3.10/site-packages/airflow/example_dags/example_bash_operator.py for tasks to queue
[2025-04-08T11:50:21.012+0000] {logging_mixin.py:150} INFO - [2025-04-08T11:50:21.011+0000] {dagbag.py:541} INFO - Filling up the DagBag from /home/vscode/.local/lib/python3.10/site-packages/airflow/example_dags/example_bash_operator.py
[2025-04-08T11:50:21.019+0000] {processor.py:836} INFO - DAG(s) dict_keys(['example_bash_operator']) retrieved from /home/vscode/.local/lib/python3.10/site-packages/airflow/example_dags/example_bash_operator.py
[2025-04-08T11:50:21.036+0000] {logging_mixin.py:150} INFO - [2025-04-08T11:50:21.036+0000] {dag.py:2742} INFO - Sync 1 DAGs
[2025-04-08T11:50:21.051+0000] {logging_mixin.py:150} INFO - [2025-04-08T11:50:21.051+0000] {dag.py:3504} INFO - Setting next_dagrun for example_bash_operator to 2025-04-07T00:00:00+00:00, run_after=2025-04-08T00:00:00+00:00
[2025-04-08T11:50:21.066+0000] {processor.py:179} INFO - Processing /home/vscode/.local/lib/python3.10/site-packages/airflow/example_dags/example_bash_operator.py took 0.058 seconds
