[2025-04-08T11:42:34.086+0000] {processor.py:157} INFO - Started process (PID=3000) to work on /home/vscode/.local/lib/python3.10/site-packages/airflow/example_dags/example_branch_operator_decorator.py
[2025-04-08T11:42:34.087+0000] {processor.py:826} INFO - Processing file /home/vscode/.local/lib/python3.10/site-packages/airflow/example_dags/example_branch_operator_decorator.py for tasks to queue
[2025-04-08T11:42:34.088+0000] {logging_mixin.py:150} INFO - [2025-04-08T11:42:34.087+0000] {dagbag.py:541} INFO - Filling up the DagBag from /home/vscode/.local/lib/python3.10/site-packages/airflow/example_dags/example_branch_operator_decorator.py
[2025-04-08T11:42:34.097+0000] {processor.py:836} INFO - DAG(s) dict_keys(['example_branch_python_operator_decorator']) retrieved from /home/vscode/.local/lib/python3.10/site-packages/airflow/example_dags/example_branch_operator_decorator.py
[2025-04-08T11:42:34.164+0000] {logging_mixin.py:150} INFO - [2025-04-08T11:42:34.164+0000] {manager.py:504} INFO - Created Permission View: can edit on DAG:example_branch_python_operator_decorator
[2025-04-08T11:42:34.172+0000] {logging_mixin.py:150} INFO - [2025-04-08T11:42:34.172+0000] {manager.py:504} INFO - Created Permission View: can read on DAG:example_branch_python_operator_decorator
[2025-04-08T11:42:34.177+0000] {logging_mixin.py:150} INFO - [2025-04-08T11:42:34.177+0000] {manager.py:504} INFO - Created Permission View: can delete on DAG:example_branch_python_operator_decorator
[2025-04-08T11:42:34.185+0000] {logging_mixin.py:150} INFO - [2025-04-08T11:42:34.185+0000] {dag.py:2742} INFO - Sync 1 DAGs
[2025-04-08T11:42:34.191+0000] {logging_mixin.py:150} INFO - [2025-04-08T11:42:34.191+0000] {dag.py:2763} INFO - Creating ORM DAG for example_branch_python_operator_decorator
[2025-04-08T11:42:34.198+0000] {logging_mixin.py:150} INFO - [2025-04-08T11:42:34.198+0000] {dag.py:3504} INFO - Setting next_dagrun for example_branch_python_operator_decorator to 2025-04-07T00:00:00+00:00, run_after=2025-04-08T00:00:00+00:00
[2025-04-08T11:42:34.214+0000] {processor.py:179} INFO - Processing /home/vscode/.local/lib/python3.10/site-packages/airflow/example_dags/example_branch_operator_decorator.py took 0.131 seconds
[2025-04-08T11:43:20.178+0000] {processor.py:157} INFO - Started process (PID=3309) to work on /home/vscode/.local/lib/python3.10/site-packages/airflow/example_dags/example_branch_operator_decorator.py
[2025-04-08T11:43:20.179+0000] {processor.py:826} INFO - Processing file /home/vscode/.local/lib/python3.10/site-packages/airflow/example_dags/example_branch_operator_decorator.py for tasks to queue
[2025-04-08T11:43:20.180+0000] {logging_mixin.py:150} INFO - [2025-04-08T11:43:20.180+0000] {dagbag.py:541} INFO - Filling up the DagBag from /home/vscode/.local/lib/python3.10/site-packages/airflow/example_dags/example_branch_operator_decorator.py
[2025-04-08T11:43:20.187+0000] {processor.py:836} INFO - DAG(s) dict_keys(['example_branch_python_operator_decorator']) retrieved from /home/vscode/.local/lib/python3.10/site-packages/airflow/example_dags/example_branch_operator_decorator.py
[2025-04-08T11:43:20.201+0000] {logging_mixin.py:150} INFO - [2025-04-08T11:43:20.200+0000] {dag.py:2742} INFO - Sync 1 DAGs
[2025-04-08T11:43:20.216+0000] {logging_mixin.py:150} INFO - [2025-04-08T11:43:20.216+0000] {dag.py:3504} INFO - Setting next_dagrun for example_branch_python_operator_decorator to 2025-04-07T00:00:00+00:00, run_after=2025-04-08T00:00:00+00:00
[2025-04-08T11:43:20.231+0000] {processor.py:179} INFO - Processing /home/vscode/.local/lib/python3.10/site-packages/airflow/example_dags/example_branch_operator_decorator.py took 0.055 seconds
[2025-04-08T11:44:08.687+0000] {processor.py:157} INFO - Started process (PID=3627) to work on /home/vscode/.local/lib/python3.10/site-packages/airflow/example_dags/example_branch_operator_decorator.py
[2025-04-08T11:44:08.688+0000] {processor.py:826} INFO - Processing file /home/vscode/.local/lib/python3.10/site-packages/airflow/example_dags/example_branch_operator_decorator.py for tasks to queue
[2025-04-08T11:44:08.689+0000] {logging_mixin.py:150} INFO - [2025-04-08T11:44:08.689+0000] {dagbag.py:541} INFO - Filling up the DagBag from /home/vscode/.local/lib/python3.10/site-packages/airflow/example_dags/example_branch_operator_decorator.py
[2025-04-08T11:44:08.698+0000] {processor.py:836} INFO - DAG(s) dict_keys(['example_branch_python_operator_decorator']) retrieved from /home/vscode/.local/lib/python3.10/site-packages/airflow/example_dags/example_branch_operator_decorator.py
[2025-04-08T11:44:08.711+0000] {logging_mixin.py:150} INFO - [2025-04-08T11:44:08.711+0000] {dag.py:2742} INFO - Sync 1 DAGs
[2025-04-08T11:44:08.727+0000] {logging_mixin.py:150} INFO - [2025-04-08T11:44:08.726+0000] {dag.py:3504} INFO - Setting next_dagrun for example_branch_python_operator_decorator to 2025-04-07T00:00:00+00:00, run_after=2025-04-08T00:00:00+00:00
[2025-04-08T11:44:08.742+0000] {processor.py:179} INFO - Processing /home/vscode/.local/lib/python3.10/site-packages/airflow/example_dags/example_branch_operator_decorator.py took 0.058 seconds
[2025-04-08T11:44:52.787+0000] {processor.py:157} INFO - Started process (PID=4044) to work on /home/vscode/.local/lib/python3.10/site-packages/airflow/example_dags/example_branch_operator_decorator.py
[2025-04-08T11:44:52.788+0000] {processor.py:826} INFO - Processing file /home/vscode/.local/lib/python3.10/site-packages/airflow/example_dags/example_branch_operator_decorator.py for tasks to queue
[2025-04-08T11:44:52.788+0000] {logging_mixin.py:150} INFO - [2025-04-08T11:44:52.788+0000] {dagbag.py:541} INFO - Filling up the DagBag from /home/vscode/.local/lib/python3.10/site-packages/airflow/example_dags/example_branch_operator_decorator.py
[2025-04-08T11:44:52.796+0000] {processor.py:836} INFO - DAG(s) dict_keys(['example_branch_python_operator_decorator']) retrieved from /home/vscode/.local/lib/python3.10/site-packages/airflow/example_dags/example_branch_operator_decorator.py
[2025-04-08T11:44:52.810+0000] {logging_mixin.py:150} INFO - [2025-04-08T11:44:52.810+0000] {dag.py:2742} INFO - Sync 1 DAGs
[2025-04-08T11:44:52.826+0000] {logging_mixin.py:150} INFO - [2025-04-08T11:44:52.825+0000] {dag.py:3504} INFO - Setting next_dagrun for example_branch_python_operator_decorator to 2025-04-07T00:00:00+00:00, run_after=2025-04-08T00:00:00+00:00
[2025-04-08T11:44:52.840+0000] {processor.py:179} INFO - Processing /home/vscode/.local/lib/python3.10/site-packages/airflow/example_dags/example_branch_operator_decorator.py took 0.055 seconds
[2025-04-08T11:45:47.087+0000] {processor.py:157} INFO - Started process (PID=4546) to work on /home/vscode/.local/lib/python3.10/site-packages/airflow/example_dags/example_branch_operator_decorator.py
[2025-04-08T11:45:47.088+0000] {processor.py:826} INFO - Processing file /home/vscode/.local/lib/python3.10/site-packages/airflow/example_dags/example_branch_operator_decorator.py for tasks to queue
[2025-04-08T11:45:47.088+0000] {logging_mixin.py:150} INFO - [2025-04-08T11:45:47.088+0000] {dagbag.py:541} INFO - Filling up the DagBag from /home/vscode/.local/lib/python3.10/site-packages/airflow/example_dags/example_branch_operator_decorator.py
[2025-04-08T11:45:47.096+0000] {processor.py:836} INFO - DAG(s) dict_keys(['example_branch_python_operator_decorator']) retrieved from /home/vscode/.local/lib/python3.10/site-packages/airflow/example_dags/example_branch_operator_decorator.py
[2025-04-08T11:45:47.109+0000] {logging_mixin.py:150} INFO - [2025-04-08T11:45:47.109+0000] {dag.py:2742} INFO - Sync 1 DAGs
[2025-04-08T11:45:47.124+0000] {logging_mixin.py:150} INFO - [2025-04-08T11:45:47.124+0000] {dag.py:3504} INFO - Setting next_dagrun for example_branch_python_operator_decorator to 2025-04-07T00:00:00+00:00, run_after=2025-04-08T00:00:00+00:00
[2025-04-08T11:45:47.138+0000] {processor.py:179} INFO - Processing /home/vscode/.local/lib/python3.10/site-packages/airflow/example_dags/example_branch_operator_decorator.py took 0.053 seconds
[2025-04-08T11:46:35.386+0000] {processor.py:157} INFO - Started process (PID=4870) to work on /home/vscode/.local/lib/python3.10/site-packages/airflow/example_dags/example_branch_operator_decorator.py
[2025-04-08T11:46:35.386+0000] {processor.py:826} INFO - Processing file /home/vscode/.local/lib/python3.10/site-packages/airflow/example_dags/example_branch_operator_decorator.py for tasks to queue
[2025-04-08T11:46:35.387+0000] {logging_mixin.py:150} INFO - [2025-04-08T11:46:35.387+0000] {dagbag.py:541} INFO - Filling up the DagBag from /home/vscode/.local/lib/python3.10/site-packages/airflow/example_dags/example_branch_operator_decorator.py
[2025-04-08T11:46:35.394+0000] {processor.py:836} INFO - DAG(s) dict_keys(['example_branch_python_operator_decorator']) retrieved from /home/vscode/.local/lib/python3.10/site-packages/airflow/example_dags/example_branch_operator_decorator.py
[2025-04-08T11:46:35.407+0000] {logging_mixin.py:150} INFO - [2025-04-08T11:46:35.407+0000] {dag.py:2742} INFO - Sync 1 DAGs
[2025-04-08T11:46:35.422+0000] {logging_mixin.py:150} INFO - [2025-04-08T11:46:35.422+0000] {dag.py:3504} INFO - Setting next_dagrun for example_branch_python_operator_decorator to 2025-04-07T00:00:00+00:00, run_after=2025-04-08T00:00:00+00:00
[2025-04-08T11:46:35.436+0000] {processor.py:179} INFO - Processing /home/vscode/.local/lib/python3.10/site-packages/airflow/example_dags/example_branch_operator_decorator.py took 0.053 seconds
[2025-04-08T11:47:20.028+0000] {processor.py:157} INFO - Started process (PID=5164) to work on /home/vscode/.local/lib/python3.10/site-packages/airflow/example_dags/example_branch_operator_decorator.py
[2025-04-08T11:47:20.029+0000] {processor.py:826} INFO - Processing file /home/vscode/.local/lib/python3.10/site-packages/airflow/example_dags/example_branch_operator_decorator.py for tasks to queue
[2025-04-08T11:47:20.030+0000] {logging_mixin.py:150} INFO - [2025-04-08T11:47:20.029+0000] {dagbag.py:541} INFO - Filling up the DagBag from /home/vscode/.local/lib/python3.10/site-packages/airflow/example_dags/example_branch_operator_decorator.py
[2025-04-08T11:47:20.037+0000] {processor.py:836} INFO - DAG(s) dict_keys(['example_branch_python_operator_decorator']) retrieved from /home/vscode/.local/lib/python3.10/site-packages/airflow/example_dags/example_branch_operator_decorator.py
[2025-04-08T11:47:20.051+0000] {logging_mixin.py:150} INFO - [2025-04-08T11:47:20.051+0000] {dag.py:2742} INFO - Sync 1 DAGs
[2025-04-08T11:47:20.065+0000] {logging_mixin.py:150} INFO - [2025-04-08T11:47:20.065+0000] {dag.py:3504} INFO - Setting next_dagrun for example_branch_python_operator_decorator to 2025-04-07T00:00:00+00:00, run_after=2025-04-08T00:00:00+00:00
[2025-04-08T11:47:20.080+0000] {processor.py:179} INFO - Processing /home/vscode/.local/lib/python3.10/site-packages/airflow/example_dags/example_branch_operator_decorator.py took 0.054 seconds
[2025-04-08T11:48:06.680+0000] {processor.py:157} INFO - Started process (PID=5475) to work on /home/vscode/.local/lib/python3.10/site-packages/airflow/example_dags/example_branch_operator_decorator.py
[2025-04-08T11:48:06.681+0000] {processor.py:826} INFO - Processing file /home/vscode/.local/lib/python3.10/site-packages/airflow/example_dags/example_branch_operator_decorator.py for tasks to queue
[2025-04-08T11:48:06.681+0000] {logging_mixin.py:150} INFO - [2025-04-08T11:48:06.681+0000] {dagbag.py:541} INFO - Filling up the DagBag from /home/vscode/.local/lib/python3.10/site-packages/airflow/example_dags/example_branch_operator_decorator.py
[2025-04-08T11:48:06.689+0000] {processor.py:836} INFO - DAG(s) dict_keys(['example_branch_python_operator_decorator']) retrieved from /home/vscode/.local/lib/python3.10/site-packages/airflow/example_dags/example_branch_operator_decorator.py
[2025-04-08T11:48:06.703+0000] {logging_mixin.py:150} INFO - [2025-04-08T11:48:06.703+0000] {dag.py:2742} INFO - Sync 1 DAGs
[2025-04-08T11:48:06.719+0000] {logging_mixin.py:150} INFO - [2025-04-08T11:48:06.719+0000] {dag.py:3504} INFO - Setting next_dagrun for example_branch_python_operator_decorator to 2025-04-07T00:00:00+00:00, run_after=2025-04-08T00:00:00+00:00
[2025-04-08T11:48:06.734+0000] {processor.py:179} INFO - Processing /home/vscode/.local/lib/python3.10/site-packages/airflow/example_dags/example_branch_operator_decorator.py took 0.056 seconds
[2025-04-08T11:48:51.496+0000] {processor.py:157} INFO - Started process (PID=5934) to work on /home/vscode/.local/lib/python3.10/site-packages/airflow/example_dags/example_branch_operator_decorator.py
[2025-04-08T11:48:51.497+0000] {processor.py:826} INFO - Processing file /home/vscode/.local/lib/python3.10/site-packages/airflow/example_dags/example_branch_operator_decorator.py for tasks to queue
[2025-04-08T11:48:51.497+0000] {logging_mixin.py:150} INFO - [2025-04-08T11:48:51.497+0000] {dagbag.py:541} INFO - Filling up the DagBag from /home/vscode/.local/lib/python3.10/site-packages/airflow/example_dags/example_branch_operator_decorator.py
[2025-04-08T11:48:51.505+0000] {processor.py:836} INFO - DAG(s) dict_keys(['example_branch_python_operator_decorator']) retrieved from /home/vscode/.local/lib/python3.10/site-packages/airflow/example_dags/example_branch_operator_decorator.py
[2025-04-08T11:48:51.520+0000] {logging_mixin.py:150} INFO - [2025-04-08T11:48:51.519+0000] {dag.py:2742} INFO - Sync 1 DAGs
[2025-04-08T11:48:51.535+0000] {logging_mixin.py:150} INFO - [2025-04-08T11:48:51.535+0000] {dag.py:3504} INFO - Setting next_dagrun for example_branch_python_operator_decorator to 2025-04-07T00:00:00+00:00, run_after=2025-04-08T00:00:00+00:00
[2025-04-08T11:48:51.551+0000] {processor.py:179} INFO - Processing /home/vscode/.local/lib/python3.10/site-packages/airflow/example_dags/example_branch_operator_decorator.py took 0.058 seconds
[2025-04-08T11:49:49.679+0000] {processor.py:157} INFO - Started process (PID=6605) to work on /home/vscode/.local/lib/python3.10/site-packages/airflow/example_dags/example_branch_operator_decorator.py
[2025-04-08T11:49:49.680+0000] {processor.py:826} INFO - Processing file /home/vscode/.local/lib/python3.10/site-packages/airflow/example_dags/example_branch_operator_decorator.py for tasks to queue
[2025-04-08T11:49:49.680+0000] {logging_mixin.py:150} INFO - [2025-04-08T11:49:49.680+0000] {dagbag.py:541} INFO - Filling up the DagBag from /home/vscode/.local/lib/python3.10/site-packages/airflow/example_dags/example_branch_operator_decorator.py
[2025-04-08T11:49:49.688+0000] {processor.py:836} INFO - DAG(s) dict_keys(['example_branch_python_operator_decorator']) retrieved from /home/vscode/.local/lib/python3.10/site-packages/airflow/example_dags/example_branch_operator_decorator.py
[2025-04-08T11:49:49.702+0000] {logging_mixin.py:150} INFO - [2025-04-08T11:49:49.702+0000] {dag.py:2742} INFO - Sync 1 DAGs
[2025-04-08T11:49:49.717+0000] {logging_mixin.py:150} INFO - [2025-04-08T11:49:49.717+0000] {dag.py:3504} INFO - Setting next_dagrun for example_branch_python_operator_decorator to 2025-04-07T00:00:00+00:00, run_after=2025-04-08T00:00:00+00:00
[2025-04-08T11:49:49.732+0000] {processor.py:179} INFO - Processing /home/vscode/.local/lib/python3.10/site-packages/airflow/example_dags/example_branch_operator_decorator.py took 0.055 seconds
[2025-04-08T11:50:35.010+0000] {processor.py:157} INFO - Started process (PID=6976) to work on /home/vscode/.local/lib/python3.10/site-packages/airflow/example_dags/example_branch_operator_decorator.py
[2025-04-08T11:50:35.010+0000] {processor.py:826} INFO - Processing file /home/vscode/.local/lib/python3.10/site-packages/airflow/example_dags/example_branch_operator_decorator.py for tasks to queue
[2025-04-08T11:50:35.011+0000] {logging_mixin.py:150} INFO - [2025-04-08T11:50:35.011+0000] {dagbag.py:541} INFO - Filling up the DagBag from /home/vscode/.local/lib/python3.10/site-packages/airflow/example_dags/example_branch_operator_decorator.py
[2025-04-08T11:50:35.018+0000] {processor.py:836} INFO - DAG(s) dict_keys(['example_branch_python_operator_decorator']) retrieved from /home/vscode/.local/lib/python3.10/site-packages/airflow/example_dags/example_branch_operator_decorator.py
[2025-04-08T11:50:35.031+0000] {logging_mixin.py:150} INFO - [2025-04-08T11:50:35.031+0000] {dag.py:2742} INFO - Sync 1 DAGs
[2025-04-08T11:50:35.046+0000] {logging_mixin.py:150} INFO - [2025-04-08T11:50:35.046+0000] {dag.py:3504} INFO - Setting next_dagrun for example_branch_python_operator_decorator to 2025-04-07T00:00:00+00:00, run_after=2025-04-08T00:00:00+00:00
[2025-04-08T11:50:35.060+0000] {processor.py:179} INFO - Processing /home/vscode/.local/lib/python3.10/site-packages/airflow/example_dags/example_branch_operator_decorator.py took 0.052 seconds
