[2025-04-08T11:41:54.154+0000] {processor.py:157} INFO - Started process (PID=2737) to work on /home/vscode/.local/lib/python3.10/site-packages/airflow/example_dags/example_xcom.py
[2025-04-08T11:41:54.154+0000] {processor.py:826} INFO - Processing file /home/vscode/.local/lib/python3.10/site-packages/airflow/example_dags/example_xcom.py for tasks to queue
[2025-04-08T11:41:54.155+0000] {logging_mixin.py:150} INFO - [2025-04-08T11:41:54.155+0000] {dagbag.py:541} INFO - Filling up the DagBag from /home/vscode/.local/lib/python3.10/site-packages/airflow/example_dags/example_xcom.py
[2025-04-08T11:41:54.172+0000] {processor.py:836} INFO - DAG(s) dict_keys(['example_xcom']) retrieved from /home/vscode/.local/lib/python3.10/site-packages/airflow/example_dags/example_xcom.py
[2025-04-08T11:41:54.269+0000] {logging_mixin.py:150} INFO - [2025-04-08T11:41:54.268+0000] {manager.py:504} INFO - Created Permission View: can edit on DAG:example_xcom
[2025-04-08T11:41:54.276+0000] {logging_mixin.py:150} INFO - [2025-04-08T11:41:54.276+0000] {manager.py:504} INFO - Created Permission View: can read on DAG:example_xcom
[2025-04-08T11:41:54.281+0000] {logging_mixin.py:150} INFO - [2025-04-08T11:41:54.281+0000] {manager.py:504} INFO - Created Permission View: can delete on DAG:example_xcom
[2025-04-08T11:41:54.289+0000] {logging_mixin.py:150} INFO - [2025-04-08T11:41:54.288+0000] {dag.py:2742} INFO - Sync 1 DAGs
[2025-04-08T11:41:54.296+0000] {logging_mixin.py:150} INFO - [2025-04-08T11:41:54.296+0000] {dag.py:2763} INFO - Creating ORM DAG for example_xcom
[2025-04-08T11:41:54.302+0000] {logging_mixin.py:150} INFO - [2025-04-08T11:41:54.302+0000] {dag.py:3504} INFO - Setting next_dagrun for example_xcom to 2021-01-01T00:00:00+00:00, run_after=2021-01-01T00:00:00+00:00
[2025-04-08T11:41:54.317+0000] {processor.py:179} INFO - Processing /home/vscode/.local/lib/python3.10/site-packages/airflow/example_dags/example_xcom.py took 0.166 seconds
[2025-04-08T11:42:43.123+0000] {processor.py:157} INFO - Started process (PID=3066) to work on /home/vscode/.local/lib/python3.10/site-packages/airflow/example_dags/example_xcom.py
[2025-04-08T11:42:43.124+0000] {processor.py:826} INFO - Processing file /home/vscode/.local/lib/python3.10/site-packages/airflow/example_dags/example_xcom.py for tasks to queue
[2025-04-08T11:42:43.124+0000] {logging_mixin.py:150} INFO - [2025-04-08T11:42:43.124+0000] {dagbag.py:541} INFO - Filling up the DagBag from /home/vscode/.local/lib/python3.10/site-packages/airflow/example_dags/example_xcom.py
[2025-04-08T11:42:43.130+0000] {processor.py:836} INFO - DAG(s) dict_keys(['example_xcom']) retrieved from /home/vscode/.local/lib/python3.10/site-packages/airflow/example_dags/example_xcom.py
[2025-04-08T11:42:43.143+0000] {logging_mixin.py:150} INFO - [2025-04-08T11:42:43.142+0000] {dag.py:2742} INFO - Sync 1 DAGs
[2025-04-08T11:42:43.160+0000] {logging_mixin.py:150} INFO - [2025-04-08T11:42:43.160+0000] {dag.py:3504} INFO - Setting next_dagrun for example_xcom to 2021-01-01T00:00:00+00:00, run_after=2021-01-01T00:00:00+00:00
[2025-04-08T11:42:43.174+0000] {processor.py:179} INFO - Processing /home/vscode/.local/lib/python3.10/site-packages/airflow/example_dags/example_xcom.py took 0.053 seconds
[2025-04-08T11:43:27.077+0000] {processor.py:157} INFO - Started process (PID=3352) to work on /home/vscode/.local/lib/python3.10/site-packages/airflow/example_dags/example_xcom.py
[2025-04-08T11:43:27.077+0000] {processor.py:826} INFO - Processing file /home/vscode/.local/lib/python3.10/site-packages/airflow/example_dags/example_xcom.py for tasks to queue
[2025-04-08T11:43:27.078+0000] {logging_mixin.py:150} INFO - [2025-04-08T11:43:27.078+0000] {dagbag.py:541} INFO - Filling up the DagBag from /home/vscode/.local/lib/python3.10/site-packages/airflow/example_dags/example_xcom.py
[2025-04-08T11:43:27.084+0000] {processor.py:836} INFO - DAG(s) dict_keys(['example_xcom']) retrieved from /home/vscode/.local/lib/python3.10/site-packages/airflow/example_dags/example_xcom.py
[2025-04-08T11:43:27.097+0000] {logging_mixin.py:150} INFO - [2025-04-08T11:43:27.096+0000] {dag.py:2742} INFO - Sync 1 DAGs
[2025-04-08T11:43:27.111+0000] {logging_mixin.py:150} INFO - [2025-04-08T11:43:27.110+0000] {dag.py:3504} INFO - Setting next_dagrun for example_xcom to 2021-01-01T00:00:00+00:00, run_after=2021-01-01T00:00:00+00:00
[2025-04-08T11:43:27.126+0000] {processor.py:179} INFO - Processing /home/vscode/.local/lib/python3.10/site-packages/airflow/example_dags/example_xcom.py took 0.052 seconds
[2025-04-08T11:44:13.836+0000] {processor.py:157} INFO - Started process (PID=3661) to work on /home/vscode/.local/lib/python3.10/site-packages/airflow/example_dags/example_xcom.py
[2025-04-08T11:44:13.836+0000] {processor.py:826} INFO - Processing file /home/vscode/.local/lib/python3.10/site-packages/airflow/example_dags/example_xcom.py for tasks to queue
[2025-04-08T11:44:13.837+0000] {logging_mixin.py:150} INFO - [2025-04-08T11:44:13.837+0000] {dagbag.py:541} INFO - Filling up the DagBag from /home/vscode/.local/lib/python3.10/site-packages/airflow/example_dags/example_xcom.py
[2025-04-08T11:44:13.843+0000] {processor.py:836} INFO - DAG(s) dict_keys(['example_xcom']) retrieved from /home/vscode/.local/lib/python3.10/site-packages/airflow/example_dags/example_xcom.py
[2025-04-08T11:44:13.856+0000] {logging_mixin.py:150} INFO - [2025-04-08T11:44:13.855+0000] {dag.py:2742} INFO - Sync 1 DAGs
[2025-04-08T11:44:13.871+0000] {logging_mixin.py:150} INFO - [2025-04-08T11:44:13.870+0000] {dag.py:3504} INFO - Setting next_dagrun for example_xcom to 2021-01-01T00:00:00+00:00, run_after=2021-01-01T00:00:00+00:00
[2025-04-08T11:44:13.887+0000] {processor.py:179} INFO - Processing /home/vscode/.local/lib/python3.10/site-packages/airflow/example_dags/example_xcom.py took 0.054 seconds
[2025-04-08T11:44:58.221+0000] {processor.py:157} INFO - Started process (PID=4084) to work on /home/vscode/.local/lib/python3.10/site-packages/airflow/example_dags/example_xcom.py
[2025-04-08T11:44:58.222+0000] {processor.py:826} INFO - Processing file /home/vscode/.local/lib/python3.10/site-packages/airflow/example_dags/example_xcom.py for tasks to queue
[2025-04-08T11:44:58.223+0000] {logging_mixin.py:150} INFO - [2025-04-08T11:44:58.222+0000] {dagbag.py:541} INFO - Filling up the DagBag from /home/vscode/.local/lib/python3.10/site-packages/airflow/example_dags/example_xcom.py
[2025-04-08T11:44:58.228+0000] {processor.py:836} INFO - DAG(s) dict_keys(['example_xcom']) retrieved from /home/vscode/.local/lib/python3.10/site-packages/airflow/example_dags/example_xcom.py
[2025-04-08T11:44:58.241+0000] {logging_mixin.py:150} INFO - [2025-04-08T11:44:58.241+0000] {dag.py:2742} INFO - Sync 1 DAGs
[2025-04-08T11:44:58.255+0000] {logging_mixin.py:150} INFO - [2025-04-08T11:44:58.255+0000] {dag.py:3504} INFO - Setting next_dagrun for example_xcom to 2021-01-01T00:00:00+00:00, run_after=2021-01-01T00:00:00+00:00
[2025-04-08T11:44:58.270+0000] {processor.py:179} INFO - Processing /home/vscode/.local/lib/python3.10/site-packages/airflow/example_dags/example_xcom.py took 0.050 seconds
[2025-04-08T11:45:38.763+0000] {processor.py:157} INFO - Started process (PID=4487) to work on /home/vscode/.local/lib/python3.10/site-packages/airflow/example_dags/example_xcom.py
[2025-04-08T11:45:38.764+0000] {processor.py:826} INFO - Processing file /home/vscode/.local/lib/python3.10/site-packages/airflow/example_dags/example_xcom.py for tasks to queue
[2025-04-08T11:45:38.765+0000] {logging_mixin.py:150} INFO - [2025-04-08T11:45:38.764+0000] {dagbag.py:541} INFO - Filling up the DagBag from /home/vscode/.local/lib/python3.10/site-packages/airflow/example_dags/example_xcom.py
[2025-04-08T11:45:38.770+0000] {processor.py:836} INFO - DAG(s) dict_keys(['example_xcom']) retrieved from /home/vscode/.local/lib/python3.10/site-packages/airflow/example_dags/example_xcom.py
[2025-04-08T11:45:38.782+0000] {logging_mixin.py:150} INFO - [2025-04-08T11:45:38.782+0000] {dag.py:2742} INFO - Sync 1 DAGs
[2025-04-08T11:45:38.796+0000] {logging_mixin.py:150} INFO - [2025-04-08T11:45:38.795+0000] {dag.py:3504} INFO - Setting next_dagrun for example_xcom to 2021-01-01T00:00:00+00:00, run_after=2021-01-01T00:00:00+00:00
[2025-04-08T11:45:38.810+0000] {processor.py:179} INFO - Processing /home/vscode/.local/lib/python3.10/site-packages/airflow/example_dags/example_xcom.py took 0.049 seconds
[2025-04-08T11:46:23.976+0000] {processor.py:157} INFO - Started process (PID=4787) to work on /home/vscode/.local/lib/python3.10/site-packages/airflow/example_dags/example_xcom.py
[2025-04-08T11:46:23.977+0000] {processor.py:826} INFO - Processing file /home/vscode/.local/lib/python3.10/site-packages/airflow/example_dags/example_xcom.py for tasks to queue
[2025-04-08T11:46:23.978+0000] {logging_mixin.py:150} INFO - [2025-04-08T11:46:23.977+0000] {dagbag.py:541} INFO - Filling up the DagBag from /home/vscode/.local/lib/python3.10/site-packages/airflow/example_dags/example_xcom.py
[2025-04-08T11:46:23.983+0000] {processor.py:836} INFO - DAG(s) dict_keys(['example_xcom']) retrieved from /home/vscode/.local/lib/python3.10/site-packages/airflow/example_dags/example_xcom.py
[2025-04-08T11:46:23.996+0000] {logging_mixin.py:150} INFO - [2025-04-08T11:46:23.995+0000] {dag.py:2742} INFO - Sync 1 DAGs
[2025-04-08T11:46:24.009+0000] {logging_mixin.py:150} INFO - [2025-04-08T11:46:24.009+0000] {dag.py:3504} INFO - Setting next_dagrun for example_xcom to 2021-01-01T00:00:00+00:00, run_after=2021-01-01T00:00:00+00:00
[2025-04-08T11:46:24.023+0000] {processor.py:179} INFO - Processing /home/vscode/.local/lib/python3.10/site-packages/airflow/example_dags/example_xcom.py took 0.049 seconds
[2025-04-08T11:47:08.483+0000] {processor.py:157} INFO - Started process (PID=5086) to work on /home/vscode/.local/lib/python3.10/site-packages/airflow/example_dags/example_xcom.py
[2025-04-08T11:47:08.484+0000] {processor.py:826} INFO - Processing file /home/vscode/.local/lib/python3.10/site-packages/airflow/example_dags/example_xcom.py for tasks to queue
[2025-04-08T11:47:08.485+0000] {logging_mixin.py:150} INFO - [2025-04-08T11:47:08.485+0000] {dagbag.py:541} INFO - Filling up the DagBag from /home/vscode/.local/lib/python3.10/site-packages/airflow/example_dags/example_xcom.py
[2025-04-08T11:47:08.490+0000] {processor.py:836} INFO - DAG(s) dict_keys(['example_xcom']) retrieved from /home/vscode/.local/lib/python3.10/site-packages/airflow/example_dags/example_xcom.py
[2025-04-08T11:47:08.502+0000] {logging_mixin.py:150} INFO - [2025-04-08T11:47:08.502+0000] {dag.py:2742} INFO - Sync 1 DAGs
[2025-04-08T11:47:08.515+0000] {logging_mixin.py:150} INFO - [2025-04-08T11:47:08.515+0000] {dag.py:3504} INFO - Setting next_dagrun for example_xcom to 2021-01-01T00:00:00+00:00, run_after=2021-01-01T00:00:00+00:00
[2025-04-08T11:47:08.530+0000] {processor.py:179} INFO - Processing /home/vscode/.local/lib/python3.10/site-packages/airflow/example_dags/example_xcom.py took 0.049 seconds
[2025-04-08T11:47:42.564+0000] {processor.py:157} INFO - Started process (PID=5316) to work on /home/vscode/.local/lib/python3.10/site-packages/airflow/example_dags/example_xcom.py
[2025-04-08T11:47:42.564+0000] {processor.py:826} INFO - Processing file /home/vscode/.local/lib/python3.10/site-packages/airflow/example_dags/example_xcom.py for tasks to queue
[2025-04-08T11:47:42.565+0000] {logging_mixin.py:150} INFO - [2025-04-08T11:47:42.565+0000] {dagbag.py:541} INFO - Filling up the DagBag from /home/vscode/.local/lib/python3.10/site-packages/airflow/example_dags/example_xcom.py
[2025-04-08T11:47:42.570+0000] {processor.py:836} INFO - DAG(s) dict_keys(['example_xcom']) retrieved from /home/vscode/.local/lib/python3.10/site-packages/airflow/example_dags/example_xcom.py
[2025-04-08T11:47:42.583+0000] {logging_mixin.py:150} INFO - [2025-04-08T11:47:42.582+0000] {dag.py:2742} INFO - Sync 1 DAGs
[2025-04-08T11:47:42.596+0000] {logging_mixin.py:150} INFO - [2025-04-08T11:47:42.596+0000] {dag.py:3504} INFO - Setting next_dagrun for example_xcom to 2021-01-01T00:00:00+00:00, run_after=2021-01-01T00:00:00+00:00
[2025-04-08T11:47:42.610+0000] {processor.py:179} INFO - Processing /home/vscode/.local/lib/python3.10/site-packages/airflow/example_dags/example_xcom.py took 0.049 seconds
[2025-04-08T11:48:25.968+0000] {processor.py:157} INFO - Started process (PID=5620) to work on /home/vscode/.local/lib/python3.10/site-packages/airflow/example_dags/example_xcom.py
[2025-04-08T11:48:25.968+0000] {processor.py:826} INFO - Processing file /home/vscode/.local/lib/python3.10/site-packages/airflow/example_dags/example_xcom.py for tasks to queue
[2025-04-08T11:48:25.969+0000] {logging_mixin.py:150} INFO - [2025-04-08T11:48:25.969+0000] {dagbag.py:541} INFO - Filling up the DagBag from /home/vscode/.local/lib/python3.10/site-packages/airflow/example_dags/example_xcom.py
[2025-04-08T11:48:25.975+0000] {processor.py:836} INFO - DAG(s) dict_keys(['example_xcom']) retrieved from /home/vscode/.local/lib/python3.10/site-packages/airflow/example_dags/example_xcom.py
[2025-04-08T11:48:25.988+0000] {logging_mixin.py:150} INFO - [2025-04-08T11:48:25.988+0000] {dag.py:2742} INFO - Sync 1 DAGs
[2025-04-08T11:48:26.003+0000] {logging_mixin.py:150} INFO - [2025-04-08T11:48:26.003+0000] {dag.py:3504} INFO - Setting next_dagrun for example_xcom to 2021-01-01T00:00:00+00:00, run_after=2021-01-01T00:00:00+00:00
[2025-04-08T11:48:26.018+0000] {processor.py:179} INFO - Processing /home/vscode/.local/lib/python3.10/site-packages/airflow/example_dags/example_xcom.py took 0.053 seconds
[2025-04-08T11:49:09.190+0000] {processor.py:157} INFO - Started process (PID=6118) to work on /home/vscode/.local/lib/python3.10/site-packages/airflow/example_dags/example_xcom.py
[2025-04-08T11:49:09.191+0000] {processor.py:826} INFO - Processing file /home/vscode/.local/lib/python3.10/site-packages/airflow/example_dags/example_xcom.py for tasks to queue
[2025-04-08T11:49:09.192+0000] {logging_mixin.py:150} INFO - [2025-04-08T11:49:09.191+0000] {dagbag.py:541} INFO - Filling up the DagBag from /home/vscode/.local/lib/python3.10/site-packages/airflow/example_dags/example_xcom.py
[2025-04-08T11:49:09.198+0000] {processor.py:836} INFO - DAG(s) dict_keys(['example_xcom']) retrieved from /home/vscode/.local/lib/python3.10/site-packages/airflow/example_dags/example_xcom.py
[2025-04-08T11:49:09.212+0000] {logging_mixin.py:150} INFO - [2025-04-08T11:49:09.211+0000] {dag.py:2742} INFO - Sync 1 DAGs
[2025-04-08T11:49:09.227+0000] {logging_mixin.py:150} INFO - [2025-04-08T11:49:09.226+0000] {dag.py:3504} INFO - Setting next_dagrun for example_xcom to 2021-01-01T00:00:00+00:00, run_after=2021-01-01T00:00:00+00:00
[2025-04-08T11:49:09.243+0000] {processor.py:179} INFO - Processing /home/vscode/.local/lib/python3.10/site-packages/airflow/example_dags/example_xcom.py took 0.056 seconds
[2025-04-08T11:49:56.493+0000] {processor.py:157} INFO - Started process (PID=6694) to work on /home/vscode/.local/lib/python3.10/site-packages/airflow/example_dags/example_xcom.py
[2025-04-08T11:49:56.493+0000] {processor.py:826} INFO - Processing file /home/vscode/.local/lib/python3.10/site-packages/airflow/example_dags/example_xcom.py for tasks to queue
[2025-04-08T11:49:56.494+0000] {logging_mixin.py:150} INFO - [2025-04-08T11:49:56.494+0000] {dagbag.py:541} INFO - Filling up the DagBag from /home/vscode/.local/lib/python3.10/site-packages/airflow/example_dags/example_xcom.py
[2025-04-08T11:49:56.500+0000] {processor.py:836} INFO - DAG(s) dict_keys(['example_xcom']) retrieved from /home/vscode/.local/lib/python3.10/site-packages/airflow/example_dags/example_xcom.py
[2025-04-08T11:49:56.513+0000] {logging_mixin.py:150} INFO - [2025-04-08T11:49:56.513+0000] {dag.py:2742} INFO - Sync 1 DAGs
[2025-04-08T11:49:56.527+0000] {logging_mixin.py:150} INFO - [2025-04-08T11:49:56.527+0000] {dag.py:3504} INFO - Setting next_dagrun for example_xcom to 2021-01-01T00:00:00+00:00, run_after=2021-01-01T00:00:00+00:00
[2025-04-08T11:49:56.541+0000] {processor.py:179} INFO - Processing /home/vscode/.local/lib/python3.10/site-packages/airflow/example_dags/example_xcom.py took 0.051 seconds
[2025-04-08T11:50:40.430+0000] {processor.py:157} INFO - Started process (PID=7009) to work on /home/vscode/.local/lib/python3.10/site-packages/airflow/example_dags/example_xcom.py
[2025-04-08T11:50:40.431+0000] {processor.py:826} INFO - Processing file /home/vscode/.local/lib/python3.10/site-packages/airflow/example_dags/example_xcom.py for tasks to queue
[2025-04-08T11:50:40.432+0000] {logging_mixin.py:150} INFO - [2025-04-08T11:50:40.431+0000] {dagbag.py:541} INFO - Filling up the DagBag from /home/vscode/.local/lib/python3.10/site-packages/airflow/example_dags/example_xcom.py
[2025-04-08T11:50:40.437+0000] {processor.py:836} INFO - DAG(s) dict_keys(['example_xcom']) retrieved from /home/vscode/.local/lib/python3.10/site-packages/airflow/example_dags/example_xcom.py
[2025-04-08T11:50:40.450+0000] {logging_mixin.py:150} INFO - [2025-04-08T11:50:40.450+0000] {dag.py:2742} INFO - Sync 1 DAGs
[2025-04-08T11:50:40.465+0000] {logging_mixin.py:150} INFO - [2025-04-08T11:50:40.465+0000] {dag.py:3504} INFO - Setting next_dagrun for example_xcom to 2021-01-01T00:00:00+00:00, run_after=2021-01-01T00:00:00+00:00
[2025-04-08T11:50:40.479+0000] {processor.py:179} INFO - Processing /home/vscode/.local/lib/python3.10/site-packages/airflow/example_dags/example_xcom.py took 0.051 seconds
