[2025-04-08T11:42:27.612+0000] {processor.py:157} INFO - Started process (PID=2958) to work on /home/vscode/.local/lib/python3.10/site-packages/airflow/example_dags/example_branch_python_dop_operator_3.py
[2025-04-08T11:42:27.612+0000] {processor.py:826} INFO - Processing file /home/vscode/.local/lib/python3.10/site-packages/airflow/example_dags/example_branch_python_dop_operator_3.py for tasks to queue
[2025-04-08T11:42:27.613+0000] {logging_mixin.py:150} INFO - [2025-04-08T11:42:27.613+0000] {dagbag.py:541} INFO - Filling up the DagBag from /home/vscode/.local/lib/python3.10/site-packages/airflow/example_dags/example_branch_python_dop_operator_3.py
[2025-04-08T11:42:27.619+0000] {processor.py:836} INFO - DAG(s) dict_keys(['example_branch_dop_operator_v3']) retrieved from /home/vscode/.local/lib/python3.10/site-packages/airflow/example_dags/example_branch_python_dop_operator_3.py
[2025-04-08T11:42:27.687+0000] {logging_mixin.py:150} INFO - [2025-04-08T11:42:27.686+0000] {manager.py:504} INFO - Created Permission View: can edit on DAG:example_branch_dop_operator_v3
[2025-04-08T11:42:27.694+0000] {logging_mixin.py:150} INFO - [2025-04-08T11:42:27.694+0000] {manager.py:504} INFO - Created Permission View: can read on DAG:example_branch_dop_operator_v3
[2025-04-08T11:42:27.699+0000] {logging_mixin.py:150} INFO - [2025-04-08T11:42:27.699+0000] {manager.py:504} INFO - Created Permission View: can delete on DAG:example_branch_dop_operator_v3
[2025-04-08T11:42:27.707+0000] {logging_mixin.py:150} INFO - [2025-04-08T11:42:27.707+0000] {dag.py:2742} INFO - Sync 1 DAGs
[2025-04-08T11:42:27.713+0000] {logging_mixin.py:150} INFO - [2025-04-08T11:42:27.713+0000] {dag.py:2763} INFO - Creating ORM DAG for example_branch_dop_operator_v3
[2025-04-08T11:42:27.723+0000] {logging_mixin.py:150} INFO - [2025-04-08T11:42:27.723+0000] {dag.py:3504} INFO - Setting next_dagrun for example_branch_dop_operator_v3 to 2025-04-08T11:41:00+00:00, run_after=2025-04-08T11:42:00+00:00
[2025-04-08T11:42:27.738+0000] {processor.py:179} INFO - Processing /home/vscode/.local/lib/python3.10/site-packages/airflow/example_dags/example_branch_python_dop_operator_3.py took 0.129 seconds
[2025-04-08T11:43:15.036+0000] {processor.py:157} INFO - Started process (PID=3268) to work on /home/vscode/.local/lib/python3.10/site-packages/airflow/example_dags/example_branch_python_dop_operator_3.py
[2025-04-08T11:43:15.037+0000] {processor.py:826} INFO - Processing file /home/vscode/.local/lib/python3.10/site-packages/airflow/example_dags/example_branch_python_dop_operator_3.py for tasks to queue
[2025-04-08T11:43:15.038+0000] {logging_mixin.py:150} INFO - [2025-04-08T11:43:15.038+0000] {dagbag.py:541} INFO - Filling up the DagBag from /home/vscode/.local/lib/python3.10/site-packages/airflow/example_dags/example_branch_python_dop_operator_3.py
[2025-04-08T11:43:15.047+0000] {processor.py:836} INFO - DAG(s) dict_keys(['example_branch_dop_operator_v3']) retrieved from /home/vscode/.local/lib/python3.10/site-packages/airflow/example_dags/example_branch_python_dop_operator_3.py
[2025-04-08T11:43:15.062+0000] {logging_mixin.py:150} INFO - [2025-04-08T11:43:15.061+0000] {dag.py:2742} INFO - Sync 1 DAGs
[2025-04-08T11:43:15.088+0000] {logging_mixin.py:150} INFO - [2025-04-08T11:43:15.087+0000] {dag.py:3504} INFO - Setting next_dagrun for example_branch_dop_operator_v3 to 2025-04-08T11:42:00+00:00, run_after=2025-04-08T11:43:00+00:00
[2025-04-08T11:43:15.103+0000] {processor.py:179} INFO - Processing /home/vscode/.local/lib/python3.10/site-packages/airflow/example_dags/example_branch_python_dop_operator_3.py took 0.070 seconds
[2025-04-08T11:44:01.871+0000] {processor.py:157} INFO - Started process (PID=3584) to work on /home/vscode/.local/lib/python3.10/site-packages/airflow/example_dags/example_branch_python_dop_operator_3.py
[2025-04-08T11:44:01.872+0000] {processor.py:826} INFO - Processing file /home/vscode/.local/lib/python3.10/site-packages/airflow/example_dags/example_branch_python_dop_operator_3.py for tasks to queue
[2025-04-08T11:44:01.873+0000] {logging_mixin.py:150} INFO - [2025-04-08T11:44:01.872+0000] {dagbag.py:541} INFO - Filling up the DagBag from /home/vscode/.local/lib/python3.10/site-packages/airflow/example_dags/example_branch_python_dop_operator_3.py
[2025-04-08T11:44:01.879+0000] {processor.py:836} INFO - DAG(s) dict_keys(['example_branch_dop_operator_v3']) retrieved from /home/vscode/.local/lib/python3.10/site-packages/airflow/example_dags/example_branch_python_dop_operator_3.py
[2025-04-08T11:44:01.891+0000] {logging_mixin.py:150} INFO - [2025-04-08T11:44:01.891+0000] {dag.py:2742} INFO - Sync 1 DAGs
[2025-04-08T11:44:01.909+0000] {logging_mixin.py:150} INFO - [2025-04-08T11:44:01.909+0000] {dag.py:3504} INFO - Setting next_dagrun for example_branch_dop_operator_v3 to 2025-04-08T11:43:00+00:00, run_after=2025-04-08T11:44:00+00:00
[2025-04-08T11:44:01.925+0000] {processor.py:179} INFO - Processing /home/vscode/.local/lib/python3.10/site-packages/airflow/example_dags/example_branch_python_dop_operator_3.py took 0.056 seconds
[2025-04-08T11:44:47.259+0000] {processor.py:157} INFO - Started process (PID=4003) to work on /home/vscode/.local/lib/python3.10/site-packages/airflow/example_dags/example_branch_python_dop_operator_3.py
[2025-04-08T11:44:47.260+0000] {processor.py:826} INFO - Processing file /home/vscode/.local/lib/python3.10/site-packages/airflow/example_dags/example_branch_python_dop_operator_3.py for tasks to queue
[2025-04-08T11:44:47.261+0000] {logging_mixin.py:150} INFO - [2025-04-08T11:44:47.261+0000] {dagbag.py:541} INFO - Filling up the DagBag from /home/vscode/.local/lib/python3.10/site-packages/airflow/example_dags/example_branch_python_dop_operator_3.py
[2025-04-08T11:44:47.267+0000] {processor.py:836} INFO - DAG(s) dict_keys(['example_branch_dop_operator_v3']) retrieved from /home/vscode/.local/lib/python3.10/site-packages/airflow/example_dags/example_branch_python_dop_operator_3.py
[2025-04-08T11:44:47.279+0000] {logging_mixin.py:150} INFO - [2025-04-08T11:44:47.279+0000] {dag.py:2742} INFO - Sync 1 DAGs
[2025-04-08T11:44:47.304+0000] {logging_mixin.py:150} INFO - [2025-04-08T11:44:47.304+0000] {dag.py:3504} INFO - Setting next_dagrun for example_branch_dop_operator_v3 to 2025-04-08T11:43:00+00:00, run_after=2025-04-08T11:44:00+00:00
[2025-04-08T11:44:47.322+0000] {processor.py:179} INFO - Processing /home/vscode/.local/lib/python3.10/site-packages/airflow/example_dags/example_branch_python_dop_operator_3.py took 0.065 seconds
[2025-04-08T11:45:29.765+0000] {processor.py:157} INFO - Started process (PID=4405) to work on /home/vscode/.local/lib/python3.10/site-packages/airflow/example_dags/example_branch_python_dop_operator_3.py
[2025-04-08T11:45:29.765+0000] {processor.py:826} INFO - Processing file /home/vscode/.local/lib/python3.10/site-packages/airflow/example_dags/example_branch_python_dop_operator_3.py for tasks to queue
[2025-04-08T11:45:29.766+0000] {logging_mixin.py:150} INFO - [2025-04-08T11:45:29.766+0000] {dagbag.py:541} INFO - Filling up the DagBag from /home/vscode/.local/lib/python3.10/site-packages/airflow/example_dags/example_branch_python_dop_operator_3.py
[2025-04-08T11:45:29.776+0000] {processor.py:836} INFO - DAG(s) dict_keys(['example_branch_dop_operator_v3']) retrieved from /home/vscode/.local/lib/python3.10/site-packages/airflow/example_dags/example_branch_python_dop_operator_3.py
[2025-04-08T11:45:29.791+0000] {logging_mixin.py:150} INFO - [2025-04-08T11:45:29.791+0000] {dag.py:2742} INFO - Sync 1 DAGs
[2025-04-08T11:45:29.808+0000] {logging_mixin.py:150} INFO - [2025-04-08T11:45:29.808+0000] {dag.py:3504} INFO - Setting next_dagrun for example_branch_dop_operator_v3 to 2025-04-08T11:44:00+00:00, run_after=2025-04-08T11:45:00+00:00
[2025-04-08T11:45:29.823+0000] {processor.py:179} INFO - Processing /home/vscode/.local/lib/python3.10/site-packages/airflow/example_dags/example_branch_python_dop_operator_3.py took 0.062 seconds
[2025-04-08T11:46:17.201+0000] {processor.py:157} INFO - Started process (PID=4742) to work on /home/vscode/.local/lib/python3.10/site-packages/airflow/example_dags/example_branch_python_dop_operator_3.py
[2025-04-08T11:46:17.201+0000] {processor.py:826} INFO - Processing file /home/vscode/.local/lib/python3.10/site-packages/airflow/example_dags/example_branch_python_dop_operator_3.py for tasks to queue
[2025-04-08T11:46:17.202+0000] {logging_mixin.py:150} INFO - [2025-04-08T11:46:17.202+0000] {dagbag.py:541} INFO - Filling up the DagBag from /home/vscode/.local/lib/python3.10/site-packages/airflow/example_dags/example_branch_python_dop_operator_3.py
[2025-04-08T11:46:17.208+0000] {processor.py:836} INFO - DAG(s) dict_keys(['example_branch_dop_operator_v3']) retrieved from /home/vscode/.local/lib/python3.10/site-packages/airflow/example_dags/example_branch_python_dop_operator_3.py
[2025-04-08T11:46:17.220+0000] {logging_mixin.py:150} INFO - [2025-04-08T11:46:17.220+0000] {dag.py:2742} INFO - Sync 1 DAGs
[2025-04-08T11:46:17.237+0000] {logging_mixin.py:150} INFO - [2025-04-08T11:46:17.236+0000] {dag.py:3504} INFO - Setting next_dagrun for example_branch_dop_operator_v3 to 2025-04-08T11:45:00+00:00, run_after=2025-04-08T11:46:00+00:00
[2025-04-08T11:46:17.258+0000] {processor.py:179} INFO - Processing /home/vscode/.local/lib/python3.10/site-packages/airflow/example_dags/example_branch_python_dop_operator_3.py took 0.059 seconds
[2025-04-08T11:47:03.158+0000] {processor.py:157} INFO - Started process (PID=5057) to work on /home/vscode/.local/lib/python3.10/site-packages/airflow/example_dags/example_branch_python_dop_operator_3.py
[2025-04-08T11:47:03.159+0000] {processor.py:826} INFO - Processing file /home/vscode/.local/lib/python3.10/site-packages/airflow/example_dags/example_branch_python_dop_operator_3.py for tasks to queue
[2025-04-08T11:47:03.160+0000] {logging_mixin.py:150} INFO - [2025-04-08T11:47:03.160+0000] {dagbag.py:541} INFO - Filling up the DagBag from /home/vscode/.local/lib/python3.10/site-packages/airflow/example_dags/example_branch_python_dop_operator_3.py
[2025-04-08T11:47:03.166+0000] {processor.py:836} INFO - DAG(s) dict_keys(['example_branch_dop_operator_v3']) retrieved from /home/vscode/.local/lib/python3.10/site-packages/airflow/example_dags/example_branch_python_dop_operator_3.py
[2025-04-08T11:47:03.178+0000] {logging_mixin.py:150} INFO - [2025-04-08T11:47:03.178+0000] {dag.py:2742} INFO - Sync 1 DAGs
[2025-04-08T11:47:03.195+0000] {logging_mixin.py:150} INFO - [2025-04-08T11:47:03.195+0000] {dag.py:3504} INFO - Setting next_dagrun for example_branch_dop_operator_v3 to 2025-04-08T11:46:00+00:00, run_after=2025-04-08T11:47:00+00:00
[2025-04-08T11:47:03.211+0000] {processor.py:179} INFO - Processing /home/vscode/.local/lib/python3.10/site-packages/airflow/example_dags/example_branch_python_dop_operator_3.py took 0.054 seconds
[2025-04-08T11:47:50.122+0000] {processor.py:157} INFO - Started process (PID=5363) to work on /home/vscode/.local/lib/python3.10/site-packages/airflow/example_dags/example_branch_python_dop_operator_3.py
[2025-04-08T11:47:50.123+0000] {processor.py:826} INFO - Processing file /home/vscode/.local/lib/python3.10/site-packages/airflow/example_dags/example_branch_python_dop_operator_3.py for tasks to queue
[2025-04-08T11:47:50.124+0000] {logging_mixin.py:150} INFO - [2025-04-08T11:47:50.124+0000] {dagbag.py:541} INFO - Filling up the DagBag from /home/vscode/.local/lib/python3.10/site-packages/airflow/example_dags/example_branch_python_dop_operator_3.py
[2025-04-08T11:47:50.131+0000] {processor.py:836} INFO - DAG(s) dict_keys(['example_branch_dop_operator_v3']) retrieved from /home/vscode/.local/lib/python3.10/site-packages/airflow/example_dags/example_branch_python_dop_operator_3.py
[2025-04-08T11:47:50.143+0000] {logging_mixin.py:150} INFO - [2025-04-08T11:47:50.143+0000] {dag.py:2742} INFO - Sync 1 DAGs
[2025-04-08T11:47:50.160+0000] {logging_mixin.py:150} INFO - [2025-04-08T11:47:50.160+0000] {dag.py:3504} INFO - Setting next_dagrun for example_branch_dop_operator_v3 to 2025-04-08T11:46:00+00:00, run_after=2025-04-08T11:47:00+00:00
[2025-04-08T11:47:50.175+0000] {processor.py:179} INFO - Processing /home/vscode/.local/lib/python3.10/site-packages/airflow/example_dags/example_branch_python_dop_operator_3.py took 0.055 seconds
[2025-04-08T11:48:35.134+0000] {processor.py:157} INFO - Started process (PID=5696) to work on /home/vscode/.local/lib/python3.10/site-packages/airflow/example_dags/example_branch_python_dop_operator_3.py
[2025-04-08T11:48:35.135+0000] {processor.py:826} INFO - Processing file /home/vscode/.local/lib/python3.10/site-packages/airflow/example_dags/example_branch_python_dop_operator_3.py for tasks to queue
[2025-04-08T11:48:35.136+0000] {logging_mixin.py:150} INFO - [2025-04-08T11:48:35.135+0000] {dagbag.py:541} INFO - Filling up the DagBag from /home/vscode/.local/lib/python3.10/site-packages/airflow/example_dags/example_branch_python_dop_operator_3.py
[2025-04-08T11:48:35.142+0000] {processor.py:836} INFO - DAG(s) dict_keys(['example_branch_dop_operator_v3']) retrieved from /home/vscode/.local/lib/python3.10/site-packages/airflow/example_dags/example_branch_python_dop_operator_3.py
[2025-04-08T11:48:35.155+0000] {logging_mixin.py:150} INFO - [2025-04-08T11:48:35.155+0000] {dag.py:2742} INFO - Sync 1 DAGs
[2025-04-08T11:48:35.178+0000] {logging_mixin.py:150} INFO - [2025-04-08T11:48:35.178+0000] {dag.py:3504} INFO - Setting next_dagrun for example_branch_dop_operator_v3 to 2025-04-08T11:47:00+00:00, run_after=2025-04-08T11:48:00+00:00
[2025-04-08T11:48:35.195+0000] {processor.py:179} INFO - Processing /home/vscode/.local/lib/python3.10/site-packages/airflow/example_dags/example_branch_python_dop_operator_3.py took 0.063 seconds
[2025-04-08T11:49:18.341+0000] {processor.py:157} INFO - Started process (PID=6195) to work on /home/vscode/.local/lib/python3.10/site-packages/airflow/example_dags/example_branch_python_dop_operator_3.py
[2025-04-08T11:49:18.342+0000] {processor.py:826} INFO - Processing file /home/vscode/.local/lib/python3.10/site-packages/airflow/example_dags/example_branch_python_dop_operator_3.py for tasks to queue
[2025-04-08T11:49:18.343+0000] {logging_mixin.py:150} INFO - [2025-04-08T11:49:18.343+0000] {dagbag.py:541} INFO - Filling up the DagBag from /home/vscode/.local/lib/python3.10/site-packages/airflow/example_dags/example_branch_python_dop_operator_3.py
[2025-04-08T11:49:18.349+0000] {processor.py:836} INFO - DAG(s) dict_keys(['example_branch_dop_operator_v3']) retrieved from /home/vscode/.local/lib/python3.10/site-packages/airflow/example_dags/example_branch_python_dop_operator_3.py
[2025-04-08T11:49:18.363+0000] {logging_mixin.py:150} INFO - [2025-04-08T11:49:18.363+0000] {dag.py:2742} INFO - Sync 1 DAGs
[2025-04-08T11:49:18.384+0000] {logging_mixin.py:150} INFO - [2025-04-08T11:49:18.384+0000] {dag.py:3504} INFO - Setting next_dagrun for example_branch_dop_operator_v3 to 2025-04-08T11:48:00+00:00, run_after=2025-04-08T11:49:00+00:00
[2025-04-08T11:49:18.399+0000] {processor.py:179} INFO - Processing /home/vscode/.local/lib/python3.10/site-packages/airflow/example_dags/example_branch_python_dop_operator_3.py took 0.060 seconds
[2025-04-08T11:50:05.953+0000] {processor.py:157} INFO - Started process (PID=6772) to work on /home/vscode/.local/lib/python3.10/site-packages/airflow/example_dags/example_branch_python_dop_operator_3.py
[2025-04-08T11:50:05.953+0000] {processor.py:826} INFO - Processing file /home/vscode/.local/lib/python3.10/site-packages/airflow/example_dags/example_branch_python_dop_operator_3.py for tasks to queue
[2025-04-08T11:50:05.954+0000] {logging_mixin.py:150} INFO - [2025-04-08T11:50:05.954+0000] {dagbag.py:541} INFO - Filling up the DagBag from /home/vscode/.local/lib/python3.10/site-packages/airflow/example_dags/example_branch_python_dop_operator_3.py
[2025-04-08T11:50:05.960+0000] {processor.py:836} INFO - DAG(s) dict_keys(['example_branch_dop_operator_v3']) retrieved from /home/vscode/.local/lib/python3.10/site-packages/airflow/example_dags/example_branch_python_dop_operator_3.py
[2025-04-08T11:50:05.972+0000] {logging_mixin.py:150} INFO - [2025-04-08T11:50:05.972+0000] {dag.py:2742} INFO - Sync 1 DAGs
[2025-04-08T11:50:05.989+0000] {logging_mixin.py:150} INFO - [2025-04-08T11:50:05.989+0000] {dag.py:3504} INFO - Setting next_dagrun for example_branch_dop_operator_v3 to 2025-04-08T11:49:00+00:00, run_after=2025-04-08T11:50:00+00:00
[2025-04-08T11:50:06.005+0000] {processor.py:179} INFO - Processing /home/vscode/.local/lib/python3.10/site-packages/airflow/example_dags/example_branch_python_dop_operator_3.py took 0.054 seconds
[2025-04-08T11:50:50.144+0000] {processor.py:157} INFO - Started process (PID=7110) to work on /home/vscode/.local/lib/python3.10/site-packages/airflow/example_dags/example_branch_python_dop_operator_3.py
[2025-04-08T11:50:50.144+0000] {processor.py:826} INFO - Processing file /home/vscode/.local/lib/python3.10/site-packages/airflow/example_dags/example_branch_python_dop_operator_3.py for tasks to queue
[2025-04-08T11:50:50.145+0000] {logging_mixin.py:150} INFO - [2025-04-08T11:50:50.145+0000] {dagbag.py:541} INFO - Filling up the DagBag from /home/vscode/.local/lib/python3.10/site-packages/airflow/example_dags/example_branch_python_dop_operator_3.py
[2025-04-08T11:50:50.151+0000] {processor.py:836} INFO - DAG(s) dict_keys(['example_branch_dop_operator_v3']) retrieved from /home/vscode/.local/lib/python3.10/site-packages/airflow/example_dags/example_branch_python_dop_operator_3.py
[2025-04-08T11:50:50.164+0000] {logging_mixin.py:150} INFO - [2025-04-08T11:50:50.163+0000] {dag.py:2742} INFO - Sync 1 DAGs
[2025-04-08T11:50:50.180+0000] {logging_mixin.py:150} INFO - [2025-04-08T11:50:50.180+0000] {dag.py:3504} INFO - Setting next_dagrun for example_branch_dop_operator_v3 to 2025-04-08T11:49:00+00:00, run_after=2025-04-08T11:50:00+00:00
[2025-04-08T11:50:50.195+0000] {processor.py:179} INFO - Processing /home/vscode/.local/lib/python3.10/site-packages/airflow/example_dags/example_branch_python_dop_operator_3.py took 0.053 seconds
