[2025-04-08T11:42:18.469+0000] {processor.py:157} INFO - Started process (PID=2892) to work on /home/vscode/.local/lib/python3.10/site-packages/airflow/example_dags/example_latest_only_with_trigger.py
[2025-04-08T11:42:18.470+0000] {processor.py:826} INFO - Processing file /home/vscode/.local/lib/python3.10/site-packages/airflow/example_dags/example_latest_only_with_trigger.py for tasks to queue
[2025-04-08T11:42:18.471+0000] {logging_mixin.py:150} INFO - [2025-04-08T11:42:18.470+0000] {dagbag.py:541} INFO - Filling up the DagBag from /home/vscode/.local/lib/python3.10/site-packages/airflow/example_dags/example_latest_only_with_trigger.py
[2025-04-08T11:42:18.475+0000] {processor.py:836} INFO - DAG(s) dict_keys(['latest_only_with_trigger']) retrieved from /home/vscode/.local/lib/python3.10/site-packages/airflow/example_dags/example_latest_only_with_trigger.py
[2025-04-08T11:42:18.542+0000] {logging_mixin.py:150} INFO - [2025-04-08T11:42:18.542+0000] {manager.py:504} INFO - Created Permission View: can edit on DAG:latest_only_with_trigger
[2025-04-08T11:42:18.550+0000] {logging_mixin.py:150} INFO - [2025-04-08T11:42:18.549+0000] {manager.py:504} INFO - Created Permission View: can read on DAG:latest_only_with_trigger
[2025-04-08T11:42:18.555+0000] {logging_mixin.py:150} INFO - [2025-04-08T11:42:18.555+0000] {manager.py:504} INFO - Created Permission View: can delete on DAG:latest_only_with_trigger
[2025-04-08T11:42:18.562+0000] {logging_mixin.py:150} INFO - [2025-04-08T11:42:18.562+0000] {dag.py:2742} INFO - Sync 1 DAGs
[2025-04-08T11:42:18.568+0000] {logging_mixin.py:150} INFO - [2025-04-08T11:42:18.568+0000] {dag.py:2763} INFO - Creating ORM DAG for latest_only_with_trigger
[2025-04-08T11:42:18.574+0000] {logging_mixin.py:150} INFO - [2025-04-08T11:42:18.574+0000] {dag.py:3504} INFO - Setting next_dagrun for latest_only_with_trigger to 2025-04-08T07:42:18.573921+00:00, run_after=2025-04-08T11:42:18.573921+00:00
[2025-04-08T11:42:18.588+0000] {processor.py:179} INFO - Processing /home/vscode/.local/lib/python3.10/site-packages/airflow/example_dags/example_latest_only_with_trigger.py took 0.121 seconds
[2025-04-08T11:43:03.620+0000] {processor.py:157} INFO - Started process (PID=3199) to work on /home/vscode/.local/lib/python3.10/site-packages/airflow/example_dags/example_latest_only_with_trigger.py
[2025-04-08T11:43:03.620+0000] {processor.py:826} INFO - Processing file /home/vscode/.local/lib/python3.10/site-packages/airflow/example_dags/example_latest_only_with_trigger.py for tasks to queue
[2025-04-08T11:43:03.621+0000] {logging_mixin.py:150} INFO - [2025-04-08T11:43:03.621+0000] {dagbag.py:541} INFO - Filling up the DagBag from /home/vscode/.local/lib/python3.10/site-packages/airflow/example_dags/example_latest_only_with_trigger.py
[2025-04-08T11:43:03.626+0000] {processor.py:836} INFO - DAG(s) dict_keys(['latest_only_with_trigger']) retrieved from /home/vscode/.local/lib/python3.10/site-packages/airflow/example_dags/example_latest_only_with_trigger.py
[2025-04-08T11:43:03.638+0000] {logging_mixin.py:150} INFO - [2025-04-08T11:43:03.638+0000] {dag.py:2742} INFO - Sync 1 DAGs
[2025-04-08T11:43:03.653+0000] {logging_mixin.py:150} INFO - [2025-04-08T11:43:03.653+0000] {dag.py:3504} INFO - Setting next_dagrun for latest_only_with_trigger to 2025-04-08T07:43:03.653292+00:00, run_after=2025-04-08T11:43:03.653292+00:00
[2025-04-08T11:43:03.670+0000] {processor.py:179} INFO - Processing /home/vscode/.local/lib/python3.10/site-packages/airflow/example_dags/example_latest_only_with_trigger.py took 0.052 seconds
[2025-04-08T11:43:50.916+0000] {processor.py:157} INFO - Started process (PID=3514) to work on /home/vscode/.local/lib/python3.10/site-packages/airflow/example_dags/example_latest_only_with_trigger.py
[2025-04-08T11:43:50.916+0000] {processor.py:826} INFO - Processing file /home/vscode/.local/lib/python3.10/site-packages/airflow/example_dags/example_latest_only_with_trigger.py for tasks to queue
[2025-04-08T11:43:50.917+0000] {logging_mixin.py:150} INFO - [2025-04-08T11:43:50.917+0000] {dagbag.py:541} INFO - Filling up the DagBag from /home/vscode/.local/lib/python3.10/site-packages/airflow/example_dags/example_latest_only_with_trigger.py
[2025-04-08T11:43:50.922+0000] {processor.py:836} INFO - DAG(s) dict_keys(['latest_only_with_trigger']) retrieved from /home/vscode/.local/lib/python3.10/site-packages/airflow/example_dags/example_latest_only_with_trigger.py
[2025-04-08T11:43:50.934+0000] {logging_mixin.py:150} INFO - [2025-04-08T11:43:50.934+0000] {dag.py:2742} INFO - Sync 1 DAGs
[2025-04-08T11:43:50.948+0000] {logging_mixin.py:150} INFO - [2025-04-08T11:43:50.948+0000] {dag.py:3504} INFO - Setting next_dagrun for latest_only_with_trigger to 2025-04-08T07:43:50.947801+00:00, run_after=2025-04-08T11:43:50.947801+00:00
[2025-04-08T11:43:50.962+0000] {processor.py:179} INFO - Processing /home/vscode/.local/lib/python3.10/site-packages/airflow/example_dags/example_latest_only_with_trigger.py took 0.049 seconds
[2025-04-08T11:44:36.135+0000] {processor.py:157} INFO - Started process (PID=3885) to work on /home/vscode/.local/lib/python3.10/site-packages/airflow/example_dags/example_latest_only_with_trigger.py
[2025-04-08T11:44:36.136+0000] {processor.py:826} INFO - Processing file /home/vscode/.local/lib/python3.10/site-packages/airflow/example_dags/example_latest_only_with_trigger.py for tasks to queue
[2025-04-08T11:44:36.137+0000] {logging_mixin.py:150} INFO - [2025-04-08T11:44:36.136+0000] {dagbag.py:541} INFO - Filling up the DagBag from /home/vscode/.local/lib/python3.10/site-packages/airflow/example_dags/example_latest_only_with_trigger.py
[2025-04-08T11:44:36.141+0000] {processor.py:836} INFO - DAG(s) dict_keys(['latest_only_with_trigger']) retrieved from /home/vscode/.local/lib/python3.10/site-packages/airflow/example_dags/example_latest_only_with_trigger.py
[2025-04-08T11:44:36.155+0000] {logging_mixin.py:150} INFO - [2025-04-08T11:44:36.155+0000] {dag.py:2742} INFO - Sync 1 DAGs
[2025-04-08T11:44:36.169+0000] {logging_mixin.py:150} INFO - [2025-04-08T11:44:36.169+0000] {dag.py:3504} INFO - Setting next_dagrun for latest_only_with_trigger to 2025-04-08T07:44:36.169552+00:00, run_after=2025-04-08T11:44:36.169552+00:00
[2025-04-08T11:44:36.185+0000] {processor.py:179} INFO - Processing /home/vscode/.local/lib/python3.10/site-packages/airflow/example_dags/example_latest_only_with_trigger.py took 0.052 seconds
[2025-04-08T11:45:17.538+0000] {processor.py:157} INFO - Started process (PID=4262) to work on /home/vscode/.local/lib/python3.10/site-packages/airflow/example_dags/example_latest_only_with_trigger.py
[2025-04-08T11:45:17.539+0000] {processor.py:826} INFO - Processing file /home/vscode/.local/lib/python3.10/site-packages/airflow/example_dags/example_latest_only_with_trigger.py for tasks to queue
[2025-04-08T11:45:17.540+0000] {logging_mixin.py:150} INFO - [2025-04-08T11:45:17.540+0000] {dagbag.py:541} INFO - Filling up the DagBag from /home/vscode/.local/lib/python3.10/site-packages/airflow/example_dags/example_latest_only_with_trigger.py
[2025-04-08T11:45:17.546+0000] {processor.py:836} INFO - DAG(s) dict_keys(['latest_only_with_trigger']) retrieved from /home/vscode/.local/lib/python3.10/site-packages/airflow/example_dags/example_latest_only_with_trigger.py
[2025-04-08T11:45:17.563+0000] {logging_mixin.py:150} INFO - [2025-04-08T11:45:17.563+0000] {dag.py:2742} INFO - Sync 1 DAGs
[2025-04-08T11:45:17.585+0000] {logging_mixin.py:150} INFO - [2025-04-08T11:45:17.584+0000] {dag.py:3504} INFO - Setting next_dagrun for latest_only_with_trigger to 2025-04-08T07:45:17.584564+00:00, run_after=2025-04-08T11:45:17.584564+00:00
[2025-04-08T11:45:17.604+0000] {processor.py:179} INFO - Processing /home/vscode/.local/lib/python3.10/site-packages/airflow/example_dags/example_latest_only_with_trigger.py took 0.069 seconds
[2025-04-08T11:46:02.947+0000] {processor.py:157} INFO - Started process (PID=4656) to work on /home/vscode/.local/lib/python3.10/site-packages/airflow/example_dags/example_latest_only_with_trigger.py
[2025-04-08T11:46:02.948+0000] {processor.py:826} INFO - Processing file /home/vscode/.local/lib/python3.10/site-packages/airflow/example_dags/example_latest_only_with_trigger.py for tasks to queue
[2025-04-08T11:46:02.949+0000] {logging_mixin.py:150} INFO - [2025-04-08T11:46:02.948+0000] {dagbag.py:541} INFO - Filling up the DagBag from /home/vscode/.local/lib/python3.10/site-packages/airflow/example_dags/example_latest_only_with_trigger.py
[2025-04-08T11:46:02.953+0000] {processor.py:836} INFO - DAG(s) dict_keys(['latest_only_with_trigger']) retrieved from /home/vscode/.local/lib/python3.10/site-packages/airflow/example_dags/example_latest_only_with_trigger.py
[2025-04-08T11:46:02.965+0000] {logging_mixin.py:150} INFO - [2025-04-08T11:46:02.965+0000] {dag.py:2742} INFO - Sync 1 DAGs
[2025-04-08T11:46:02.979+0000] {logging_mixin.py:150} INFO - [2025-04-08T11:46:02.979+0000] {dag.py:3504} INFO - Setting next_dagrun for latest_only_with_trigger to 2025-04-08T07:46:02.979103+00:00, run_after=2025-04-08T11:46:02.979103+00:00
[2025-04-08T11:46:02.994+0000] {processor.py:179} INFO - Processing /home/vscode/.local/lib/python3.10/site-packages/airflow/example_dags/example_latest_only_with_trigger.py took 0.049 seconds
[2025-04-08T11:46:50.661+0000] {processor.py:157} INFO - Started process (PID=4968) to work on /home/vscode/.local/lib/python3.10/site-packages/airflow/example_dags/example_latest_only_with_trigger.py
[2025-04-08T11:46:50.661+0000] {processor.py:826} INFO - Processing file /home/vscode/.local/lib/python3.10/site-packages/airflow/example_dags/example_latest_only_with_trigger.py for tasks to queue
[2025-04-08T11:46:50.662+0000] {logging_mixin.py:150} INFO - [2025-04-08T11:46:50.662+0000] {dagbag.py:541} INFO - Filling up the DagBag from /home/vscode/.local/lib/python3.10/site-packages/airflow/example_dags/example_latest_only_with_trigger.py
[2025-04-08T11:46:50.667+0000] {processor.py:836} INFO - DAG(s) dict_keys(['latest_only_with_trigger']) retrieved from /home/vscode/.local/lib/python3.10/site-packages/airflow/example_dags/example_latest_only_with_trigger.py
[2025-04-08T11:46:50.678+0000] {logging_mixin.py:150} INFO - [2025-04-08T11:46:50.678+0000] {dag.py:2742} INFO - Sync 1 DAGs
[2025-04-08T11:46:50.691+0000] {logging_mixin.py:150} INFO - [2025-04-08T11:46:50.691+0000] {dag.py:3504} INFO - Setting next_dagrun for latest_only_with_trigger to 2025-04-08T07:46:50.691368+00:00, run_after=2025-04-08T11:46:50.691368+00:00
[2025-04-08T11:46:50.706+0000] {processor.py:179} INFO - Processing /home/vscode/.local/lib/python3.10/site-packages/airflow/example_dags/example_latest_only_with_trigger.py took 0.047 seconds
[2025-04-08T11:47:36.977+0000] {processor.py:157} INFO - Started process (PID=5275) to work on /home/vscode/.local/lib/python3.10/site-packages/airflow/example_dags/example_latest_only_with_trigger.py
[2025-04-08T11:47:36.977+0000] {processor.py:826} INFO - Processing file /home/vscode/.local/lib/python3.10/site-packages/airflow/example_dags/example_latest_only_with_trigger.py for tasks to queue
[2025-04-08T11:47:36.978+0000] {logging_mixin.py:150} INFO - [2025-04-08T11:47:36.978+0000] {dagbag.py:541} INFO - Filling up the DagBag from /home/vscode/.local/lib/python3.10/site-packages/airflow/example_dags/example_latest_only_with_trigger.py
[2025-04-08T11:47:36.983+0000] {processor.py:836} INFO - DAG(s) dict_keys(['latest_only_with_trigger']) retrieved from /home/vscode/.local/lib/python3.10/site-packages/airflow/example_dags/example_latest_only_with_trigger.py
[2025-04-08T11:47:36.995+0000] {logging_mixin.py:150} INFO - [2025-04-08T11:47:36.995+0000] {dag.py:2742} INFO - Sync 1 DAGs
[2025-04-08T11:47:37.009+0000] {logging_mixin.py:150} INFO - [2025-04-08T11:47:37.009+0000] {dag.py:3504} INFO - Setting next_dagrun for latest_only_with_trigger to 2025-04-08T07:47:37.009172+00:00, run_after=2025-04-08T11:47:37.009172+00:00
[2025-04-08T11:47:37.024+0000] {processor.py:179} INFO - Processing /home/vscode/.local/lib/python3.10/site-packages/airflow/example_dags/example_latest_only_with_trigger.py took 0.050 seconds
[2025-04-08T11:48:19.999+0000] {processor.py:157} INFO - Started process (PID=5572) to work on /home/vscode/.local/lib/python3.10/site-packages/airflow/example_dags/example_latest_only_with_trigger.py
[2025-04-08T11:48:20.000+0000] {processor.py:826} INFO - Processing file /home/vscode/.local/lib/python3.10/site-packages/airflow/example_dags/example_latest_only_with_trigger.py for tasks to queue
[2025-04-08T11:48:20.000+0000] {logging_mixin.py:150} INFO - [2025-04-08T11:48:20.000+0000] {dagbag.py:541} INFO - Filling up the DagBag from /home/vscode/.local/lib/python3.10/site-packages/airflow/example_dags/example_latest_only_with_trigger.py
[2025-04-08T11:48:20.005+0000] {processor.py:836} INFO - DAG(s) dict_keys(['latest_only_with_trigger']) retrieved from /home/vscode/.local/lib/python3.10/site-packages/airflow/example_dags/example_latest_only_with_trigger.py
[2025-04-08T11:48:20.017+0000] {logging_mixin.py:150} INFO - [2025-04-08T11:48:20.017+0000] {dag.py:2742} INFO - Sync 1 DAGs
[2025-04-08T11:48:20.032+0000] {logging_mixin.py:150} INFO - [2025-04-08T11:48:20.032+0000] {dag.py:3504} INFO - Setting next_dagrun for latest_only_with_trigger to 2025-04-08T07:48:20.031895+00:00, run_after=2025-04-08T11:48:20.031895+00:00
[2025-04-08T11:48:20.047+0000] {processor.py:179} INFO - Processing /home/vscode/.local/lib/python3.10/site-packages/airflow/example_dags/example_latest_only_with_trigger.py took 0.050 seconds
[2025-04-08T11:49:05.408+0000] {processor.py:157} INFO - Started process (PID=6081) to work on /home/vscode/.local/lib/python3.10/site-packages/airflow/example_dags/example_latest_only_with_trigger.py
[2025-04-08T11:49:05.409+0000] {processor.py:826} INFO - Processing file /home/vscode/.local/lib/python3.10/site-packages/airflow/example_dags/example_latest_only_with_trigger.py for tasks to queue
[2025-04-08T11:49:05.410+0000] {logging_mixin.py:150} INFO - [2025-04-08T11:49:05.410+0000] {dagbag.py:541} INFO - Filling up the DagBag from /home/vscode/.local/lib/python3.10/site-packages/airflow/example_dags/example_latest_only_with_trigger.py
[2025-04-08T11:49:05.415+0000] {processor.py:836} INFO - DAG(s) dict_keys(['latest_only_with_trigger']) retrieved from /home/vscode/.local/lib/python3.10/site-packages/airflow/example_dags/example_latest_only_with_trigger.py
[2025-04-08T11:49:05.429+0000] {logging_mixin.py:150} INFO - [2025-04-08T11:49:05.429+0000] {dag.py:2742} INFO - Sync 1 DAGs
[2025-04-08T11:49:05.446+0000] {logging_mixin.py:150} INFO - [2025-04-08T11:49:05.446+0000] {dag.py:3504} INFO - Setting next_dagrun for latest_only_with_trigger to 2025-04-08T07:49:05.445955+00:00, run_after=2025-04-08T11:49:05.445955+00:00
[2025-04-08T11:49:05.465+0000] {processor.py:179} INFO - Processing /home/vscode/.local/lib/python3.10/site-packages/airflow/example_dags/example_latest_only_with_trigger.py took 0.059 seconds
[2025-04-08T11:49:48.036+0000] {processor.py:157} INFO - Started process (PID=6599) to work on /home/vscode/.local/lib/python3.10/site-packages/airflow/example_dags/example_latest_only_with_trigger.py
[2025-04-08T11:49:48.037+0000] {processor.py:826} INFO - Processing file /home/vscode/.local/lib/python3.10/site-packages/airflow/example_dags/example_latest_only_with_trigger.py for tasks to queue
[2025-04-08T11:49:48.037+0000] {logging_mixin.py:150} INFO - [2025-04-08T11:49:48.037+0000] {dagbag.py:541} INFO - Filling up the DagBag from /home/vscode/.local/lib/python3.10/site-packages/airflow/example_dags/example_latest_only_with_trigger.py
[2025-04-08T11:49:48.043+0000] {processor.py:836} INFO - DAG(s) dict_keys(['latest_only_with_trigger']) retrieved from /home/vscode/.local/lib/python3.10/site-packages/airflow/example_dags/example_latest_only_with_trigger.py
[2025-04-08T11:49:48.056+0000] {logging_mixin.py:150} INFO - [2025-04-08T11:49:48.056+0000] {dag.py:2742} INFO - Sync 1 DAGs
[2025-04-08T11:49:48.070+0000] {logging_mixin.py:150} INFO - [2025-04-08T11:49:48.070+0000] {dag.py:3504} INFO - Setting next_dagrun for latest_only_with_trigger to 2025-04-08T07:49:48.070316+00:00, run_after=2025-04-08T11:49:48.070316+00:00
[2025-04-08T11:49:48.086+0000] {processor.py:179} INFO - Processing /home/vscode/.local/lib/python3.10/site-packages/airflow/example_dags/example_latest_only_with_trigger.py took 0.052 seconds
[2025-04-08T11:50:33.560+0000] {processor.py:157} INFO - Started process (PID=6966) to work on /home/vscode/.local/lib/python3.10/site-packages/airflow/example_dags/example_latest_only_with_trigger.py
[2025-04-08T11:50:33.560+0000] {processor.py:826} INFO - Processing file /home/vscode/.local/lib/python3.10/site-packages/airflow/example_dags/example_latest_only_with_trigger.py for tasks to queue
[2025-04-08T11:50:33.561+0000] {logging_mixin.py:150} INFO - [2025-04-08T11:50:33.561+0000] {dagbag.py:541} INFO - Filling up the DagBag from /home/vscode/.local/lib/python3.10/site-packages/airflow/example_dags/example_latest_only_with_trigger.py
[2025-04-08T11:50:33.566+0000] {processor.py:836} INFO - DAG(s) dict_keys(['latest_only_with_trigger']) retrieved from /home/vscode/.local/lib/python3.10/site-packages/airflow/example_dags/example_latest_only_with_trigger.py
[2025-04-08T11:50:33.578+0000] {logging_mixin.py:150} INFO - [2025-04-08T11:50:33.578+0000] {dag.py:2742} INFO - Sync 1 DAGs
[2025-04-08T11:50:33.595+0000] {logging_mixin.py:150} INFO - [2025-04-08T11:50:33.595+0000] {dag.py:3504} INFO - Setting next_dagrun for latest_only_with_trigger to 2025-04-08T07:50:33.595181+00:00, run_after=2025-04-08T11:50:33.595181+00:00
[2025-04-08T11:50:33.610+0000] {processor.py:179} INFO - Processing /home/vscode/.local/lib/python3.10/site-packages/airflow/example_dags/example_latest_only_with_trigger.py took 0.053 seconds
