[2025-04-08T11:42:00.540+0000] {processor.py:157} INFO - Started process (PID=2785) to work on /home/vscode/.local/lib/python3.10/site-packages/airflow/example_dags/example_sla_dag.py
[2025-04-08T11:42:00.540+0000] {processor.py:826} INFO - Processing file /home/vscode/.local/lib/python3.10/site-packages/airflow/example_dags/example_sla_dag.py for tasks to queue
[2025-04-08T11:42:00.541+0000] {logging_mixin.py:150} INFO - [2025-04-08T11:42:00.541+0000] {dagbag.py:541} INFO - Filling up the DagBag from /home/vscode/.local/lib/python3.10/site-packages/airflow/example_dags/example_sla_dag.py
[2025-04-08T11:42:00.549+0000] {processor.py:836} INFO - DAG(s) dict_keys(['example_sla_dag']) retrieved from /home/vscode/.local/lib/python3.10/site-packages/airflow/example_dags/example_sla_dag.py
[2025-04-08T11:42:00.622+0000] {logging_mixin.py:150} INFO - [2025-04-08T11:42:00.622+0000] {manager.py:504} INFO - Created Permission View: can edit on DAG:example_sla_dag
[2025-04-08T11:42:00.630+0000] {logging_mixin.py:150} INFO - [2025-04-08T11:42:00.630+0000] {manager.py:504} INFO - Created Permission View: can read on DAG:example_sla_dag
[2025-04-08T11:42:00.636+0000] {logging_mixin.py:150} INFO - [2025-04-08T11:42:00.636+0000] {manager.py:504} INFO - Created Permission View: can delete on DAG:example_sla_dag
[2025-04-08T11:42:00.645+0000] {logging_mixin.py:150} INFO - [2025-04-08T11:42:00.645+0000] {dag.py:2742} INFO - Sync 1 DAGs
[2025-04-08T11:42:00.653+0000] {logging_mixin.py:150} INFO - [2025-04-08T11:42:00.652+0000] {dag.py:2763} INFO - Creating ORM DAG for example_sla_dag
[2025-04-08T11:42:00.661+0000] {logging_mixin.py:150} INFO - [2025-04-08T11:42:00.661+0000] {dag.py:3504} INFO - Setting next_dagrun for example_sla_dag to 2025-04-08T11:40:00+00:00, run_after=2025-04-08T11:42:00+00:00
[2025-04-08T11:42:00.675+0000] {processor.py:179} INFO - Processing /home/vscode/.local/lib/python3.10/site-packages/airflow/example_dags/example_sla_dag.py took 0.137 seconds
[2025-04-08T11:42:46.536+0000] {processor.py:157} INFO - Started process (PID=3081) to work on /home/vscode/.local/lib/python3.10/site-packages/airflow/example_dags/example_sla_dag.py
[2025-04-08T11:42:46.537+0000] {processor.py:826} INFO - Processing file /home/vscode/.local/lib/python3.10/site-packages/airflow/example_dags/example_sla_dag.py for tasks to queue
[2025-04-08T11:42:46.538+0000] {logging_mixin.py:150} INFO - [2025-04-08T11:42:46.537+0000] {dagbag.py:541} INFO - Filling up the DagBag from /home/vscode/.local/lib/python3.10/site-packages/airflow/example_dags/example_sla_dag.py
[2025-04-08T11:42:46.544+0000] {processor.py:836} INFO - DAG(s) dict_keys(['example_sla_dag']) retrieved from /home/vscode/.local/lib/python3.10/site-packages/airflow/example_dags/example_sla_dag.py
[2025-04-08T11:42:46.555+0000] {logging_mixin.py:150} INFO - [2025-04-08T11:42:46.555+0000] {dag.py:2742} INFO - Sync 1 DAGs
[2025-04-08T11:42:46.570+0000] {logging_mixin.py:150} INFO - [2025-04-08T11:42:46.570+0000] {dag.py:3504} INFO - Setting next_dagrun for example_sla_dag to 2025-04-08T11:40:00+00:00, run_after=2025-04-08T11:42:00+00:00
[2025-04-08T11:42:46.584+0000] {processor.py:179} INFO - Processing /home/vscode/.local/lib/python3.10/site-packages/airflow/example_dags/example_sla_dag.py took 0.050 seconds
[2025-04-08T11:43:32.733+0000] {processor.py:157} INFO - Started process (PID=3393) to work on /home/vscode/.local/lib/python3.10/site-packages/airflow/example_dags/example_sla_dag.py
[2025-04-08T11:43:32.733+0000] {processor.py:826} INFO - Processing file /home/vscode/.local/lib/python3.10/site-packages/airflow/example_dags/example_sla_dag.py for tasks to queue
[2025-04-08T11:43:32.734+0000] {logging_mixin.py:150} INFO - [2025-04-08T11:43:32.734+0000] {dagbag.py:541} INFO - Filling up the DagBag from /home/vscode/.local/lib/python3.10/site-packages/airflow/example_dags/example_sla_dag.py
[2025-04-08T11:43:32.741+0000] {processor.py:836} INFO - DAG(s) dict_keys(['example_sla_dag']) retrieved from /home/vscode/.local/lib/python3.10/site-packages/airflow/example_dags/example_sla_dag.py
[2025-04-08T11:43:32.753+0000] {logging_mixin.py:150} INFO - [2025-04-08T11:43:32.753+0000] {dag.py:2742} INFO - Sync 1 DAGs
[2025-04-08T11:43:32.772+0000] {logging_mixin.py:150} INFO - [2025-04-08T11:43:32.771+0000] {dag.py:3504} INFO - Setting next_dagrun for example_sla_dag to 2025-04-08T11:40:00+00:00, run_after=2025-04-08T11:42:00+00:00
[2025-04-08T11:43:32.787+0000] {processor.py:179} INFO - Processing /home/vscode/.local/lib/python3.10/site-packages/airflow/example_dags/example_sla_dag.py took 0.058 seconds
[2025-04-08T11:44:17.687+0000] {processor.py:157} INFO - Started process (PID=3693) to work on /home/vscode/.local/lib/python3.10/site-packages/airflow/example_dags/example_sla_dag.py
[2025-04-08T11:44:17.687+0000] {processor.py:826} INFO - Processing file /home/vscode/.local/lib/python3.10/site-packages/airflow/example_dags/example_sla_dag.py for tasks to queue
[2025-04-08T11:44:17.688+0000] {logging_mixin.py:150} INFO - [2025-04-08T11:44:17.688+0000] {dagbag.py:541} INFO - Filling up the DagBag from /home/vscode/.local/lib/python3.10/site-packages/airflow/example_dags/example_sla_dag.py
[2025-04-08T11:44:17.696+0000] {processor.py:836} INFO - DAG(s) dict_keys(['example_sla_dag']) retrieved from /home/vscode/.local/lib/python3.10/site-packages/airflow/example_dags/example_sla_dag.py
[2025-04-08T11:44:17.710+0000] {logging_mixin.py:150} INFO - [2025-04-08T11:44:17.710+0000] {dag.py:2742} INFO - Sync 1 DAGs
[2025-04-08T11:44:17.730+0000] {logging_mixin.py:150} INFO - [2025-04-08T11:44:17.730+0000] {dag.py:3504} INFO - Setting next_dagrun for example_sla_dag to 2025-04-08T11:42:00+00:00, run_after=2025-04-08T11:44:00+00:00
[2025-04-08T11:44:17.746+0000] {processor.py:179} INFO - Processing /home/vscode/.local/lib/python3.10/site-packages/airflow/example_dags/example_sla_dag.py took 0.062 seconds
[2025-04-08T11:45:02.394+0000] {processor.py:157} INFO - Started process (PID=4116) to work on /home/vscode/.local/lib/python3.10/site-packages/airflow/example_dags/example_sla_dag.py
[2025-04-08T11:45:02.395+0000] {processor.py:826} INFO - Processing file /home/vscode/.local/lib/python3.10/site-packages/airflow/example_dags/example_sla_dag.py for tasks to queue
[2025-04-08T11:45:02.396+0000] {logging_mixin.py:150} INFO - [2025-04-08T11:45:02.395+0000] {dagbag.py:541} INFO - Filling up the DagBag from /home/vscode/.local/lib/python3.10/site-packages/airflow/example_dags/example_sla_dag.py
[2025-04-08T11:45:02.402+0000] {processor.py:836} INFO - DAG(s) dict_keys(['example_sla_dag']) retrieved from /home/vscode/.local/lib/python3.10/site-packages/airflow/example_dags/example_sla_dag.py
[2025-04-08T11:45:02.413+0000] {logging_mixin.py:150} INFO - [2025-04-08T11:45:02.413+0000] {dag.py:2742} INFO - Sync 1 DAGs
[2025-04-08T11:45:02.428+0000] {logging_mixin.py:150} INFO - [2025-04-08T11:45:02.428+0000] {dag.py:3504} INFO - Setting next_dagrun for example_sla_dag to 2025-04-08T11:42:00+00:00, run_after=2025-04-08T11:44:00+00:00
[2025-04-08T11:45:02.442+0000] {processor.py:179} INFO - Processing /home/vscode/.local/lib/python3.10/site-packages/airflow/example_dags/example_sla_dag.py took 0.050 seconds
[2025-04-08T11:45:44.287+0000] {processor.py:157} INFO - Started process (PID=4527) to work on /home/vscode/.local/lib/python3.10/site-packages/airflow/example_dags/example_sla_dag.py
[2025-04-08T11:45:44.288+0000] {processor.py:826} INFO - Processing file /home/vscode/.local/lib/python3.10/site-packages/airflow/example_dags/example_sla_dag.py for tasks to queue
[2025-04-08T11:45:44.288+0000] {logging_mixin.py:150} INFO - [2025-04-08T11:45:44.288+0000] {dagbag.py:541} INFO - Filling up the DagBag from /home/vscode/.local/lib/python3.10/site-packages/airflow/example_dags/example_sla_dag.py
[2025-04-08T11:45:44.295+0000] {processor.py:836} INFO - DAG(s) dict_keys(['example_sla_dag']) retrieved from /home/vscode/.local/lib/python3.10/site-packages/airflow/example_dags/example_sla_dag.py
[2025-04-08T11:45:44.306+0000] {logging_mixin.py:150} INFO - [2025-04-08T11:45:44.306+0000] {dag.py:2742} INFO - Sync 1 DAGs
[2025-04-08T11:45:44.322+0000] {logging_mixin.py:150} INFO - [2025-04-08T11:45:44.322+0000] {dag.py:3504} INFO - Setting next_dagrun for example_sla_dag to 2025-04-08T11:42:00+00:00, run_after=2025-04-08T11:44:00+00:00
[2025-04-08T11:45:44.336+0000] {processor.py:179} INFO - Processing /home/vscode/.local/lib/python3.10/site-packages/airflow/example_dags/example_sla_dag.py took 0.051 seconds
[2025-04-08T11:46:29.115+0000] {processor.py:157} INFO - Started process (PID=4821) to work on /home/vscode/.local/lib/python3.10/site-packages/airflow/example_dags/example_sla_dag.py
[2025-04-08T11:46:29.116+0000] {processor.py:826} INFO - Processing file /home/vscode/.local/lib/python3.10/site-packages/airflow/example_dags/example_sla_dag.py for tasks to queue
[2025-04-08T11:46:29.116+0000] {logging_mixin.py:150} INFO - [2025-04-08T11:46:29.116+0000] {dagbag.py:541} INFO - Filling up the DagBag from /home/vscode/.local/lib/python3.10/site-packages/airflow/example_dags/example_sla_dag.py
[2025-04-08T11:46:29.122+0000] {processor.py:836} INFO - DAG(s) dict_keys(['example_sla_dag']) retrieved from /home/vscode/.local/lib/python3.10/site-packages/airflow/example_dags/example_sla_dag.py
[2025-04-08T11:46:29.134+0000] {logging_mixin.py:150} INFO - [2025-04-08T11:46:29.133+0000] {dag.py:2742} INFO - Sync 1 DAGs
[2025-04-08T11:46:29.149+0000] {logging_mixin.py:150} INFO - [2025-04-08T11:46:29.149+0000] {dag.py:3504} INFO - Setting next_dagrun for example_sla_dag to 2025-04-08T11:44:00+00:00, run_after=2025-04-08T11:46:00+00:00
[2025-04-08T11:46:29.163+0000] {processor.py:179} INFO - Processing /home/vscode/.local/lib/python3.10/site-packages/airflow/example_dags/example_sla_dag.py took 0.050 seconds
[2025-04-08T11:47:13.291+0000] {processor.py:157} INFO - Started process (PID=5126) to work on /home/vscode/.local/lib/python3.10/site-packages/airflow/example_dags/example_sla_dag.py
[2025-04-08T11:47:13.292+0000] {processor.py:826} INFO - Processing file /home/vscode/.local/lib/python3.10/site-packages/airflow/example_dags/example_sla_dag.py for tasks to queue
[2025-04-08T11:47:13.292+0000] {logging_mixin.py:150} INFO - [2025-04-08T11:47:13.292+0000] {dagbag.py:541} INFO - Filling up the DagBag from /home/vscode/.local/lib/python3.10/site-packages/airflow/example_dags/example_sla_dag.py
[2025-04-08T11:47:13.298+0000] {processor.py:836} INFO - DAG(s) dict_keys(['example_sla_dag']) retrieved from /home/vscode/.local/lib/python3.10/site-packages/airflow/example_dags/example_sla_dag.py
[2025-04-08T11:47:13.310+0000] {logging_mixin.py:150} INFO - [2025-04-08T11:47:13.310+0000] {dag.py:2742} INFO - Sync 1 DAGs
[2025-04-08T11:47:13.325+0000] {logging_mixin.py:150} INFO - [2025-04-08T11:47:13.325+0000] {dag.py:3504} INFO - Setting next_dagrun for example_sla_dag to 2025-04-08T11:44:00+00:00, run_after=2025-04-08T11:46:00+00:00
[2025-04-08T11:47:13.340+0000] {processor.py:179} INFO - Processing /home/vscode/.local/lib/python3.10/site-packages/airflow/example_dags/example_sla_dag.py took 0.051 seconds
[2025-04-08T11:48:00.399+0000] {processor.py:157} INFO - Started process (PID=5432) to work on /home/vscode/.local/lib/python3.10/site-packages/airflow/example_dags/example_sla_dag.py
[2025-04-08T11:48:00.400+0000] {processor.py:826} INFO - Processing file /home/vscode/.local/lib/python3.10/site-packages/airflow/example_dags/example_sla_dag.py for tasks to queue
[2025-04-08T11:48:00.401+0000] {logging_mixin.py:150} INFO - [2025-04-08T11:48:00.400+0000] {dagbag.py:541} INFO - Filling up the DagBag from /home/vscode/.local/lib/python3.10/site-packages/airflow/example_dags/example_sla_dag.py
[2025-04-08T11:48:00.407+0000] {processor.py:836} INFO - DAG(s) dict_keys(['example_sla_dag']) retrieved from /home/vscode/.local/lib/python3.10/site-packages/airflow/example_dags/example_sla_dag.py
[2025-04-08T11:48:00.420+0000] {logging_mixin.py:150} INFO - [2025-04-08T11:48:00.419+0000] {dag.py:2742} INFO - Sync 1 DAGs
[2025-04-08T11:48:00.436+0000] {logging_mixin.py:150} INFO - [2025-04-08T11:48:00.436+0000] {dag.py:3504} INFO - Setting next_dagrun for example_sla_dag to 2025-04-08T11:46:00+00:00, run_after=2025-04-08T11:48:00+00:00
[2025-04-08T11:48:00.453+0000] {processor.py:179} INFO - Processing /home/vscode/.local/lib/python3.10/site-packages/airflow/example_dags/example_sla_dag.py took 0.057 seconds
[2025-04-08T11:48:43.526+0000] {processor.py:157} INFO - Started process (PID=5778) to work on /home/vscode/.local/lib/python3.10/site-packages/airflow/example_dags/example_sla_dag.py
[2025-04-08T11:48:43.526+0000] {processor.py:826} INFO - Processing file /home/vscode/.local/lib/python3.10/site-packages/airflow/example_dags/example_sla_dag.py for tasks to queue
[2025-04-08T11:48:43.527+0000] {logging_mixin.py:150} INFO - [2025-04-08T11:48:43.527+0000] {dagbag.py:541} INFO - Filling up the DagBag from /home/vscode/.local/lib/python3.10/site-packages/airflow/example_dags/example_sla_dag.py
[2025-04-08T11:48:43.534+0000] {processor.py:836} INFO - DAG(s) dict_keys(['example_sla_dag']) retrieved from /home/vscode/.local/lib/python3.10/site-packages/airflow/example_dags/example_sla_dag.py
[2025-04-08T11:48:43.546+0000] {logging_mixin.py:150} INFO - [2025-04-08T11:48:43.546+0000] {dag.py:2742} INFO - Sync 1 DAGs
[2025-04-08T11:48:43.563+0000] {logging_mixin.py:150} INFO - [2025-04-08T11:48:43.563+0000] {dag.py:3504} INFO - Setting next_dagrun for example_sla_dag to 2025-04-08T11:46:00+00:00, run_after=2025-04-08T11:48:00+00:00
[2025-04-08T11:48:43.578+0000] {processor.py:179} INFO - Processing /home/vscode/.local/lib/python3.10/site-packages/airflow/example_dags/example_sla_dag.py took 0.055 seconds
[2025-04-08T11:49:26.877+0000] {processor.py:157} INFO - Started process (PID=6293) to work on /home/vscode/.local/lib/python3.10/site-packages/airflow/example_dags/example_sla_dag.py
[2025-04-08T11:49:26.878+0000] {processor.py:826} INFO - Processing file /home/vscode/.local/lib/python3.10/site-packages/airflow/example_dags/example_sla_dag.py for tasks to queue
[2025-04-08T11:49:26.878+0000] {logging_mixin.py:150} INFO - [2025-04-08T11:49:26.878+0000] {dagbag.py:541} INFO - Filling up the DagBag from /home/vscode/.local/lib/python3.10/site-packages/airflow/example_dags/example_sla_dag.py
[2025-04-08T11:49:26.885+0000] {processor.py:836} INFO - DAG(s) dict_keys(['example_sla_dag']) retrieved from /home/vscode/.local/lib/python3.10/site-packages/airflow/example_dags/example_sla_dag.py
[2025-04-08T11:49:26.897+0000] {logging_mixin.py:150} INFO - [2025-04-08T11:49:26.896+0000] {dag.py:2742} INFO - Sync 1 DAGs
[2025-04-08T11:49:26.912+0000] {logging_mixin.py:150} INFO - [2025-04-08T11:49:26.912+0000] {dag.py:3504} INFO - Setting next_dagrun for example_sla_dag to 2025-04-08T11:46:00+00:00, run_after=2025-04-08T11:48:00+00:00
[2025-04-08T11:49:26.926+0000] {processor.py:179} INFO - Processing /home/vscode/.local/lib/python3.10/site-packages/airflow/example_dags/example_sla_dag.py took 0.051 seconds
[2025-04-08T11:50:13.352+0000] {processor.py:157} INFO - Started process (PID=6829) to work on /home/vscode/.local/lib/python3.10/site-packages/airflow/example_dags/example_sla_dag.py
[2025-04-08T11:50:13.353+0000] {processor.py:826} INFO - Processing file /home/vscode/.local/lib/python3.10/site-packages/airflow/example_dags/example_sla_dag.py for tasks to queue
[2025-04-08T11:50:13.354+0000] {logging_mixin.py:150} INFO - [2025-04-08T11:50:13.353+0000] {dagbag.py:541} INFO - Filling up the DagBag from /home/vscode/.local/lib/python3.10/site-packages/airflow/example_dags/example_sla_dag.py
[2025-04-08T11:50:13.360+0000] {processor.py:836} INFO - DAG(s) dict_keys(['example_sla_dag']) retrieved from /home/vscode/.local/lib/python3.10/site-packages/airflow/example_dags/example_sla_dag.py
[2025-04-08T11:50:13.371+0000] {logging_mixin.py:150} INFO - [2025-04-08T11:50:13.371+0000] {dag.py:2742} INFO - Sync 1 DAGs
[2025-04-08T11:50:13.387+0000] {logging_mixin.py:150} INFO - [2025-04-08T11:50:13.387+0000] {dag.py:3504} INFO - Setting next_dagrun for example_sla_dag to 2025-04-08T11:48:00+00:00, run_after=2025-04-08T11:50:00+00:00
[2025-04-08T11:50:13.402+0000] {processor.py:179} INFO - Processing /home/vscode/.local/lib/python3.10/site-packages/airflow/example_dags/example_sla_dag.py took 0.051 seconds
[2025-04-08T11:50:58.125+0000] {processor.py:157} INFO - Started process (PID=7191) to work on /home/vscode/.local/lib/python3.10/site-packages/airflow/example_dags/example_sla_dag.py
[2025-04-08T11:50:58.125+0000] {processor.py:826} INFO - Processing file /home/vscode/.local/lib/python3.10/site-packages/airflow/example_dags/example_sla_dag.py for tasks to queue
[2025-04-08T11:50:58.126+0000] {logging_mixin.py:150} INFO - [2025-04-08T11:50:58.126+0000] {dagbag.py:541} INFO - Filling up the DagBag from /home/vscode/.local/lib/python3.10/site-packages/airflow/example_dags/example_sla_dag.py
[2025-04-08T11:50:58.132+0000] {processor.py:836} INFO - DAG(s) dict_keys(['example_sla_dag']) retrieved from /home/vscode/.local/lib/python3.10/site-packages/airflow/example_dags/example_sla_dag.py
[2025-04-08T11:50:58.144+0000] {logging_mixin.py:150} INFO - [2025-04-08T11:50:58.144+0000] {dag.py:2742} INFO - Sync 1 DAGs
[2025-04-08T11:50:58.160+0000] {logging_mixin.py:150} INFO - [2025-04-08T11:50:58.159+0000] {dag.py:3504} INFO - Setting next_dagrun for example_sla_dag to 2025-04-08T11:48:00+00:00, run_after=2025-04-08T11:50:00+00:00
[2025-04-08T11:50:58.174+0000] {processor.py:179} INFO - Processing /home/vscode/.local/lib/python3.10/site-packages/airflow/example_dags/example_sla_dag.py took 0.051 seconds
