[2025-04-08T11:41:51.691+0000] {processor.py:157} INFO - Started process (PID=2716) to work on /home/vscode/.local/lib/python3.10/site-packages/airflow/example_dags/example_xcomargs.py
[2025-04-08T11:41:51.691+0000] {processor.py:826} INFO - Processing file /home/vscode/.local/lib/python3.10/site-packages/airflow/example_dags/example_xcomargs.py for tasks to queue
[2025-04-08T11:41:51.692+0000] {logging_mixin.py:150} INFO - [2025-04-08T11:41:51.692+0000] {dagbag.py:541} INFO - Filling up the DagBag from /home/vscode/.local/lib/python3.10/site-packages/airflow/example_dags/example_xcomargs.py
[2025-04-08T11:41:51.699+0000] {processor.py:836} INFO - DAG(s) dict_keys(['example_xcom_args_with_operators', 'example_xcom_args']) retrieved from /home/vscode/.local/lib/python3.10/site-packages/airflow/example_dags/example_xcomargs.py
[2025-04-08T11:41:51.772+0000] {logging_mixin.py:150} INFO - [2025-04-08T11:41:51.772+0000] {manager.py:504} INFO - Created Permission View: can edit on DAG:example_xcom_args_with_operators
[2025-04-08T11:41:51.780+0000] {logging_mixin.py:150} INFO - [2025-04-08T11:41:51.779+0000] {manager.py:504} INFO - Created Permission View: can read on DAG:example_xcom_args_with_operators
[2025-04-08T11:41:51.785+0000] {logging_mixin.py:150} INFO - [2025-04-08T11:41:51.785+0000] {manager.py:504} INFO - Created Permission View: can delete on DAG:example_xcom_args_with_operators
[2025-04-08T11:41:51.802+0000] {logging_mixin.py:150} INFO - [2025-04-08T11:41:51.802+0000] {manager.py:504} INFO - Created Permission View: can edit on DAG:example_xcom_args
[2025-04-08T11:41:51.807+0000] {logging_mixin.py:150} INFO - [2025-04-08T11:41:51.807+0000] {manager.py:504} INFO - Created Permission View: can read on DAG:example_xcom_args
[2025-04-08T11:41:51.812+0000] {logging_mixin.py:150} INFO - [2025-04-08T11:41:51.812+0000] {manager.py:504} INFO - Created Permission View: can delete on DAG:example_xcom_args
[2025-04-08T11:41:51.816+0000] {logging_mixin.py:150} INFO - [2025-04-08T11:41:51.815+0000] {dag.py:2742} INFO - Sync 2 DAGs
[2025-04-08T11:41:51.823+0000] {logging_mixin.py:150} INFO - [2025-04-08T11:41:51.823+0000] {dag.py:2763} INFO - Creating ORM DAG for example_xcom_args
[2025-04-08T11:41:51.823+0000] {logging_mixin.py:150} INFO - [2025-04-08T11:41:51.823+0000] {dag.py:2763} INFO - Creating ORM DAG for example_xcom_args_with_operators
[2025-04-08T11:41:51.829+0000] {logging_mixin.py:150} INFO - [2025-04-08T11:41:51.829+0000] {dag.py:3504} INFO - Setting next_dagrun for example_xcom_args to None, run_after=None
[2025-04-08T11:41:51.830+0000] {logging_mixin.py:150} INFO - [2025-04-08T11:41:51.830+0000] {dag.py:3504} INFO - Setting next_dagrun for example_xcom_args_with_operators to None, run_after=None
[2025-04-08T11:41:51.844+0000] {processor.py:179} INFO - Processing /home/vscode/.local/lib/python3.10/site-packages/airflow/example_dags/example_xcomargs.py took 0.156 seconds
[2025-04-08T11:42:41.380+0000] {processor.py:157} INFO - Started process (PID=3051) to work on /home/vscode/.local/lib/python3.10/site-packages/airflow/example_dags/example_xcomargs.py
[2025-04-08T11:42:41.380+0000] {processor.py:826} INFO - Processing file /home/vscode/.local/lib/python3.10/site-packages/airflow/example_dags/example_xcomargs.py for tasks to queue
[2025-04-08T11:42:41.381+0000] {logging_mixin.py:150} INFO - [2025-04-08T11:42:41.381+0000] {dagbag.py:541} INFO - Filling up the DagBag from /home/vscode/.local/lib/python3.10/site-packages/airflow/example_dags/example_xcomargs.py
[2025-04-08T11:42:41.387+0000] {processor.py:836} INFO - DAG(s) dict_keys(['example_xcom_args_with_operators', 'example_xcom_args']) retrieved from /home/vscode/.local/lib/python3.10/site-packages/airflow/example_dags/example_xcomargs.py
[2025-04-08T11:42:41.400+0000] {logging_mixin.py:150} INFO - [2025-04-08T11:42:41.400+0000] {dag.py:2742} INFO - Sync 2 DAGs
[2025-04-08T11:42:41.414+0000] {logging_mixin.py:150} INFO - [2025-04-08T11:42:41.414+0000] {dag.py:3504} INFO - Setting next_dagrun for example_xcom_args to None, run_after=None
[2025-04-08T11:42:41.416+0000] {logging_mixin.py:150} INFO - [2025-04-08T11:42:41.416+0000] {dag.py:3504} INFO - Setting next_dagrun for example_xcom_args_with_operators to None, run_after=None
[2025-04-08T11:42:41.428+0000] {processor.py:179} INFO - Processing /home/vscode/.local/lib/python3.10/site-packages/airflow/example_dags/example_xcomargs.py took 0.051 seconds
[2025-04-08T11:43:25.310+0000] {processor.py:157} INFO - Started process (PID=3336) to work on /home/vscode/.local/lib/python3.10/site-packages/airflow/example_dags/example_xcomargs.py
[2025-04-08T11:43:25.310+0000] {processor.py:826} INFO - Processing file /home/vscode/.local/lib/python3.10/site-packages/airflow/example_dags/example_xcomargs.py for tasks to queue
[2025-04-08T11:43:25.311+0000] {logging_mixin.py:150} INFO - [2025-04-08T11:43:25.311+0000] {dagbag.py:541} INFO - Filling up the DagBag from /home/vscode/.local/lib/python3.10/site-packages/airflow/example_dags/example_xcomargs.py
[2025-04-08T11:43:25.317+0000] {processor.py:836} INFO - DAG(s) dict_keys(['example_xcom_args_with_operators', 'example_xcom_args']) retrieved from /home/vscode/.local/lib/python3.10/site-packages/airflow/example_dags/example_xcomargs.py
[2025-04-08T11:43:25.331+0000] {logging_mixin.py:150} INFO - [2025-04-08T11:43:25.331+0000] {dag.py:2742} INFO - Sync 2 DAGs
[2025-04-08T11:43:25.345+0000] {logging_mixin.py:150} INFO - [2025-04-08T11:43:25.344+0000] {dag.py:3504} INFO - Setting next_dagrun for example_xcom_args to None, run_after=None
[2025-04-08T11:43:25.347+0000] {logging_mixin.py:150} INFO - [2025-04-08T11:43:25.346+0000] {dag.py:3504} INFO - Setting next_dagrun for example_xcom_args_with_operators to None, run_after=None
[2025-04-08T11:43:25.360+0000] {processor.py:179} INFO - Processing /home/vscode/.local/lib/python3.10/site-packages/airflow/example_dags/example_xcomargs.py took 0.052 seconds
[2025-04-08T11:44:11.566+0000] {processor.py:157} INFO - Started process (PID=3651) to work on /home/vscode/.local/lib/python3.10/site-packages/airflow/example_dags/example_xcomargs.py
[2025-04-08T11:44:11.566+0000] {processor.py:826} INFO - Processing file /home/vscode/.local/lib/python3.10/site-packages/airflow/example_dags/example_xcomargs.py for tasks to queue
[2025-04-08T11:44:11.567+0000] {logging_mixin.py:150} INFO - [2025-04-08T11:44:11.567+0000] {dagbag.py:541} INFO - Filling up the DagBag from /home/vscode/.local/lib/python3.10/site-packages/airflow/example_dags/example_xcomargs.py
[2025-04-08T11:44:11.573+0000] {processor.py:836} INFO - DAG(s) dict_keys(['example_xcom_args_with_operators', 'example_xcom_args']) retrieved from /home/vscode/.local/lib/python3.10/site-packages/airflow/example_dags/example_xcomargs.py
[2025-04-08T11:44:11.587+0000] {logging_mixin.py:150} INFO - [2025-04-08T11:44:11.587+0000] {dag.py:2742} INFO - Sync 2 DAGs
[2025-04-08T11:44:11.601+0000] {logging_mixin.py:150} INFO - [2025-04-08T11:44:11.601+0000] {dag.py:3504} INFO - Setting next_dagrun for example_xcom_args to None, run_after=None
[2025-04-08T11:44:11.603+0000] {logging_mixin.py:150} INFO - [2025-04-08T11:44:11.603+0000] {dag.py:3504} INFO - Setting next_dagrun for example_xcom_args_with_operators to None, run_after=None
[2025-04-08T11:44:11.618+0000] {processor.py:179} INFO - Processing /home/vscode/.local/lib/python3.10/site-packages/airflow/example_dags/example_xcomargs.py took 0.054 seconds
[2025-04-08T11:44:56.806+0000] {processor.py:157} INFO - Started process (PID=4069) to work on /home/vscode/.local/lib/python3.10/site-packages/airflow/example_dags/example_xcomargs.py
[2025-04-08T11:44:56.807+0000] {processor.py:826} INFO - Processing file /home/vscode/.local/lib/python3.10/site-packages/airflow/example_dags/example_xcomargs.py for tasks to queue
[2025-04-08T11:44:56.808+0000] {logging_mixin.py:150} INFO - [2025-04-08T11:44:56.807+0000] {dagbag.py:541} INFO - Filling up the DagBag from /home/vscode/.local/lib/python3.10/site-packages/airflow/example_dags/example_xcomargs.py
[2025-04-08T11:44:56.814+0000] {processor.py:836} INFO - DAG(s) dict_keys(['example_xcom_args_with_operators', 'example_xcom_args']) retrieved from /home/vscode/.local/lib/python3.10/site-packages/airflow/example_dags/example_xcomargs.py
[2025-04-08T11:44:56.830+0000] {logging_mixin.py:150} INFO - [2025-04-08T11:44:56.830+0000] {dag.py:2742} INFO - Sync 2 DAGs
[2025-04-08T11:44:56.844+0000] {logging_mixin.py:150} INFO - [2025-04-08T11:44:56.844+0000] {dag.py:3504} INFO - Setting next_dagrun for example_xcom_args to None, run_after=None
[2025-04-08T11:44:56.846+0000] {logging_mixin.py:150} INFO - [2025-04-08T11:44:56.846+0000] {dag.py:3504} INFO - Setting next_dagrun for example_xcom_args_with_operators to None, run_after=None
[2025-04-08T11:44:56.859+0000] {processor.py:179} INFO - Processing /home/vscode/.local/lib/python3.10/site-packages/airflow/example_dags/example_xcomargs.py took 0.055 seconds
[2025-04-08T11:45:36.872+0000] {processor.py:157} INFO - Started process (PID=4477) to work on /home/vscode/.local/lib/python3.10/site-packages/airflow/example_dags/example_xcomargs.py
[2025-04-08T11:45:36.872+0000] {processor.py:826} INFO - Processing file /home/vscode/.local/lib/python3.10/site-packages/airflow/example_dags/example_xcomargs.py for tasks to queue
[2025-04-08T11:45:36.873+0000] {logging_mixin.py:150} INFO - [2025-04-08T11:45:36.873+0000] {dagbag.py:541} INFO - Filling up the DagBag from /home/vscode/.local/lib/python3.10/site-packages/airflow/example_dags/example_xcomargs.py
[2025-04-08T11:45:36.879+0000] {processor.py:836} INFO - DAG(s) dict_keys(['example_xcom_args_with_operators', 'example_xcom_args']) retrieved from /home/vscode/.local/lib/python3.10/site-packages/airflow/example_dags/example_xcomargs.py
[2025-04-08T11:45:36.899+0000] {logging_mixin.py:150} INFO - [2025-04-08T11:45:36.898+0000] {dag.py:2742} INFO - Sync 2 DAGs
[2025-04-08T11:45:36.920+0000] {logging_mixin.py:150} INFO - [2025-04-08T11:45:36.919+0000] {dag.py:3504} INFO - Setting next_dagrun for example_xcom_args to None, run_after=None
[2025-04-08T11:45:36.923+0000] {logging_mixin.py:150} INFO - [2025-04-08T11:45:36.923+0000] {dag.py:3504} INFO - Setting next_dagrun for example_xcom_args_with_operators to None, run_after=None
[2025-04-08T11:45:36.956+0000] {processor.py:179} INFO - Processing /home/vscode/.local/lib/python3.10/site-packages/airflow/example_dags/example_xcomargs.py took 0.086 seconds
[2025-04-08T11:46:22.618+0000] {processor.py:157} INFO - Started process (PID=4784) to work on /home/vscode/.local/lib/python3.10/site-packages/airflow/example_dags/example_xcomargs.py
[2025-04-08T11:46:22.619+0000] {processor.py:826} INFO - Processing file /home/vscode/.local/lib/python3.10/site-packages/airflow/example_dags/example_xcomargs.py for tasks to queue
[2025-04-08T11:46:22.619+0000] {logging_mixin.py:150} INFO - [2025-04-08T11:46:22.619+0000] {dagbag.py:541} INFO - Filling up the DagBag from /home/vscode/.local/lib/python3.10/site-packages/airflow/example_dags/example_xcomargs.py
[2025-04-08T11:46:22.625+0000] {processor.py:836} INFO - DAG(s) dict_keys(['example_xcom_args', 'example_xcom_args_with_operators']) retrieved from /home/vscode/.local/lib/python3.10/site-packages/airflow/example_dags/example_xcomargs.py
[2025-04-08T11:46:22.640+0000] {logging_mixin.py:150} INFO - [2025-04-08T11:46:22.639+0000] {dag.py:2742} INFO - Sync 2 DAGs
[2025-04-08T11:46:22.654+0000] {logging_mixin.py:150} INFO - [2025-04-08T11:46:22.653+0000] {dag.py:3504} INFO - Setting next_dagrun for example_xcom_args to None, run_after=None
[2025-04-08T11:46:22.656+0000] {logging_mixin.py:150} INFO - [2025-04-08T11:46:22.655+0000] {dag.py:3504} INFO - Setting next_dagrun for example_xcom_args_with_operators to None, run_after=None
[2025-04-08T11:46:22.669+0000] {processor.py:179} INFO - Processing /home/vscode/.local/lib/python3.10/site-packages/airflow/example_dags/example_xcomargs.py took 0.053 seconds
[2025-04-08T11:46:54.803+0000] {processor.py:157} INFO - Started process (PID=4994) to work on /home/vscode/.local/lib/python3.10/site-packages/airflow/example_dags/example_xcomargs.py
[2025-04-08T11:46:54.803+0000] {processor.py:826} INFO - Processing file /home/vscode/.local/lib/python3.10/site-packages/airflow/example_dags/example_xcomargs.py for tasks to queue
[2025-04-08T11:46:54.804+0000] {logging_mixin.py:150} INFO - [2025-04-08T11:46:54.804+0000] {dagbag.py:541} INFO - Filling up the DagBag from /home/vscode/.local/lib/python3.10/site-packages/airflow/example_dags/example_xcomargs.py
[2025-04-08T11:46:54.810+0000] {processor.py:836} INFO - DAG(s) dict_keys(['example_xcom_args_with_operators', 'example_xcom_args']) retrieved from /home/vscode/.local/lib/python3.10/site-packages/airflow/example_dags/example_xcomargs.py
[2025-04-08T11:46:54.823+0000] {logging_mixin.py:150} INFO - [2025-04-08T11:46:54.823+0000] {dag.py:2742} INFO - Sync 2 DAGs
[2025-04-08T11:46:54.837+0000] {logging_mixin.py:150} INFO - [2025-04-08T11:46:54.837+0000] {dag.py:3504} INFO - Setting next_dagrun for example_xcom_args to None, run_after=None
[2025-04-08T11:46:54.839+0000] {logging_mixin.py:150} INFO - [2025-04-08T11:46:54.839+0000] {dag.py:3504} INFO - Setting next_dagrun for example_xcom_args_with_operators to None, run_after=None
[2025-04-08T11:46:54.852+0000] {processor.py:179} INFO - Processing /home/vscode/.local/lib/python3.10/site-packages/airflow/example_dags/example_xcomargs.py took 0.052 seconds
[2025-04-08T11:47:40.297+0000] {processor.py:157} INFO - Started process (PID=5300) to work on /home/vscode/.local/lib/python3.10/site-packages/airflow/example_dags/example_xcomargs.py
[2025-04-08T11:47:40.298+0000] {processor.py:826} INFO - Processing file /home/vscode/.local/lib/python3.10/site-packages/airflow/example_dags/example_xcomargs.py for tasks to queue
[2025-04-08T11:47:40.299+0000] {logging_mixin.py:150} INFO - [2025-04-08T11:47:40.298+0000] {dagbag.py:541} INFO - Filling up the DagBag from /home/vscode/.local/lib/python3.10/site-packages/airflow/example_dags/example_xcomargs.py
[2025-04-08T11:47:40.306+0000] {processor.py:836} INFO - DAG(s) dict_keys(['example_xcom_args_with_operators', 'example_xcom_args']) retrieved from /home/vscode/.local/lib/python3.10/site-packages/airflow/example_dags/example_xcomargs.py
[2025-04-08T11:47:40.320+0000] {logging_mixin.py:150} INFO - [2025-04-08T11:47:40.320+0000] {dag.py:2742} INFO - Sync 2 DAGs
[2025-04-08T11:47:40.334+0000] {logging_mixin.py:150} INFO - [2025-04-08T11:47:40.334+0000] {dag.py:3504} INFO - Setting next_dagrun for example_xcom_args to None, run_after=None
[2025-04-08T11:47:40.336+0000] {logging_mixin.py:150} INFO - [2025-04-08T11:47:40.336+0000] {dag.py:3504} INFO - Setting next_dagrun for example_xcom_args_with_operators to None, run_after=None
[2025-04-08T11:47:40.349+0000] {processor.py:179} INFO - Processing /home/vscode/.local/lib/python3.10/site-packages/airflow/example_dags/example_xcomargs.py took 0.055 seconds
[2025-04-08T11:48:24.236+0000] {processor.py:157} INFO - Started process (PID=5605) to work on /home/vscode/.local/lib/python3.10/site-packages/airflow/example_dags/example_xcomargs.py
[2025-04-08T11:48:24.237+0000] {processor.py:826} INFO - Processing file /home/vscode/.local/lib/python3.10/site-packages/airflow/example_dags/example_xcomargs.py for tasks to queue
[2025-04-08T11:48:24.237+0000] {logging_mixin.py:150} INFO - [2025-04-08T11:48:24.237+0000] {dagbag.py:541} INFO - Filling up the DagBag from /home/vscode/.local/lib/python3.10/site-packages/airflow/example_dags/example_xcomargs.py
[2025-04-08T11:48:24.244+0000] {processor.py:836} INFO - DAG(s) dict_keys(['example_xcom_args', 'example_xcom_args_with_operators']) retrieved from /home/vscode/.local/lib/python3.10/site-packages/airflow/example_dags/example_xcomargs.py
[2025-04-08T11:48:24.259+0000] {logging_mixin.py:150} INFO - [2025-04-08T11:48:24.259+0000] {dag.py:2742} INFO - Sync 2 DAGs
[2025-04-08T11:48:24.273+0000] {logging_mixin.py:150} INFO - [2025-04-08T11:48:24.273+0000] {dag.py:3504} INFO - Setting next_dagrun for example_xcom_args to None, run_after=None
[2025-04-08T11:48:24.276+0000] {logging_mixin.py:150} INFO - [2025-04-08T11:48:24.275+0000] {dag.py:3504} INFO - Setting next_dagrun for example_xcom_args_with_operators to None, run_after=None
[2025-04-08T11:48:24.289+0000] {processor.py:179} INFO - Processing /home/vscode/.local/lib/python3.10/site-packages/airflow/example_dags/example_xcomargs.py took 0.055 seconds
[2025-04-08T11:49:06.917+0000] {processor.py:157} INFO - Started process (PID=6091) to work on /home/vscode/.local/lib/python3.10/site-packages/airflow/example_dags/example_xcomargs.py
[2025-04-08T11:49:06.918+0000] {processor.py:826} INFO - Processing file /home/vscode/.local/lib/python3.10/site-packages/airflow/example_dags/example_xcomargs.py for tasks to queue
[2025-04-08T11:49:06.919+0000] {logging_mixin.py:150} INFO - [2025-04-08T11:49:06.918+0000] {dagbag.py:541} INFO - Filling up the DagBag from /home/vscode/.local/lib/python3.10/site-packages/airflow/example_dags/example_xcomargs.py
[2025-04-08T11:49:06.925+0000] {processor.py:836} INFO - DAG(s) dict_keys(['example_xcom_args_with_operators', 'example_xcom_args']) retrieved from /home/vscode/.local/lib/python3.10/site-packages/airflow/example_dags/example_xcomargs.py
[2025-04-08T11:49:06.940+0000] {logging_mixin.py:150} INFO - [2025-04-08T11:49:06.940+0000] {dag.py:2742} INFO - Sync 2 DAGs
[2025-04-08T11:49:06.977+0000] {logging_mixin.py:150} INFO - [2025-04-08T11:49:06.977+0000] {dag.py:3504} INFO - Setting next_dagrun for example_xcom_args to None, run_after=None
[2025-04-08T11:49:06.980+0000] {logging_mixin.py:150} INFO - [2025-04-08T11:49:06.979+0000] {dag.py:3504} INFO - Setting next_dagrun for example_xcom_args_with_operators to None, run_after=None
[2025-04-08T11:49:06.993+0000] {processor.py:179} INFO - Processing /home/vscode/.local/lib/python3.10/site-packages/airflow/example_dags/example_xcomargs.py took 0.078 seconds
[2025-04-08T11:49:54.229+0000] {processor.py:157} INFO - Started process (PID=6670) to work on /home/vscode/.local/lib/python3.10/site-packages/airflow/example_dags/example_xcomargs.py
[2025-04-08T11:49:54.229+0000] {processor.py:826} INFO - Processing file /home/vscode/.local/lib/python3.10/site-packages/airflow/example_dags/example_xcomargs.py for tasks to queue
[2025-04-08T11:49:54.230+0000] {logging_mixin.py:150} INFO - [2025-04-08T11:49:54.230+0000] {dagbag.py:541} INFO - Filling up the DagBag from /home/vscode/.local/lib/python3.10/site-packages/airflow/example_dags/example_xcomargs.py
[2025-04-08T11:49:54.236+0000] {processor.py:836} INFO - DAG(s) dict_keys(['example_xcom_args_with_operators', 'example_xcom_args']) retrieved from /home/vscode/.local/lib/python3.10/site-packages/airflow/example_dags/example_xcomargs.py
[2025-04-08T11:49:54.250+0000] {logging_mixin.py:150} INFO - [2025-04-08T11:49:54.250+0000] {dag.py:2742} INFO - Sync 2 DAGs
[2025-04-08T11:49:54.266+0000] {logging_mixin.py:150} INFO - [2025-04-08T11:49:54.266+0000] {dag.py:3504} INFO - Setting next_dagrun for example_xcom_args to None, run_after=None
[2025-04-08T11:49:54.268+0000] {logging_mixin.py:150} INFO - [2025-04-08T11:49:54.268+0000] {dag.py:3504} INFO - Setting next_dagrun for example_xcom_args_with_operators to None, run_after=None
[2025-04-08T11:49:54.282+0000] {processor.py:179} INFO - Processing /home/vscode/.local/lib/python3.10/site-packages/airflow/example_dags/example_xcomargs.py took 0.056 seconds
[2025-04-08T11:50:38.407+0000] {processor.py:157} INFO - Started process (PID=6993) to work on /home/vscode/.local/lib/python3.10/site-packages/airflow/example_dags/example_xcomargs.py
[2025-04-08T11:50:38.408+0000] {processor.py:826} INFO - Processing file /home/vscode/.local/lib/python3.10/site-packages/airflow/example_dags/example_xcomargs.py for tasks to queue
[2025-04-08T11:50:38.409+0000] {logging_mixin.py:150} INFO - [2025-04-08T11:50:38.408+0000] {dagbag.py:541} INFO - Filling up the DagBag from /home/vscode/.local/lib/python3.10/site-packages/airflow/example_dags/example_xcomargs.py
[2025-04-08T11:50:38.415+0000] {processor.py:836} INFO - DAG(s) dict_keys(['example_xcom_args', 'example_xcom_args_with_operators']) retrieved from /home/vscode/.local/lib/python3.10/site-packages/airflow/example_dags/example_xcomargs.py
[2025-04-08T11:50:38.429+0000] {logging_mixin.py:150} INFO - [2025-04-08T11:50:38.429+0000] {dag.py:2742} INFO - Sync 2 DAGs
[2025-04-08T11:50:38.443+0000] {logging_mixin.py:150} INFO - [2025-04-08T11:50:38.442+0000] {dag.py:3504} INFO - Setting next_dagrun for example_xcom_args to None, run_after=None
[2025-04-08T11:50:38.446+0000] {logging_mixin.py:150} INFO - [2025-04-08T11:50:38.446+0000] {dag.py:3504} INFO - Setting next_dagrun for example_xcom_args_with_operators to None, run_after=None
[2025-04-08T11:50:38.461+0000] {processor.py:179} INFO - Processing /home/vscode/.local/lib/python3.10/site-packages/airflow/example_dags/example_xcomargs.py took 0.055 seconds
