[2025-04-08T11:42:05.757+0000] {processor.py:157} INFO - Started process (PID=2813) to work on /home/vscode/.local/lib/python3.10/site-packages/airflow/example_dags/example_time_delta_sensor_async.py
[2025-04-08T11:42:05.758+0000] {processor.py:826} INFO - Processing file /home/vscode/.local/lib/python3.10/site-packages/airflow/example_dags/example_time_delta_sensor_async.py for tasks to queue
[2025-04-08T11:42:05.758+0000] {logging_mixin.py:150} INFO - [2025-04-08T11:42:05.758+0000] {dagbag.py:541} INFO - Filling up the DagBag from /home/vscode/.local/lib/python3.10/site-packages/airflow/example_dags/example_time_delta_sensor_async.py
[2025-04-08T11:42:05.763+0000] {processor.py:836} INFO - DAG(s) dict_keys(['example_time_delta_sensor_async']) retrieved from /home/vscode/.local/lib/python3.10/site-packages/airflow/example_dags/example_time_delta_sensor_async.py
[2025-04-08T11:42:05.834+0000] {logging_mixin.py:150} INFO - [2025-04-08T11:42:05.834+0000] {manager.py:504} INFO - Created Permission View: can edit on DAG:example_time_delta_sensor_async
[2025-04-08T11:42:05.842+0000] {logging_mixin.py:150} INFO - [2025-04-08T11:42:05.842+0000] {manager.py:504} INFO - Created Permission View: can read on DAG:example_time_delta_sensor_async
[2025-04-08T11:42:05.848+0000] {logging_mixin.py:150} INFO - [2025-04-08T11:42:05.848+0000] {manager.py:504} INFO - Created Permission View: can delete on DAG:example_time_delta_sensor_async
[2025-04-08T11:42:05.856+0000] {logging_mixin.py:150} INFO - [2025-04-08T11:42:05.856+0000] {dag.py:2742} INFO - Sync 1 DAGs
[2025-04-08T11:42:05.864+0000] {logging_mixin.py:150} INFO - [2025-04-08T11:42:05.863+0000] {dag.py:2763} INFO - Creating ORM DAG for example_time_delta_sensor_async
[2025-04-08T11:42:05.870+0000] {logging_mixin.py:150} INFO - [2025-04-08T11:42:05.869+0000] {dag.py:3504} INFO - Setting next_dagrun for example_time_delta_sensor_async to None, run_after=None
[2025-04-08T11:42:05.886+0000] {processor.py:179} INFO - Processing /home/vscode/.local/lib/python3.10/site-packages/airflow/example_dags/example_time_delta_sensor_async.py took 0.131 seconds
[2025-04-08T11:42:51.656+0000] {processor.py:157} INFO - Started process (PID=3121) to work on /home/vscode/.local/lib/python3.10/site-packages/airflow/example_dags/example_time_delta_sensor_async.py
[2025-04-08T11:42:51.656+0000] {processor.py:826} INFO - Processing file /home/vscode/.local/lib/python3.10/site-packages/airflow/example_dags/example_time_delta_sensor_async.py for tasks to queue
[2025-04-08T11:42:51.657+0000] {logging_mixin.py:150} INFO - [2025-04-08T11:42:51.657+0000] {dagbag.py:541} INFO - Filling up the DagBag from /home/vscode/.local/lib/python3.10/site-packages/airflow/example_dags/example_time_delta_sensor_async.py
[2025-04-08T11:42:51.660+0000] {processor.py:836} INFO - DAG(s) dict_keys(['example_time_delta_sensor_async']) retrieved from /home/vscode/.local/lib/python3.10/site-packages/airflow/example_dags/example_time_delta_sensor_async.py
[2025-04-08T11:42:51.672+0000] {logging_mixin.py:150} INFO - [2025-04-08T11:42:51.672+0000] {dag.py:2742} INFO - Sync 1 DAGs
[2025-04-08T11:42:51.685+0000] {logging_mixin.py:150} INFO - [2025-04-08T11:42:51.685+0000] {dag.py:3504} INFO - Setting next_dagrun for example_time_delta_sensor_async to None, run_after=None
[2025-04-08T11:42:51.700+0000] {processor.py:179} INFO - Processing /home/vscode/.local/lib/python3.10/site-packages/airflow/example_dags/example_time_delta_sensor_async.py took 0.046 seconds
[2025-04-08T11:43:37.213+0000] {processor.py:157} INFO - Started process (PID=3420) to work on /home/vscode/.local/lib/python3.10/site-packages/airflow/example_dags/example_time_delta_sensor_async.py
[2025-04-08T11:43:37.213+0000] {processor.py:826} INFO - Processing file /home/vscode/.local/lib/python3.10/site-packages/airflow/example_dags/example_time_delta_sensor_async.py for tasks to queue
[2025-04-08T11:43:37.214+0000] {logging_mixin.py:150} INFO - [2025-04-08T11:43:37.214+0000] {dagbag.py:541} INFO - Filling up the DagBag from /home/vscode/.local/lib/python3.10/site-packages/airflow/example_dags/example_time_delta_sensor_async.py
[2025-04-08T11:43:37.219+0000] {processor.py:836} INFO - DAG(s) dict_keys(['example_time_delta_sensor_async']) retrieved from /home/vscode/.local/lib/python3.10/site-packages/airflow/example_dags/example_time_delta_sensor_async.py
[2025-04-08T11:43:37.232+0000] {logging_mixin.py:150} INFO - [2025-04-08T11:43:37.232+0000] {dag.py:2742} INFO - Sync 1 DAGs
[2025-04-08T11:43:37.249+0000] {logging_mixin.py:150} INFO - [2025-04-08T11:43:37.249+0000] {dag.py:3504} INFO - Setting next_dagrun for example_time_delta_sensor_async to None, run_after=None
[2025-04-08T11:43:37.269+0000] {processor.py:179} INFO - Processing /home/vscode/.local/lib/python3.10/site-packages/airflow/example_dags/example_time_delta_sensor_async.py took 0.059 seconds
[2025-04-08T11:44:22.984+0000] {processor.py:157} INFO - Started process (PID=3752) to work on /home/vscode/.local/lib/python3.10/site-packages/airflow/example_dags/example_time_delta_sensor_async.py
[2025-04-08T11:44:22.985+0000] {processor.py:826} INFO - Processing file /home/vscode/.local/lib/python3.10/site-packages/airflow/example_dags/example_time_delta_sensor_async.py for tasks to queue
[2025-04-08T11:44:22.986+0000] {logging_mixin.py:150} INFO - [2025-04-08T11:44:22.985+0000] {dagbag.py:541} INFO - Filling up the DagBag from /home/vscode/.local/lib/python3.10/site-packages/airflow/example_dags/example_time_delta_sensor_async.py
[2025-04-08T11:44:22.990+0000] {processor.py:836} INFO - DAG(s) dict_keys(['example_time_delta_sensor_async']) retrieved from /home/vscode/.local/lib/python3.10/site-packages/airflow/example_dags/example_time_delta_sensor_async.py
[2025-04-08T11:44:23.004+0000] {logging_mixin.py:150} INFO - [2025-04-08T11:44:23.003+0000] {dag.py:2742} INFO - Sync 1 DAGs
[2025-04-08T11:44:23.019+0000] {logging_mixin.py:150} INFO - [2025-04-08T11:44:23.019+0000] {dag.py:3504} INFO - Setting next_dagrun for example_time_delta_sensor_async to None, run_after=None
[2025-04-08T11:44:23.036+0000] {processor.py:179} INFO - Processing /home/vscode/.local/lib/python3.10/site-packages/airflow/example_dags/example_time_delta_sensor_async.py took 0.054 seconds
[2025-04-08T11:45:07.070+0000] {processor.py:157} INFO - Started process (PID=4149) to work on /home/vscode/.local/lib/python3.10/site-packages/airflow/example_dags/example_time_delta_sensor_async.py
[2025-04-08T11:45:07.070+0000] {processor.py:826} INFO - Processing file /home/vscode/.local/lib/python3.10/site-packages/airflow/example_dags/example_time_delta_sensor_async.py for tasks to queue
[2025-04-08T11:45:07.071+0000] {logging_mixin.py:150} INFO - [2025-04-08T11:45:07.071+0000] {dagbag.py:541} INFO - Filling up the DagBag from /home/vscode/.local/lib/python3.10/site-packages/airflow/example_dags/example_time_delta_sensor_async.py
[2025-04-08T11:45:07.075+0000] {processor.py:836} INFO - DAG(s) dict_keys(['example_time_delta_sensor_async']) retrieved from /home/vscode/.local/lib/python3.10/site-packages/airflow/example_dags/example_time_delta_sensor_async.py
[2025-04-08T11:45:07.087+0000] {logging_mixin.py:150} INFO - [2025-04-08T11:45:07.087+0000] {dag.py:2742} INFO - Sync 1 DAGs
[2025-04-08T11:45:07.101+0000] {logging_mixin.py:150} INFO - [2025-04-08T11:45:07.101+0000] {dag.py:3504} INFO - Setting next_dagrun for example_time_delta_sensor_async to None, run_after=None
[2025-04-08T11:45:07.122+0000] {processor.py:179} INFO - Processing /home/vscode/.local/lib/python3.10/site-packages/airflow/example_dags/example_time_delta_sensor_async.py took 0.054 seconds
[2025-04-08T11:45:51.167+0000] {processor.py:157} INFO - Started process (PID=4572) to work on /home/vscode/.local/lib/python3.10/site-packages/airflow/example_dags/example_time_delta_sensor_async.py
[2025-04-08T11:45:51.168+0000] {processor.py:826} INFO - Processing file /home/vscode/.local/lib/python3.10/site-packages/airflow/example_dags/example_time_delta_sensor_async.py for tasks to queue
[2025-04-08T11:45:51.168+0000] {logging_mixin.py:150} INFO - [2025-04-08T11:45:51.168+0000] {dagbag.py:541} INFO - Filling up the DagBag from /home/vscode/.local/lib/python3.10/site-packages/airflow/example_dags/example_time_delta_sensor_async.py
[2025-04-08T11:45:51.172+0000] {processor.py:836} INFO - DAG(s) dict_keys(['example_time_delta_sensor_async']) retrieved from /home/vscode/.local/lib/python3.10/site-packages/airflow/example_dags/example_time_delta_sensor_async.py
[2025-04-08T11:45:51.183+0000] {logging_mixin.py:150} INFO - [2025-04-08T11:45:51.183+0000] {dag.py:2742} INFO - Sync 1 DAGs
[2025-04-08T11:45:51.196+0000] {logging_mixin.py:150} INFO - [2025-04-08T11:45:51.196+0000] {dag.py:3504} INFO - Setting next_dagrun for example_time_delta_sensor_async to None, run_after=None
[2025-04-08T11:45:51.211+0000] {processor.py:179} INFO - Processing /home/vscode/.local/lib/python3.10/site-packages/airflow/example_dags/example_time_delta_sensor_async.py took 0.046 seconds
[2025-04-08T11:46:33.114+0000] {processor.py:157} INFO - Started process (PID=4854) to work on /home/vscode/.local/lib/python3.10/site-packages/airflow/example_dags/example_time_delta_sensor_async.py
[2025-04-08T11:46:33.115+0000] {processor.py:826} INFO - Processing file /home/vscode/.local/lib/python3.10/site-packages/airflow/example_dags/example_time_delta_sensor_async.py for tasks to queue
[2025-04-08T11:46:33.115+0000] {logging_mixin.py:150} INFO - [2025-04-08T11:46:33.115+0000] {dagbag.py:541} INFO - Filling up the DagBag from /home/vscode/.local/lib/python3.10/site-packages/airflow/example_dags/example_time_delta_sensor_async.py
[2025-04-08T11:46:33.119+0000] {processor.py:836} INFO - DAG(s) dict_keys(['example_time_delta_sensor_async']) retrieved from /home/vscode/.local/lib/python3.10/site-packages/airflow/example_dags/example_time_delta_sensor_async.py
[2025-04-08T11:46:33.131+0000] {logging_mixin.py:150} INFO - [2025-04-08T11:46:33.131+0000] {dag.py:2742} INFO - Sync 1 DAGs
[2025-04-08T11:46:33.145+0000] {logging_mixin.py:150} INFO - [2025-04-08T11:46:33.144+0000] {dag.py:3504} INFO - Setting next_dagrun for example_time_delta_sensor_async to None, run_after=None
[2025-04-08T11:46:33.158+0000] {processor.py:179} INFO - Processing /home/vscode/.local/lib/python3.10/site-packages/airflow/example_dags/example_time_delta_sensor_async.py took 0.047 seconds
[2025-04-08T11:47:18.525+0000] {processor.py:157} INFO - Started process (PID=5148) to work on /home/vscode/.local/lib/python3.10/site-packages/airflow/example_dags/example_time_delta_sensor_async.py
[2025-04-08T11:47:18.526+0000] {processor.py:826} INFO - Processing file /home/vscode/.local/lib/python3.10/site-packages/airflow/example_dags/example_time_delta_sensor_async.py for tasks to queue
[2025-04-08T11:47:18.526+0000] {logging_mixin.py:150} INFO - [2025-04-08T11:47:18.526+0000] {dagbag.py:541} INFO - Filling up the DagBag from /home/vscode/.local/lib/python3.10/site-packages/airflow/example_dags/example_time_delta_sensor_async.py
[2025-04-08T11:47:18.530+0000] {processor.py:836} INFO - DAG(s) dict_keys(['example_time_delta_sensor_async']) retrieved from /home/vscode/.local/lib/python3.10/site-packages/airflow/example_dags/example_time_delta_sensor_async.py
[2025-04-08T11:47:18.542+0000] {logging_mixin.py:150} INFO - [2025-04-08T11:47:18.542+0000] {dag.py:2742} INFO - Sync 1 DAGs
[2025-04-08T11:47:18.555+0000] {logging_mixin.py:150} INFO - [2025-04-08T11:47:18.555+0000] {dag.py:3504} INFO - Setting next_dagrun for example_time_delta_sensor_async to None, run_after=None
[2025-04-08T11:47:18.572+0000] {processor.py:179} INFO - Processing /home/vscode/.local/lib/python3.10/site-packages/airflow/example_dags/example_time_delta_sensor_async.py took 0.049 seconds
[2025-04-08T11:48:04.861+0000] {processor.py:157} INFO - Started process (PID=5466) to work on /home/vscode/.local/lib/python3.10/site-packages/airflow/example_dags/example_time_delta_sensor_async.py
[2025-04-08T11:48:04.862+0000] {processor.py:826} INFO - Processing file /home/vscode/.local/lib/python3.10/site-packages/airflow/example_dags/example_time_delta_sensor_async.py for tasks to queue
[2025-04-08T11:48:04.863+0000] {logging_mixin.py:150} INFO - [2025-04-08T11:48:04.862+0000] {dagbag.py:541} INFO - Filling up the DagBag from /home/vscode/.local/lib/python3.10/site-packages/airflow/example_dags/example_time_delta_sensor_async.py
[2025-04-08T11:48:04.866+0000] {processor.py:836} INFO - DAG(s) dict_keys(['example_time_delta_sensor_async']) retrieved from /home/vscode/.local/lib/python3.10/site-packages/airflow/example_dags/example_time_delta_sensor_async.py
[2025-04-08T11:48:04.879+0000] {logging_mixin.py:150} INFO - [2025-04-08T11:48:04.879+0000] {dag.py:2742} INFO - Sync 1 DAGs
[2025-04-08T11:48:04.894+0000] {logging_mixin.py:150} INFO - [2025-04-08T11:48:04.894+0000] {dag.py:3504} INFO - Setting next_dagrun for example_time_delta_sensor_async to None, run_after=None
[2025-04-08T11:48:04.910+0000] {processor.py:179} INFO - Processing /home/vscode/.local/lib/python3.10/site-packages/airflow/example_dags/example_time_delta_sensor_async.py took 0.051 seconds
[2025-04-08T11:48:48.631+0000] {processor.py:157} INFO - Started process (PID=5860) to work on /home/vscode/.local/lib/python3.10/site-packages/airflow/example_dags/example_time_delta_sensor_async.py
[2025-04-08T11:48:48.631+0000] {processor.py:826} INFO - Processing file /home/vscode/.local/lib/python3.10/site-packages/airflow/example_dags/example_time_delta_sensor_async.py for tasks to queue
[2025-04-08T11:48:48.632+0000] {logging_mixin.py:150} INFO - [2025-04-08T11:48:48.632+0000] {dagbag.py:541} INFO - Filling up the DagBag from /home/vscode/.local/lib/python3.10/site-packages/airflow/example_dags/example_time_delta_sensor_async.py
[2025-04-08T11:48:48.636+0000] {processor.py:836} INFO - DAG(s) dict_keys(['example_time_delta_sensor_async']) retrieved from /home/vscode/.local/lib/python3.10/site-packages/airflow/example_dags/example_time_delta_sensor_async.py
[2025-04-08T11:48:48.649+0000] {logging_mixin.py:150} INFO - [2025-04-08T11:48:48.648+0000] {dag.py:2742} INFO - Sync 1 DAGs
[2025-04-08T11:48:48.663+0000] {logging_mixin.py:150} INFO - [2025-04-08T11:48:48.663+0000] {dag.py:3504} INFO - Setting next_dagrun for example_time_delta_sensor_async to None, run_after=None
[2025-04-08T11:48:48.679+0000] {processor.py:179} INFO - Processing /home/vscode/.local/lib/python3.10/site-packages/airflow/example_dags/example_time_delta_sensor_async.py took 0.051 seconds
[2025-04-08T11:49:31.725+0000] {processor.py:157} INFO - Started process (PID=6361) to work on /home/vscode/.local/lib/python3.10/site-packages/airflow/example_dags/example_time_delta_sensor_async.py
[2025-04-08T11:49:31.726+0000] {processor.py:826} INFO - Processing file /home/vscode/.local/lib/python3.10/site-packages/airflow/example_dags/example_time_delta_sensor_async.py for tasks to queue
[2025-04-08T11:49:31.726+0000] {logging_mixin.py:150} INFO - [2025-04-08T11:49:31.726+0000] {dagbag.py:541} INFO - Filling up the DagBag from /home/vscode/.local/lib/python3.10/site-packages/airflow/example_dags/example_time_delta_sensor_async.py
[2025-04-08T11:49:31.730+0000] {processor.py:836} INFO - DAG(s) dict_keys(['example_time_delta_sensor_async']) retrieved from /home/vscode/.local/lib/python3.10/site-packages/airflow/example_dags/example_time_delta_sensor_async.py
[2025-04-08T11:49:31.742+0000] {logging_mixin.py:150} INFO - [2025-04-08T11:49:31.742+0000] {dag.py:2742} INFO - Sync 1 DAGs
[2025-04-08T11:49:31.755+0000] {logging_mixin.py:150} INFO - [2025-04-08T11:49:31.755+0000] {dag.py:3504} INFO - Setting next_dagrun for example_time_delta_sensor_async to None, run_after=None
[2025-04-08T11:49:31.770+0000] {processor.py:179} INFO - Processing /home/vscode/.local/lib/python3.10/site-packages/airflow/example_dags/example_time_delta_sensor_async.py took 0.047 seconds
[2025-04-08T11:50:18.142+0000] {processor.py:157} INFO - Started process (PID=6857) to work on /home/vscode/.local/lib/python3.10/site-packages/airflow/example_dags/example_time_delta_sensor_async.py
[2025-04-08T11:50:18.143+0000] {processor.py:826} INFO - Processing file /home/vscode/.local/lib/python3.10/site-packages/airflow/example_dags/example_time_delta_sensor_async.py for tasks to queue
[2025-04-08T11:50:18.143+0000] {logging_mixin.py:150} INFO - [2025-04-08T11:50:18.143+0000] {dagbag.py:541} INFO - Filling up the DagBag from /home/vscode/.local/lib/python3.10/site-packages/airflow/example_dags/example_time_delta_sensor_async.py
[2025-04-08T11:50:18.149+0000] {processor.py:836} INFO - DAG(s) dict_keys(['example_time_delta_sensor_async']) retrieved from /home/vscode/.local/lib/python3.10/site-packages/airflow/example_dags/example_time_delta_sensor_async.py
[2025-04-08T11:50:18.166+0000] {logging_mixin.py:150} INFO - [2025-04-08T11:50:18.166+0000] {dag.py:2742} INFO - Sync 1 DAGs
[2025-04-08T11:50:18.187+0000] {logging_mixin.py:150} INFO - [2025-04-08T11:50:18.187+0000] {dag.py:3504} INFO - Setting next_dagrun for example_time_delta_sensor_async to None, run_after=None
[2025-04-08T11:50:18.209+0000] {processor.py:179} INFO - Processing /home/vscode/.local/lib/python3.10/site-packages/airflow/example_dags/example_time_delta_sensor_async.py took 0.071 seconds
