[2025-04-08T11:41:58.075+0000] {processor.py:157} INFO - Started process (PID=2756) to work on /home/vscode/.local/lib/python3.10/site-packages/airflow/example_dags/example_short_circuit_operator.py
[2025-04-08T11:41:58.075+0000] {processor.py:826} INFO - Processing file /home/vscode/.local/lib/python3.10/site-packages/airflow/example_dags/example_short_circuit_operator.py for tasks to queue
[2025-04-08T11:41:58.076+0000] {logging_mixin.py:150} INFO - [2025-04-08T11:41:58.076+0000] {dagbag.py:541} INFO - Filling up the DagBag from /home/vscode/.local/lib/python3.10/site-packages/airflow/example_dags/example_short_circuit_operator.py
[2025-04-08T11:41:58.084+0000] {processor.py:836} INFO - DAG(s) dict_keys(['example_short_circuit_operator']) retrieved from /home/vscode/.local/lib/python3.10/site-packages/airflow/example_dags/example_short_circuit_operator.py
[2025-04-08T11:41:58.173+0000] {logging_mixin.py:150} INFO - [2025-04-08T11:41:58.173+0000] {manager.py:504} INFO - Created Permission View: can edit on DAG:example_short_circuit_operator
[2025-04-08T11:41:58.181+0000] {logging_mixin.py:150} INFO - [2025-04-08T11:41:58.181+0000] {manager.py:504} INFO - Created Permission View: can read on DAG:example_short_circuit_operator
[2025-04-08T11:41:58.187+0000] {logging_mixin.py:150} INFO - [2025-04-08T11:41:58.187+0000] {manager.py:504} INFO - Created Permission View: can delete on DAG:example_short_circuit_operator
[2025-04-08T11:41:58.194+0000] {logging_mixin.py:150} INFO - [2025-04-08T11:41:58.194+0000] {dag.py:2742} INFO - Sync 1 DAGs
[2025-04-08T11:41:58.202+0000] {logging_mixin.py:150} INFO - [2025-04-08T11:41:58.202+0000] {dag.py:2763} INFO - Creating ORM DAG for example_short_circuit_operator
[2025-04-08T11:41:58.208+0000] {logging_mixin.py:150} INFO - [2025-04-08T11:41:58.208+0000] {dag.py:3504} INFO - Setting next_dagrun for example_short_circuit_operator to 2025-04-07T11:41:58.208191+00:00, run_after=2025-04-08T11:41:58.208191+00:00
[2025-04-08T11:41:58.222+0000] {processor.py:179} INFO - Processing /home/vscode/.local/lib/python3.10/site-packages/airflow/example_dags/example_short_circuit_operator.py took 0.150 seconds
[2025-04-08T11:42:45.654+0000] {processor.py:157} INFO - Started process (PID=3078) to work on /home/vscode/.local/lib/python3.10/site-packages/airflow/example_dags/example_short_circuit_operator.py
[2025-04-08T11:42:45.654+0000] {processor.py:826} INFO - Processing file /home/vscode/.local/lib/python3.10/site-packages/airflow/example_dags/example_short_circuit_operator.py for tasks to queue
[2025-04-08T11:42:45.655+0000] {logging_mixin.py:150} INFO - [2025-04-08T11:42:45.655+0000] {dagbag.py:541} INFO - Filling up the DagBag from /home/vscode/.local/lib/python3.10/site-packages/airflow/example_dags/example_short_circuit_operator.py
[2025-04-08T11:42:45.661+0000] {processor.py:836} INFO - DAG(s) dict_keys(['example_short_circuit_operator']) retrieved from /home/vscode/.local/lib/python3.10/site-packages/airflow/example_dags/example_short_circuit_operator.py
[2025-04-08T11:42:45.674+0000] {logging_mixin.py:150} INFO - [2025-04-08T11:42:45.674+0000] {dag.py:2742} INFO - Sync 1 DAGs
[2025-04-08T11:42:45.688+0000] {logging_mixin.py:150} INFO - [2025-04-08T11:42:45.687+0000] {dag.py:3504} INFO - Setting next_dagrun for example_short_circuit_operator to 2025-04-07T11:42:45.687811+00:00, run_after=2025-04-08T11:42:45.687811+00:00
[2025-04-08T11:42:45.702+0000] {processor.py:179} INFO - Processing /home/vscode/.local/lib/python3.10/site-packages/airflow/example_dags/example_short_circuit_operator.py took 0.051 seconds
[2025-04-08T11:43:30.451+0000] {processor.py:157} INFO - Started process (PID=3377) to work on /home/vscode/.local/lib/python3.10/site-packages/airflow/example_dags/example_short_circuit_operator.py
[2025-04-08T11:43:30.452+0000] {processor.py:826} INFO - Processing file /home/vscode/.local/lib/python3.10/site-packages/airflow/example_dags/example_short_circuit_operator.py for tasks to queue
[2025-04-08T11:43:30.452+0000] {logging_mixin.py:150} INFO - [2025-04-08T11:43:30.452+0000] {dagbag.py:541} INFO - Filling up the DagBag from /home/vscode/.local/lib/python3.10/site-packages/airflow/example_dags/example_short_circuit_operator.py
[2025-04-08T11:43:30.459+0000] {processor.py:836} INFO - DAG(s) dict_keys(['example_short_circuit_operator']) retrieved from /home/vscode/.local/lib/python3.10/site-packages/airflow/example_dags/example_short_circuit_operator.py
[2025-04-08T11:43:30.473+0000] {logging_mixin.py:150} INFO - [2025-04-08T11:43:30.472+0000] {dag.py:2742} INFO - Sync 1 DAGs
[2025-04-08T11:43:30.488+0000] {logging_mixin.py:150} INFO - [2025-04-08T11:43:30.488+0000] {dag.py:3504} INFO - Setting next_dagrun for example_short_circuit_operator to 2025-04-07T11:43:30.488466+00:00, run_after=2025-04-08T11:43:30.488466+00:00
[2025-04-08T11:43:30.503+0000] {processor.py:179} INFO - Processing /home/vscode/.local/lib/python3.10/site-packages/airflow/example_dags/example_short_circuit_operator.py took 0.054 seconds
[2025-04-08T11:44:16.703+0000] {processor.py:157} INFO - Started process (PID=3690) to work on /home/vscode/.local/lib/python3.10/site-packages/airflow/example_dags/example_short_circuit_operator.py
[2025-04-08T11:44:16.704+0000] {processor.py:826} INFO - Processing file /home/vscode/.local/lib/python3.10/site-packages/airflow/example_dags/example_short_circuit_operator.py for tasks to queue
[2025-04-08T11:44:16.705+0000] {logging_mixin.py:150} INFO - [2025-04-08T11:44:16.705+0000] {dagbag.py:541} INFO - Filling up the DagBag from /home/vscode/.local/lib/python3.10/site-packages/airflow/example_dags/example_short_circuit_operator.py
[2025-04-08T11:44:16.711+0000] {processor.py:836} INFO - DAG(s) dict_keys(['example_short_circuit_operator']) retrieved from /home/vscode/.local/lib/python3.10/site-packages/airflow/example_dags/example_short_circuit_operator.py
[2025-04-08T11:44:16.724+0000] {logging_mixin.py:150} INFO - [2025-04-08T11:44:16.723+0000] {dag.py:2742} INFO - Sync 1 DAGs
[2025-04-08T11:44:16.738+0000] {logging_mixin.py:150} INFO - [2025-04-08T11:44:16.737+0000] {dag.py:3504} INFO - Setting next_dagrun for example_short_circuit_operator to 2025-04-07T11:44:16.737701+00:00, run_after=2025-04-08T11:44:16.737701+00:00
[2025-04-08T11:44:16.753+0000] {processor.py:179} INFO - Processing /home/vscode/.local/lib/python3.10/site-packages/airflow/example_dags/example_short_circuit_operator.py took 0.052 seconds
[2025-04-08T11:45:00.795+0000] {processor.py:157} INFO - Started process (PID=4107) to work on /home/vscode/.local/lib/python3.10/site-packages/airflow/example_dags/example_short_circuit_operator.py
[2025-04-08T11:45:00.796+0000] {processor.py:826} INFO - Processing file /home/vscode/.local/lib/python3.10/site-packages/airflow/example_dags/example_short_circuit_operator.py for tasks to queue
[2025-04-08T11:45:00.797+0000] {logging_mixin.py:150} INFO - [2025-04-08T11:45:00.796+0000] {dagbag.py:541} INFO - Filling up the DagBag from /home/vscode/.local/lib/python3.10/site-packages/airflow/example_dags/example_short_circuit_operator.py
[2025-04-08T11:45:00.804+0000] {processor.py:836} INFO - DAG(s) dict_keys(['example_short_circuit_operator']) retrieved from /home/vscode/.local/lib/python3.10/site-packages/airflow/example_dags/example_short_circuit_operator.py
[2025-04-08T11:45:00.817+0000] {logging_mixin.py:150} INFO - [2025-04-08T11:45:00.817+0000] {dag.py:2742} INFO - Sync 1 DAGs
[2025-04-08T11:45:00.832+0000] {logging_mixin.py:150} INFO - [2025-04-08T11:45:00.831+0000] {dag.py:3504} INFO - Setting next_dagrun for example_short_circuit_operator to 2025-04-07T11:45:00.831712+00:00, run_after=2025-04-08T11:45:00.831712+00:00
[2025-04-08T11:45:00.846+0000] {processor.py:179} INFO - Processing /home/vscode/.local/lib/python3.10/site-packages/airflow/example_dags/example_short_circuit_operator.py took 0.053 seconds
[2025-04-08T11:45:42.010+0000] {processor.py:157} INFO - Started process (PID=4517) to work on /home/vscode/.local/lib/python3.10/site-packages/airflow/example_dags/example_short_circuit_operator.py
[2025-04-08T11:45:42.011+0000] {processor.py:826} INFO - Processing file /home/vscode/.local/lib/python3.10/site-packages/airflow/example_dags/example_short_circuit_operator.py for tasks to queue
[2025-04-08T11:45:42.011+0000] {logging_mixin.py:150} INFO - [2025-04-08T11:45:42.011+0000] {dagbag.py:541} INFO - Filling up the DagBag from /home/vscode/.local/lib/python3.10/site-packages/airflow/example_dags/example_short_circuit_operator.py
[2025-04-08T11:45:42.018+0000] {processor.py:836} INFO - DAG(s) dict_keys(['example_short_circuit_operator']) retrieved from /home/vscode/.local/lib/python3.10/site-packages/airflow/example_dags/example_short_circuit_operator.py
[2025-04-08T11:45:42.031+0000] {logging_mixin.py:150} INFO - [2025-04-08T11:45:42.031+0000] {dag.py:2742} INFO - Sync 1 DAGs
[2025-04-08T11:45:42.045+0000] {logging_mixin.py:150} INFO - [2025-04-08T11:45:42.045+0000] {dag.py:3504} INFO - Setting next_dagrun for example_short_circuit_operator to 2025-04-07T11:45:42.045132+00:00, run_after=2025-04-08T11:45:42.045132+00:00
[2025-04-08T11:45:42.059+0000] {processor.py:179} INFO - Processing /home/vscode/.local/lib/python3.10/site-packages/airflow/example_dags/example_short_circuit_operator.py took 0.052 seconds
[2025-04-08T11:46:27.371+0000] {processor.py:157} INFO - Started process (PID=4811) to work on /home/vscode/.local/lib/python3.10/site-packages/airflow/example_dags/example_short_circuit_operator.py
[2025-04-08T11:46:27.372+0000] {processor.py:826} INFO - Processing file /home/vscode/.local/lib/python3.10/site-packages/airflow/example_dags/example_short_circuit_operator.py for tasks to queue
[2025-04-08T11:46:27.373+0000] {logging_mixin.py:150} INFO - [2025-04-08T11:46:27.372+0000] {dagbag.py:541} INFO - Filling up the DagBag from /home/vscode/.local/lib/python3.10/site-packages/airflow/example_dags/example_short_circuit_operator.py
[2025-04-08T11:46:27.378+0000] {processor.py:836} INFO - DAG(s) dict_keys(['example_short_circuit_operator']) retrieved from /home/vscode/.local/lib/python3.10/site-packages/airflow/example_dags/example_short_circuit_operator.py
[2025-04-08T11:46:27.393+0000] {logging_mixin.py:150} INFO - [2025-04-08T11:46:27.392+0000] {dag.py:2742} INFO - Sync 1 DAGs
[2025-04-08T11:46:27.415+0000] {logging_mixin.py:150} INFO - [2025-04-08T11:46:27.415+0000] {dag.py:3504} INFO - Setting next_dagrun for example_short_circuit_operator to 2025-04-07T11:46:27.415069+00:00, run_after=2025-04-08T11:46:27.415069+00:00
[2025-04-08T11:46:27.442+0000] {processor.py:179} INFO - Processing /home/vscode/.local/lib/python3.10/site-packages/airflow/example_dags/example_short_circuit_operator.py took 0.073 seconds
[2025-04-08T11:47:11.029+0000] {processor.py:157} INFO - Started process (PID=5104) to work on /home/vscode/.local/lib/python3.10/site-packages/airflow/example_dags/example_short_circuit_operator.py
[2025-04-08T11:47:11.030+0000] {processor.py:826} INFO - Processing file /home/vscode/.local/lib/python3.10/site-packages/airflow/example_dags/example_short_circuit_operator.py for tasks to queue
[2025-04-08T11:47:11.030+0000] {logging_mixin.py:150} INFO - [2025-04-08T11:47:11.030+0000] {dagbag.py:541} INFO - Filling up the DagBag from /home/vscode/.local/lib/python3.10/site-packages/airflow/example_dags/example_short_circuit_operator.py
[2025-04-08T11:47:11.036+0000] {processor.py:836} INFO - DAG(s) dict_keys(['example_short_circuit_operator']) retrieved from /home/vscode/.local/lib/python3.10/site-packages/airflow/example_dags/example_short_circuit_operator.py
[2025-04-08T11:47:11.050+0000] {logging_mixin.py:150} INFO - [2025-04-08T11:47:11.050+0000] {dag.py:2742} INFO - Sync 1 DAGs
[2025-04-08T11:47:11.064+0000] {logging_mixin.py:150} INFO - [2025-04-08T11:47:11.063+0000] {dag.py:3504} INFO - Setting next_dagrun for example_short_circuit_operator to 2025-04-07T11:47:11.063726+00:00, run_after=2025-04-08T11:47:11.063726+00:00
[2025-04-08T11:47:11.079+0000] {processor.py:179} INFO - Processing /home/vscode/.local/lib/python3.10/site-packages/airflow/example_dags/example_short_circuit_operator.py took 0.052 seconds
[2025-04-08T11:47:58.665+0000] {processor.py:157} INFO - Started process (PID=5422) to work on /home/vscode/.local/lib/python3.10/site-packages/airflow/example_dags/example_short_circuit_operator.py
[2025-04-08T11:47:58.666+0000] {processor.py:826} INFO - Processing file /home/vscode/.local/lib/python3.10/site-packages/airflow/example_dags/example_short_circuit_operator.py for tasks to queue
[2025-04-08T11:47:58.667+0000] {logging_mixin.py:150} INFO - [2025-04-08T11:47:58.666+0000] {dagbag.py:541} INFO - Filling up the DagBag from /home/vscode/.local/lib/python3.10/site-packages/airflow/example_dags/example_short_circuit_operator.py
[2025-04-08T11:47:58.673+0000] {processor.py:836} INFO - DAG(s) dict_keys(['example_short_circuit_operator']) retrieved from /home/vscode/.local/lib/python3.10/site-packages/airflow/example_dags/example_short_circuit_operator.py
[2025-04-08T11:47:58.686+0000] {logging_mixin.py:150} INFO - [2025-04-08T11:47:58.686+0000] {dag.py:2742} INFO - Sync 1 DAGs
[2025-04-08T11:47:58.700+0000] {logging_mixin.py:150} INFO - [2025-04-08T11:47:58.700+0000] {dag.py:3504} INFO - Setting next_dagrun for example_short_circuit_operator to 2025-04-07T11:47:58.700049+00:00, run_after=2025-04-08T11:47:58.700049+00:00
[2025-04-08T11:47:58.715+0000] {processor.py:179} INFO - Processing /home/vscode/.local/lib/python3.10/site-packages/airflow/example_dags/example_short_circuit_operator.py took 0.052 seconds
[2025-04-08T11:48:41.253+0000] {processor.py:157} INFO - Started process (PID=5756) to work on /home/vscode/.local/lib/python3.10/site-packages/airflow/example_dags/example_short_circuit_operator.py
[2025-04-08T11:48:41.254+0000] {processor.py:826} INFO - Processing file /home/vscode/.local/lib/python3.10/site-packages/airflow/example_dags/example_short_circuit_operator.py for tasks to queue
[2025-04-08T11:48:41.254+0000] {logging_mixin.py:150} INFO - [2025-04-08T11:48:41.254+0000] {dagbag.py:541} INFO - Filling up the DagBag from /home/vscode/.local/lib/python3.10/site-packages/airflow/example_dags/example_short_circuit_operator.py
[2025-04-08T11:48:41.261+0000] {processor.py:836} INFO - DAG(s) dict_keys(['example_short_circuit_operator']) retrieved from /home/vscode/.local/lib/python3.10/site-packages/airflow/example_dags/example_short_circuit_operator.py
[2025-04-08T11:48:41.275+0000] {logging_mixin.py:150} INFO - [2025-04-08T11:48:41.275+0000] {dag.py:2742} INFO - Sync 1 DAGs
[2025-04-08T11:48:41.290+0000] {logging_mixin.py:150} INFO - [2025-04-08T11:48:41.289+0000] {dag.py:3504} INFO - Setting next_dagrun for example_short_circuit_operator to 2025-04-07T11:48:41.289794+00:00, run_after=2025-04-08T11:48:41.289794+00:00
[2025-04-08T11:48:41.306+0000] {processor.py:179} INFO - Processing /home/vscode/.local/lib/python3.10/site-packages/airflow/example_dags/example_short_circuit_operator.py took 0.055 seconds
[2025-04-08T11:49:24.614+0000] {processor.py:157} INFO - Started process (PID=6265) to work on /home/vscode/.local/lib/python3.10/site-packages/airflow/example_dags/example_short_circuit_operator.py
[2025-04-08T11:49:24.615+0000] {processor.py:826} INFO - Processing file /home/vscode/.local/lib/python3.10/site-packages/airflow/example_dags/example_short_circuit_operator.py for tasks to queue
[2025-04-08T11:49:24.615+0000] {logging_mixin.py:150} INFO - [2025-04-08T11:49:24.615+0000] {dagbag.py:541} INFO - Filling up the DagBag from /home/vscode/.local/lib/python3.10/site-packages/airflow/example_dags/example_short_circuit_operator.py
[2025-04-08T11:49:24.621+0000] {processor.py:836} INFO - DAG(s) dict_keys(['example_short_circuit_operator']) retrieved from /home/vscode/.local/lib/python3.10/site-packages/airflow/example_dags/example_short_circuit_operator.py
[2025-04-08T11:49:24.634+0000] {logging_mixin.py:150} INFO - [2025-04-08T11:49:24.634+0000] {dag.py:2742} INFO - Sync 1 DAGs
[2025-04-08T11:49:24.648+0000] {logging_mixin.py:150} INFO - [2025-04-08T11:49:24.648+0000] {dag.py:3504} INFO - Setting next_dagrun for example_short_circuit_operator to 2025-04-07T11:49:24.648067+00:00, run_after=2025-04-08T11:49:24.648067+00:00
[2025-04-08T11:49:24.663+0000] {processor.py:179} INFO - Processing /home/vscode/.local/lib/python3.10/site-packages/airflow/example_dags/example_short_circuit_operator.py took 0.051 seconds
[2025-04-08T11:50:11.875+0000] {processor.py:157} INFO - Started process (PID=6820) to work on /home/vscode/.local/lib/python3.10/site-packages/airflow/example_dags/example_short_circuit_operator.py
[2025-04-08T11:50:11.876+0000] {processor.py:826} INFO - Processing file /home/vscode/.local/lib/python3.10/site-packages/airflow/example_dags/example_short_circuit_operator.py for tasks to queue
[2025-04-08T11:50:11.877+0000] {logging_mixin.py:150} INFO - [2025-04-08T11:50:11.876+0000] {dagbag.py:541} INFO - Filling up the DagBag from /home/vscode/.local/lib/python3.10/site-packages/airflow/example_dags/example_short_circuit_operator.py
[2025-04-08T11:50:11.883+0000] {processor.py:836} INFO - DAG(s) dict_keys(['example_short_circuit_operator']) retrieved from /home/vscode/.local/lib/python3.10/site-packages/airflow/example_dags/example_short_circuit_operator.py
[2025-04-08T11:50:11.896+0000] {logging_mixin.py:150} INFO - [2025-04-08T11:50:11.896+0000] {dag.py:2742} INFO - Sync 1 DAGs
[2025-04-08T11:50:11.912+0000] {logging_mixin.py:150} INFO - [2025-04-08T11:50:11.912+0000] {dag.py:3504} INFO - Setting next_dagrun for example_short_circuit_operator to 2025-04-07T11:50:11.912391+00:00, run_after=2025-04-08T11:50:11.912391+00:00
[2025-04-08T11:50:11.932+0000] {processor.py:179} INFO - Processing /home/vscode/.local/lib/python3.10/site-packages/airflow/example_dags/example_short_circuit_operator.py took 0.059 seconds
[2025-04-08T11:50:55.862+0000] {processor.py:157} INFO - Started process (PID=7171) to work on /home/vscode/.local/lib/python3.10/site-packages/airflow/example_dags/example_short_circuit_operator.py
[2025-04-08T11:50:55.862+0000] {processor.py:826} INFO - Processing file /home/vscode/.local/lib/python3.10/site-packages/airflow/example_dags/example_short_circuit_operator.py for tasks to queue
[2025-04-08T11:50:55.863+0000] {logging_mixin.py:150} INFO - [2025-04-08T11:50:55.863+0000] {dagbag.py:541} INFO - Filling up the DagBag from /home/vscode/.local/lib/python3.10/site-packages/airflow/example_dags/example_short_circuit_operator.py
[2025-04-08T11:50:55.869+0000] {processor.py:836} INFO - DAG(s) dict_keys(['example_short_circuit_operator']) retrieved from /home/vscode/.local/lib/python3.10/site-packages/airflow/example_dags/example_short_circuit_operator.py
[2025-04-08T11:50:55.883+0000] {logging_mixin.py:150} INFO - [2025-04-08T11:50:55.883+0000] {dag.py:2742} INFO - Sync 1 DAGs
[2025-04-08T11:50:55.897+0000] {logging_mixin.py:150} INFO - [2025-04-08T11:50:55.897+0000] {dag.py:3504} INFO - Setting next_dagrun for example_short_circuit_operator to 2025-04-07T11:50:55.897077+00:00, run_after=2025-04-08T11:50:55.897077+00:00
[2025-04-08T11:50:55.912+0000] {processor.py:179} INFO - Processing /home/vscode/.local/lib/python3.10/site-packages/airflow/example_dags/example_short_circuit_operator.py took 0.052 seconds
