[2025-04-08T11:42:32.852+0000] {processor.py:157} INFO - Started process (PID=2998) to work on /home/vscode/.local/lib/python3.10/site-packages/airflow/example_dags/example_branch_day_of_week_operator.py
[2025-04-08T11:42:32.853+0000] {processor.py:826} INFO - Processing file /home/vscode/.local/lib/python3.10/site-packages/airflow/example_dags/example_branch_day_of_week_operator.py for tasks to queue
[2025-04-08T11:42:32.853+0000] {logging_mixin.py:150} INFO - [2025-04-08T11:42:32.853+0000] {dagbag.py:541} INFO - Filling up the DagBag from /home/vscode/.local/lib/python3.10/site-packages/airflow/example_dags/example_branch_day_of_week_operator.py
[2025-04-08T11:42:32.859+0000] {processor.py:836} INFO - DAG(s) dict_keys(['example_weekday_branch_operator']) retrieved from /home/vscode/.local/lib/python3.10/site-packages/airflow/example_dags/example_branch_day_of_week_operator.py
[2025-04-08T11:42:32.927+0000] {logging_mixin.py:150} INFO - [2025-04-08T11:42:32.927+0000] {manager.py:504} INFO - Created Permission View: can edit on DAG:example_weekday_branch_operator
[2025-04-08T11:42:32.935+0000] {logging_mixin.py:150} INFO - [2025-04-08T11:42:32.935+0000] {manager.py:504} INFO - Created Permission View: can read on DAG:example_weekday_branch_operator
[2025-04-08T11:42:32.941+0000] {logging_mixin.py:150} INFO - [2025-04-08T11:42:32.941+0000] {manager.py:504} INFO - Created Permission View: can delete on DAG:example_weekday_branch_operator
[2025-04-08T11:42:32.949+0000] {logging_mixin.py:150} INFO - [2025-04-08T11:42:32.949+0000] {dag.py:2742} INFO - Sync 1 DAGs
[2025-04-08T11:42:32.955+0000] {logging_mixin.py:150} INFO - [2025-04-08T11:42:32.955+0000] {dag.py:2763} INFO - Creating ORM DAG for example_weekday_branch_operator
[2025-04-08T11:42:32.962+0000] {logging_mixin.py:150} INFO - [2025-04-08T11:42:32.962+0000] {dag.py:3504} INFO - Setting next_dagrun for example_weekday_branch_operator to 2025-04-07T00:00:00+00:00, run_after=2025-04-08T00:00:00+00:00
[2025-04-08T11:42:32.977+0000] {processor.py:179} INFO - Processing /home/vscode/.local/lib/python3.10/site-packages/airflow/example_dags/example_branch_day_of_week_operator.py took 0.127 seconds
[2025-04-08T11:43:19.042+0000] {processor.py:157} INFO - Started process (PID=3295) to work on /home/vscode/.local/lib/python3.10/site-packages/airflow/example_dags/example_branch_day_of_week_operator.py
[2025-04-08T11:43:19.043+0000] {processor.py:826} INFO - Processing file /home/vscode/.local/lib/python3.10/site-packages/airflow/example_dags/example_branch_day_of_week_operator.py for tasks to queue
[2025-04-08T11:43:19.043+0000] {logging_mixin.py:150} INFO - [2025-04-08T11:43:19.043+0000] {dagbag.py:541} INFO - Filling up the DagBag from /home/vscode/.local/lib/python3.10/site-packages/airflow/example_dags/example_branch_day_of_week_operator.py
[2025-04-08T11:43:19.049+0000] {processor.py:836} INFO - DAG(s) dict_keys(['example_weekday_branch_operator']) retrieved from /home/vscode/.local/lib/python3.10/site-packages/airflow/example_dags/example_branch_day_of_week_operator.py
[2025-04-08T11:43:19.062+0000] {logging_mixin.py:150} INFO - [2025-04-08T11:43:19.062+0000] {dag.py:2742} INFO - Sync 1 DAGs
[2025-04-08T11:43:19.081+0000] {logging_mixin.py:150} INFO - [2025-04-08T11:43:19.081+0000] {dag.py:3504} INFO - Setting next_dagrun for example_weekday_branch_operator to 2025-04-07T00:00:00+00:00, run_after=2025-04-08T00:00:00+00:00
[2025-04-08T11:43:19.097+0000] {processor.py:179} INFO - Processing /home/vscode/.local/lib/python3.10/site-packages/airflow/example_dags/example_branch_day_of_week_operator.py took 0.057 seconds
[2025-04-08T11:44:07.553+0000] {processor.py:157} INFO - Started process (PID=3619) to work on /home/vscode/.local/lib/python3.10/site-packages/airflow/example_dags/example_branch_day_of_week_operator.py
[2025-04-08T11:44:07.554+0000] {processor.py:826} INFO - Processing file /home/vscode/.local/lib/python3.10/site-packages/airflow/example_dags/example_branch_day_of_week_operator.py for tasks to queue
[2025-04-08T11:44:07.555+0000] {logging_mixin.py:150} INFO - [2025-04-08T11:44:07.554+0000] {dagbag.py:541} INFO - Filling up the DagBag from /home/vscode/.local/lib/python3.10/site-packages/airflow/example_dags/example_branch_day_of_week_operator.py
[2025-04-08T11:44:07.561+0000] {processor.py:836} INFO - DAG(s) dict_keys(['example_weekday_branch_operator']) retrieved from /home/vscode/.local/lib/python3.10/site-packages/airflow/example_dags/example_branch_day_of_week_operator.py
[2025-04-08T11:44:07.575+0000] {logging_mixin.py:150} INFO - [2025-04-08T11:44:07.575+0000] {dag.py:2742} INFO - Sync 1 DAGs
[2025-04-08T11:44:07.591+0000] {logging_mixin.py:150} INFO - [2025-04-08T11:44:07.591+0000] {dag.py:3504} INFO - Setting next_dagrun for example_weekday_branch_operator to 2025-04-07T00:00:00+00:00, run_after=2025-04-08T00:00:00+00:00
[2025-04-08T11:44:07.606+0000] {processor.py:179} INFO - Processing /home/vscode/.local/lib/python3.10/site-packages/airflow/example_dags/example_branch_day_of_week_operator.py took 0.056 seconds
[2025-04-08T11:44:51.655+0000] {processor.py:157} INFO - Started process (PID=4036) to work on /home/vscode/.local/lib/python3.10/site-packages/airflow/example_dags/example_branch_day_of_week_operator.py
[2025-04-08T11:44:51.655+0000] {processor.py:826} INFO - Processing file /home/vscode/.local/lib/python3.10/site-packages/airflow/example_dags/example_branch_day_of_week_operator.py for tasks to queue
[2025-04-08T11:44:51.656+0000] {logging_mixin.py:150} INFO - [2025-04-08T11:44:51.656+0000] {dagbag.py:541} INFO - Filling up the DagBag from /home/vscode/.local/lib/python3.10/site-packages/airflow/example_dags/example_branch_day_of_week_operator.py
[2025-04-08T11:44:51.661+0000] {processor.py:836} INFO - DAG(s) dict_keys(['example_weekday_branch_operator']) retrieved from /home/vscode/.local/lib/python3.10/site-packages/airflow/example_dags/example_branch_day_of_week_operator.py
[2025-04-08T11:44:51.674+0000] {logging_mixin.py:150} INFO - [2025-04-08T11:44:51.674+0000] {dag.py:2742} INFO - Sync 1 DAGs
[2025-04-08T11:44:51.688+0000] {logging_mixin.py:150} INFO - [2025-04-08T11:44:51.688+0000] {dag.py:3504} INFO - Setting next_dagrun for example_weekday_branch_operator to 2025-04-07T00:00:00+00:00, run_after=2025-04-08T00:00:00+00:00
[2025-04-08T11:44:51.704+0000] {processor.py:179} INFO - Processing /home/vscode/.local/lib/python3.10/site-packages/airflow/example_dags/example_branch_day_of_week_operator.py took 0.051 seconds
[2025-04-08T11:45:45.949+0000] {processor.py:157} INFO - Started process (PID=4538) to work on /home/vscode/.local/lib/python3.10/site-packages/airflow/example_dags/example_branch_day_of_week_operator.py
[2025-04-08T11:45:45.950+0000] {processor.py:826} INFO - Processing file /home/vscode/.local/lib/python3.10/site-packages/airflow/example_dags/example_branch_day_of_week_operator.py for tasks to queue
[2025-04-08T11:45:45.950+0000] {logging_mixin.py:150} INFO - [2025-04-08T11:45:45.950+0000] {dagbag.py:541} INFO - Filling up the DagBag from /home/vscode/.local/lib/python3.10/site-packages/airflow/example_dags/example_branch_day_of_week_operator.py
[2025-04-08T11:45:45.956+0000] {processor.py:836} INFO - DAG(s) dict_keys(['example_weekday_branch_operator']) retrieved from /home/vscode/.local/lib/python3.10/site-packages/airflow/example_dags/example_branch_day_of_week_operator.py
[2025-04-08T11:45:45.968+0000] {logging_mixin.py:150} INFO - [2025-04-08T11:45:45.968+0000] {dag.py:2742} INFO - Sync 1 DAGs
[2025-04-08T11:45:45.982+0000] {logging_mixin.py:150} INFO - [2025-04-08T11:45:45.982+0000] {dag.py:3504} INFO - Setting next_dagrun for example_weekday_branch_operator to 2025-04-07T00:00:00+00:00, run_after=2025-04-08T00:00:00+00:00
[2025-04-08T11:45:45.996+0000] {processor.py:179} INFO - Processing /home/vscode/.local/lib/python3.10/site-packages/airflow/example_dags/example_branch_day_of_week_operator.py took 0.049 seconds
[2025-04-08T11:46:34.255+0000] {processor.py:157} INFO - Started process (PID=4856) to work on /home/vscode/.local/lib/python3.10/site-packages/airflow/example_dags/example_branch_day_of_week_operator.py
[2025-04-08T11:46:34.256+0000] {processor.py:826} INFO - Processing file /home/vscode/.local/lib/python3.10/site-packages/airflow/example_dags/example_branch_day_of_week_operator.py for tasks to queue
[2025-04-08T11:46:34.256+0000] {logging_mixin.py:150} INFO - [2025-04-08T11:46:34.256+0000] {dagbag.py:541} INFO - Filling up the DagBag from /home/vscode/.local/lib/python3.10/site-packages/airflow/example_dags/example_branch_day_of_week_operator.py
[2025-04-08T11:46:34.262+0000] {processor.py:836} INFO - DAG(s) dict_keys(['example_weekday_branch_operator']) retrieved from /home/vscode/.local/lib/python3.10/site-packages/airflow/example_dags/example_branch_day_of_week_operator.py
[2025-04-08T11:46:34.275+0000] {logging_mixin.py:150} INFO - [2025-04-08T11:46:34.275+0000] {dag.py:2742} INFO - Sync 1 DAGs
[2025-04-08T11:46:34.290+0000] {logging_mixin.py:150} INFO - [2025-04-08T11:46:34.290+0000] {dag.py:3504} INFO - Setting next_dagrun for example_weekday_branch_operator to 2025-04-07T00:00:00+00:00, run_after=2025-04-08T00:00:00+00:00
[2025-04-08T11:46:34.304+0000] {processor.py:179} INFO - Processing /home/vscode/.local/lib/python3.10/site-packages/airflow/example_dags/example_branch_day_of_week_operator.py took 0.052 seconds
[2025-04-08T11:47:19.361+0000] {processor.py:157} INFO - Started process (PID=5162) to work on /home/vscode/.local/lib/python3.10/site-packages/airflow/example_dags/example_branch_day_of_week_operator.py
[2025-04-08T11:47:19.362+0000] {processor.py:826} INFO - Processing file /home/vscode/.local/lib/python3.10/site-packages/airflow/example_dags/example_branch_day_of_week_operator.py for tasks to queue
[2025-04-08T11:47:19.362+0000] {logging_mixin.py:150} INFO - [2025-04-08T11:47:19.362+0000] {dagbag.py:541} INFO - Filling up the DagBag from /home/vscode/.local/lib/python3.10/site-packages/airflow/example_dags/example_branch_day_of_week_operator.py
[2025-04-08T11:47:19.368+0000] {processor.py:836} INFO - DAG(s) dict_keys(['example_weekday_branch_operator']) retrieved from /home/vscode/.local/lib/python3.10/site-packages/airflow/example_dags/example_branch_day_of_week_operator.py
[2025-04-08T11:47:19.380+0000] {logging_mixin.py:150} INFO - [2025-04-08T11:47:19.380+0000] {dag.py:2742} INFO - Sync 1 DAGs
[2025-04-08T11:47:19.395+0000] {logging_mixin.py:150} INFO - [2025-04-08T11:47:19.394+0000] {dag.py:3504} INFO - Setting next_dagrun for example_weekday_branch_operator to 2025-04-07T00:00:00+00:00, run_after=2025-04-08T00:00:00+00:00
[2025-04-08T11:47:19.409+0000] {processor.py:179} INFO - Processing /home/vscode/.local/lib/python3.10/site-packages/airflow/example_dags/example_branch_day_of_week_operator.py took 0.050 seconds
[2025-04-08T11:48:05.539+0000] {processor.py:157} INFO - Started process (PID=5467) to work on /home/vscode/.local/lib/python3.10/site-packages/airflow/example_dags/example_branch_day_of_week_operator.py
[2025-04-08T11:48:05.539+0000] {processor.py:826} INFO - Processing file /home/vscode/.local/lib/python3.10/site-packages/airflow/example_dags/example_branch_day_of_week_operator.py for tasks to queue
[2025-04-08T11:48:05.540+0000] {logging_mixin.py:150} INFO - [2025-04-08T11:48:05.540+0000] {dagbag.py:541} INFO - Filling up the DagBag from /home/vscode/.local/lib/python3.10/site-packages/airflow/example_dags/example_branch_day_of_week_operator.py
[2025-04-08T11:48:05.546+0000] {processor.py:836} INFO - DAG(s) dict_keys(['example_weekday_branch_operator']) retrieved from /home/vscode/.local/lib/python3.10/site-packages/airflow/example_dags/example_branch_day_of_week_operator.py
[2025-04-08T11:48:05.559+0000] {logging_mixin.py:150} INFO - [2025-04-08T11:48:05.559+0000] {dag.py:2742} INFO - Sync 1 DAGs
[2025-04-08T11:48:05.575+0000] {logging_mixin.py:150} INFO - [2025-04-08T11:48:05.575+0000] {dag.py:3504} INFO - Setting next_dagrun for example_weekday_branch_operator to 2025-04-07T00:00:00+00:00, run_after=2025-04-08T00:00:00+00:00
[2025-04-08T11:48:05.591+0000] {processor.py:179} INFO - Processing /home/vscode/.local/lib/python3.10/site-packages/airflow/example_dags/example_branch_day_of_week_operator.py took 0.054 seconds
[2025-04-08T11:48:51.246+0000] {processor.py:157} INFO - Started process (PID=5933) to work on /home/vscode/.local/lib/python3.10/site-packages/airflow/example_dags/example_branch_day_of_week_operator.py
[2025-04-08T11:48:51.246+0000] {processor.py:826} INFO - Processing file /home/vscode/.local/lib/python3.10/site-packages/airflow/example_dags/example_branch_day_of_week_operator.py for tasks to queue
[2025-04-08T11:48:51.247+0000] {logging_mixin.py:150} INFO - [2025-04-08T11:48:51.247+0000] {dagbag.py:541} INFO - Filling up the DagBag from /home/vscode/.local/lib/python3.10/site-packages/airflow/example_dags/example_branch_day_of_week_operator.py
[2025-04-08T11:48:51.253+0000] {processor.py:836} INFO - DAG(s) dict_keys(['example_weekday_branch_operator']) retrieved from /home/vscode/.local/lib/python3.10/site-packages/airflow/example_dags/example_branch_day_of_week_operator.py
[2025-04-08T11:48:51.266+0000] {logging_mixin.py:150} INFO - [2025-04-08T11:48:51.266+0000] {dag.py:2742} INFO - Sync 1 DAGs
[2025-04-08T11:48:51.283+0000] {logging_mixin.py:150} INFO - [2025-04-08T11:48:51.283+0000] {dag.py:3504} INFO - Setting next_dagrun for example_weekday_branch_operator to 2025-04-07T00:00:00+00:00, run_after=2025-04-08T00:00:00+00:00
[2025-04-08T11:48:51.299+0000] {processor.py:179} INFO - Processing /home/vscode/.local/lib/python3.10/site-packages/airflow/example_dags/example_branch_day_of_week_operator.py took 0.056 seconds
[2025-04-08T11:49:49.176+0000] {processor.py:157} INFO - Started process (PID=6604) to work on /home/vscode/.local/lib/python3.10/site-packages/airflow/example_dags/example_branch_day_of_week_operator.py
[2025-04-08T11:49:49.176+0000] {processor.py:826} INFO - Processing file /home/vscode/.local/lib/python3.10/site-packages/airflow/example_dags/example_branch_day_of_week_operator.py for tasks to queue
[2025-04-08T11:49:49.177+0000] {logging_mixin.py:150} INFO - [2025-04-08T11:49:49.177+0000] {dagbag.py:541} INFO - Filling up the DagBag from /home/vscode/.local/lib/python3.10/site-packages/airflow/example_dags/example_branch_day_of_week_operator.py
[2025-04-08T11:49:49.182+0000] {processor.py:836} INFO - DAG(s) dict_keys(['example_weekday_branch_operator']) retrieved from /home/vscode/.local/lib/python3.10/site-packages/airflow/example_dags/example_branch_day_of_week_operator.py
[2025-04-08T11:49:49.195+0000] {logging_mixin.py:150} INFO - [2025-04-08T11:49:49.195+0000] {dag.py:2742} INFO - Sync 1 DAGs
[2025-04-08T11:49:49.209+0000] {logging_mixin.py:150} INFO - [2025-04-08T11:49:49.209+0000] {dag.py:3504} INFO - Setting next_dagrun for example_weekday_branch_operator to 2025-04-07T00:00:00+00:00, run_after=2025-04-08T00:00:00+00:00
[2025-04-08T11:49:49.225+0000] {processor.py:179} INFO - Processing /home/vscode/.local/lib/python3.10/site-packages/airflow/example_dags/example_branch_day_of_week_operator.py took 0.051 seconds
[2025-04-08T11:50:34.153+0000] {processor.py:157} INFO - Started process (PID=6968) to work on /home/vscode/.local/lib/python3.10/site-packages/airflow/example_dags/example_branch_day_of_week_operator.py
[2025-04-08T11:50:34.153+0000] {processor.py:826} INFO - Processing file /home/vscode/.local/lib/python3.10/site-packages/airflow/example_dags/example_branch_day_of_week_operator.py for tasks to queue
[2025-04-08T11:50:34.154+0000] {logging_mixin.py:150} INFO - [2025-04-08T11:50:34.154+0000] {dagbag.py:541} INFO - Filling up the DagBag from /home/vscode/.local/lib/python3.10/site-packages/airflow/example_dags/example_branch_day_of_week_operator.py
[2025-04-08T11:50:34.159+0000] {processor.py:836} INFO - DAG(s) dict_keys(['example_weekday_branch_operator']) retrieved from /home/vscode/.local/lib/python3.10/site-packages/airflow/example_dags/example_branch_day_of_week_operator.py
[2025-04-08T11:50:34.172+0000] {logging_mixin.py:150} INFO - [2025-04-08T11:50:34.172+0000] {dag.py:2742} INFO - Sync 1 DAGs
[2025-04-08T11:50:34.187+0000] {logging_mixin.py:150} INFO - [2025-04-08T11:50:34.187+0000] {dag.py:3504} INFO - Setting next_dagrun for example_weekday_branch_operator to 2025-04-07T00:00:00+00:00, run_after=2025-04-08T00:00:00+00:00
[2025-04-08T11:50:34.202+0000] {processor.py:179} INFO - Processing /home/vscode/.local/lib/python3.10/site-packages/airflow/example_dags/example_branch_day_of_week_operator.py took 0.051 seconds
