[2025-04-08T11:42:28.846+0000] {processor.py:157} INFO - Started process (PID=2966) to work on /home/vscode/.local/lib/python3.10/site-packages/airflow/example_dags/example_branch_datetime_operator.py
[2025-04-08T11:42:28.846+0000] {processor.py:826} INFO - Processing file /home/vscode/.local/lib/python3.10/site-packages/airflow/example_dags/example_branch_datetime_operator.py for tasks to queue
[2025-04-08T11:42:28.847+0000] {logging_mixin.py:150} INFO - [2025-04-08T11:42:28.847+0000] {dagbag.py:541} INFO - Filling up the DagBag from /home/vscode/.local/lib/python3.10/site-packages/airflow/example_dags/example_branch_datetime_operator.py
[2025-04-08T11:42:28.860+0000] {processor.py:836} INFO - DAG(s) dict_keys(['example_branch_datetime_operator', 'example_branch_datetime_operator_3', 'example_branch_datetime_operator_2']) retrieved from /home/vscode/.local/lib/python3.10/site-packages/airflow/example_dags/example_branch_datetime_operator.py
[2025-04-08T11:42:28.949+0000] {logging_mixin.py:150} INFO - [2025-04-08T11:42:28.949+0000] {manager.py:504} INFO - Created Permission View: can edit on DAG:example_branch_datetime_operator
[2025-04-08T11:42:28.957+0000] {logging_mixin.py:150} INFO - [2025-04-08T11:42:28.957+0000] {manager.py:504} INFO - Created Permission View: can read on DAG:example_branch_datetime_operator
[2025-04-08T11:42:28.962+0000] {logging_mixin.py:150} INFO - [2025-04-08T11:42:28.962+0000] {manager.py:504} INFO - Created Permission View: can delete on DAG:example_branch_datetime_operator
[2025-04-08T11:42:28.981+0000] {logging_mixin.py:150} INFO - [2025-04-08T11:42:28.980+0000] {manager.py:504} INFO - Created Permission View: can edit on DAG:example_branch_datetime_operator_3
[2025-04-08T11:42:28.986+0000] {logging_mixin.py:150} INFO - [2025-04-08T11:42:28.986+0000] {manager.py:504} INFO - Created Permission View: can read on DAG:example_branch_datetime_operator_3
[2025-04-08T11:42:28.991+0000] {logging_mixin.py:150} INFO - [2025-04-08T11:42:28.991+0000] {manager.py:504} INFO - Created Permission View: can delete on DAG:example_branch_datetime_operator_3
[2025-04-08T11:42:29.005+0000] {logging_mixin.py:150} INFO - [2025-04-08T11:42:29.005+0000] {manager.py:504} INFO - Created Permission View: can edit on DAG:example_branch_datetime_operator_2
[2025-04-08T11:42:29.011+0000] {logging_mixin.py:150} INFO - [2025-04-08T11:42:29.011+0000] {manager.py:504} INFO - Created Permission View: can read on DAG:example_branch_datetime_operator_2
[2025-04-08T11:42:29.016+0000] {logging_mixin.py:150} INFO - [2025-04-08T11:42:29.016+0000] {manager.py:504} INFO - Created Permission View: can delete on DAG:example_branch_datetime_operator_2
[2025-04-08T11:42:29.020+0000] {logging_mixin.py:150} INFO - [2025-04-08T11:42:29.020+0000] {dag.py:2742} INFO - Sync 3 DAGs
[2025-04-08T11:42:29.026+0000] {logging_mixin.py:150} INFO - [2025-04-08T11:42:29.026+0000] {dag.py:2763} INFO - Creating ORM DAG for example_branch_datetime_operator
[2025-04-08T11:42:29.027+0000] {logging_mixin.py:150} INFO - [2025-04-08T11:42:29.027+0000] {dag.py:2763} INFO - Creating ORM DAG for example_branch_datetime_operator_2
[2025-04-08T11:42:29.027+0000] {logging_mixin.py:150} INFO - [2025-04-08T11:42:29.027+0000] {dag.py:2763} INFO - Creating ORM DAG for example_branch_datetime_operator_3
[2025-04-08T11:42:29.034+0000] {logging_mixin.py:150} INFO - [2025-04-08T11:42:29.034+0000] {dag.py:3504} INFO - Setting next_dagrun for example_branch_datetime_operator to 2025-04-07T00:00:00+00:00, run_after=2025-04-08T00:00:00+00:00
[2025-04-08T11:42:29.035+0000] {logging_mixin.py:150} INFO - [2025-04-08T11:42:29.035+0000] {dag.py:3504} INFO - Setting next_dagrun for example_branch_datetime_operator_2 to 2025-04-07T00:00:00+00:00, run_after=2025-04-08T00:00:00+00:00
[2025-04-08T11:42:29.037+0000] {logging_mixin.py:150} INFO - [2025-04-08T11:42:29.037+0000] {dag.py:3504} INFO - Setting next_dagrun for example_branch_datetime_operator_3 to 2025-04-07T00:00:00+00:00, run_after=2025-04-08T00:00:00+00:00
[2025-04-08T11:42:29.054+0000] {processor.py:179} INFO - Processing /home/vscode/.local/lib/python3.10/site-packages/airflow/example_dags/example_branch_datetime_operator.py took 0.212 seconds
[2025-04-08T11:43:16.168+0000] {processor.py:157} INFO - Started process (PID=3282) to work on /home/vscode/.local/lib/python3.10/site-packages/airflow/example_dags/example_branch_datetime_operator.py
[2025-04-08T11:43:16.168+0000] {processor.py:826} INFO - Processing file /home/vscode/.local/lib/python3.10/site-packages/airflow/example_dags/example_branch_datetime_operator.py for tasks to queue
[2025-04-08T11:43:16.169+0000] {logging_mixin.py:150} INFO - [2025-04-08T11:43:16.169+0000] {dagbag.py:541} INFO - Filling up the DagBag from /home/vscode/.local/lib/python3.10/site-packages/airflow/example_dags/example_branch_datetime_operator.py
[2025-04-08T11:43:16.176+0000] {processor.py:836} INFO - DAG(s) dict_keys(['example_branch_datetime_operator_2', 'example_branch_datetime_operator', 'example_branch_datetime_operator_3']) retrieved from /home/vscode/.local/lib/python3.10/site-packages/airflow/example_dags/example_branch_datetime_operator.py
[2025-04-08T11:43:16.194+0000] {logging_mixin.py:150} INFO - [2025-04-08T11:43:16.194+0000] {dag.py:2742} INFO - Sync 3 DAGs
[2025-04-08T11:43:16.210+0000] {logging_mixin.py:150} INFO - [2025-04-08T11:43:16.210+0000] {dag.py:3504} INFO - Setting next_dagrun for example_branch_datetime_operator to 2025-04-07T00:00:00+00:00, run_after=2025-04-08T00:00:00+00:00
[2025-04-08T11:43:16.213+0000] {logging_mixin.py:150} INFO - [2025-04-08T11:43:16.213+0000] {dag.py:3504} INFO - Setting next_dagrun for example_branch_datetime_operator_2 to 2025-04-07T00:00:00+00:00, run_after=2025-04-08T00:00:00+00:00
[2025-04-08T11:43:16.215+0000] {logging_mixin.py:150} INFO - [2025-04-08T11:43:16.214+0000] {dag.py:3504} INFO - Setting next_dagrun for example_branch_datetime_operator_3 to 2025-04-07T00:00:00+00:00, run_after=2025-04-08T00:00:00+00:00
[2025-04-08T11:43:16.228+0000] {processor.py:179} INFO - Processing /home/vscode/.local/lib/python3.10/site-packages/airflow/example_dags/example_branch_datetime_operator.py took 0.063 seconds
[2025-04-08T11:44:03.006+0000] {processor.py:157} INFO - Started process (PID=3592) to work on /home/vscode/.local/lib/python3.10/site-packages/airflow/example_dags/example_branch_datetime_operator.py
[2025-04-08T11:44:03.007+0000] {processor.py:826} INFO - Processing file /home/vscode/.local/lib/python3.10/site-packages/airflow/example_dags/example_branch_datetime_operator.py for tasks to queue
[2025-04-08T11:44:03.008+0000] {logging_mixin.py:150} INFO - [2025-04-08T11:44:03.008+0000] {dagbag.py:541} INFO - Filling up the DagBag from /home/vscode/.local/lib/python3.10/site-packages/airflow/example_dags/example_branch_datetime_operator.py
[2025-04-08T11:44:03.016+0000] {processor.py:836} INFO - DAG(s) dict_keys(['example_branch_datetime_operator_2', 'example_branch_datetime_operator_3', 'example_branch_datetime_operator']) retrieved from /home/vscode/.local/lib/python3.10/site-packages/airflow/example_dags/example_branch_datetime_operator.py
[2025-04-08T11:44:03.036+0000] {logging_mixin.py:150} INFO - [2025-04-08T11:44:03.036+0000] {dag.py:2742} INFO - Sync 3 DAGs
[2025-04-08T11:44:03.051+0000] {logging_mixin.py:150} INFO - [2025-04-08T11:44:03.051+0000] {dag.py:3504} INFO - Setting next_dagrun for example_branch_datetime_operator to 2025-04-07T00:00:00+00:00, run_after=2025-04-08T00:00:00+00:00
[2025-04-08T11:44:03.055+0000] {logging_mixin.py:150} INFO - [2025-04-08T11:44:03.055+0000] {dag.py:3504} INFO - Setting next_dagrun for example_branch_datetime_operator_2 to 2025-04-07T00:00:00+00:00, run_after=2025-04-08T00:00:00+00:00
[2025-04-08T11:44:03.057+0000] {logging_mixin.py:150} INFO - [2025-04-08T11:44:03.057+0000] {dag.py:3504} INFO - Setting next_dagrun for example_branch_datetime_operator_3 to 2025-04-07T00:00:00+00:00, run_after=2025-04-08T00:00:00+00:00
[2025-04-08T11:44:03.072+0000] {processor.py:179} INFO - Processing /home/vscode/.local/lib/python3.10/site-packages/airflow/example_dags/example_branch_datetime_operator.py took 0.068 seconds
[2025-04-08T11:44:48.088+0000] {processor.py:157} INFO - Started process (PID=4005) to work on /home/vscode/.local/lib/python3.10/site-packages/airflow/example_dags/example_branch_datetime_operator.py
[2025-04-08T11:44:48.089+0000] {processor.py:826} INFO - Processing file /home/vscode/.local/lib/python3.10/site-packages/airflow/example_dags/example_branch_datetime_operator.py for tasks to queue
[2025-04-08T11:44:48.089+0000] {logging_mixin.py:150} INFO - [2025-04-08T11:44:48.089+0000] {dagbag.py:541} INFO - Filling up the DagBag from /home/vscode/.local/lib/python3.10/site-packages/airflow/example_dags/example_branch_datetime_operator.py
[2025-04-08T11:44:48.096+0000] {processor.py:836} INFO - DAG(s) dict_keys(['example_branch_datetime_operator', 'example_branch_datetime_operator_2', 'example_branch_datetime_operator_3']) retrieved from /home/vscode/.local/lib/python3.10/site-packages/airflow/example_dags/example_branch_datetime_operator.py
[2025-04-08T11:44:48.115+0000] {logging_mixin.py:150} INFO - [2025-04-08T11:44:48.115+0000] {dag.py:2742} INFO - Sync 3 DAGs
[2025-04-08T11:44:48.130+0000] {logging_mixin.py:150} INFO - [2025-04-08T11:44:48.130+0000] {dag.py:3504} INFO - Setting next_dagrun for example_branch_datetime_operator to 2025-04-07T00:00:00+00:00, run_after=2025-04-08T00:00:00+00:00
[2025-04-08T11:44:48.133+0000] {logging_mixin.py:150} INFO - [2025-04-08T11:44:48.133+0000] {dag.py:3504} INFO - Setting next_dagrun for example_branch_datetime_operator_2 to 2025-04-07T00:00:00+00:00, run_after=2025-04-08T00:00:00+00:00
[2025-04-08T11:44:48.135+0000] {logging_mixin.py:150} INFO - [2025-04-08T11:44:48.135+0000] {dag.py:3504} INFO - Setting next_dagrun for example_branch_datetime_operator_3 to 2025-04-07T00:00:00+00:00, run_after=2025-04-08T00:00:00+00:00
[2025-04-08T11:44:48.148+0000] {processor.py:179} INFO - Processing /home/vscode/.local/lib/python3.10/site-packages/airflow/example_dags/example_branch_datetime_operator.py took 0.062 seconds
[2025-04-08T11:45:30.894+0000] {processor.py:157} INFO - Started process (PID=4436) to work on /home/vscode/.local/lib/python3.10/site-packages/airflow/example_dags/example_branch_datetime_operator.py
[2025-04-08T11:45:30.895+0000] {processor.py:826} INFO - Processing file /home/vscode/.local/lib/python3.10/site-packages/airflow/example_dags/example_branch_datetime_operator.py for tasks to queue
[2025-04-08T11:45:30.896+0000] {logging_mixin.py:150} INFO - [2025-04-08T11:45:30.895+0000] {dagbag.py:541} INFO - Filling up the DagBag from /home/vscode/.local/lib/python3.10/site-packages/airflow/example_dags/example_branch_datetime_operator.py
[2025-04-08T11:45:30.902+0000] {processor.py:836} INFO - DAG(s) dict_keys(['example_branch_datetime_operator_2', 'example_branch_datetime_operator', 'example_branch_datetime_operator_3']) retrieved from /home/vscode/.local/lib/python3.10/site-packages/airflow/example_dags/example_branch_datetime_operator.py
[2025-04-08T11:45:30.918+0000] {logging_mixin.py:150} INFO - [2025-04-08T11:45:30.918+0000] {dag.py:2742} INFO - Sync 3 DAGs
[2025-04-08T11:45:30.933+0000] {logging_mixin.py:150} INFO - [2025-04-08T11:45:30.933+0000] {dag.py:3504} INFO - Setting next_dagrun for example_branch_datetime_operator to 2025-04-07T00:00:00+00:00, run_after=2025-04-08T00:00:00+00:00
[2025-04-08T11:45:30.936+0000] {logging_mixin.py:150} INFO - [2025-04-08T11:45:30.936+0000] {dag.py:3504} INFO - Setting next_dagrun for example_branch_datetime_operator_2 to 2025-04-07T00:00:00+00:00, run_after=2025-04-08T00:00:00+00:00
[2025-04-08T11:45:30.938+0000] {logging_mixin.py:150} INFO - [2025-04-08T11:45:30.937+0000] {dag.py:3504} INFO - Setting next_dagrun for example_branch_datetime_operator_3 to 2025-04-07T00:00:00+00:00, run_after=2025-04-08T00:00:00+00:00
[2025-04-08T11:45:30.951+0000] {processor.py:179} INFO - Processing /home/vscode/.local/lib/python3.10/site-packages/airflow/example_dags/example_branch_datetime_operator.py took 0.058 seconds
[2025-04-08T11:46:17.701+0000] {processor.py:157} INFO - Started process (PID=4744) to work on /home/vscode/.local/lib/python3.10/site-packages/airflow/example_dags/example_branch_datetime_operator.py
[2025-04-08T11:46:17.702+0000] {processor.py:826} INFO - Processing file /home/vscode/.local/lib/python3.10/site-packages/airflow/example_dags/example_branch_datetime_operator.py for tasks to queue
[2025-04-08T11:46:17.702+0000] {logging_mixin.py:150} INFO - [2025-04-08T11:46:17.702+0000] {dagbag.py:541} INFO - Filling up the DagBag from /home/vscode/.local/lib/python3.10/site-packages/airflow/example_dags/example_branch_datetime_operator.py
[2025-04-08T11:46:17.709+0000] {processor.py:836} INFO - DAG(s) dict_keys(['example_branch_datetime_operator_3', 'example_branch_datetime_operator_2', 'example_branch_datetime_operator']) retrieved from /home/vscode/.local/lib/python3.10/site-packages/airflow/example_dags/example_branch_datetime_operator.py
[2025-04-08T11:46:17.725+0000] {logging_mixin.py:150} INFO - [2025-04-08T11:46:17.725+0000] {dag.py:2742} INFO - Sync 3 DAGs
[2025-04-08T11:46:17.743+0000] {logging_mixin.py:150} INFO - [2025-04-08T11:46:17.743+0000] {dag.py:3504} INFO - Setting next_dagrun for example_branch_datetime_operator to 2025-04-07T00:00:00+00:00, run_after=2025-04-08T00:00:00+00:00
[2025-04-08T11:46:17.746+0000] {logging_mixin.py:150} INFO - [2025-04-08T11:46:17.746+0000] {dag.py:3504} INFO - Setting next_dagrun for example_branch_datetime_operator_2 to 2025-04-07T00:00:00+00:00, run_after=2025-04-08T00:00:00+00:00
[2025-04-08T11:46:17.748+0000] {logging_mixin.py:150} INFO - [2025-04-08T11:46:17.748+0000] {dag.py:3504} INFO - Setting next_dagrun for example_branch_datetime_operator_3 to 2025-04-07T00:00:00+00:00, run_after=2025-04-08T00:00:00+00:00
[2025-04-08T11:46:17.760+0000] {processor.py:179} INFO - Processing /home/vscode/.local/lib/python3.10/site-packages/airflow/example_dags/example_branch_datetime_operator.py took 0.061 seconds
[2025-04-08T11:47:03.390+0000] {processor.py:157} INFO - Started process (PID=5058) to work on /home/vscode/.local/lib/python3.10/site-packages/airflow/example_dags/example_branch_datetime_operator.py
[2025-04-08T11:47:03.391+0000] {processor.py:826} INFO - Processing file /home/vscode/.local/lib/python3.10/site-packages/airflow/example_dags/example_branch_datetime_operator.py for tasks to queue
[2025-04-08T11:47:03.391+0000] {logging_mixin.py:150} INFO - [2025-04-08T11:47:03.391+0000] {dagbag.py:541} INFO - Filling up the DagBag from /home/vscode/.local/lib/python3.10/site-packages/airflow/example_dags/example_branch_datetime_operator.py
[2025-04-08T11:47:03.398+0000] {processor.py:836} INFO - DAG(s) dict_keys(['example_branch_datetime_operator', 'example_branch_datetime_operator_3', 'example_branch_datetime_operator_2']) retrieved from /home/vscode/.local/lib/python3.10/site-packages/airflow/example_dags/example_branch_datetime_operator.py
[2025-04-08T11:47:03.415+0000] {logging_mixin.py:150} INFO - [2025-04-08T11:47:03.415+0000] {dag.py:2742} INFO - Sync 3 DAGs
[2025-04-08T11:47:03.430+0000] {logging_mixin.py:150} INFO - [2025-04-08T11:47:03.430+0000] {dag.py:3504} INFO - Setting next_dagrun for example_branch_datetime_operator to 2025-04-07T00:00:00+00:00, run_after=2025-04-08T00:00:00+00:00
[2025-04-08T11:47:03.433+0000] {logging_mixin.py:150} INFO - [2025-04-08T11:47:03.433+0000] {dag.py:3504} INFO - Setting next_dagrun for example_branch_datetime_operator_2 to 2025-04-07T00:00:00+00:00, run_after=2025-04-08T00:00:00+00:00
[2025-04-08T11:47:03.435+0000] {logging_mixin.py:150} INFO - [2025-04-08T11:47:03.434+0000] {dag.py:3504} INFO - Setting next_dagrun for example_branch_datetime_operator_3 to 2025-04-07T00:00:00+00:00, run_after=2025-04-08T00:00:00+00:00
[2025-04-08T11:47:03.448+0000] {processor.py:179} INFO - Processing /home/vscode/.local/lib/python3.10/site-packages/airflow/example_dags/example_branch_datetime_operator.py took 0.060 seconds
[2025-04-08T11:47:50.431+0000] {processor.py:157} INFO - Started process (PID=5364) to work on /home/vscode/.local/lib/python3.10/site-packages/airflow/example_dags/example_branch_datetime_operator.py
[2025-04-08T11:47:50.431+0000] {processor.py:826} INFO - Processing file /home/vscode/.local/lib/python3.10/site-packages/airflow/example_dags/example_branch_datetime_operator.py for tasks to queue
[2025-04-08T11:47:50.432+0000] {logging_mixin.py:150} INFO - [2025-04-08T11:47:50.432+0000] {dagbag.py:541} INFO - Filling up the DagBag from /home/vscode/.local/lib/python3.10/site-packages/airflow/example_dags/example_branch_datetime_operator.py
[2025-04-08T11:47:50.439+0000] {processor.py:836} INFO - DAG(s) dict_keys(['example_branch_datetime_operator', 'example_branch_datetime_operator_2', 'example_branch_datetime_operator_3']) retrieved from /home/vscode/.local/lib/python3.10/site-packages/airflow/example_dags/example_branch_datetime_operator.py
[2025-04-08T11:47:50.456+0000] {logging_mixin.py:150} INFO - [2025-04-08T11:47:50.456+0000] {dag.py:2742} INFO - Sync 3 DAGs
[2025-04-08T11:47:50.472+0000] {logging_mixin.py:150} INFO - [2025-04-08T11:47:50.472+0000] {dag.py:3504} INFO - Setting next_dagrun for example_branch_datetime_operator to 2025-04-07T00:00:00+00:00, run_after=2025-04-08T00:00:00+00:00
[2025-04-08T11:47:50.476+0000] {logging_mixin.py:150} INFO - [2025-04-08T11:47:50.475+0000] {dag.py:3504} INFO - Setting next_dagrun for example_branch_datetime_operator_2 to 2025-04-07T00:00:00+00:00, run_after=2025-04-08T00:00:00+00:00
[2025-04-08T11:47:50.477+0000] {logging_mixin.py:150} INFO - [2025-04-08T11:47:50.477+0000] {dag.py:3504} INFO - Setting next_dagrun for example_branch_datetime_operator_3 to 2025-04-07T00:00:00+00:00, run_after=2025-04-08T00:00:00+00:00
[2025-04-08T11:47:50.491+0000] {processor.py:179} INFO - Processing /home/vscode/.local/lib/python3.10/site-packages/airflow/example_dags/example_branch_datetime_operator.py took 0.062 seconds
[2025-04-08T11:48:36.115+0000] {processor.py:157} INFO - Started process (PID=5698) to work on /home/vscode/.local/lib/python3.10/site-packages/airflow/example_dags/example_branch_datetime_operator.py
[2025-04-08T11:48:36.116+0000] {processor.py:826} INFO - Processing file /home/vscode/.local/lib/python3.10/site-packages/airflow/example_dags/example_branch_datetime_operator.py for tasks to queue
[2025-04-08T11:48:36.116+0000] {logging_mixin.py:150} INFO - [2025-04-08T11:48:36.116+0000] {dagbag.py:541} INFO - Filling up the DagBag from /home/vscode/.local/lib/python3.10/site-packages/airflow/example_dags/example_branch_datetime_operator.py
[2025-04-08T11:48:36.127+0000] {processor.py:836} INFO - DAG(s) dict_keys(['example_branch_datetime_operator', 'example_branch_datetime_operator_2', 'example_branch_datetime_operator_3']) retrieved from /home/vscode/.local/lib/python3.10/site-packages/airflow/example_dags/example_branch_datetime_operator.py
[2025-04-08T11:48:36.146+0000] {logging_mixin.py:150} INFO - [2025-04-08T11:48:36.145+0000] {dag.py:2742} INFO - Sync 3 DAGs
[2025-04-08T11:48:36.167+0000] {logging_mixin.py:150} INFO - [2025-04-08T11:48:36.166+0000] {dag.py:3504} INFO - Setting next_dagrun for example_branch_datetime_operator to 2025-04-07T00:00:00+00:00, run_after=2025-04-08T00:00:00+00:00
[2025-04-08T11:48:36.171+0000] {logging_mixin.py:150} INFO - [2025-04-08T11:48:36.170+0000] {dag.py:3504} INFO - Setting next_dagrun for example_branch_datetime_operator_2 to 2025-04-07T00:00:00+00:00, run_after=2025-04-08T00:00:00+00:00
[2025-04-08T11:48:36.172+0000] {logging_mixin.py:150} INFO - [2025-04-08T11:48:36.172+0000] {dag.py:3504} INFO - Setting next_dagrun for example_branch_datetime_operator_3 to 2025-04-07T00:00:00+00:00, run_after=2025-04-08T00:00:00+00:00
[2025-04-08T11:48:36.188+0000] {processor.py:179} INFO - Processing /home/vscode/.local/lib/python3.10/site-packages/airflow/example_dags/example_branch_datetime_operator.py took 0.076 seconds
[2025-04-08T11:49:19.409+0000] {processor.py:157} INFO - Started process (PID=6203) to work on /home/vscode/.local/lib/python3.10/site-packages/airflow/example_dags/example_branch_datetime_operator.py
[2025-04-08T11:49:19.410+0000] {processor.py:826} INFO - Processing file /home/vscode/.local/lib/python3.10/site-packages/airflow/example_dags/example_branch_datetime_operator.py for tasks to queue
[2025-04-08T11:49:19.411+0000] {logging_mixin.py:150} INFO - [2025-04-08T11:49:19.410+0000] {dagbag.py:541} INFO - Filling up the DagBag from /home/vscode/.local/lib/python3.10/site-packages/airflow/example_dags/example_branch_datetime_operator.py
[2025-04-08T11:49:19.419+0000] {processor.py:836} INFO - DAG(s) dict_keys(['example_branch_datetime_operator_2', 'example_branch_datetime_operator', 'example_branch_datetime_operator_3']) retrieved from /home/vscode/.local/lib/python3.10/site-packages/airflow/example_dags/example_branch_datetime_operator.py
[2025-04-08T11:49:19.440+0000] {logging_mixin.py:150} INFO - [2025-04-08T11:49:19.439+0000] {dag.py:2742} INFO - Sync 3 DAGs
[2025-04-08T11:49:19.457+0000] {logging_mixin.py:150} INFO - [2025-04-08T11:49:19.457+0000] {dag.py:3504} INFO - Setting next_dagrun for example_branch_datetime_operator to 2025-04-07T00:00:00+00:00, run_after=2025-04-08T00:00:00+00:00
[2025-04-08T11:49:19.460+0000] {logging_mixin.py:150} INFO - [2025-04-08T11:49:19.460+0000] {dag.py:3504} INFO - Setting next_dagrun for example_branch_datetime_operator_2 to 2025-04-07T00:00:00+00:00, run_after=2025-04-08T00:00:00+00:00
[2025-04-08T11:49:19.462+0000] {logging_mixin.py:150} INFO - [2025-04-08T11:49:19.462+0000] {dag.py:3504} INFO - Setting next_dagrun for example_branch_datetime_operator_3 to 2025-04-07T00:00:00+00:00, run_after=2025-04-08T00:00:00+00:00
[2025-04-08T11:49:19.477+0000] {processor.py:179} INFO - Processing /home/vscode/.local/lib/python3.10/site-packages/airflow/example_dags/example_branch_datetime_operator.py took 0.071 seconds
[2025-04-08T11:50:07.087+0000] {processor.py:157} INFO - Started process (PID=6786) to work on /home/vscode/.local/lib/python3.10/site-packages/airflow/example_dags/example_branch_datetime_operator.py
[2025-04-08T11:50:07.087+0000] {processor.py:826} INFO - Processing file /home/vscode/.local/lib/python3.10/site-packages/airflow/example_dags/example_branch_datetime_operator.py for tasks to queue
[2025-04-08T11:50:07.088+0000] {logging_mixin.py:150} INFO - [2025-04-08T11:50:07.088+0000] {dagbag.py:541} INFO - Filling up the DagBag from /home/vscode/.local/lib/python3.10/site-packages/airflow/example_dags/example_branch_datetime_operator.py
[2025-04-08T11:50:07.095+0000] {processor.py:836} INFO - DAG(s) dict_keys(['example_branch_datetime_operator_2', 'example_branch_datetime_operator_3', 'example_branch_datetime_operator']) retrieved from /home/vscode/.local/lib/python3.10/site-packages/airflow/example_dags/example_branch_datetime_operator.py
[2025-04-08T11:50:07.112+0000] {logging_mixin.py:150} INFO - [2025-04-08T11:50:07.111+0000] {dag.py:2742} INFO - Sync 3 DAGs
[2025-04-08T11:50:07.126+0000] {logging_mixin.py:150} INFO - [2025-04-08T11:50:07.126+0000] {dag.py:3504} INFO - Setting next_dagrun for example_branch_datetime_operator to 2025-04-07T00:00:00+00:00, run_after=2025-04-08T00:00:00+00:00
[2025-04-08T11:50:07.129+0000] {logging_mixin.py:150} INFO - [2025-04-08T11:50:07.129+0000] {dag.py:3504} INFO - Setting next_dagrun for example_branch_datetime_operator_2 to 2025-04-07T00:00:00+00:00, run_after=2025-04-08T00:00:00+00:00
[2025-04-08T11:50:07.131+0000] {logging_mixin.py:150} INFO - [2025-04-08T11:50:07.131+0000] {dag.py:3504} INFO - Setting next_dagrun for example_branch_datetime_operator_3 to 2025-04-07T00:00:00+00:00, run_after=2025-04-08T00:00:00+00:00
[2025-04-08T11:50:07.145+0000] {processor.py:179} INFO - Processing /home/vscode/.local/lib/python3.10/site-packages/airflow/example_dags/example_branch_datetime_operator.py took 0.061 seconds
[2025-04-08T11:50:51.281+0000] {processor.py:157} INFO - Started process (PID=7121) to work on /home/vscode/.local/lib/python3.10/site-packages/airflow/example_dags/example_branch_datetime_operator.py
[2025-04-08T11:50:51.281+0000] {processor.py:826} INFO - Processing file /home/vscode/.local/lib/python3.10/site-packages/airflow/example_dags/example_branch_datetime_operator.py for tasks to queue
[2025-04-08T11:50:51.282+0000] {logging_mixin.py:150} INFO - [2025-04-08T11:50:51.282+0000] {dagbag.py:541} INFO - Filling up the DagBag from /home/vscode/.local/lib/python3.10/site-packages/airflow/example_dags/example_branch_datetime_operator.py
[2025-04-08T11:50:51.289+0000] {processor.py:836} INFO - DAG(s) dict_keys(['example_branch_datetime_operator_3', 'example_branch_datetime_operator', 'example_branch_datetime_operator_2']) retrieved from /home/vscode/.local/lib/python3.10/site-packages/airflow/example_dags/example_branch_datetime_operator.py
[2025-04-08T11:50:51.306+0000] {logging_mixin.py:150} INFO - [2025-04-08T11:50:51.306+0000] {dag.py:2742} INFO - Sync 3 DAGs
[2025-04-08T11:50:51.321+0000] {logging_mixin.py:150} INFO - [2025-04-08T11:50:51.321+0000] {dag.py:3504} INFO - Setting next_dagrun for example_branch_datetime_operator to 2025-04-07T00:00:00+00:00, run_after=2025-04-08T00:00:00+00:00
[2025-04-08T11:50:51.324+0000] {logging_mixin.py:150} INFO - [2025-04-08T11:50:51.324+0000] {dag.py:3504} INFO - Setting next_dagrun for example_branch_datetime_operator_2 to 2025-04-07T00:00:00+00:00, run_after=2025-04-08T00:00:00+00:00
[2025-04-08T11:50:51.326+0000] {logging_mixin.py:150} INFO - [2025-04-08T11:50:51.326+0000] {dag.py:3504} INFO - Setting next_dagrun for example_branch_datetime_operator_3 to 2025-04-07T00:00:00+00:00, run_after=2025-04-08T00:00:00+00:00
[2025-04-08T11:50:51.338+0000] {processor.py:179} INFO - Processing /home/vscode/.local/lib/python3.10/site-packages/airflow/example_dags/example_branch_datetime_operator.py took 0.060 seconds
