[2025-04-08T11:42:04.247+0000] {processor.py:157} INFO - Started process (PID=2797) to work on /home/vscode/.local/lib/python3.10/site-packages/airflow/example_dags/example_trigger_target_dag.py
[2025-04-08T11:42:04.247+0000] {processor.py:826} INFO - Processing file /home/vscode/.local/lib/python3.10/site-packages/airflow/example_dags/example_trigger_target_dag.py for tasks to queue
[2025-04-08T11:42:04.248+0000] {logging_mixin.py:150} INFO - [2025-04-08T11:42:04.248+0000] {dagbag.py:541} INFO - Filling up the DagBag from /home/vscode/.local/lib/python3.10/site-packages/airflow/example_dags/example_trigger_target_dag.py
[2025-04-08T11:42:04.252+0000] {processor.py:836} INFO - DAG(s) dict_keys(['example_trigger_target_dag']) retrieved from /home/vscode/.local/lib/python3.10/site-packages/airflow/example_dags/example_trigger_target_dag.py
[2025-04-08T11:42:04.323+0000] {logging_mixin.py:150} INFO - [2025-04-08T11:42:04.323+0000] {manager.py:504} INFO - Created Permission View: can edit on DAG:example_trigger_target_dag
[2025-04-08T11:42:04.331+0000] {logging_mixin.py:150} INFO - [2025-04-08T11:42:04.330+0000] {manager.py:504} INFO - Created Permission View: can read on DAG:example_trigger_target_dag
[2025-04-08T11:42:04.336+0000] {logging_mixin.py:150} INFO - [2025-04-08T11:42:04.336+0000] {manager.py:504} INFO - Created Permission View: can delete on DAG:example_trigger_target_dag
[2025-04-08T11:42:04.343+0000] {logging_mixin.py:150} INFO - [2025-04-08T11:42:04.343+0000] {dag.py:2742} INFO - Sync 1 DAGs
[2025-04-08T11:42:04.351+0000] {logging_mixin.py:150} INFO - [2025-04-08T11:42:04.351+0000] {dag.py:2763} INFO - Creating ORM DAG for example_trigger_target_dag
[2025-04-08T11:42:04.357+0000] {logging_mixin.py:150} INFO - [2025-04-08T11:42:04.357+0000] {dag.py:3504} INFO - Setting next_dagrun for example_trigger_target_dag to None, run_after=None
[2025-04-08T11:42:04.371+0000] {processor.py:179} INFO - Processing /home/vscode/.local/lib/python3.10/site-packages/airflow/example_dags/example_trigger_target_dag.py took 0.126 seconds
[2025-04-08T11:42:49.393+0000] {processor.py:157} INFO - Started process (PID=3111) to work on /home/vscode/.local/lib/python3.10/site-packages/airflow/example_dags/example_trigger_target_dag.py
[2025-04-08T11:42:49.394+0000] {processor.py:826} INFO - Processing file /home/vscode/.local/lib/python3.10/site-packages/airflow/example_dags/example_trigger_target_dag.py for tasks to queue
[2025-04-08T11:42:49.394+0000] {logging_mixin.py:150} INFO - [2025-04-08T11:42:49.394+0000] {dagbag.py:541} INFO - Filling up the DagBag from /home/vscode/.local/lib/python3.10/site-packages/airflow/example_dags/example_trigger_target_dag.py
[2025-04-08T11:42:49.399+0000] {processor.py:836} INFO - DAG(s) dict_keys(['example_trigger_target_dag']) retrieved from /home/vscode/.local/lib/python3.10/site-packages/airflow/example_dags/example_trigger_target_dag.py
[2025-04-08T11:42:49.410+0000] {logging_mixin.py:150} INFO - [2025-04-08T11:42:49.410+0000] {dag.py:2742} INFO - Sync 1 DAGs
[2025-04-08T11:42:49.424+0000] {logging_mixin.py:150} INFO - [2025-04-08T11:42:49.424+0000] {dag.py:3504} INFO - Setting next_dagrun for example_trigger_target_dag to None, run_after=None
[2025-04-08T11:42:49.438+0000] {processor.py:179} INFO - Processing /home/vscode/.local/lib/python3.10/site-packages/airflow/example_dags/example_trigger_target_dag.py took 0.047 seconds
[2025-04-08T11:43:35.592+0000] {processor.py:157} INFO - Started process (PID=3405) to work on /home/vscode/.local/lib/python3.10/site-packages/airflow/example_dags/example_trigger_target_dag.py
[2025-04-08T11:43:35.593+0000] {processor.py:826} INFO - Processing file /home/vscode/.local/lib/python3.10/site-packages/airflow/example_dags/example_trigger_target_dag.py for tasks to queue
[2025-04-08T11:43:35.594+0000] {logging_mixin.py:150} INFO - [2025-04-08T11:43:35.593+0000] {dagbag.py:541} INFO - Filling up the DagBag from /home/vscode/.local/lib/python3.10/site-packages/airflow/example_dags/example_trigger_target_dag.py
[2025-04-08T11:43:35.599+0000] {processor.py:836} INFO - DAG(s) dict_keys(['example_trigger_target_dag']) retrieved from /home/vscode/.local/lib/python3.10/site-packages/airflow/example_dags/example_trigger_target_dag.py
[2025-04-08T11:43:35.614+0000] {logging_mixin.py:150} INFO - [2025-04-08T11:43:35.613+0000] {dag.py:2742} INFO - Sync 1 DAGs
[2025-04-08T11:43:35.636+0000] {logging_mixin.py:150} INFO - [2025-04-08T11:43:35.636+0000] {dag.py:3504} INFO - Setting next_dagrun for example_trigger_target_dag to None, run_after=None
[2025-04-08T11:43:35.659+0000] {processor.py:179} INFO - Processing /home/vscode/.local/lib/python3.10/site-packages/airflow/example_dags/example_trigger_target_dag.py took 0.069 seconds
[2025-04-08T11:44:20.715+0000] {processor.py:157} INFO - Started process (PID=3728) to work on /home/vscode/.local/lib/python3.10/site-packages/airflow/example_dags/example_trigger_target_dag.py
[2025-04-08T11:44:20.715+0000] {processor.py:826} INFO - Processing file /home/vscode/.local/lib/python3.10/site-packages/airflow/example_dags/example_trigger_target_dag.py for tasks to queue
[2025-04-08T11:44:20.716+0000] {logging_mixin.py:150} INFO - [2025-04-08T11:44:20.716+0000] {dagbag.py:541} INFO - Filling up the DagBag from /home/vscode/.local/lib/python3.10/site-packages/airflow/example_dags/example_trigger_target_dag.py
[2025-04-08T11:44:20.721+0000] {processor.py:836} INFO - DAG(s) dict_keys(['example_trigger_target_dag']) retrieved from /home/vscode/.local/lib/python3.10/site-packages/airflow/example_dags/example_trigger_target_dag.py
[2025-04-08T11:44:20.732+0000] {logging_mixin.py:150} INFO - [2025-04-08T11:44:20.732+0000] {dag.py:2742} INFO - Sync 1 DAGs
[2025-04-08T11:44:20.746+0000] {logging_mixin.py:150} INFO - [2025-04-08T11:44:20.746+0000] {dag.py:3504} INFO - Setting next_dagrun for example_trigger_target_dag to None, run_after=None
[2025-04-08T11:44:20.763+0000] {processor.py:179} INFO - Processing /home/vscode/.local/lib/python3.10/site-packages/airflow/example_dags/example_trigger_target_dag.py took 0.050 seconds
[2025-04-08T11:45:05.791+0000] {processor.py:157} INFO - Started process (PID=4146) to work on /home/vscode/.local/lib/python3.10/site-packages/airflow/example_dags/example_trigger_target_dag.py
[2025-04-08T11:45:05.792+0000] {processor.py:826} INFO - Processing file /home/vscode/.local/lib/python3.10/site-packages/airflow/example_dags/example_trigger_target_dag.py for tasks to queue
[2025-04-08T11:45:05.792+0000] {logging_mixin.py:150} INFO - [2025-04-08T11:45:05.792+0000] {dagbag.py:541} INFO - Filling up the DagBag from /home/vscode/.local/lib/python3.10/site-packages/airflow/example_dags/example_trigger_target_dag.py
[2025-04-08T11:45:05.797+0000] {processor.py:836} INFO - DAG(s) dict_keys(['example_trigger_target_dag']) retrieved from /home/vscode/.local/lib/python3.10/site-packages/airflow/example_dags/example_trigger_target_dag.py
[2025-04-08T11:45:05.808+0000] {logging_mixin.py:150} INFO - [2025-04-08T11:45:05.808+0000] {dag.py:2742} INFO - Sync 1 DAGs
[2025-04-08T11:45:05.823+0000] {logging_mixin.py:150} INFO - [2025-04-08T11:45:05.822+0000] {dag.py:3504} INFO - Setting next_dagrun for example_trigger_target_dag to None, run_after=None
[2025-04-08T11:45:05.838+0000] {processor.py:179} INFO - Processing /home/vscode/.local/lib/python3.10/site-packages/airflow/example_dags/example_trigger_target_dag.py took 0.049 seconds
[2025-04-08T11:45:48.897+0000] {processor.py:157} INFO - Started process (PID=4556) to work on /home/vscode/.local/lib/python3.10/site-packages/airflow/example_dags/example_trigger_target_dag.py
[2025-04-08T11:45:48.898+0000] {processor.py:826} INFO - Processing file /home/vscode/.local/lib/python3.10/site-packages/airflow/example_dags/example_trigger_target_dag.py for tasks to queue
[2025-04-08T11:45:48.899+0000] {logging_mixin.py:150} INFO - [2025-04-08T11:45:48.899+0000] {dagbag.py:541} INFO - Filling up the DagBag from /home/vscode/.local/lib/python3.10/site-packages/airflow/example_dags/example_trigger_target_dag.py
[2025-04-08T11:45:48.903+0000] {processor.py:836} INFO - DAG(s) dict_keys(['example_trigger_target_dag']) retrieved from /home/vscode/.local/lib/python3.10/site-packages/airflow/example_dags/example_trigger_target_dag.py
[2025-04-08T11:45:48.914+0000] {logging_mixin.py:150} INFO - [2025-04-08T11:45:48.914+0000] {dag.py:2742} INFO - Sync 1 DAGs
[2025-04-08T11:45:48.927+0000] {logging_mixin.py:150} INFO - [2025-04-08T11:45:48.927+0000] {dag.py:3504} INFO - Setting next_dagrun for example_trigger_target_dag to None, run_after=None
[2025-04-08T11:45:48.942+0000] {processor.py:179} INFO - Processing /home/vscode/.local/lib/python3.10/site-packages/airflow/example_dags/example_trigger_target_dag.py took 0.047 seconds
[2025-04-08T11:46:31.620+0000] {processor.py:157} INFO - Started process (PID=4845) to work on /home/vscode/.local/lib/python3.10/site-packages/airflow/example_dags/example_trigger_target_dag.py
[2025-04-08T11:46:31.620+0000] {processor.py:826} INFO - Processing file /home/vscode/.local/lib/python3.10/site-packages/airflow/example_dags/example_trigger_target_dag.py for tasks to queue
[2025-04-08T11:46:31.621+0000] {logging_mixin.py:150} INFO - [2025-04-08T11:46:31.621+0000] {dagbag.py:541} INFO - Filling up the DagBag from /home/vscode/.local/lib/python3.10/site-packages/airflow/example_dags/example_trigger_target_dag.py
[2025-04-08T11:46:31.626+0000] {processor.py:836} INFO - DAG(s) dict_keys(['example_trigger_target_dag']) retrieved from /home/vscode/.local/lib/python3.10/site-packages/airflow/example_dags/example_trigger_target_dag.py
[2025-04-08T11:46:31.637+0000] {logging_mixin.py:150} INFO - [2025-04-08T11:46:31.637+0000] {dag.py:2742} INFO - Sync 1 DAGs
[2025-04-08T11:46:31.652+0000] {logging_mixin.py:150} INFO - [2025-04-08T11:46:31.651+0000] {dag.py:3504} INFO - Setting next_dagrun for example_trigger_target_dag to None, run_after=None
[2025-04-08T11:46:31.666+0000] {processor.py:179} INFO - Processing /home/vscode/.local/lib/python3.10/site-packages/airflow/example_dags/example_trigger_target_dag.py took 0.048 seconds
[2025-04-08T11:47:16.494+0000] {processor.py:157} INFO - Started process (PID=5138) to work on /home/vscode/.local/lib/python3.10/site-packages/airflow/example_dags/example_trigger_target_dag.py
[2025-04-08T11:47:16.494+0000] {processor.py:826} INFO - Processing file /home/vscode/.local/lib/python3.10/site-packages/airflow/example_dags/example_trigger_target_dag.py for tasks to queue
[2025-04-08T11:47:16.495+0000] {logging_mixin.py:150} INFO - [2025-04-08T11:47:16.495+0000] {dagbag.py:541} INFO - Filling up the DagBag from /home/vscode/.local/lib/python3.10/site-packages/airflow/example_dags/example_trigger_target_dag.py
[2025-04-08T11:47:16.499+0000] {processor.py:836} INFO - DAG(s) dict_keys(['example_trigger_target_dag']) retrieved from /home/vscode/.local/lib/python3.10/site-packages/airflow/example_dags/example_trigger_target_dag.py
[2025-04-08T11:47:16.511+0000] {logging_mixin.py:150} INFO - [2025-04-08T11:47:16.511+0000] {dag.py:2742} INFO - Sync 1 DAGs
[2025-04-08T11:47:16.524+0000] {logging_mixin.py:150} INFO - [2025-04-08T11:47:16.524+0000] {dag.py:3504} INFO - Setting next_dagrun for example_trigger_target_dag to None, run_after=None
[2025-04-08T11:47:16.540+0000] {processor.py:179} INFO - Processing /home/vscode/.local/lib/python3.10/site-packages/airflow/example_dags/example_trigger_target_dag.py took 0.048 seconds
[2025-04-08T11:48:02.838+0000] {processor.py:157} INFO - Started process (PID=5456) to work on /home/vscode/.local/lib/python3.10/site-packages/airflow/example_dags/example_trigger_target_dag.py
[2025-04-08T11:48:02.838+0000] {processor.py:826} INFO - Processing file /home/vscode/.local/lib/python3.10/site-packages/airflow/example_dags/example_trigger_target_dag.py for tasks to queue
[2025-04-08T11:48:02.839+0000] {logging_mixin.py:150} INFO - [2025-04-08T11:48:02.839+0000] {dagbag.py:541} INFO - Filling up the DagBag from /home/vscode/.local/lib/python3.10/site-packages/airflow/example_dags/example_trigger_target_dag.py
[2025-04-08T11:48:02.844+0000] {processor.py:836} INFO - DAG(s) dict_keys(['example_trigger_target_dag']) retrieved from /home/vscode/.local/lib/python3.10/site-packages/airflow/example_dags/example_trigger_target_dag.py
[2025-04-08T11:48:02.856+0000] {logging_mixin.py:150} INFO - [2025-04-08T11:48:02.855+0000] {dag.py:2742} INFO - Sync 1 DAGs
[2025-04-08T11:48:02.870+0000] {logging_mixin.py:150} INFO - [2025-04-08T11:48:02.869+0000] {dag.py:3504} INFO - Setting next_dagrun for example_trigger_target_dag to None, run_after=None
[2025-04-08T11:48:02.884+0000] {processor.py:179} INFO - Processing /home/vscode/.local/lib/python3.10/site-packages/airflow/example_dags/example_trigger_target_dag.py took 0.048 seconds
[2025-04-08T11:48:46.355+0000] {processor.py:157} INFO - Started process (PID=5826) to work on /home/vscode/.local/lib/python3.10/site-packages/airflow/example_dags/example_trigger_target_dag.py
[2025-04-08T11:48:46.356+0000] {processor.py:826} INFO - Processing file /home/vscode/.local/lib/python3.10/site-packages/airflow/example_dags/example_trigger_target_dag.py for tasks to queue
[2025-04-08T11:48:46.357+0000] {logging_mixin.py:150} INFO - [2025-04-08T11:48:46.357+0000] {dagbag.py:541} INFO - Filling up the DagBag from /home/vscode/.local/lib/python3.10/site-packages/airflow/example_dags/example_trigger_target_dag.py
[2025-04-08T11:48:46.363+0000] {processor.py:836} INFO - DAG(s) dict_keys(['example_trigger_target_dag']) retrieved from /home/vscode/.local/lib/python3.10/site-packages/airflow/example_dags/example_trigger_target_dag.py
[2025-04-08T11:48:46.376+0000] {logging_mixin.py:150} INFO - [2025-04-08T11:48:46.375+0000] {dag.py:2742} INFO - Sync 1 DAGs
[2025-04-08T11:48:46.390+0000] {logging_mixin.py:150} INFO - [2025-04-08T11:48:46.390+0000] {dag.py:3504} INFO - Setting next_dagrun for example_trigger_target_dag to None, run_after=None
[2025-04-08T11:48:46.406+0000] {processor.py:179} INFO - Processing /home/vscode/.local/lib/python3.10/site-packages/airflow/example_dags/example_trigger_target_dag.py took 0.053 seconds
[2025-04-08T11:49:29.757+0000] {processor.py:157} INFO - Started process (PID=6328) to work on /home/vscode/.local/lib/python3.10/site-packages/airflow/example_dags/example_trigger_target_dag.py
[2025-04-08T11:49:29.757+0000] {processor.py:826} INFO - Processing file /home/vscode/.local/lib/python3.10/site-packages/airflow/example_dags/example_trigger_target_dag.py for tasks to queue
[2025-04-08T11:49:29.758+0000] {logging_mixin.py:150} INFO - [2025-04-08T11:49:29.758+0000] {dagbag.py:541} INFO - Filling up the DagBag from /home/vscode/.local/lib/python3.10/site-packages/airflow/example_dags/example_trigger_target_dag.py
[2025-04-08T11:49:29.762+0000] {processor.py:836} INFO - DAG(s) dict_keys(['example_trigger_target_dag']) retrieved from /home/vscode/.local/lib/python3.10/site-packages/airflow/example_dags/example_trigger_target_dag.py
[2025-04-08T11:49:29.777+0000] {logging_mixin.py:150} INFO - [2025-04-08T11:49:29.776+0000] {dag.py:2742} INFO - Sync 1 DAGs
[2025-04-08T11:49:29.792+0000] {logging_mixin.py:150} INFO - [2025-04-08T11:49:29.792+0000] {dag.py:3504} INFO - Setting next_dagrun for example_trigger_target_dag to None, run_after=None
[2025-04-08T11:49:29.812+0000] {processor.py:179} INFO - Processing /home/vscode/.local/lib/python3.10/site-packages/airflow/example_dags/example_trigger_target_dag.py took 0.058 seconds
[2025-04-08T11:50:15.874+0000] {processor.py:157} INFO - Started process (PID=6840) to work on /home/vscode/.local/lib/python3.10/site-packages/airflow/example_dags/example_trigger_target_dag.py
[2025-04-08T11:50:15.875+0000] {processor.py:826} INFO - Processing file /home/vscode/.local/lib/python3.10/site-packages/airflow/example_dags/example_trigger_target_dag.py for tasks to queue
[2025-04-08T11:50:15.876+0000] {logging_mixin.py:150} INFO - [2025-04-08T11:50:15.876+0000] {dagbag.py:541} INFO - Filling up the DagBag from /home/vscode/.local/lib/python3.10/site-packages/airflow/example_dags/example_trigger_target_dag.py
[2025-04-08T11:50:15.883+0000] {processor.py:836} INFO - DAG(s) dict_keys(['example_trigger_target_dag']) retrieved from /home/vscode/.local/lib/python3.10/site-packages/airflow/example_dags/example_trigger_target_dag.py
[2025-04-08T11:50:15.896+0000] {logging_mixin.py:150} INFO - [2025-04-08T11:50:15.896+0000] {dag.py:2742} INFO - Sync 1 DAGs
[2025-04-08T11:50:15.909+0000] {logging_mixin.py:150} INFO - [2025-04-08T11:50:15.909+0000] {dag.py:3504} INFO - Setting next_dagrun for example_trigger_target_dag to None, run_after=None
[2025-04-08T11:50:15.923+0000] {processor.py:179} INFO - Processing /home/vscode/.local/lib/python3.10/site-packages/airflow/example_dags/example_trigger_target_dag.py took 0.052 seconds
[2025-04-08T11:51:01.001+0000] {processor.py:157} INFO - Started process (PID=7223) to work on /home/vscode/.local/lib/python3.10/site-packages/airflow/example_dags/example_trigger_target_dag.py
[2025-04-08T11:51:01.001+0000] {processor.py:826} INFO - Processing file /home/vscode/.local/lib/python3.10/site-packages/airflow/example_dags/example_trigger_target_dag.py for tasks to queue
[2025-04-08T11:51:01.002+0000] {logging_mixin.py:150} INFO - [2025-04-08T11:51:01.002+0000] {dagbag.py:541} INFO - Filling up the DagBag from /home/vscode/.local/lib/python3.10/site-packages/airflow/example_dags/example_trigger_target_dag.py
[2025-04-08T11:51:01.007+0000] {processor.py:836} INFO - DAG(s) dict_keys(['example_trigger_target_dag']) retrieved from /home/vscode/.local/lib/python3.10/site-packages/airflow/example_dags/example_trigger_target_dag.py
[2025-04-08T11:51:01.018+0000] {logging_mixin.py:150} INFO - [2025-04-08T11:51:01.018+0000] {dag.py:2742} INFO - Sync 1 DAGs
[2025-04-08T11:51:01.032+0000] {logging_mixin.py:150} INFO - [2025-04-08T11:51:01.032+0000] {dag.py:3504} INFO - Setting next_dagrun for example_trigger_target_dag to None, run_after=None
[2025-04-08T11:51:01.047+0000] {processor.py:179} INFO - Processing /home/vscode/.local/lib/python3.10/site-packages/airflow/example_dags/example_trigger_target_dag.py took 0.048 seconds
