[2025-04-08T11:42:05.482+0000] {processor.py:157} INFO - Started process (PID=2812) to work on /home/vscode/.local/lib/python3.10/site-packages/airflow/example_dags/example_trigger_controller_dag.py
[2025-04-08T11:42:05.482+0000] {processor.py:826} INFO - Processing file /home/vscode/.local/lib/python3.10/site-packages/airflow/example_dags/example_trigger_controller_dag.py for tasks to queue
[2025-04-08T11:42:05.483+0000] {logging_mixin.py:150} INFO - [2025-04-08T11:42:05.483+0000] {dagbag.py:541} INFO - Filling up the DagBag from /home/vscode/.local/lib/python3.10/site-packages/airflow/example_dags/example_trigger_controller_dag.py
[2025-04-08T11:42:05.486+0000] {processor.py:836} INFO - DAG(s) dict_keys(['example_trigger_controller_dag']) retrieved from /home/vscode/.local/lib/python3.10/site-packages/airflow/example_dags/example_trigger_controller_dag.py
[2025-04-08T11:42:05.553+0000] {logging_mixin.py:150} INFO - [2025-04-08T11:42:05.553+0000] {manager.py:504} INFO - Created Permission View: can edit on DAG:example_trigger_controller_dag
[2025-04-08T11:42:05.561+0000] {logging_mixin.py:150} INFO - [2025-04-08T11:42:05.561+0000] {manager.py:504} INFO - Created Permission View: can read on DAG:example_trigger_controller_dag
[2025-04-08T11:42:05.566+0000] {logging_mixin.py:150} INFO - [2025-04-08T11:42:05.566+0000] {manager.py:504} INFO - Created Permission View: can delete on DAG:example_trigger_controller_dag
[2025-04-08T11:42:05.574+0000] {logging_mixin.py:150} INFO - [2025-04-08T11:42:05.574+0000] {dag.py:2742} INFO - Sync 1 DAGs
[2025-04-08T11:42:05.582+0000] {logging_mixin.py:150} INFO - [2025-04-08T11:42:05.582+0000] {dag.py:2763} INFO - Creating ORM DAG for example_trigger_controller_dag
[2025-04-08T11:42:05.588+0000] {logging_mixin.py:150} INFO - [2025-04-08T11:42:05.588+0000] {dag.py:3504} INFO - Setting next_dagrun for example_trigger_controller_dag to 2021-01-01T00:00:00+00:00, run_after=2021-01-01T00:00:00+00:00
[2025-04-08T11:42:05.605+0000] {processor.py:179} INFO - Processing /home/vscode/.local/lib/python3.10/site-packages/airflow/example_dags/example_trigger_controller_dag.py took 0.125 seconds
[2025-04-08T11:42:50.525+0000] {processor.py:157} INFO - Started process (PID=3113) to work on /home/vscode/.local/lib/python3.10/site-packages/airflow/example_dags/example_trigger_controller_dag.py
[2025-04-08T11:42:50.525+0000] {processor.py:826} INFO - Processing file /home/vscode/.local/lib/python3.10/site-packages/airflow/example_dags/example_trigger_controller_dag.py for tasks to queue
[2025-04-08T11:42:50.526+0000] {logging_mixin.py:150} INFO - [2025-04-08T11:42:50.526+0000] {dagbag.py:541} INFO - Filling up the DagBag from /home/vscode/.local/lib/python3.10/site-packages/airflow/example_dags/example_trigger_controller_dag.py
[2025-04-08T11:42:50.529+0000] {processor.py:836} INFO - DAG(s) dict_keys(['example_trigger_controller_dag']) retrieved from /home/vscode/.local/lib/python3.10/site-packages/airflow/example_dags/example_trigger_controller_dag.py
[2025-04-08T11:42:50.541+0000] {logging_mixin.py:150} INFO - [2025-04-08T11:42:50.541+0000] {dag.py:2742} INFO - Sync 1 DAGs
[2025-04-08T11:42:50.555+0000] {logging_mixin.py:150} INFO - [2025-04-08T11:42:50.555+0000] {dag.py:3504} INFO - Setting next_dagrun for example_trigger_controller_dag to 2021-01-01T00:00:00+00:00, run_after=2021-01-01T00:00:00+00:00
[2025-04-08T11:42:50.569+0000] {processor.py:179} INFO - Processing /home/vscode/.local/lib/python3.10/site-packages/airflow/example_dags/example_trigger_controller_dag.py took 0.046 seconds
[2025-04-08T11:43:36.730+0000] {processor.py:157} INFO - Started process (PID=3413) to work on /home/vscode/.local/lib/python3.10/site-packages/airflow/example_dags/example_trigger_controller_dag.py
[2025-04-08T11:43:36.731+0000] {processor.py:826} INFO - Processing file /home/vscode/.local/lib/python3.10/site-packages/airflow/example_dags/example_trigger_controller_dag.py for tasks to queue
[2025-04-08T11:43:36.732+0000] {logging_mixin.py:150} INFO - [2025-04-08T11:43:36.731+0000] {dagbag.py:541} INFO - Filling up the DagBag from /home/vscode/.local/lib/python3.10/site-packages/airflow/example_dags/example_trigger_controller_dag.py
[2025-04-08T11:43:36.738+0000] {processor.py:836} INFO - DAG(s) dict_keys(['example_trigger_controller_dag']) retrieved from /home/vscode/.local/lib/python3.10/site-packages/airflow/example_dags/example_trigger_controller_dag.py
[2025-04-08T11:43:36.756+0000] {logging_mixin.py:150} INFO - [2025-04-08T11:43:36.756+0000] {dag.py:2742} INFO - Sync 1 DAGs
[2025-04-08T11:43:36.778+0000] {logging_mixin.py:150} INFO - [2025-04-08T11:43:36.778+0000] {dag.py:3504} INFO - Setting next_dagrun for example_trigger_controller_dag to 2021-01-01T00:00:00+00:00, run_after=2021-01-01T00:00:00+00:00
[2025-04-08T11:43:36.794+0000] {processor.py:179} INFO - Processing /home/vscode/.local/lib/python3.10/site-packages/airflow/example_dags/example_trigger_controller_dag.py took 0.068 seconds
[2025-04-08T11:44:21.847+0000] {processor.py:157} INFO - Started process (PID=3730) to work on /home/vscode/.local/lib/python3.10/site-packages/airflow/example_dags/example_trigger_controller_dag.py
[2025-04-08T11:44:21.848+0000] {processor.py:826} INFO - Processing file /home/vscode/.local/lib/python3.10/site-packages/airflow/example_dags/example_trigger_controller_dag.py for tasks to queue
[2025-04-08T11:44:21.848+0000] {logging_mixin.py:150} INFO - [2025-04-08T11:44:21.848+0000] {dagbag.py:541} INFO - Filling up the DagBag from /home/vscode/.local/lib/python3.10/site-packages/airflow/example_dags/example_trigger_controller_dag.py
[2025-04-08T11:44:21.852+0000] {processor.py:836} INFO - DAG(s) dict_keys(['example_trigger_controller_dag']) retrieved from /home/vscode/.local/lib/python3.10/site-packages/airflow/example_dags/example_trigger_controller_dag.py
[2025-04-08T11:44:21.866+0000] {logging_mixin.py:150} INFO - [2025-04-08T11:44:21.865+0000] {dag.py:2742} INFO - Sync 1 DAGs
[2025-04-08T11:44:21.880+0000] {logging_mixin.py:150} INFO - [2025-04-08T11:44:21.880+0000] {dag.py:3504} INFO - Setting next_dagrun for example_trigger_controller_dag to 2021-01-01T00:00:00+00:00, run_after=2021-01-01T00:00:00+00:00
[2025-04-08T11:44:21.902+0000] {processor.py:179} INFO - Processing /home/vscode/.local/lib/python3.10/site-packages/airflow/example_dags/example_trigger_controller_dag.py took 0.057 seconds
[2025-04-08T11:45:05.931+0000] {processor.py:157} INFO - Started process (PID=4147) to work on /home/vscode/.local/lib/python3.10/site-packages/airflow/example_dags/example_trigger_controller_dag.py
[2025-04-08T11:45:05.932+0000] {processor.py:826} INFO - Processing file /home/vscode/.local/lib/python3.10/site-packages/airflow/example_dags/example_trigger_controller_dag.py for tasks to queue
[2025-04-08T11:45:05.932+0000] {logging_mixin.py:150} INFO - [2025-04-08T11:45:05.932+0000] {dagbag.py:541} INFO - Filling up the DagBag from /home/vscode/.local/lib/python3.10/site-packages/airflow/example_dags/example_trigger_controller_dag.py
[2025-04-08T11:45:05.936+0000] {processor.py:836} INFO - DAG(s) dict_keys(['example_trigger_controller_dag']) retrieved from /home/vscode/.local/lib/python3.10/site-packages/airflow/example_dags/example_trigger_controller_dag.py
[2025-04-08T11:45:05.948+0000] {logging_mixin.py:150} INFO - [2025-04-08T11:45:05.948+0000] {dag.py:2742} INFO - Sync 1 DAGs
[2025-04-08T11:45:05.962+0000] {logging_mixin.py:150} INFO - [2025-04-08T11:45:05.962+0000] {dag.py:3504} INFO - Setting next_dagrun for example_trigger_controller_dag to 2021-01-01T00:00:00+00:00, run_after=2021-01-01T00:00:00+00:00
[2025-04-08T11:45:05.977+0000] {processor.py:179} INFO - Processing /home/vscode/.local/lib/python3.10/site-packages/airflow/example_dags/example_trigger_controller_dag.py took 0.047 seconds
[2025-04-08T11:45:50.036+0000] {processor.py:157} INFO - Started process (PID=4564) to work on /home/vscode/.local/lib/python3.10/site-packages/airflow/example_dags/example_trigger_controller_dag.py
[2025-04-08T11:45:50.037+0000] {processor.py:826} INFO - Processing file /home/vscode/.local/lib/python3.10/site-packages/airflow/example_dags/example_trigger_controller_dag.py for tasks to queue
[2025-04-08T11:45:50.038+0000] {logging_mixin.py:150} INFO - [2025-04-08T11:45:50.038+0000] {dagbag.py:541} INFO - Filling up the DagBag from /home/vscode/.local/lib/python3.10/site-packages/airflow/example_dags/example_trigger_controller_dag.py
[2025-04-08T11:45:50.042+0000] {processor.py:836} INFO - DAG(s) dict_keys(['example_trigger_controller_dag']) retrieved from /home/vscode/.local/lib/python3.10/site-packages/airflow/example_dags/example_trigger_controller_dag.py
[2025-04-08T11:45:50.059+0000] {logging_mixin.py:150} INFO - [2025-04-08T11:45:50.059+0000] {dag.py:2742} INFO - Sync 1 DAGs
[2025-04-08T11:45:50.079+0000] {logging_mixin.py:150} INFO - [2025-04-08T11:45:50.079+0000] {dag.py:3504} INFO - Setting next_dagrun for example_trigger_controller_dag to 2021-01-01T00:00:00+00:00, run_after=2021-01-01T00:00:00+00:00
[2025-04-08T11:45:50.095+0000] {processor.py:179} INFO - Processing /home/vscode/.local/lib/python3.10/site-packages/airflow/example_dags/example_trigger_controller_dag.py took 0.061 seconds
[2025-04-08T11:46:32.751+0000] {processor.py:157} INFO - Started process (PID=4853) to work on /home/vscode/.local/lib/python3.10/site-packages/airflow/example_dags/example_trigger_controller_dag.py
[2025-04-08T11:46:32.752+0000] {processor.py:826} INFO - Processing file /home/vscode/.local/lib/python3.10/site-packages/airflow/example_dags/example_trigger_controller_dag.py for tasks to queue
[2025-04-08T11:46:32.752+0000] {logging_mixin.py:150} INFO - [2025-04-08T11:46:32.752+0000] {dagbag.py:541} INFO - Filling up the DagBag from /home/vscode/.local/lib/python3.10/site-packages/airflow/example_dags/example_trigger_controller_dag.py
[2025-04-08T11:46:32.756+0000] {processor.py:836} INFO - DAG(s) dict_keys(['example_trigger_controller_dag']) retrieved from /home/vscode/.local/lib/python3.10/site-packages/airflow/example_dags/example_trigger_controller_dag.py
[2025-04-08T11:46:32.768+0000] {logging_mixin.py:150} INFO - [2025-04-08T11:46:32.768+0000] {dag.py:2742} INFO - Sync 1 DAGs
[2025-04-08T11:46:32.781+0000] {logging_mixin.py:150} INFO - [2025-04-08T11:46:32.781+0000] {dag.py:3504} INFO - Setting next_dagrun for example_trigger_controller_dag to 2021-01-01T00:00:00+00:00, run_after=2021-01-01T00:00:00+00:00
[2025-04-08T11:46:32.795+0000] {processor.py:179} INFO - Processing /home/vscode/.local/lib/python3.10/site-packages/airflow/example_dags/example_trigger_controller_dag.py took 0.046 seconds
[2025-04-08T11:47:17.627+0000] {processor.py:157} INFO - Started process (PID=5146) to work on /home/vscode/.local/lib/python3.10/site-packages/airflow/example_dags/example_trigger_controller_dag.py
[2025-04-08T11:47:17.627+0000] {processor.py:826} INFO - Processing file /home/vscode/.local/lib/python3.10/site-packages/airflow/example_dags/example_trigger_controller_dag.py for tasks to queue
[2025-04-08T11:47:17.628+0000] {logging_mixin.py:150} INFO - [2025-04-08T11:47:17.628+0000] {dagbag.py:541} INFO - Filling up the DagBag from /home/vscode/.local/lib/python3.10/site-packages/airflow/example_dags/example_trigger_controller_dag.py
[2025-04-08T11:47:17.632+0000] {processor.py:836} INFO - DAG(s) dict_keys(['example_trigger_controller_dag']) retrieved from /home/vscode/.local/lib/python3.10/site-packages/airflow/example_dags/example_trigger_controller_dag.py
[2025-04-08T11:47:17.644+0000] {logging_mixin.py:150} INFO - [2025-04-08T11:47:17.644+0000] {dag.py:2742} INFO - Sync 1 DAGs
[2025-04-08T11:47:17.659+0000] {logging_mixin.py:150} INFO - [2025-04-08T11:47:17.658+0000] {dag.py:3504} INFO - Setting next_dagrun for example_trigger_controller_dag to 2021-01-01T00:00:00+00:00, run_after=2021-01-01T00:00:00+00:00
[2025-04-08T11:47:17.674+0000] {processor.py:179} INFO - Processing /home/vscode/.local/lib/python3.10/site-packages/airflow/example_dags/example_trigger_controller_dag.py took 0.049 seconds
[2025-04-08T11:48:03.726+0000] {processor.py:157} INFO - Started process (PID=5458) to work on /home/vscode/.local/lib/python3.10/site-packages/airflow/example_dags/example_trigger_controller_dag.py
[2025-04-08T11:48:03.727+0000] {processor.py:826} INFO - Processing file /home/vscode/.local/lib/python3.10/site-packages/airflow/example_dags/example_trigger_controller_dag.py for tasks to queue
[2025-04-08T11:48:03.728+0000] {logging_mixin.py:150} INFO - [2025-04-08T11:48:03.727+0000] {dagbag.py:541} INFO - Filling up the DagBag from /home/vscode/.local/lib/python3.10/site-packages/airflow/example_dags/example_trigger_controller_dag.py
[2025-04-08T11:48:03.731+0000] {processor.py:836} INFO - DAG(s) dict_keys(['example_trigger_controller_dag']) retrieved from /home/vscode/.local/lib/python3.10/site-packages/airflow/example_dags/example_trigger_controller_dag.py
[2025-04-08T11:48:03.745+0000] {logging_mixin.py:150} INFO - [2025-04-08T11:48:03.744+0000] {dag.py:2742} INFO - Sync 1 DAGs
[2025-04-08T11:48:03.761+0000] {logging_mixin.py:150} INFO - [2025-04-08T11:48:03.760+0000] {dag.py:3504} INFO - Setting next_dagrun for example_trigger_controller_dag to 2021-01-01T00:00:00+00:00, run_after=2021-01-01T00:00:00+00:00
[2025-04-08T11:48:03.776+0000] {processor.py:179} INFO - Processing /home/vscode/.local/lib/python3.10/site-packages/airflow/example_dags/example_trigger_controller_dag.py took 0.052 seconds
[2025-04-08T11:48:47.500+0000] {processor.py:157} INFO - Started process (PID=5837) to work on /home/vscode/.local/lib/python3.10/site-packages/airflow/example_dags/example_trigger_controller_dag.py
[2025-04-08T11:48:47.501+0000] {processor.py:826} INFO - Processing file /home/vscode/.local/lib/python3.10/site-packages/airflow/example_dags/example_trigger_controller_dag.py for tasks to queue
[2025-04-08T11:48:47.502+0000] {logging_mixin.py:150} INFO - [2025-04-08T11:48:47.501+0000] {dagbag.py:541} INFO - Filling up the DagBag from /home/vscode/.local/lib/python3.10/site-packages/airflow/example_dags/example_trigger_controller_dag.py
[2025-04-08T11:48:47.509+0000] {processor.py:836} INFO - DAG(s) dict_keys(['example_trigger_controller_dag']) retrieved from /home/vscode/.local/lib/python3.10/site-packages/airflow/example_dags/example_trigger_controller_dag.py
[2025-04-08T11:48:47.526+0000] {logging_mixin.py:150} INFO - [2025-04-08T11:48:47.526+0000] {dag.py:2742} INFO - Sync 1 DAGs
[2025-04-08T11:48:47.552+0000] {logging_mixin.py:150} INFO - [2025-04-08T11:48:47.552+0000] {dag.py:3504} INFO - Setting next_dagrun for example_trigger_controller_dag to 2021-01-01T00:00:00+00:00, run_after=2021-01-01T00:00:00+00:00
[2025-04-08T11:48:47.569+0000] {processor.py:179} INFO - Processing /home/vscode/.local/lib/python3.10/site-packages/airflow/example_dags/example_trigger_controller_dag.py took 0.072 seconds
[2025-04-08T11:49:30.889+0000] {processor.py:157} INFO - Started process (PID=6348) to work on /home/vscode/.local/lib/python3.10/site-packages/airflow/example_dags/example_trigger_controller_dag.py
[2025-04-08T11:49:30.889+0000] {processor.py:826} INFO - Processing file /home/vscode/.local/lib/python3.10/site-packages/airflow/example_dags/example_trigger_controller_dag.py for tasks to queue
[2025-04-08T11:49:30.890+0000] {logging_mixin.py:150} INFO - [2025-04-08T11:49:30.890+0000] {dagbag.py:541} INFO - Filling up the DagBag from /home/vscode/.local/lib/python3.10/site-packages/airflow/example_dags/example_trigger_controller_dag.py
[2025-04-08T11:49:30.893+0000] {processor.py:836} INFO - DAG(s) dict_keys(['example_trigger_controller_dag']) retrieved from /home/vscode/.local/lib/python3.10/site-packages/airflow/example_dags/example_trigger_controller_dag.py
[2025-04-08T11:49:30.906+0000] {logging_mixin.py:150} INFO - [2025-04-08T11:49:30.905+0000] {dag.py:2742} INFO - Sync 1 DAGs
[2025-04-08T11:49:30.919+0000] {logging_mixin.py:150} INFO - [2025-04-08T11:49:30.919+0000] {dag.py:3504} INFO - Setting next_dagrun for example_trigger_controller_dag to 2021-01-01T00:00:00+00:00, run_after=2021-01-01T00:00:00+00:00
[2025-04-08T11:49:30.933+0000] {processor.py:179} INFO - Processing /home/vscode/.local/lib/python3.10/site-packages/airflow/example_dags/example_trigger_controller_dag.py took 0.046 seconds
[2025-04-08T11:50:17.006+0000] {processor.py:157} INFO - Started process (PID=6849) to work on /home/vscode/.local/lib/python3.10/site-packages/airflow/example_dags/example_trigger_controller_dag.py
[2025-04-08T11:50:17.006+0000] {processor.py:826} INFO - Processing file /home/vscode/.local/lib/python3.10/site-packages/airflow/example_dags/example_trigger_controller_dag.py for tasks to queue
[2025-04-08T11:50:17.007+0000] {logging_mixin.py:150} INFO - [2025-04-08T11:50:17.007+0000] {dagbag.py:541} INFO - Filling up the DagBag from /home/vscode/.local/lib/python3.10/site-packages/airflow/example_dags/example_trigger_controller_dag.py
[2025-04-08T11:50:17.010+0000] {processor.py:836} INFO - DAG(s) dict_keys(['example_trigger_controller_dag']) retrieved from /home/vscode/.local/lib/python3.10/site-packages/airflow/example_dags/example_trigger_controller_dag.py
[2025-04-08T11:50:17.022+0000] {logging_mixin.py:150} INFO - [2025-04-08T11:50:17.022+0000] {dag.py:2742} INFO - Sync 1 DAGs
[2025-04-08T11:50:17.036+0000] {logging_mixin.py:150} INFO - [2025-04-08T11:50:17.035+0000] {dag.py:3504} INFO - Setting next_dagrun for example_trigger_controller_dag to 2021-01-01T00:00:00+00:00, run_after=2021-01-01T00:00:00+00:00
[2025-04-08T11:50:17.051+0000] {processor.py:179} INFO - Processing /home/vscode/.local/lib/python3.10/site-packages/airflow/example_dags/example_trigger_controller_dag.py took 0.047 seconds
