[2025-04-08T11:42:35.316+0000] {processor.py:157} INFO - Started process (PID=3009) to work on /home/vscode/.local/lib/python3.10/site-packages/airflow/example_dags/example_branch_operator.py
[2025-04-08T11:42:35.317+0000] {processor.py:826} INFO - Processing file /home/vscode/.local/lib/python3.10/site-packages/airflow/example_dags/example_branch_operator.py for tasks to queue
[2025-04-08T11:42:35.318+0000] {logging_mixin.py:150} INFO - [2025-04-08T11:42:35.317+0000] {dagbag.py:541} INFO - Filling up the DagBag from /home/vscode/.local/lib/python3.10/site-packages/airflow/example_dags/example_branch_operator.py
[2025-04-08T11:42:35.325+0000] {processor.py:836} INFO - DAG(s) dict_keys(['example_branch_operator']) retrieved from /home/vscode/.local/lib/python3.10/site-packages/airflow/example_dags/example_branch_operator.py
[2025-04-08T11:42:35.393+0000] {logging_mixin.py:150} INFO - [2025-04-08T11:42:35.392+0000] {manager.py:504} INFO - Created Permission View: can edit on DAG:example_branch_operator
[2025-04-08T11:42:35.400+0000] {logging_mixin.py:150} INFO - [2025-04-08T11:42:35.400+0000] {manager.py:504} INFO - Created Permission View: can read on DAG:example_branch_operator
[2025-04-08T11:42:35.406+0000] {logging_mixin.py:150} INFO - [2025-04-08T11:42:35.406+0000] {manager.py:504} INFO - Created Permission View: can delete on DAG:example_branch_operator
[2025-04-08T11:42:35.414+0000] {logging_mixin.py:150} INFO - [2025-04-08T11:42:35.413+0000] {dag.py:2742} INFO - Sync 1 DAGs
[2025-04-08T11:42:35.420+0000] {logging_mixin.py:150} INFO - [2025-04-08T11:42:35.420+0000] {dag.py:2763} INFO - Creating ORM DAG for example_branch_operator
[2025-04-08T11:42:35.427+0000] {logging_mixin.py:150} INFO - [2025-04-08T11:42:35.427+0000] {dag.py:3504} INFO - Setting next_dagrun for example_branch_operator to 2025-04-07T00:00:00+00:00, run_after=2025-04-08T00:00:00+00:00
[2025-04-08T11:42:35.443+0000] {processor.py:179} INFO - Processing /home/vscode/.local/lib/python3.10/site-packages/airflow/example_dags/example_branch_operator.py took 0.128 seconds
[2025-04-08T11:43:21.310+0000] {processor.py:157} INFO - Started process (PID=3316) to work on /home/vscode/.local/lib/python3.10/site-packages/airflow/example_dags/example_branch_operator.py
[2025-04-08T11:43:21.311+0000] {processor.py:826} INFO - Processing file /home/vscode/.local/lib/python3.10/site-packages/airflow/example_dags/example_branch_operator.py for tasks to queue
[2025-04-08T11:43:21.312+0000] {logging_mixin.py:150} INFO - [2025-04-08T11:43:21.312+0000] {dagbag.py:541} INFO - Filling up the DagBag from /home/vscode/.local/lib/python3.10/site-packages/airflow/example_dags/example_branch_operator.py
[2025-04-08T11:43:21.320+0000] {processor.py:836} INFO - DAG(s) dict_keys(['example_branch_operator']) retrieved from /home/vscode/.local/lib/python3.10/site-packages/airflow/example_dags/example_branch_operator.py
[2025-04-08T11:43:21.334+0000] {logging_mixin.py:150} INFO - [2025-04-08T11:43:21.334+0000] {dag.py:2742} INFO - Sync 1 DAGs
[2025-04-08T11:43:21.350+0000] {logging_mixin.py:150} INFO - [2025-04-08T11:43:21.350+0000] {dag.py:3504} INFO - Setting next_dagrun for example_branch_operator to 2025-04-07T00:00:00+00:00, run_after=2025-04-08T00:00:00+00:00
[2025-04-08T11:43:21.366+0000] {processor.py:179} INFO - Processing /home/vscode/.local/lib/python3.10/site-packages/airflow/example_dags/example_branch_operator.py took 0.058 seconds
[2025-04-08T11:44:09.286+0000] {processor.py:157} INFO - Started process (PID=3634) to work on /home/vscode/.local/lib/python3.10/site-packages/airflow/example_dags/example_branch_operator.py
[2025-04-08T11:44:09.287+0000] {processor.py:826} INFO - Processing file /home/vscode/.local/lib/python3.10/site-packages/airflow/example_dags/example_branch_operator.py for tasks to queue
[2025-04-08T11:44:09.287+0000] {logging_mixin.py:150} INFO - [2025-04-08T11:44:09.287+0000] {dagbag.py:541} INFO - Filling up the DagBag from /home/vscode/.local/lib/python3.10/site-packages/airflow/example_dags/example_branch_operator.py
[2025-04-08T11:44:09.294+0000] {processor.py:836} INFO - DAG(s) dict_keys(['example_branch_operator']) retrieved from /home/vscode/.local/lib/python3.10/site-packages/airflow/example_dags/example_branch_operator.py
[2025-04-08T11:44:09.309+0000] {logging_mixin.py:150} INFO - [2025-04-08T11:44:09.309+0000] {dag.py:2742} INFO - Sync 1 DAGs
[2025-04-08T11:44:09.328+0000] {logging_mixin.py:150} INFO - [2025-04-08T11:44:09.328+0000] {dag.py:3504} INFO - Setting next_dagrun for example_branch_operator to 2025-04-07T00:00:00+00:00, run_after=2025-04-08T00:00:00+00:00
[2025-04-08T11:44:09.347+0000] {processor.py:179} INFO - Processing /home/vscode/.local/lib/python3.10/site-packages/airflow/example_dags/example_branch_operator.py took 0.067 seconds
[2025-04-08T11:44:53.932+0000] {processor.py:157} INFO - Started process (PID=4052) to work on /home/vscode/.local/lib/python3.10/site-packages/airflow/example_dags/example_branch_operator.py
[2025-04-08T11:44:53.932+0000] {processor.py:826} INFO - Processing file /home/vscode/.local/lib/python3.10/site-packages/airflow/example_dags/example_branch_operator.py for tasks to queue
[2025-04-08T11:44:53.933+0000] {logging_mixin.py:150} INFO - [2025-04-08T11:44:53.933+0000] {dagbag.py:541} INFO - Filling up the DagBag from /home/vscode/.local/lib/python3.10/site-packages/airflow/example_dags/example_branch_operator.py
[2025-04-08T11:44:53.940+0000] {processor.py:836} INFO - DAG(s) dict_keys(['example_branch_operator']) retrieved from /home/vscode/.local/lib/python3.10/site-packages/airflow/example_dags/example_branch_operator.py
[2025-04-08T11:44:53.953+0000] {logging_mixin.py:150} INFO - [2025-04-08T11:44:53.953+0000] {dag.py:2742} INFO - Sync 1 DAGs
[2025-04-08T11:44:53.969+0000] {logging_mixin.py:150} INFO - [2025-04-08T11:44:53.968+0000] {dag.py:3504} INFO - Setting next_dagrun for example_branch_operator to 2025-04-07T00:00:00+00:00, run_after=2025-04-08T00:00:00+00:00
[2025-04-08T11:44:53.984+0000] {processor.py:179} INFO - Processing /home/vscode/.local/lib/python3.10/site-packages/airflow/example_dags/example_branch_operator.py took 0.054 seconds
[2025-04-08T11:45:47.808+0000] {processor.py:157} INFO - Started process (PID=4548) to work on /home/vscode/.local/lib/python3.10/site-packages/airflow/example_dags/example_branch_operator.py
[2025-04-08T11:45:47.809+0000] {processor.py:826} INFO - Processing file /home/vscode/.local/lib/python3.10/site-packages/airflow/example_dags/example_branch_operator.py for tasks to queue
[2025-04-08T11:45:47.810+0000] {logging_mixin.py:150} INFO - [2025-04-08T11:45:47.809+0000] {dagbag.py:541} INFO - Filling up the DagBag from /home/vscode/.local/lib/python3.10/site-packages/airflow/example_dags/example_branch_operator.py
[2025-04-08T11:45:47.816+0000] {processor.py:836} INFO - DAG(s) dict_keys(['example_branch_operator']) retrieved from /home/vscode/.local/lib/python3.10/site-packages/airflow/example_dags/example_branch_operator.py
[2025-04-08T11:45:47.829+0000] {logging_mixin.py:150} INFO - [2025-04-08T11:45:47.829+0000] {dag.py:2742} INFO - Sync 1 DAGs
[2025-04-08T11:45:47.844+0000] {logging_mixin.py:150} INFO - [2025-04-08T11:45:47.844+0000] {dag.py:3504} INFO - Setting next_dagrun for example_branch_operator to 2025-04-07T00:00:00+00:00, run_after=2025-04-08T00:00:00+00:00
[2025-04-08T11:45:47.859+0000] {processor.py:179} INFO - Processing /home/vscode/.local/lib/python3.10/site-packages/airflow/example_dags/example_branch_operator.py took 0.052 seconds
[2025-04-08T11:46:36.517+0000] {processor.py:157} INFO - Started process (PID=4872) to work on /home/vscode/.local/lib/python3.10/site-packages/airflow/example_dags/example_branch_operator.py
[2025-04-08T11:46:36.518+0000] {processor.py:826} INFO - Processing file /home/vscode/.local/lib/python3.10/site-packages/airflow/example_dags/example_branch_operator.py for tasks to queue
[2025-04-08T11:46:36.518+0000] {logging_mixin.py:150} INFO - [2025-04-08T11:46:36.518+0000] {dagbag.py:541} INFO - Filling up the DagBag from /home/vscode/.local/lib/python3.10/site-packages/airflow/example_dags/example_branch_operator.py
[2025-04-08T11:46:36.525+0000] {processor.py:836} INFO - DAG(s) dict_keys(['example_branch_operator']) retrieved from /home/vscode/.local/lib/python3.10/site-packages/airflow/example_dags/example_branch_operator.py
[2025-04-08T11:46:36.539+0000] {logging_mixin.py:150} INFO - [2025-04-08T11:46:36.539+0000] {dag.py:2742} INFO - Sync 1 DAGs
[2025-04-08T11:46:36.554+0000] {logging_mixin.py:150} INFO - [2025-04-08T11:46:36.554+0000] {dag.py:3504} INFO - Setting next_dagrun for example_branch_operator to 2025-04-07T00:00:00+00:00, run_after=2025-04-08T00:00:00+00:00
[2025-04-08T11:46:36.568+0000] {processor.py:179} INFO - Processing /home/vscode/.local/lib/python3.10/site-packages/airflow/example_dags/example_branch_operator.py took 0.053 seconds
[2025-04-08T11:47:21.164+0000] {processor.py:157} INFO - Started process (PID=5172) to work on /home/vscode/.local/lib/python3.10/site-packages/airflow/example_dags/example_branch_operator.py
[2025-04-08T11:47:21.165+0000] {processor.py:826} INFO - Processing file /home/vscode/.local/lib/python3.10/site-packages/airflow/example_dags/example_branch_operator.py for tasks to queue
[2025-04-08T11:47:21.165+0000] {logging_mixin.py:150} INFO - [2025-04-08T11:47:21.165+0000] {dagbag.py:541} INFO - Filling up the DagBag from /home/vscode/.local/lib/python3.10/site-packages/airflow/example_dags/example_branch_operator.py
[2025-04-08T11:47:21.174+0000] {processor.py:836} INFO - DAG(s) dict_keys(['example_branch_operator']) retrieved from /home/vscode/.local/lib/python3.10/site-packages/airflow/example_dags/example_branch_operator.py
[2025-04-08T11:47:21.187+0000] {logging_mixin.py:150} INFO - [2025-04-08T11:47:21.187+0000] {dag.py:2742} INFO - Sync 1 DAGs
[2025-04-08T11:47:21.201+0000] {logging_mixin.py:150} INFO - [2025-04-08T11:47:21.201+0000] {dag.py:3504} INFO - Setting next_dagrun for example_branch_operator to 2025-04-07T00:00:00+00:00, run_after=2025-04-08T00:00:00+00:00
[2025-04-08T11:47:21.216+0000] {processor.py:179} INFO - Processing /home/vscode/.local/lib/python3.10/site-packages/airflow/example_dags/example_branch_operator.py took 0.055 seconds
[2025-04-08T11:48:07.813+0000] {processor.py:157} INFO - Started process (PID=5484) to work on /home/vscode/.local/lib/python3.10/site-packages/airflow/example_dags/example_branch_operator.py
[2025-04-08T11:48:07.814+0000] {processor.py:826} INFO - Processing file /home/vscode/.local/lib/python3.10/site-packages/airflow/example_dags/example_branch_operator.py for tasks to queue
[2025-04-08T11:48:07.814+0000] {logging_mixin.py:150} INFO - [2025-04-08T11:48:07.814+0000] {dagbag.py:541} INFO - Filling up the DagBag from /home/vscode/.local/lib/python3.10/site-packages/airflow/example_dags/example_branch_operator.py
[2025-04-08T11:48:07.822+0000] {processor.py:836} INFO - DAG(s) dict_keys(['example_branch_operator']) retrieved from /home/vscode/.local/lib/python3.10/site-packages/airflow/example_dags/example_branch_operator.py
[2025-04-08T11:48:07.836+0000] {logging_mixin.py:150} INFO - [2025-04-08T11:48:07.836+0000] {dag.py:2742} INFO - Sync 1 DAGs
[2025-04-08T11:48:07.851+0000] {logging_mixin.py:150} INFO - [2025-04-08T11:48:07.851+0000] {dag.py:3504} INFO - Setting next_dagrun for example_branch_operator to 2025-04-07T00:00:00+00:00, run_after=2025-04-08T00:00:00+00:00
[2025-04-08T11:48:07.867+0000] {processor.py:179} INFO - Processing /home/vscode/.local/lib/python3.10/site-packages/airflow/example_dags/example_branch_operator.py took 0.056 seconds
[2025-04-08T11:48:52.635+0000] {processor.py:157} INFO - Started process (PID=5943) to work on /home/vscode/.local/lib/python3.10/site-packages/airflow/example_dags/example_branch_operator.py
[2025-04-08T11:48:52.636+0000] {processor.py:826} INFO - Processing file /home/vscode/.local/lib/python3.10/site-packages/airflow/example_dags/example_branch_operator.py for tasks to queue
[2025-04-08T11:48:52.637+0000] {logging_mixin.py:150} INFO - [2025-04-08T11:48:52.636+0000] {dagbag.py:541} INFO - Filling up the DagBag from /home/vscode/.local/lib/python3.10/site-packages/airflow/example_dags/example_branch_operator.py
[2025-04-08T11:48:52.644+0000] {processor.py:836} INFO - DAG(s) dict_keys(['example_branch_operator']) retrieved from /home/vscode/.local/lib/python3.10/site-packages/airflow/example_dags/example_branch_operator.py
[2025-04-08T11:48:52.658+0000] {logging_mixin.py:150} INFO - [2025-04-08T11:48:52.658+0000] {dag.py:2742} INFO - Sync 1 DAGs
[2025-04-08T11:48:52.673+0000] {logging_mixin.py:150} INFO - [2025-04-08T11:48:52.673+0000] {dag.py:3504} INFO - Setting next_dagrun for example_branch_operator to 2025-04-07T00:00:00+00:00, run_after=2025-04-08T00:00:00+00:00
[2025-04-08T11:48:52.689+0000] {processor.py:179} INFO - Processing /home/vscode/.local/lib/python3.10/site-packages/airflow/example_dags/example_branch_operator.py took 0.056 seconds
[2025-04-08T11:49:50.819+0000] {processor.py:157} INFO - Started process (PID=6624) to work on /home/vscode/.local/lib/python3.10/site-packages/airflow/example_dags/example_branch_operator.py
[2025-04-08T11:49:50.819+0000] {processor.py:826} INFO - Processing file /home/vscode/.local/lib/python3.10/site-packages/airflow/example_dags/example_branch_operator.py for tasks to queue
[2025-04-08T11:49:50.820+0000] {logging_mixin.py:150} INFO - [2025-04-08T11:49:50.820+0000] {dagbag.py:541} INFO - Filling up the DagBag from /home/vscode/.local/lib/python3.10/site-packages/airflow/example_dags/example_branch_operator.py
[2025-04-08T11:49:50.826+0000] {processor.py:836} INFO - DAG(s) dict_keys(['example_branch_operator']) retrieved from /home/vscode/.local/lib/python3.10/site-packages/airflow/example_dags/example_branch_operator.py
[2025-04-08T11:49:50.840+0000] {logging_mixin.py:150} INFO - [2025-04-08T11:49:50.840+0000] {dag.py:2742} INFO - Sync 1 DAGs
[2025-04-08T11:49:50.860+0000] {logging_mixin.py:150} INFO - [2025-04-08T11:49:50.859+0000] {dag.py:3504} INFO - Setting next_dagrun for example_branch_operator to 2025-04-07T00:00:00+00:00, run_after=2025-04-08T00:00:00+00:00
[2025-04-08T11:49:50.876+0000] {processor.py:179} INFO - Processing /home/vscode/.local/lib/python3.10/site-packages/airflow/example_dags/example_branch_operator.py took 0.060 seconds
[2025-04-08T11:50:36.144+0000] {processor.py:157} INFO - Started process (PID=6978) to work on /home/vscode/.local/lib/python3.10/site-packages/airflow/example_dags/example_branch_operator.py
[2025-04-08T11:50:36.145+0000] {processor.py:826} INFO - Processing file /home/vscode/.local/lib/python3.10/site-packages/airflow/example_dags/example_branch_operator.py for tasks to queue
[2025-04-08T11:50:36.145+0000] {logging_mixin.py:150} INFO - [2025-04-08T11:50:36.145+0000] {dagbag.py:541} INFO - Filling up the DagBag from /home/vscode/.local/lib/python3.10/site-packages/airflow/example_dags/example_branch_operator.py
[2025-04-08T11:50:36.153+0000] {processor.py:836} INFO - DAG(s) dict_keys(['example_branch_operator']) retrieved from /home/vscode/.local/lib/python3.10/site-packages/airflow/example_dags/example_branch_operator.py
[2025-04-08T11:50:36.168+0000] {logging_mixin.py:150} INFO - [2025-04-08T11:50:36.168+0000] {dag.py:2742} INFO - Sync 1 DAGs
[2025-04-08T11:50:36.184+0000] {logging_mixin.py:150} INFO - [2025-04-08T11:50:36.183+0000] {dag.py:3504} INFO - Setting next_dagrun for example_branch_operator to 2025-04-07T00:00:00+00:00, run_after=2025-04-08T00:00:00+00:00
[2025-04-08T11:50:36.198+0000] {processor.py:179} INFO - Processing /home/vscode/.local/lib/python3.10/site-packages/airflow/example_dags/example_branch_operator.py took 0.057 seconds
