[2025-04-08T11:42:19.702+0000] {processor.py:157} INFO - Started process (PID=2906) to work on /home/vscode/.local/lib/python3.10/site-packages/airflow/example_dags/example_dynamic_task_mapping.py
[2025-04-08T11:42:19.702+0000] {processor.py:826} INFO - Processing file /home/vscode/.local/lib/python3.10/site-packages/airflow/example_dags/example_dynamic_task_mapping.py for tasks to queue
[2025-04-08T11:42:19.703+0000] {logging_mixin.py:150} INFO - [2025-04-08T11:42:19.703+0000] {dagbag.py:541} INFO - Filling up the DagBag from /home/vscode/.local/lib/python3.10/site-packages/airflow/example_dags/example_dynamic_task_mapping.py
[2025-04-08T11:42:19.709+0000] {processor.py:836} INFO - DAG(s) dict_keys(['example_dynamic_task_mapping']) retrieved from /home/vscode/.local/lib/python3.10/site-packages/airflow/example_dags/example_dynamic_task_mapping.py
[2025-04-08T11:42:19.776+0000] {logging_mixin.py:150} INFO - [2025-04-08T11:42:19.776+0000] {manager.py:504} INFO - Created Permission View: can edit on DAG:example_dynamic_task_mapping
[2025-04-08T11:42:19.784+0000] {logging_mixin.py:150} INFO - [2025-04-08T11:42:19.783+0000] {manager.py:504} INFO - Created Permission View: can read on DAG:example_dynamic_task_mapping
[2025-04-08T11:42:19.789+0000] {logging_mixin.py:150} INFO - [2025-04-08T11:42:19.789+0000] {manager.py:504} INFO - Created Permission View: can delete on DAG:example_dynamic_task_mapping
[2025-04-08T11:42:19.797+0000] {logging_mixin.py:150} INFO - [2025-04-08T11:42:19.797+0000] {dag.py:2742} INFO - Sync 1 DAGs
[2025-04-08T11:42:19.803+0000] {logging_mixin.py:150} INFO - [2025-04-08T11:42:19.803+0000] {dag.py:2763} INFO - Creating ORM DAG for example_dynamic_task_mapping
[2025-04-08T11:42:19.809+0000] {logging_mixin.py:150} INFO - [2025-04-08T11:42:19.809+0000] {dag.py:3504} INFO - Setting next_dagrun for example_dynamic_task_mapping to 2022-03-04T00:00:00+00:00, run_after=2022-03-05T00:00:00+00:00
[2025-04-08T11:42:19.827+0000] {processor.py:179} INFO - Processing /home/vscode/.local/lib/python3.10/site-packages/airflow/example_dags/example_dynamic_task_mapping.py took 0.127 seconds
[2025-04-08T11:43:04.756+0000] {processor.py:157} INFO - Started process (PID=3207) to work on /home/vscode/.local/lib/python3.10/site-packages/airflow/example_dags/example_dynamic_task_mapping.py
[2025-04-08T11:43:04.756+0000] {processor.py:826} INFO - Processing file /home/vscode/.local/lib/python3.10/site-packages/airflow/example_dags/example_dynamic_task_mapping.py for tasks to queue
[2025-04-08T11:43:04.757+0000] {logging_mixin.py:150} INFO - [2025-04-08T11:43:04.757+0000] {dagbag.py:541} INFO - Filling up the DagBag from /home/vscode/.local/lib/python3.10/site-packages/airflow/example_dags/example_dynamic_task_mapping.py
[2025-04-08T11:43:04.763+0000] {processor.py:836} INFO - DAG(s) dict_keys(['example_dynamic_task_mapping']) retrieved from /home/vscode/.local/lib/python3.10/site-packages/airflow/example_dags/example_dynamic_task_mapping.py
[2025-04-08T11:43:04.776+0000] {logging_mixin.py:150} INFO - [2025-04-08T11:43:04.775+0000] {dag.py:2742} INFO - Sync 1 DAGs
[2025-04-08T11:43:04.791+0000] {logging_mixin.py:150} INFO - [2025-04-08T11:43:04.791+0000] {dag.py:3504} INFO - Setting next_dagrun for example_dynamic_task_mapping to 2022-03-04T00:00:00+00:00, run_after=2022-03-05T00:00:00+00:00
[2025-04-08T11:43:04.806+0000] {processor.py:179} INFO - Processing /home/vscode/.local/lib/python3.10/site-packages/airflow/example_dags/example_dynamic_task_mapping.py took 0.053 seconds
[2025-04-08T11:43:52.048+0000] {processor.py:157} INFO - Started process (PID=3516) to work on /home/vscode/.local/lib/python3.10/site-packages/airflow/example_dags/example_dynamic_task_mapping.py
[2025-04-08T11:43:52.048+0000] {processor.py:826} INFO - Processing file /home/vscode/.local/lib/python3.10/site-packages/airflow/example_dags/example_dynamic_task_mapping.py for tasks to queue
[2025-04-08T11:43:52.049+0000] {logging_mixin.py:150} INFO - [2025-04-08T11:43:52.049+0000] {dagbag.py:541} INFO - Filling up the DagBag from /home/vscode/.local/lib/python3.10/site-packages/airflow/example_dags/example_dynamic_task_mapping.py
[2025-04-08T11:43:52.055+0000] {processor.py:836} INFO - DAG(s) dict_keys(['example_dynamic_task_mapping']) retrieved from /home/vscode/.local/lib/python3.10/site-packages/airflow/example_dags/example_dynamic_task_mapping.py
[2025-04-08T11:43:52.066+0000] {logging_mixin.py:150} INFO - [2025-04-08T11:43:52.065+0000] {dag.py:2742} INFO - Sync 1 DAGs
[2025-04-08T11:43:52.086+0000] {logging_mixin.py:150} INFO - [2025-04-08T11:43:52.085+0000] {dag.py:3504} INFO - Setting next_dagrun for example_dynamic_task_mapping to 2022-03-04T00:00:00+00:00, run_after=2022-03-05T00:00:00+00:00
[2025-04-08T11:43:52.105+0000] {processor.py:179} INFO - Processing /home/vscode/.local/lib/python3.10/site-packages/airflow/example_dags/example_dynamic_task_mapping.py took 0.059 seconds
[2025-04-08T11:44:37.267+0000] {processor.py:157} INFO - Started process (PID=3912) to work on /home/vscode/.local/lib/python3.10/site-packages/airflow/example_dags/example_dynamic_task_mapping.py
[2025-04-08T11:44:37.268+0000] {processor.py:826} INFO - Processing file /home/vscode/.local/lib/python3.10/site-packages/airflow/example_dags/example_dynamic_task_mapping.py for tasks to queue
[2025-04-08T11:44:37.269+0000] {logging_mixin.py:150} INFO - [2025-04-08T11:44:37.268+0000] {dagbag.py:541} INFO - Filling up the DagBag from /home/vscode/.local/lib/python3.10/site-packages/airflow/example_dags/example_dynamic_task_mapping.py
[2025-04-08T11:44:37.274+0000] {processor.py:836} INFO - DAG(s) dict_keys(['example_dynamic_task_mapping']) retrieved from /home/vscode/.local/lib/python3.10/site-packages/airflow/example_dags/example_dynamic_task_mapping.py
[2025-04-08T11:44:37.286+0000] {logging_mixin.py:150} INFO - [2025-04-08T11:44:37.286+0000] {dag.py:2742} INFO - Sync 1 DAGs
[2025-04-08T11:44:37.300+0000] {logging_mixin.py:150} INFO - [2025-04-08T11:44:37.300+0000] {dag.py:3504} INFO - Setting next_dagrun for example_dynamic_task_mapping to 2022-03-04T00:00:00+00:00, run_after=2022-03-05T00:00:00+00:00
[2025-04-08T11:44:37.315+0000] {processor.py:179} INFO - Processing /home/vscode/.local/lib/python3.10/site-packages/airflow/example_dags/example_dynamic_task_mapping.py took 0.050 seconds
[2025-04-08T11:45:18.492+0000] {processor.py:157} INFO - Started process (PID=4263) to work on /home/vscode/.local/lib/python3.10/site-packages/airflow/example_dags/example_dynamic_task_mapping.py
[2025-04-08T11:45:18.493+0000] {processor.py:826} INFO - Processing file /home/vscode/.local/lib/python3.10/site-packages/airflow/example_dags/example_dynamic_task_mapping.py for tasks to queue
[2025-04-08T11:45:18.494+0000] {logging_mixin.py:150} INFO - [2025-04-08T11:45:18.493+0000] {dagbag.py:541} INFO - Filling up the DagBag from /home/vscode/.local/lib/python3.10/site-packages/airflow/example_dags/example_dynamic_task_mapping.py
[2025-04-08T11:45:18.499+0000] {processor.py:836} INFO - DAG(s) dict_keys(['example_dynamic_task_mapping']) retrieved from /home/vscode/.local/lib/python3.10/site-packages/airflow/example_dags/example_dynamic_task_mapping.py
[2025-04-08T11:45:18.511+0000] {logging_mixin.py:150} INFO - [2025-04-08T11:45:18.511+0000] {dag.py:2742} INFO - Sync 1 DAGs
[2025-04-08T11:45:18.526+0000] {logging_mixin.py:150} INFO - [2025-04-08T11:45:18.526+0000] {dag.py:3504} INFO - Setting next_dagrun for example_dynamic_task_mapping to 2022-03-04T00:00:00+00:00, run_after=2022-03-05T00:00:00+00:00
[2025-04-08T11:45:18.540+0000] {processor.py:179} INFO - Processing /home/vscode/.local/lib/python3.10/site-packages/airflow/example_dags/example_dynamic_task_mapping.py took 0.050 seconds
[2025-04-08T11:46:04.083+0000] {processor.py:157} INFO - Started process (PID=4658) to work on /home/vscode/.local/lib/python3.10/site-packages/airflow/example_dags/example_dynamic_task_mapping.py
[2025-04-08T11:46:04.083+0000] {processor.py:826} INFO - Processing file /home/vscode/.local/lib/python3.10/site-packages/airflow/example_dags/example_dynamic_task_mapping.py for tasks to queue
[2025-04-08T11:46:04.084+0000] {logging_mixin.py:150} INFO - [2025-04-08T11:46:04.084+0000] {dagbag.py:541} INFO - Filling up the DagBag from /home/vscode/.local/lib/python3.10/site-packages/airflow/example_dags/example_dynamic_task_mapping.py
[2025-04-08T11:46:04.089+0000] {processor.py:836} INFO - DAG(s) dict_keys(['example_dynamic_task_mapping']) retrieved from /home/vscode/.local/lib/python3.10/site-packages/airflow/example_dags/example_dynamic_task_mapping.py
[2025-04-08T11:46:04.100+0000] {logging_mixin.py:150} INFO - [2025-04-08T11:46:04.100+0000] {dag.py:2742} INFO - Sync 1 DAGs
[2025-04-08T11:46:04.114+0000] {logging_mixin.py:150} INFO - [2025-04-08T11:46:04.114+0000] {dag.py:3504} INFO - Setting next_dagrun for example_dynamic_task_mapping to 2022-03-04T00:00:00+00:00, run_after=2022-03-05T00:00:00+00:00
[2025-04-08T11:46:04.128+0000] {processor.py:179} INFO - Processing /home/vscode/.local/lib/python3.10/site-packages/airflow/example_dags/example_dynamic_task_mapping.py took 0.048 seconds
[2025-04-08T11:46:51.793+0000] {processor.py:157} INFO - Started process (PID=4982) to work on /home/vscode/.local/lib/python3.10/site-packages/airflow/example_dags/example_dynamic_task_mapping.py
[2025-04-08T11:46:51.793+0000] {processor.py:826} INFO - Processing file /home/vscode/.local/lib/python3.10/site-packages/airflow/example_dags/example_dynamic_task_mapping.py for tasks to queue
[2025-04-08T11:46:51.794+0000] {logging_mixin.py:150} INFO - [2025-04-08T11:46:51.794+0000] {dagbag.py:541} INFO - Filling up the DagBag from /home/vscode/.local/lib/python3.10/site-packages/airflow/example_dags/example_dynamic_task_mapping.py
[2025-04-08T11:46:51.799+0000] {processor.py:836} INFO - DAG(s) dict_keys(['example_dynamic_task_mapping']) retrieved from /home/vscode/.local/lib/python3.10/site-packages/airflow/example_dags/example_dynamic_task_mapping.py
[2025-04-08T11:46:51.810+0000] {logging_mixin.py:150} INFO - [2025-04-08T11:46:51.810+0000] {dag.py:2742} INFO - Sync 1 DAGs
[2025-04-08T11:46:51.823+0000] {logging_mixin.py:150} INFO - [2025-04-08T11:46:51.823+0000] {dag.py:3504} INFO - Setting next_dagrun for example_dynamic_task_mapping to 2022-03-04T00:00:00+00:00, run_after=2022-03-05T00:00:00+00:00
[2025-04-08T11:46:51.837+0000] {processor.py:179} INFO - Processing /home/vscode/.local/lib/python3.10/site-packages/airflow/example_dags/example_dynamic_task_mapping.py took 0.046 seconds
[2025-04-08T11:47:38.117+0000] {processor.py:157} INFO - Started process (PID=5283) to work on /home/vscode/.local/lib/python3.10/site-packages/airflow/example_dags/example_dynamic_task_mapping.py
[2025-04-08T11:47:38.117+0000] {processor.py:826} INFO - Processing file /home/vscode/.local/lib/python3.10/site-packages/airflow/example_dags/example_dynamic_task_mapping.py for tasks to queue
[2025-04-08T11:47:38.118+0000] {logging_mixin.py:150} INFO - [2025-04-08T11:47:38.118+0000] {dagbag.py:541} INFO - Filling up the DagBag from /home/vscode/.local/lib/python3.10/site-packages/airflow/example_dags/example_dynamic_task_mapping.py
[2025-04-08T11:47:38.124+0000] {processor.py:836} INFO - DAG(s) dict_keys(['example_dynamic_task_mapping']) retrieved from /home/vscode/.local/lib/python3.10/site-packages/airflow/example_dags/example_dynamic_task_mapping.py
[2025-04-08T11:47:38.135+0000] {logging_mixin.py:150} INFO - [2025-04-08T11:47:38.134+0000] {dag.py:2742} INFO - Sync 1 DAGs
[2025-04-08T11:47:38.149+0000] {logging_mixin.py:150} INFO - [2025-04-08T11:47:38.149+0000] {dag.py:3504} INFO - Setting next_dagrun for example_dynamic_task_mapping to 2022-03-04T00:00:00+00:00, run_after=2022-03-05T00:00:00+00:00
[2025-04-08T11:47:38.163+0000] {processor.py:179} INFO - Processing /home/vscode/.local/lib/python3.10/site-packages/airflow/example_dags/example_dynamic_task_mapping.py took 0.049 seconds
[2025-04-08T11:48:20.821+0000] {processor.py:157} INFO - Started process (PID=5580) to work on /home/vscode/.local/lib/python3.10/site-packages/airflow/example_dags/example_dynamic_task_mapping.py
[2025-04-08T11:48:20.822+0000] {processor.py:826} INFO - Processing file /home/vscode/.local/lib/python3.10/site-packages/airflow/example_dags/example_dynamic_task_mapping.py for tasks to queue
[2025-04-08T11:48:20.823+0000] {logging_mixin.py:150} INFO - [2025-04-08T11:48:20.822+0000] {dagbag.py:541} INFO - Filling up the DagBag from /home/vscode/.local/lib/python3.10/site-packages/airflow/example_dags/example_dynamic_task_mapping.py
[2025-04-08T11:48:20.828+0000] {processor.py:836} INFO - DAG(s) dict_keys(['example_dynamic_task_mapping']) retrieved from /home/vscode/.local/lib/python3.10/site-packages/airflow/example_dags/example_dynamic_task_mapping.py
[2025-04-08T11:48:20.839+0000] {logging_mixin.py:150} INFO - [2025-04-08T11:48:20.839+0000] {dag.py:2742} INFO - Sync 1 DAGs
[2025-04-08T11:48:20.853+0000] {logging_mixin.py:150} INFO - [2025-04-08T11:48:20.853+0000] {dag.py:3504} INFO - Setting next_dagrun for example_dynamic_task_mapping to 2022-03-04T00:00:00+00:00, run_after=2022-03-05T00:00:00+00:00
[2025-04-08T11:48:20.867+0000] {processor.py:179} INFO - Processing /home/vscode/.local/lib/python3.10/site-packages/airflow/example_dags/example_dynamic_task_mapping.py took 0.048 seconds
[2025-04-08T11:49:06.541+0000] {processor.py:157} INFO - Started process (PID=6083) to work on /home/vscode/.local/lib/python3.10/site-packages/airflow/example_dags/example_dynamic_task_mapping.py
[2025-04-08T11:49:06.542+0000] {processor.py:826} INFO - Processing file /home/vscode/.local/lib/python3.10/site-packages/airflow/example_dags/example_dynamic_task_mapping.py for tasks to queue
[2025-04-08T11:49:06.543+0000] {logging_mixin.py:150} INFO - [2025-04-08T11:49:06.543+0000] {dagbag.py:541} INFO - Filling up the DagBag from /home/vscode/.local/lib/python3.10/site-packages/airflow/example_dags/example_dynamic_task_mapping.py
[2025-04-08T11:49:06.549+0000] {processor.py:836} INFO - DAG(s) dict_keys(['example_dynamic_task_mapping']) retrieved from /home/vscode/.local/lib/python3.10/site-packages/airflow/example_dags/example_dynamic_task_mapping.py
[2025-04-08T11:49:06.561+0000] {logging_mixin.py:150} INFO - [2025-04-08T11:49:06.561+0000] {dag.py:2742} INFO - Sync 1 DAGs
[2025-04-08T11:49:06.576+0000] {logging_mixin.py:150} INFO - [2025-04-08T11:49:06.576+0000] {dag.py:3504} INFO - Setting next_dagrun for example_dynamic_task_mapping to 2022-03-04T00:00:00+00:00, run_after=2022-03-05T00:00:00+00:00
[2025-04-08T11:49:06.592+0000] {processor.py:179} INFO - Processing /home/vscode/.local/lib/python3.10/site-packages/airflow/example_dags/example_dynamic_task_mapping.py took 0.053 seconds
[2025-04-08T11:49:58.230+0000] {processor.py:157} INFO - Started process (PID=6715) to work on /home/vscode/.local/lib/python3.10/site-packages/airflow/example_dags/example_dynamic_task_mapping.py
[2025-04-08T11:49:58.230+0000] {processor.py:826} INFO - Processing file /home/vscode/.local/lib/python3.10/site-packages/airflow/example_dags/example_dynamic_task_mapping.py for tasks to queue
[2025-04-08T11:49:58.231+0000] {logging_mixin.py:150} INFO - [2025-04-08T11:49:58.231+0000] {dagbag.py:541} INFO - Filling up the DagBag from /home/vscode/.local/lib/python3.10/site-packages/airflow/example_dags/example_dynamic_task_mapping.py
[2025-04-08T11:49:58.237+0000] {processor.py:836} INFO - DAG(s) dict_keys(['example_dynamic_task_mapping']) retrieved from /home/vscode/.local/lib/python3.10/site-packages/airflow/example_dags/example_dynamic_task_mapping.py
[2025-04-08T11:49:58.247+0000] {logging_mixin.py:150} INFO - [2025-04-08T11:49:58.247+0000] {dag.py:2742} INFO - Sync 1 DAGs
[2025-04-08T11:49:58.261+0000] {logging_mixin.py:150} INFO - [2025-04-08T11:49:58.261+0000] {dag.py:3504} INFO - Setting next_dagrun for example_dynamic_task_mapping to 2022-03-04T00:00:00+00:00, run_after=2022-03-05T00:00:00+00:00
[2025-04-08T11:49:58.275+0000] {processor.py:179} INFO - Processing /home/vscode/.local/lib/python3.10/site-packages/airflow/example_dags/example_dynamic_task_mapping.py took 0.048 seconds
[2025-04-08T11:50:42.551+0000] {processor.py:157} INFO - Started process (PID=7025) to work on /home/vscode/.local/lib/python3.10/site-packages/airflow/example_dags/example_dynamic_task_mapping.py
[2025-04-08T11:50:42.552+0000] {processor.py:826} INFO - Processing file /home/vscode/.local/lib/python3.10/site-packages/airflow/example_dags/example_dynamic_task_mapping.py for tasks to queue
[2025-04-08T11:50:42.552+0000] {logging_mixin.py:150} INFO - [2025-04-08T11:50:42.552+0000] {dagbag.py:541} INFO - Filling up the DagBag from /home/vscode/.local/lib/python3.10/site-packages/airflow/example_dags/example_dynamic_task_mapping.py
[2025-04-08T11:50:42.558+0000] {processor.py:836} INFO - DAG(s) dict_keys(['example_dynamic_task_mapping']) retrieved from /home/vscode/.local/lib/python3.10/site-packages/airflow/example_dags/example_dynamic_task_mapping.py
[2025-04-08T11:50:42.569+0000] {logging_mixin.py:150} INFO - [2025-04-08T11:50:42.569+0000] {dag.py:2742} INFO - Sync 1 DAGs
[2025-04-08T11:50:42.583+0000] {logging_mixin.py:150} INFO - [2025-04-08T11:50:42.583+0000] {dag.py:3504} INFO - Setting next_dagrun for example_dynamic_task_mapping to 2022-03-04T00:00:00+00:00, run_after=2022-03-05T00:00:00+00:00
[2025-04-08T11:50:42.598+0000] {processor.py:179} INFO - Processing /home/vscode/.local/lib/python3.10/site-packages/airflow/example_dags/example_dynamic_task_mapping.py took 0.049 seconds
