[2025-04-08T11:42:09.461+0000] {processor.py:157} INFO - Started process (PID=2838) to work on /home/vscode/.local/lib/python3.10/site-packages/airflow/example_dags/example_python_operator.py
[2025-04-08T11:42:09.462+0000] {processor.py:826} INFO - Processing file /home/vscode/.local/lib/python3.10/site-packages/airflow/example_dags/example_python_operator.py for tasks to queue
[2025-04-08T11:42:09.462+0000] {logging_mixin.py:150} INFO - [2025-04-08T11:42:09.462+0000] {dagbag.py:541} INFO - Filling up the DagBag from /home/vscode/.local/lib/python3.10/site-packages/airflow/example_dags/example_python_operator.py
[2025-04-08T11:42:09.470+0000] {processor.py:836} INFO - DAG(s) dict_keys(['example_python_operator']) retrieved from /home/vscode/.local/lib/python3.10/site-packages/airflow/example_dags/example_python_operator.py
[2025-04-08T11:42:09.541+0000] {logging_mixin.py:150} INFO - [2025-04-08T11:42:09.540+0000] {manager.py:504} INFO - Created Permission View: can edit on DAG:example_python_operator
[2025-04-08T11:42:09.548+0000] {logging_mixin.py:150} INFO - [2025-04-08T11:42:09.548+0000] {manager.py:504} INFO - Created Permission View: can read on DAG:example_python_operator
[2025-04-08T11:42:09.554+0000] {logging_mixin.py:150} INFO - [2025-04-08T11:42:09.554+0000] {manager.py:504} INFO - Created Permission View: can delete on DAG:example_python_operator
[2025-04-08T11:42:09.563+0000] {logging_mixin.py:150} INFO - [2025-04-08T11:42:09.562+0000] {dag.py:2742} INFO - Sync 1 DAGs
[2025-04-08T11:42:09.569+0000] {logging_mixin.py:150} INFO - [2025-04-08T11:42:09.569+0000] {dag.py:2763} INFO - Creating ORM DAG for example_python_operator
[2025-04-08T11:42:09.575+0000] {logging_mixin.py:150} INFO - [2025-04-08T11:42:09.575+0000] {dag.py:3504} INFO - Setting next_dagrun for example_python_operator to None, run_after=None
[2025-04-08T11:42:09.590+0000] {processor.py:179} INFO - Processing /home/vscode/.local/lib/python3.10/site-packages/airflow/example_dags/example_python_operator.py took 0.131 seconds
[2025-04-08T11:42:54.531+0000] {processor.py:157} INFO - Started process (PID=3139) to work on /home/vscode/.local/lib/python3.10/site-packages/airflow/example_dags/example_python_operator.py
[2025-04-08T11:42:54.532+0000] {processor.py:826} INFO - Processing file /home/vscode/.local/lib/python3.10/site-packages/airflow/example_dags/example_python_operator.py for tasks to queue
[2025-04-08T11:42:54.533+0000] {logging_mixin.py:150} INFO - [2025-04-08T11:42:54.533+0000] {dagbag.py:541} INFO - Filling up the DagBag from /home/vscode/.local/lib/python3.10/site-packages/airflow/example_dags/example_python_operator.py
[2025-04-08T11:42:54.540+0000] {processor.py:836} INFO - DAG(s) dict_keys(['example_python_operator']) retrieved from /home/vscode/.local/lib/python3.10/site-packages/airflow/example_dags/example_python_operator.py
[2025-04-08T11:42:54.554+0000] {logging_mixin.py:150} INFO - [2025-04-08T11:42:54.553+0000] {dag.py:2742} INFO - Sync 1 DAGs
[2025-04-08T11:42:54.567+0000] {logging_mixin.py:150} INFO - [2025-04-08T11:42:54.567+0000] {dag.py:3504} INFO - Setting next_dagrun for example_python_operator to None, run_after=None
[2025-04-08T11:42:54.581+0000] {processor.py:179} INFO - Processing /home/vscode/.local/lib/python3.10/site-packages/airflow/example_dags/example_python_operator.py took 0.052 seconds
[2025-04-08T11:43:42.897+0000] {processor.py:157} INFO - Started process (PID=3461) to work on /home/vscode/.local/lib/python3.10/site-packages/airflow/example_dags/example_python_operator.py
[2025-04-08T11:43:42.898+0000] {processor.py:826} INFO - Processing file /home/vscode/.local/lib/python3.10/site-packages/airflow/example_dags/example_python_operator.py for tasks to queue
[2025-04-08T11:43:42.899+0000] {logging_mixin.py:150} INFO - [2025-04-08T11:43:42.898+0000] {dagbag.py:541} INFO - Filling up the DagBag from /home/vscode/.local/lib/python3.10/site-packages/airflow/example_dags/example_python_operator.py
[2025-04-08T11:43:42.906+0000] {processor.py:836} INFO - DAG(s) dict_keys(['example_python_operator']) retrieved from /home/vscode/.local/lib/python3.10/site-packages/airflow/example_dags/example_python_operator.py
[2025-04-08T11:43:42.921+0000] {logging_mixin.py:150} INFO - [2025-04-08T11:43:42.921+0000] {dag.py:2742} INFO - Sync 1 DAGs
[2025-04-08T11:43:42.935+0000] {logging_mixin.py:150} INFO - [2025-04-08T11:43:42.935+0000] {dag.py:3504} INFO - Setting next_dagrun for example_python_operator to None, run_after=None
[2025-04-08T11:43:42.950+0000] {processor.py:179} INFO - Processing /home/vscode/.local/lib/python3.10/site-packages/airflow/example_dags/example_python_operator.py took 0.056 seconds
[2025-04-08T11:44:26.983+0000] {processor.py:157} INFO - Started process (PID=3795) to work on /home/vscode/.local/lib/python3.10/site-packages/airflow/example_dags/example_python_operator.py
[2025-04-08T11:44:26.984+0000] {processor.py:826} INFO - Processing file /home/vscode/.local/lib/python3.10/site-packages/airflow/example_dags/example_python_operator.py for tasks to queue
[2025-04-08T11:44:26.985+0000] {logging_mixin.py:150} INFO - [2025-04-08T11:44:26.985+0000] {dagbag.py:541} INFO - Filling up the DagBag from /home/vscode/.local/lib/python3.10/site-packages/airflow/example_dags/example_python_operator.py
[2025-04-08T11:44:26.992+0000] {processor.py:836} INFO - DAG(s) dict_keys(['example_python_operator']) retrieved from /home/vscode/.local/lib/python3.10/site-packages/airflow/example_dags/example_python_operator.py
[2025-04-08T11:44:27.006+0000] {logging_mixin.py:150} INFO - [2025-04-08T11:44:27.006+0000] {dag.py:2742} INFO - Sync 1 DAGs
[2025-04-08T11:44:27.021+0000] {logging_mixin.py:150} INFO - [2025-04-08T11:44:27.021+0000] {dag.py:3504} INFO - Setting next_dagrun for example_python_operator to None, run_after=None
[2025-04-08T11:44:27.045+0000] {processor.py:179} INFO - Processing /home/vscode/.local/lib/python3.10/site-packages/airflow/example_dags/example_python_operator.py took 0.063 seconds
[2025-04-08T11:45:09.492+0000] {processor.py:157} INFO - Started process (PID=4184) to work on /home/vscode/.local/lib/python3.10/site-packages/airflow/example_dags/example_python_operator.py
[2025-04-08T11:45:09.493+0000] {processor.py:826} INFO - Processing file /home/vscode/.local/lib/python3.10/site-packages/airflow/example_dags/example_python_operator.py for tasks to queue
[2025-04-08T11:45:09.494+0000] {logging_mixin.py:150} INFO - [2025-04-08T11:45:09.494+0000] {dagbag.py:541} INFO - Filling up the DagBag from /home/vscode/.local/lib/python3.10/site-packages/airflow/example_dags/example_python_operator.py
[2025-04-08T11:45:09.501+0000] {processor.py:836} INFO - DAG(s) dict_keys(['example_python_operator']) retrieved from /home/vscode/.local/lib/python3.10/site-packages/airflow/example_dags/example_python_operator.py
[2025-04-08T11:45:09.515+0000] {logging_mixin.py:150} INFO - [2025-04-08T11:45:09.515+0000] {dag.py:2742} INFO - Sync 1 DAGs
[2025-04-08T11:45:09.528+0000] {logging_mixin.py:150} INFO - [2025-04-08T11:45:09.528+0000] {dag.py:3504} INFO - Setting next_dagrun for example_python_operator to None, run_after=None
[2025-04-08T11:45:09.542+0000] {processor.py:179} INFO - Processing /home/vscode/.local/lib/python3.10/site-packages/airflow/example_dags/example_python_operator.py took 0.052 seconds
[2025-04-08T11:45:54.501+0000] {processor.py:157} INFO - Started process (PID=4596) to work on /home/vscode/.local/lib/python3.10/site-packages/airflow/example_dags/example_python_operator.py
[2025-04-08T11:45:54.501+0000] {processor.py:826} INFO - Processing file /home/vscode/.local/lib/python3.10/site-packages/airflow/example_dags/example_python_operator.py for tasks to queue
[2025-04-08T11:45:54.502+0000] {logging_mixin.py:150} INFO - [2025-04-08T11:45:54.502+0000] {dagbag.py:541} INFO - Filling up the DagBag from /home/vscode/.local/lib/python3.10/site-packages/airflow/example_dags/example_python_operator.py
[2025-04-08T11:45:54.509+0000] {processor.py:836} INFO - DAG(s) dict_keys(['example_python_operator']) retrieved from /home/vscode/.local/lib/python3.10/site-packages/airflow/example_dags/example_python_operator.py
[2025-04-08T11:45:54.523+0000] {logging_mixin.py:150} INFO - [2025-04-08T11:45:54.523+0000] {dag.py:2742} INFO - Sync 1 DAGs
[2025-04-08T11:45:54.536+0000] {logging_mixin.py:150} INFO - [2025-04-08T11:45:54.536+0000] {dag.py:3504} INFO - Setting next_dagrun for example_python_operator to None, run_after=None
[2025-04-08T11:45:54.551+0000] {processor.py:179} INFO - Processing /home/vscode/.local/lib/python3.10/site-packages/airflow/example_dags/example_python_operator.py took 0.053 seconds
[2025-04-08T11:46:42.789+0000] {processor.py:157} INFO - Started process (PID=4921) to work on /home/vscode/.local/lib/python3.10/site-packages/airflow/example_dags/example_python_operator.py
[2025-04-08T11:46:42.790+0000] {processor.py:826} INFO - Processing file /home/vscode/.local/lib/python3.10/site-packages/airflow/example_dags/example_python_operator.py for tasks to queue
[2025-04-08T11:46:42.791+0000] {logging_mixin.py:150} INFO - [2025-04-08T11:46:42.790+0000] {dagbag.py:541} INFO - Filling up the DagBag from /home/vscode/.local/lib/python3.10/site-packages/airflow/example_dags/example_python_operator.py
[2025-04-08T11:46:42.798+0000] {processor.py:836} INFO - DAG(s) dict_keys(['example_python_operator']) retrieved from /home/vscode/.local/lib/python3.10/site-packages/airflow/example_dags/example_python_operator.py
[2025-04-08T11:46:42.813+0000] {logging_mixin.py:150} INFO - [2025-04-08T11:46:42.813+0000] {dag.py:2742} INFO - Sync 1 DAGs
[2025-04-08T11:46:42.827+0000] {logging_mixin.py:150} INFO - [2025-04-08T11:46:42.827+0000] {dag.py:3504} INFO - Setting next_dagrun for example_python_operator to None, run_after=None
[2025-04-08T11:46:42.842+0000] {processor.py:179} INFO - Processing /home/vscode/.local/lib/python3.10/site-packages/airflow/example_dags/example_python_operator.py took 0.055 seconds
[2025-04-08T11:47:27.901+0000] {processor.py:157} INFO - Started process (PID=5215) to work on /home/vscode/.local/lib/python3.10/site-packages/airflow/example_dags/example_python_operator.py
[2025-04-08T11:47:27.902+0000] {processor.py:826} INFO - Processing file /home/vscode/.local/lib/python3.10/site-packages/airflow/example_dags/example_python_operator.py for tasks to queue
[2025-04-08T11:47:27.902+0000] {logging_mixin.py:150} INFO - [2025-04-08T11:47:27.902+0000] {dagbag.py:541} INFO - Filling up the DagBag from /home/vscode/.local/lib/python3.10/site-packages/airflow/example_dags/example_python_operator.py
[2025-04-08T11:47:27.910+0000] {processor.py:836} INFO - DAG(s) dict_keys(['example_python_operator']) retrieved from /home/vscode/.local/lib/python3.10/site-packages/airflow/example_dags/example_python_operator.py
[2025-04-08T11:47:27.923+0000] {logging_mixin.py:150} INFO - [2025-04-08T11:47:27.923+0000] {dag.py:2742} INFO - Sync 1 DAGs
[2025-04-08T11:47:27.938+0000] {logging_mixin.py:150} INFO - [2025-04-08T11:47:27.938+0000] {dag.py:3504} INFO - Setting next_dagrun for example_python_operator to None, run_after=None
[2025-04-08T11:47:27.952+0000] {processor.py:179} INFO - Processing /home/vscode/.local/lib/python3.10/site-packages/airflow/example_dags/example_python_operator.py took 0.053 seconds
[2025-04-08T11:48:10.679+0000] {processor.py:157} INFO - Started process (PID=5501) to work on /home/vscode/.local/lib/python3.10/site-packages/airflow/example_dags/example_python_operator.py
[2025-04-08T11:48:10.680+0000] {processor.py:826} INFO - Processing file /home/vscode/.local/lib/python3.10/site-packages/airflow/example_dags/example_python_operator.py for tasks to queue
[2025-04-08T11:48:10.681+0000] {logging_mixin.py:150} INFO - [2025-04-08T11:48:10.680+0000] {dagbag.py:541} INFO - Filling up the DagBag from /home/vscode/.local/lib/python3.10/site-packages/airflow/example_dags/example_python_operator.py
[2025-04-08T11:48:10.688+0000] {processor.py:836} INFO - DAG(s) dict_keys(['example_python_operator']) retrieved from /home/vscode/.local/lib/python3.10/site-packages/airflow/example_dags/example_python_operator.py
[2025-04-08T11:48:10.703+0000] {logging_mixin.py:150} INFO - [2025-04-08T11:48:10.703+0000] {dag.py:2742} INFO - Sync 1 DAGs
[2025-04-08T11:48:10.718+0000] {logging_mixin.py:150} INFO - [2025-04-08T11:48:10.718+0000] {dag.py:3504} INFO - Setting next_dagrun for example_python_operator to None, run_after=None
[2025-04-08T11:48:10.733+0000] {processor.py:179} INFO - Processing /home/vscode/.local/lib/python3.10/site-packages/airflow/example_dags/example_python_operator.py took 0.057 seconds
[2025-04-08T11:48:57.776+0000] {processor.py:157} INFO - Started process (PID=6000) to work on /home/vscode/.local/lib/python3.10/site-packages/airflow/example_dags/example_python_operator.py
[2025-04-08T11:48:57.777+0000] {processor.py:826} INFO - Processing file /home/vscode/.local/lib/python3.10/site-packages/airflow/example_dags/example_python_operator.py for tasks to queue
[2025-04-08T11:48:57.777+0000] {logging_mixin.py:150} INFO - [2025-04-08T11:48:57.777+0000] {dagbag.py:541} INFO - Filling up the DagBag from /home/vscode/.local/lib/python3.10/site-packages/airflow/example_dags/example_python_operator.py
[2025-04-08T11:48:57.785+0000] {processor.py:836} INFO - DAG(s) dict_keys(['example_python_operator']) retrieved from /home/vscode/.local/lib/python3.10/site-packages/airflow/example_dags/example_python_operator.py
[2025-04-08T11:48:57.800+0000] {logging_mixin.py:150} INFO - [2025-04-08T11:48:57.800+0000] {dag.py:2742} INFO - Sync 1 DAGs
[2025-04-08T11:48:57.815+0000] {logging_mixin.py:150} INFO - [2025-04-08T11:48:57.815+0000] {dag.py:3504} INFO - Setting next_dagrun for example_python_operator to None, run_after=None
[2025-04-08T11:48:57.830+0000] {processor.py:179} INFO - Processing /home/vscode/.local/lib/python3.10/site-packages/airflow/example_dags/example_python_operator.py took 0.056 seconds
[2025-04-08T11:49:40.030+0000] {processor.py:157} INFO - Started process (PID=6493) to work on /home/vscode/.local/lib/python3.10/site-packages/airflow/example_dags/example_python_operator.py
[2025-04-08T11:49:40.031+0000] {processor.py:826} INFO - Processing file /home/vscode/.local/lib/python3.10/site-packages/airflow/example_dags/example_python_operator.py for tasks to queue
[2025-04-08T11:49:40.032+0000] {logging_mixin.py:150} INFO - [2025-04-08T11:49:40.031+0000] {dagbag.py:541} INFO - Filling up the DagBag from /home/vscode/.local/lib/python3.10/site-packages/airflow/example_dags/example_python_operator.py
[2025-04-08T11:49:40.040+0000] {processor.py:836} INFO - DAG(s) dict_keys(['example_python_operator']) retrieved from /home/vscode/.local/lib/python3.10/site-packages/airflow/example_dags/example_python_operator.py
[2025-04-08T11:49:40.055+0000] {logging_mixin.py:150} INFO - [2025-04-08T11:49:40.055+0000] {dag.py:2742} INFO - Sync 1 DAGs
[2025-04-08T11:49:40.069+0000] {logging_mixin.py:150} INFO - [2025-04-08T11:49:40.069+0000] {dag.py:3504} INFO - Setting next_dagrun for example_python_operator to None, run_after=None
[2025-04-08T11:49:40.084+0000] {processor.py:179} INFO - Processing /home/vscode/.local/lib/python3.10/site-packages/airflow/example_dags/example_python_operator.py took 0.056 seconds
[2025-04-08T11:50:23.872+0000] {processor.py:157} INFO - Started process (PID=6899) to work on /home/vscode/.local/lib/python3.10/site-packages/airflow/example_dags/example_python_operator.py
[2025-04-08T11:50:23.873+0000] {processor.py:826} INFO - Processing file /home/vscode/.local/lib/python3.10/site-packages/airflow/example_dags/example_python_operator.py for tasks to queue
[2025-04-08T11:50:23.873+0000] {logging_mixin.py:150} INFO - [2025-04-08T11:50:23.873+0000] {dagbag.py:541} INFO - Filling up the DagBag from /home/vscode/.local/lib/python3.10/site-packages/airflow/example_dags/example_python_operator.py
[2025-04-08T11:50:23.881+0000] {processor.py:836} INFO - DAG(s) dict_keys(['example_python_operator']) retrieved from /home/vscode/.local/lib/python3.10/site-packages/airflow/example_dags/example_python_operator.py
[2025-04-08T11:50:23.894+0000] {logging_mixin.py:150} INFO - [2025-04-08T11:50:23.894+0000] {dag.py:2742} INFO - Sync 1 DAGs
[2025-04-08T11:50:23.908+0000] {logging_mixin.py:150} INFO - [2025-04-08T11:50:23.908+0000] {dag.py:3504} INFO - Setting next_dagrun for example_python_operator to None, run_after=None
[2025-04-08T11:50:23.923+0000] {processor.py:179} INFO - Processing /home/vscode/.local/lib/python3.10/site-packages/airflow/example_dags/example_python_operator.py took 0.052 seconds
