[2025-04-08T11:42:21.234+0000] {processor.py:157} INFO - Started process (PID=2921) to work on /home/vscode/.local/lib/python3.10/site-packages/airflow/example_dags/example_dynamic_task_mapping_with_no_taskflow_operators.py
[2025-04-08T11:42:21.235+0000] {processor.py:826} INFO - Processing file /home/vscode/.local/lib/python3.10/site-packages/airflow/example_dags/example_dynamic_task_mapping_with_no_taskflow_operators.py for tasks to queue
[2025-04-08T11:42:21.235+0000] {logging_mixin.py:150} INFO - [2025-04-08T11:42:21.235+0000] {dagbag.py:541} INFO - Filling up the DagBag from /home/vscode/.local/lib/python3.10/site-packages/airflow/example_dags/example_dynamic_task_mapping_with_no_taskflow_operators.py
[2025-04-08T11:42:21.240+0000] {processor.py:836} INFO - DAG(s) dict_keys(['example_dynamic_task_mapping_with_no_taskflow_operators']) retrieved from /home/vscode/.local/lib/python3.10/site-packages/airflow/example_dags/example_dynamic_task_mapping_with_no_taskflow_operators.py
[2025-04-08T11:42:21.329+0000] {logging_mixin.py:150} INFO - [2025-04-08T11:42:21.329+0000] {manager.py:504} INFO - Created Permission View: can edit on DAG:example_dynamic_task_mapping_with_no_taskflow_operators
[2025-04-08T11:42:21.337+0000] {logging_mixin.py:150} INFO - [2025-04-08T11:42:21.337+0000] {manager.py:504} INFO - Created Permission View: can read on DAG:example_dynamic_task_mapping_with_no_taskflow_operators
[2025-04-08T11:42:21.342+0000] {logging_mixin.py:150} INFO - [2025-04-08T11:42:21.342+0000] {manager.py:504} INFO - Created Permission View: can delete on DAG:example_dynamic_task_mapping_with_no_taskflow_operators
[2025-04-08T11:42:21.349+0000] {logging_mixin.py:150} INFO - [2025-04-08T11:42:21.349+0000] {dag.py:2742} INFO - Sync 1 DAGs
[2025-04-08T11:42:21.356+0000] {logging_mixin.py:150} INFO - [2025-04-08T11:42:21.356+0000] {dag.py:2763} INFO - Creating ORM DAG for example_dynamic_task_mapping_with_no_taskflow_operators
[2025-04-08T11:42:21.362+0000] {logging_mixin.py:150} INFO - [2025-04-08T11:42:21.362+0000] {dag.py:3504} INFO - Setting next_dagrun for example_dynamic_task_mapping_with_no_taskflow_operators to 2025-04-07T11:42:21.361922+00:00, run_after=2025-04-08T11:42:21.361922+00:00
[2025-04-08T11:42:21.375+0000] {processor.py:179} INFO - Processing /home/vscode/.local/lib/python3.10/site-packages/airflow/example_dags/example_dynamic_task_mapping_with_no_taskflow_operators.py took 0.143 seconds
[2025-04-08T11:43:06.806+0000] {processor.py:157} INFO - Started process (PID=3217) to work on /home/vscode/.local/lib/python3.10/site-packages/airflow/example_dags/example_dynamic_task_mapping_with_no_taskflow_operators.py
[2025-04-08T11:43:06.807+0000] {processor.py:826} INFO - Processing file /home/vscode/.local/lib/python3.10/site-packages/airflow/example_dags/example_dynamic_task_mapping_with_no_taskflow_operators.py for tasks to queue
[2025-04-08T11:43:06.808+0000] {logging_mixin.py:150} INFO - [2025-04-08T11:43:06.807+0000] {dagbag.py:541} INFO - Filling up the DagBag from /home/vscode/.local/lib/python3.10/site-packages/airflow/example_dags/example_dynamic_task_mapping_with_no_taskflow_operators.py
[2025-04-08T11:43:06.813+0000] {processor.py:836} INFO - DAG(s) dict_keys(['example_dynamic_task_mapping_with_no_taskflow_operators']) retrieved from /home/vscode/.local/lib/python3.10/site-packages/airflow/example_dags/example_dynamic_task_mapping_with_no_taskflow_operators.py
[2025-04-08T11:43:06.826+0000] {logging_mixin.py:150} INFO - [2025-04-08T11:43:06.826+0000] {dag.py:2742} INFO - Sync 1 DAGs
[2025-04-08T11:43:06.840+0000] {logging_mixin.py:150} INFO - [2025-04-08T11:43:06.840+0000] {dag.py:3504} INFO - Setting next_dagrun for example_dynamic_task_mapping_with_no_taskflow_operators to 2025-04-07T11:43:06.840574+00:00, run_after=2025-04-08T11:43:06.840574+00:00
[2025-04-08T11:43:06.856+0000] {processor.py:179} INFO - Processing /home/vscode/.local/lib/python3.10/site-packages/airflow/example_dags/example_dynamic_task_mapping_with_no_taskflow_operators.py took 0.052 seconds
[2025-04-08T11:43:53.790+0000] {processor.py:157} INFO - Started process (PID=3532) to work on /home/vscode/.local/lib/python3.10/site-packages/airflow/example_dags/example_dynamic_task_mapping_with_no_taskflow_operators.py
[2025-04-08T11:43:53.791+0000] {processor.py:826} INFO - Processing file /home/vscode/.local/lib/python3.10/site-packages/airflow/example_dags/example_dynamic_task_mapping_with_no_taskflow_operators.py for tasks to queue
[2025-04-08T11:43:53.792+0000] {logging_mixin.py:150} INFO - [2025-04-08T11:43:53.791+0000] {dagbag.py:541} INFO - Filling up the DagBag from /home/vscode/.local/lib/python3.10/site-packages/airflow/example_dags/example_dynamic_task_mapping_with_no_taskflow_operators.py
[2025-04-08T11:43:53.800+0000] {processor.py:836} INFO - DAG(s) dict_keys(['example_dynamic_task_mapping_with_no_taskflow_operators']) retrieved from /home/vscode/.local/lib/python3.10/site-packages/airflow/example_dags/example_dynamic_task_mapping_with_no_taskflow_operators.py
[2025-04-08T11:43:53.815+0000] {logging_mixin.py:150} INFO - [2025-04-08T11:43:53.815+0000] {dag.py:2742} INFO - Sync 1 DAGs
[2025-04-08T11:43:53.830+0000] {logging_mixin.py:150} INFO - [2025-04-08T11:43:53.830+0000] {dag.py:3504} INFO - Setting next_dagrun for example_dynamic_task_mapping_with_no_taskflow_operators to 2025-04-07T11:43:53.830023+00:00, run_after=2025-04-08T11:43:53.830023+00:00
[2025-04-08T11:43:53.847+0000] {processor.py:179} INFO - Processing /home/vscode/.local/lib/python3.10/site-packages/airflow/example_dags/example_dynamic_task_mapping_with_no_taskflow_operators.py took 0.060 seconds
[2025-04-08T11:44:39.089+0000] {processor.py:157} INFO - Started process (PID=3934) to work on /home/vscode/.local/lib/python3.10/site-packages/airflow/example_dags/example_dynamic_task_mapping_with_no_taskflow_operators.py
[2025-04-08T11:44:39.089+0000] {processor.py:826} INFO - Processing file /home/vscode/.local/lib/python3.10/site-packages/airflow/example_dags/example_dynamic_task_mapping_with_no_taskflow_operators.py for tasks to queue
[2025-04-08T11:44:39.090+0000] {logging_mixin.py:150} INFO - [2025-04-08T11:44:39.090+0000] {dagbag.py:541} INFO - Filling up the DagBag from /home/vscode/.local/lib/python3.10/site-packages/airflow/example_dags/example_dynamic_task_mapping_with_no_taskflow_operators.py
[2025-04-08T11:44:39.096+0000] {processor.py:836} INFO - DAG(s) dict_keys(['example_dynamic_task_mapping_with_no_taskflow_operators']) retrieved from /home/vscode/.local/lib/python3.10/site-packages/airflow/example_dags/example_dynamic_task_mapping_with_no_taskflow_operators.py
[2025-04-08T11:44:39.107+0000] {logging_mixin.py:150} INFO - [2025-04-08T11:44:39.107+0000] {dag.py:2742} INFO - Sync 1 DAGs
[2025-04-08T11:44:39.122+0000] {logging_mixin.py:150} INFO - [2025-04-08T11:44:39.121+0000] {dag.py:3504} INFO - Setting next_dagrun for example_dynamic_task_mapping_with_no_taskflow_operators to 2025-04-07T11:44:39.121770+00:00, run_after=2025-04-08T11:44:39.121770+00:00
[2025-04-08T11:44:39.136+0000] {processor.py:179} INFO - Processing /home/vscode/.local/lib/python3.10/site-packages/airflow/example_dags/example_dynamic_task_mapping_with_no_taskflow_operators.py took 0.049 seconds
[2025-04-08T11:45:23.621+0000] {processor.py:157} INFO - Started process (PID=4321) to work on /home/vscode/.local/lib/python3.10/site-packages/airflow/example_dags/example_dynamic_task_mapping_with_no_taskflow_operators.py
[2025-04-08T11:45:23.622+0000] {processor.py:826} INFO - Processing file /home/vscode/.local/lib/python3.10/site-packages/airflow/example_dags/example_dynamic_task_mapping_with_no_taskflow_operators.py for tasks to queue
[2025-04-08T11:45:23.623+0000] {logging_mixin.py:150} INFO - [2025-04-08T11:45:23.623+0000] {dagbag.py:541} INFO - Filling up the DagBag from /home/vscode/.local/lib/python3.10/site-packages/airflow/example_dags/example_dynamic_task_mapping_with_no_taskflow_operators.py
[2025-04-08T11:45:23.628+0000] {processor.py:836} INFO - DAG(s) dict_keys(['example_dynamic_task_mapping_with_no_taskflow_operators']) retrieved from /home/vscode/.local/lib/python3.10/site-packages/airflow/example_dags/example_dynamic_task_mapping_with_no_taskflow_operators.py
[2025-04-08T11:45:23.639+0000] {logging_mixin.py:150} INFO - [2025-04-08T11:45:23.638+0000] {dag.py:2742} INFO - Sync 1 DAGs
[2025-04-08T11:45:23.652+0000] {logging_mixin.py:150} INFO - [2025-04-08T11:45:23.652+0000] {dag.py:3504} INFO - Setting next_dagrun for example_dynamic_task_mapping_with_no_taskflow_operators to 2025-04-07T11:45:23.652208+00:00, run_after=2025-04-08T11:45:23.652208+00:00
[2025-04-08T11:45:23.666+0000] {processor.py:179} INFO - Processing /home/vscode/.local/lib/python3.10/site-packages/airflow/example_dags/example_dynamic_task_mapping_with_no_taskflow_operators.py took 0.047 seconds
[2025-04-08T11:46:10.299+0000] {processor.py:157} INFO - Started process (PID=4706) to work on /home/vscode/.local/lib/python3.10/site-packages/airflow/example_dags/example_dynamic_task_mapping_with_no_taskflow_operators.py
[2025-04-08T11:46:10.300+0000] {processor.py:826} INFO - Processing file /home/vscode/.local/lib/python3.10/site-packages/airflow/example_dags/example_dynamic_task_mapping_with_no_taskflow_operators.py for tasks to queue
[2025-04-08T11:46:10.300+0000] {logging_mixin.py:150} INFO - [2025-04-08T11:46:10.300+0000] {dagbag.py:541} INFO - Filling up the DagBag from /home/vscode/.local/lib/python3.10/site-packages/airflow/example_dags/example_dynamic_task_mapping_with_no_taskflow_operators.py
[2025-04-08T11:46:10.306+0000] {processor.py:836} INFO - DAG(s) dict_keys(['example_dynamic_task_mapping_with_no_taskflow_operators']) retrieved from /home/vscode/.local/lib/python3.10/site-packages/airflow/example_dags/example_dynamic_task_mapping_with_no_taskflow_operators.py
[2025-04-08T11:46:10.317+0000] {logging_mixin.py:150} INFO - [2025-04-08T11:46:10.317+0000] {dag.py:2742} INFO - Sync 1 DAGs
[2025-04-08T11:46:10.331+0000] {logging_mixin.py:150} INFO - [2025-04-08T11:46:10.331+0000] {dag.py:3504} INFO - Setting next_dagrun for example_dynamic_task_mapping_with_no_taskflow_operators to 2025-04-07T11:46:10.331175+00:00, run_after=2025-04-08T11:46:10.331175+00:00
[2025-04-08T11:46:10.345+0000] {processor.py:179} INFO - Processing /home/vscode/.local/lib/python3.10/site-packages/airflow/example_dags/example_dynamic_task_mapping_with_no_taskflow_operators.py took 0.048 seconds
[2025-04-08T11:46:57.065+0000] {processor.py:157} INFO - Started process (PID=5015) to work on /home/vscode/.local/lib/python3.10/site-packages/airflow/example_dags/example_dynamic_task_mapping_with_no_taskflow_operators.py
[2025-04-08T11:46:57.066+0000] {processor.py:826} INFO - Processing file /home/vscode/.local/lib/python3.10/site-packages/airflow/example_dags/example_dynamic_task_mapping_with_no_taskflow_operators.py for tasks to queue
[2025-04-08T11:46:57.067+0000] {logging_mixin.py:150} INFO - [2025-04-08T11:46:57.067+0000] {dagbag.py:541} INFO - Filling up the DagBag from /home/vscode/.local/lib/python3.10/site-packages/airflow/example_dags/example_dynamic_task_mapping_with_no_taskflow_operators.py
[2025-04-08T11:46:57.072+0000] {processor.py:836} INFO - DAG(s) dict_keys(['example_dynamic_task_mapping_with_no_taskflow_operators']) retrieved from /home/vscode/.local/lib/python3.10/site-packages/airflow/example_dags/example_dynamic_task_mapping_with_no_taskflow_operators.py
[2025-04-08T11:46:57.083+0000] {logging_mixin.py:150} INFO - [2025-04-08T11:46:57.083+0000] {dag.py:2742} INFO - Sync 1 DAGs
[2025-04-08T11:46:57.097+0000] {logging_mixin.py:150} INFO - [2025-04-08T11:46:57.097+0000] {dag.py:3504} INFO - Setting next_dagrun for example_dynamic_task_mapping_with_no_taskflow_operators to 2025-04-07T11:46:57.096937+00:00, run_after=2025-04-08T11:46:57.096937+00:00
[2025-04-08T11:46:57.111+0000] {processor.py:179} INFO - Processing /home/vscode/.local/lib/python3.10/site-packages/airflow/example_dags/example_dynamic_task_mapping_with_no_taskflow_operators.py took 0.047 seconds
[2025-04-08T11:47:44.982+0000] {processor.py:157} INFO - Started process (PID=5328) to work on /home/vscode/.local/lib/python3.10/site-packages/airflow/example_dags/example_dynamic_task_mapping_with_no_taskflow_operators.py
[2025-04-08T11:47:44.983+0000] {processor.py:826} INFO - Processing file /home/vscode/.local/lib/python3.10/site-packages/airflow/example_dags/example_dynamic_task_mapping_with_no_taskflow_operators.py for tasks to queue
[2025-04-08T11:47:44.984+0000] {logging_mixin.py:150} INFO - [2025-04-08T11:47:44.983+0000] {dagbag.py:541} INFO - Filling up the DagBag from /home/vscode/.local/lib/python3.10/site-packages/airflow/example_dags/example_dynamic_task_mapping_with_no_taskflow_operators.py
[2025-04-08T11:47:44.990+0000] {processor.py:836} INFO - DAG(s) dict_keys(['example_dynamic_task_mapping_with_no_taskflow_operators']) retrieved from /home/vscode/.local/lib/python3.10/site-packages/airflow/example_dags/example_dynamic_task_mapping_with_no_taskflow_operators.py
[2025-04-08T11:47:45.006+0000] {logging_mixin.py:150} INFO - [2025-04-08T11:47:45.006+0000] {dag.py:2742} INFO - Sync 1 DAGs
[2025-04-08T11:47:45.026+0000] {logging_mixin.py:150} INFO - [2025-04-08T11:47:45.026+0000] {dag.py:3504} INFO - Setting next_dagrun for example_dynamic_task_mapping_with_no_taskflow_operators to 2025-04-07T11:47:45.026407+00:00, run_after=2025-04-08T11:47:45.026407+00:00
[2025-04-08T11:47:45.040+0000] {processor.py:179} INFO - Processing /home/vscode/.local/lib/python3.10/site-packages/airflow/example_dags/example_dynamic_task_mapping_with_no_taskflow_operators.py took 0.060 seconds
[2025-04-08T11:48:29.373+0000] {processor.py:157} INFO - Started process (PID=5644) to work on /home/vscode/.local/lib/python3.10/site-packages/airflow/example_dags/example_dynamic_task_mapping_with_no_taskflow_operators.py
[2025-04-08T11:48:29.373+0000] {processor.py:826} INFO - Processing file /home/vscode/.local/lib/python3.10/site-packages/airflow/example_dags/example_dynamic_task_mapping_with_no_taskflow_operators.py for tasks to queue
[2025-04-08T11:48:29.374+0000] {logging_mixin.py:150} INFO - [2025-04-08T11:48:29.374+0000] {dagbag.py:541} INFO - Filling up the DagBag from /home/vscode/.local/lib/python3.10/site-packages/airflow/example_dags/example_dynamic_task_mapping_with_no_taskflow_operators.py
[2025-04-08T11:48:29.380+0000] {processor.py:836} INFO - DAG(s) dict_keys(['example_dynamic_task_mapping_with_no_taskflow_operators']) retrieved from /home/vscode/.local/lib/python3.10/site-packages/airflow/example_dags/example_dynamic_task_mapping_with_no_taskflow_operators.py
[2025-04-08T11:48:29.391+0000] {logging_mixin.py:150} INFO - [2025-04-08T11:48:29.390+0000] {dag.py:2742} INFO - Sync 1 DAGs
[2025-04-08T11:48:29.405+0000] {logging_mixin.py:150} INFO - [2025-04-08T11:48:29.405+0000] {dag.py:3504} INFO - Setting next_dagrun for example_dynamic_task_mapping_with_no_taskflow_operators to 2025-04-07T11:48:29.404927+00:00, run_after=2025-04-08T11:48:29.404927+00:00
[2025-04-08T11:48:29.421+0000] {processor.py:179} INFO - Processing /home/vscode/.local/lib/python3.10/site-packages/airflow/example_dags/example_dynamic_task_mapping_with_no_taskflow_operators.py took 0.050 seconds
[2025-04-08T11:49:12.055+0000] {processor.py:157} INFO - Started process (PID=6148) to work on /home/vscode/.local/lib/python3.10/site-packages/airflow/example_dags/example_dynamic_task_mapping_with_no_taskflow_operators.py
[2025-04-08T11:49:12.056+0000] {processor.py:826} INFO - Processing file /home/vscode/.local/lib/python3.10/site-packages/airflow/example_dags/example_dynamic_task_mapping_with_no_taskflow_operators.py for tasks to queue
[2025-04-08T11:49:12.057+0000] {logging_mixin.py:150} INFO - [2025-04-08T11:49:12.056+0000] {dagbag.py:541} INFO - Filling up the DagBag from /home/vscode/.local/lib/python3.10/site-packages/airflow/example_dags/example_dynamic_task_mapping_with_no_taskflow_operators.py
[2025-04-08T11:49:12.063+0000] {processor.py:836} INFO - DAG(s) dict_keys(['example_dynamic_task_mapping_with_no_taskflow_operators']) retrieved from /home/vscode/.local/lib/python3.10/site-packages/airflow/example_dags/example_dynamic_task_mapping_with_no_taskflow_operators.py
[2025-04-08T11:49:12.074+0000] {logging_mixin.py:150} INFO - [2025-04-08T11:49:12.074+0000] {dag.py:2742} INFO - Sync 1 DAGs
[2025-04-08T11:49:12.089+0000] {logging_mixin.py:150} INFO - [2025-04-08T11:49:12.089+0000] {dag.py:3504} INFO - Setting next_dagrun for example_dynamic_task_mapping_with_no_taskflow_operators to 2025-04-07T11:49:12.089331+00:00, run_after=2025-04-08T11:49:12.089331+00:00
[2025-04-08T11:49:12.105+0000] {processor.py:179} INFO - Processing /home/vscode/.local/lib/python3.10/site-packages/airflow/example_dags/example_dynamic_task_mapping_with_no_taskflow_operators.py took 0.052 seconds
[2025-04-08T11:50:00.508+0000] {processor.py:157} INFO - Started process (PID=6731) to work on /home/vscode/.local/lib/python3.10/site-packages/airflow/example_dags/example_dynamic_task_mapping_with_no_taskflow_operators.py
[2025-04-08T11:50:00.508+0000] {processor.py:826} INFO - Processing file /home/vscode/.local/lib/python3.10/site-packages/airflow/example_dags/example_dynamic_task_mapping_with_no_taskflow_operators.py for tasks to queue
[2025-04-08T11:50:00.509+0000] {logging_mixin.py:150} INFO - [2025-04-08T11:50:00.509+0000] {dagbag.py:541} INFO - Filling up the DagBag from /home/vscode/.local/lib/python3.10/site-packages/airflow/example_dags/example_dynamic_task_mapping_with_no_taskflow_operators.py
[2025-04-08T11:50:00.515+0000] {processor.py:836} INFO - DAG(s) dict_keys(['example_dynamic_task_mapping_with_no_taskflow_operators']) retrieved from /home/vscode/.local/lib/python3.10/site-packages/airflow/example_dags/example_dynamic_task_mapping_with_no_taskflow_operators.py
[2025-04-08T11:50:00.526+0000] {logging_mixin.py:150} INFO - [2025-04-08T11:50:00.525+0000] {dag.py:2742} INFO - Sync 1 DAGs
[2025-04-08T11:50:00.540+0000] {logging_mixin.py:150} INFO - [2025-04-08T11:50:00.540+0000] {dag.py:3504} INFO - Setting next_dagrun for example_dynamic_task_mapping_with_no_taskflow_operators to 2025-04-07T11:50:00.540092+00:00, run_after=2025-04-08T11:50:00.540092+00:00
[2025-04-08T11:50:00.554+0000] {processor.py:179} INFO - Processing /home/vscode/.local/lib/python3.10/site-packages/airflow/example_dags/example_dynamic_task_mapping_with_no_taskflow_operators.py took 0.049 seconds
[2025-04-08T11:50:44.429+0000] {processor.py:157} INFO - Started process (PID=7046) to work on /home/vscode/.local/lib/python3.10/site-packages/airflow/example_dags/example_dynamic_task_mapping_with_no_taskflow_operators.py
[2025-04-08T11:50:44.429+0000] {processor.py:826} INFO - Processing file /home/vscode/.local/lib/python3.10/site-packages/airflow/example_dags/example_dynamic_task_mapping_with_no_taskflow_operators.py for tasks to queue
[2025-04-08T11:50:44.430+0000] {logging_mixin.py:150} INFO - [2025-04-08T11:50:44.430+0000] {dagbag.py:541} INFO - Filling up the DagBag from /home/vscode/.local/lib/python3.10/site-packages/airflow/example_dags/example_dynamic_task_mapping_with_no_taskflow_operators.py
[2025-04-08T11:50:44.435+0000] {processor.py:836} INFO - DAG(s) dict_keys(['example_dynamic_task_mapping_with_no_taskflow_operators']) retrieved from /home/vscode/.local/lib/python3.10/site-packages/airflow/example_dags/example_dynamic_task_mapping_with_no_taskflow_operators.py
[2025-04-08T11:50:44.447+0000] {logging_mixin.py:150} INFO - [2025-04-08T11:50:44.446+0000] {dag.py:2742} INFO - Sync 1 DAGs
[2025-04-08T11:50:44.461+0000] {logging_mixin.py:150} INFO - [2025-04-08T11:50:44.460+0000] {dag.py:3504} INFO - Setting next_dagrun for example_dynamic_task_mapping_with_no_taskflow_operators to 2025-04-07T11:50:44.460764+00:00, run_after=2025-04-08T11:50:44.460764+00:00
[2025-04-08T11:50:44.476+0000] {processor.py:179} INFO - Processing /home/vscode/.local/lib/python3.10/site-packages/airflow/example_dags/example_dynamic_task_mapping_with_no_taskflow_operators.py took 0.050 seconds
