[2025-04-08T11:42:03.015+0000] {processor.py:157} INFO - Started process (PID=2795) to work on /home/vscode/.local/lib/python3.10/site-packages/airflow/example_dags/example_subdag_operator.py
[2025-04-08T11:42:03.015+0000] {processor.py:826} INFO - Processing file /home/vscode/.local/lib/python3.10/site-packages/airflow/example_dags/example_subdag_operator.py for tasks to queue
[2025-04-08T11:42:03.016+0000] {logging_mixin.py:150} INFO - [2025-04-08T11:42:03.016+0000] {dagbag.py:541} INFO - Filling up the DagBag from /home/vscode/.local/lib/python3.10/site-packages/airflow/example_dags/example_subdag_operator.py
[2025-04-08T11:42:03.030+0000] {processor.py:836} INFO - DAG(s) dict_keys(['example_subdag_operator.section-1', 'example_subdag_operator.section-2', 'example_subdag_operator']) retrieved from /home/vscode/.local/lib/python3.10/site-packages/airflow/example_dags/example_subdag_operator.py
[2025-04-08T11:42:03.099+0000] {logging_mixin.py:150} INFO - [2025-04-08T11:42:03.099+0000] {manager.py:504} INFO - Created Permission View: can edit on DAG:example_subdag_operator
[2025-04-08T11:42:03.107+0000] {logging_mixin.py:150} INFO - [2025-04-08T11:42:03.107+0000] {manager.py:504} INFO - Created Permission View: can read on DAG:example_subdag_operator
[2025-04-08T11:42:03.112+0000] {logging_mixin.py:150} INFO - [2025-04-08T11:42:03.112+0000] {manager.py:504} INFO - Created Permission View: can delete on DAG:example_subdag_operator
[2025-04-08T11:42:03.121+0000] {logging_mixin.py:150} INFO - [2025-04-08T11:42:03.121+0000] {dag.py:2742} INFO - Sync 3 DAGs
[2025-04-08T11:42:03.127+0000] {logging_mixin.py:150} INFO - [2025-04-08T11:42:03.127+0000] {dag.py:2763} INFO - Creating ORM DAG for example_subdag_operator.section-2
[2025-04-08T11:42:03.128+0000] {logging_mixin.py:150} INFO - [2025-04-08T11:42:03.128+0000] {dag.py:2763} INFO - Creating ORM DAG for example_subdag_operator.section-1
[2025-04-08T11:42:03.128+0000] {logging_mixin.py:150} INFO - [2025-04-08T11:42:03.128+0000] {dag.py:2763} INFO - Creating ORM DAG for example_subdag_operator
[2025-04-08T11:42:03.134+0000] {logging_mixin.py:150} INFO - [2025-04-08T11:42:03.134+0000] {dag.py:3504} INFO - Setting next_dagrun for example_subdag_operator to 2022-01-01T00:00:00+00:00, run_after=2022-01-01T00:00:00+00:00
[2025-04-08T11:42:03.134+0000] {logging_mixin.py:150} INFO - [2025-04-08T11:42:03.134+0000] {dag.py:3504} INFO - Setting next_dagrun for example_subdag_operator.section-1 to None, run_after=None
[2025-04-08T11:42:03.134+0000] {logging_mixin.py:150} INFO - [2025-04-08T11:42:03.134+0000] {dag.py:3504} INFO - Setting next_dagrun for example_subdag_operator.section-2 to None, run_after=None
[2025-04-08T11:42:03.139+0000] {logging_mixin.py:150} INFO - [2025-04-08T11:42:03.139+0000] {dag.py:2742} INFO - Sync 2 DAGs
[2025-04-08T11:42:03.142+0000] {logging_mixin.py:150} INFO - [2025-04-08T11:42:03.142+0000] {dag.py:3504} INFO - Setting next_dagrun for example_subdag_operator.section-1 to None, run_after=None
[2025-04-08T11:42:03.143+0000] {logging_mixin.py:150} INFO - [2025-04-08T11:42:03.143+0000] {dag.py:3504} INFO - Setting next_dagrun for example_subdag_operator.section-2 to None, run_after=None
[2025-04-08T11:42:03.156+0000] {processor.py:179} INFO - Processing /home/vscode/.local/lib/python3.10/site-packages/airflow/example_dags/example_subdag_operator.py took 0.143 seconds
[2025-04-08T11:42:48.261+0000] {processor.py:157} INFO - Started process (PID=3096) to work on /home/vscode/.local/lib/python3.10/site-packages/airflow/example_dags/example_subdag_operator.py
[2025-04-08T11:42:48.262+0000] {processor.py:826} INFO - Processing file /home/vscode/.local/lib/python3.10/site-packages/airflow/example_dags/example_subdag_operator.py for tasks to queue
[2025-04-08T11:42:48.263+0000] {logging_mixin.py:150} INFO - [2025-04-08T11:42:48.263+0000] {dagbag.py:541} INFO - Filling up the DagBag from /home/vscode/.local/lib/python3.10/site-packages/airflow/example_dags/example_subdag_operator.py
[2025-04-08T11:42:48.277+0000] {processor.py:836} INFO - DAG(s) dict_keys(['example_subdag_operator.section-1', 'example_subdag_operator.section-2', 'example_subdag_operator']) retrieved from /home/vscode/.local/lib/python3.10/site-packages/airflow/example_dags/example_subdag_operator.py
[2025-04-08T11:42:48.290+0000] {logging_mixin.py:150} INFO - [2025-04-08T11:42:48.290+0000] {dag.py:2742} INFO - Sync 3 DAGs
[2025-04-08T11:42:48.313+0000] {logging_mixin.py:150} INFO - [2025-04-08T11:42:48.312+0000] {dag.py:3504} INFO - Setting next_dagrun for example_subdag_operator to 2022-01-01T00:00:00+00:00, run_after=2022-01-01T00:00:00+00:00
[2025-04-08T11:42:48.316+0000] {logging_mixin.py:150} INFO - [2025-04-08T11:42:48.316+0000] {dag.py:3504} INFO - Setting next_dagrun for example_subdag_operator.section-1 to None, run_after=None
[2025-04-08T11:42:48.317+0000] {logging_mixin.py:150} INFO - [2025-04-08T11:42:48.317+0000] {dag.py:3504} INFO - Setting next_dagrun for example_subdag_operator.section-2 to None, run_after=None
[2025-04-08T11:42:48.324+0000] {logging_mixin.py:150} INFO - [2025-04-08T11:42:48.323+0000] {dag.py:2742} INFO - Sync 2 DAGs
[2025-04-08T11:42:48.328+0000] {logging_mixin.py:150} INFO - [2025-04-08T11:42:48.328+0000] {dag.py:3504} INFO - Setting next_dagrun for example_subdag_operator.section-1 to None, run_after=None
[2025-04-08T11:42:48.329+0000] {logging_mixin.py:150} INFO - [2025-04-08T11:42:48.329+0000] {dag.py:3504} INFO - Setting next_dagrun for example_subdag_operator.section-2 to None, run_after=None
[2025-04-08T11:42:48.343+0000] {processor.py:179} INFO - Processing /home/vscode/.local/lib/python3.10/site-packages/airflow/example_dags/example_subdag_operator.py took 0.084 seconds
[2025-04-08T11:43:34.460+0000] {processor.py:157} INFO - Started process (PID=3403) to work on /home/vscode/.local/lib/python3.10/site-packages/airflow/example_dags/example_subdag_operator.py
[2025-04-08T11:43:34.461+0000] {processor.py:826} INFO - Processing file /home/vscode/.local/lib/python3.10/site-packages/airflow/example_dags/example_subdag_operator.py for tasks to queue
[2025-04-08T11:43:34.462+0000] {logging_mixin.py:150} INFO - [2025-04-08T11:43:34.461+0000] {dagbag.py:541} INFO - Filling up the DagBag from /home/vscode/.local/lib/python3.10/site-packages/airflow/example_dags/example_subdag_operator.py
[2025-04-08T11:43:34.477+0000] {processor.py:836} INFO - DAG(s) dict_keys(['example_subdag_operator.section-1', 'example_subdag_operator.section-2', 'example_subdag_operator']) retrieved from /home/vscode/.local/lib/python3.10/site-packages/airflow/example_dags/example_subdag_operator.py
[2025-04-08T11:43:34.488+0000] {logging_mixin.py:150} INFO - [2025-04-08T11:43:34.488+0000] {dag.py:2742} INFO - Sync 3 DAGs
[2025-04-08T11:43:34.503+0000] {logging_mixin.py:150} INFO - [2025-04-08T11:43:34.503+0000] {dag.py:3504} INFO - Setting next_dagrun for example_subdag_operator to 2022-01-01T00:00:00+00:00, run_after=2022-01-01T00:00:00+00:00
[2025-04-08T11:43:34.505+0000] {logging_mixin.py:150} INFO - [2025-04-08T11:43:34.505+0000] {dag.py:3504} INFO - Setting next_dagrun for example_subdag_operator.section-1 to None, run_after=None
[2025-04-08T11:43:34.506+0000] {logging_mixin.py:150} INFO - [2025-04-08T11:43:34.506+0000] {dag.py:3504} INFO - Setting next_dagrun for example_subdag_operator.section-2 to None, run_after=None
[2025-04-08T11:43:34.511+0000] {logging_mixin.py:150} INFO - [2025-04-08T11:43:34.511+0000] {dag.py:2742} INFO - Sync 2 DAGs
[2025-04-08T11:43:34.514+0000] {logging_mixin.py:150} INFO - [2025-04-08T11:43:34.514+0000] {dag.py:3504} INFO - Setting next_dagrun for example_subdag_operator.section-1 to None, run_after=None
[2025-04-08T11:43:34.515+0000] {logging_mixin.py:150} INFO - [2025-04-08T11:43:34.515+0000] {dag.py:3504} INFO - Setting next_dagrun for example_subdag_operator.section-2 to None, run_after=None
[2025-04-08T11:43:34.525+0000] {processor.py:179} INFO - Processing /home/vscode/.local/lib/python3.10/site-packages/airflow/example_dags/example_subdag_operator.py took 0.068 seconds
[2025-04-08T11:44:19.570+0000] {processor.py:157} INFO - Started process (PID=3709) to work on /home/vscode/.local/lib/python3.10/site-packages/airflow/example_dags/example_subdag_operator.py
[2025-04-08T11:44:19.571+0000] {processor.py:826} INFO - Processing file /home/vscode/.local/lib/python3.10/site-packages/airflow/example_dags/example_subdag_operator.py for tasks to queue
[2025-04-08T11:44:19.572+0000] {logging_mixin.py:150} INFO - [2025-04-08T11:44:19.571+0000] {dagbag.py:541} INFO - Filling up the DagBag from /home/vscode/.local/lib/python3.10/site-packages/airflow/example_dags/example_subdag_operator.py
[2025-04-08T11:44:19.586+0000] {processor.py:836} INFO - DAG(s) dict_keys(['example_subdag_operator.section-1', 'example_subdag_operator.section-2', 'example_subdag_operator']) retrieved from /home/vscode/.local/lib/python3.10/site-packages/airflow/example_dags/example_subdag_operator.py
[2025-04-08T11:44:19.598+0000] {logging_mixin.py:150} INFO - [2025-04-08T11:44:19.598+0000] {dag.py:2742} INFO - Sync 3 DAGs
[2025-04-08T11:44:19.612+0000] {logging_mixin.py:150} INFO - [2025-04-08T11:44:19.611+0000] {dag.py:3504} INFO - Setting next_dagrun for example_subdag_operator to 2022-01-01T00:00:00+00:00, run_after=2022-01-01T00:00:00+00:00
[2025-04-08T11:44:19.614+0000] {logging_mixin.py:150} INFO - [2025-04-08T11:44:19.614+0000] {dag.py:3504} INFO - Setting next_dagrun for example_subdag_operator.section-1 to None, run_after=None
[2025-04-08T11:44:19.614+0000] {logging_mixin.py:150} INFO - [2025-04-08T11:44:19.614+0000] {dag.py:3504} INFO - Setting next_dagrun for example_subdag_operator.section-2 to None, run_after=None
[2025-04-08T11:44:19.620+0000] {logging_mixin.py:150} INFO - [2025-04-08T11:44:19.619+0000] {dag.py:2742} INFO - Sync 2 DAGs
[2025-04-08T11:44:19.622+0000] {logging_mixin.py:150} INFO - [2025-04-08T11:44:19.622+0000] {dag.py:3504} INFO - Setting next_dagrun for example_subdag_operator.section-1 to None, run_after=None
[2025-04-08T11:44:19.623+0000] {logging_mixin.py:150} INFO - [2025-04-08T11:44:19.623+0000] {dag.py:3504} INFO - Setting next_dagrun for example_subdag_operator.section-2 to None, run_after=None
[2025-04-08T11:44:19.634+0000] {processor.py:179} INFO - Processing /home/vscode/.local/lib/python3.10/site-packages/airflow/example_dags/example_subdag_operator.py took 0.065 seconds
[2025-04-08T11:45:04.660+0000] {processor.py:157} INFO - Started process (PID=4133) to work on /home/vscode/.local/lib/python3.10/site-packages/airflow/example_dags/example_subdag_operator.py
[2025-04-08T11:45:04.661+0000] {processor.py:826} INFO - Processing file /home/vscode/.local/lib/python3.10/site-packages/airflow/example_dags/example_subdag_operator.py for tasks to queue
[2025-04-08T11:45:04.662+0000] {logging_mixin.py:150} INFO - [2025-04-08T11:45:04.661+0000] {dagbag.py:541} INFO - Filling up the DagBag from /home/vscode/.local/lib/python3.10/site-packages/airflow/example_dags/example_subdag_operator.py
[2025-04-08T11:45:04.677+0000] {processor.py:836} INFO - DAG(s) dict_keys(['example_subdag_operator.section-1', 'example_subdag_operator.section-2', 'example_subdag_operator']) retrieved from /home/vscode/.local/lib/python3.10/site-packages/airflow/example_dags/example_subdag_operator.py
[2025-04-08T11:45:04.689+0000] {logging_mixin.py:150} INFO - [2025-04-08T11:45:04.688+0000] {dag.py:2742} INFO - Sync 3 DAGs
[2025-04-08T11:45:04.702+0000] {logging_mixin.py:150} INFO - [2025-04-08T11:45:04.702+0000] {dag.py:3504} INFO - Setting next_dagrun for example_subdag_operator to 2022-01-01T00:00:00+00:00, run_after=2022-01-01T00:00:00+00:00
[2025-04-08T11:45:04.704+0000] {logging_mixin.py:150} INFO - [2025-04-08T11:45:04.704+0000] {dag.py:3504} INFO - Setting next_dagrun for example_subdag_operator.section-1 to None, run_after=None
[2025-04-08T11:45:04.704+0000] {logging_mixin.py:150} INFO - [2025-04-08T11:45:04.704+0000] {dag.py:3504} INFO - Setting next_dagrun for example_subdag_operator.section-2 to None, run_after=None
[2025-04-08T11:45:04.709+0000] {logging_mixin.py:150} INFO - [2025-04-08T11:45:04.708+0000] {dag.py:2742} INFO - Sync 2 DAGs
[2025-04-08T11:45:04.711+0000] {logging_mixin.py:150} INFO - [2025-04-08T11:45:04.711+0000] {dag.py:3504} INFO - Setting next_dagrun for example_subdag_operator.section-1 to None, run_after=None
[2025-04-08T11:45:04.711+0000] {logging_mixin.py:150} INFO - [2025-04-08T11:45:04.711+0000] {dag.py:3504} INFO - Setting next_dagrun for example_subdag_operator.section-2 to None, run_after=None
[2025-04-08T11:45:04.721+0000] {processor.py:179} INFO - Processing /home/vscode/.local/lib/python3.10/site-packages/airflow/example_dags/example_subdag_operator.py took 0.063 seconds
[2025-04-08T11:45:45.813+0000] {processor.py:157} INFO - Started process (PID=4531) to work on /home/vscode/.local/lib/python3.10/site-packages/airflow/example_dags/example_subdag_operator.py
[2025-04-08T11:45:45.814+0000] {processor.py:826} INFO - Processing file /home/vscode/.local/lib/python3.10/site-packages/airflow/example_dags/example_subdag_operator.py for tasks to queue
[2025-04-08T11:45:45.815+0000] {logging_mixin.py:150} INFO - [2025-04-08T11:45:45.814+0000] {dagbag.py:541} INFO - Filling up the DagBag from /home/vscode/.local/lib/python3.10/site-packages/airflow/example_dags/example_subdag_operator.py
[2025-04-08T11:45:45.829+0000] {processor.py:836} INFO - DAG(s) dict_keys(['example_subdag_operator.section-1', 'example_subdag_operator.section-2', 'example_subdag_operator']) retrieved from /home/vscode/.local/lib/python3.10/site-packages/airflow/example_dags/example_subdag_operator.py
[2025-04-08T11:45:45.841+0000] {logging_mixin.py:150} INFO - [2025-04-08T11:45:45.840+0000] {dag.py:2742} INFO - Sync 3 DAGs
[2025-04-08T11:45:45.858+0000] {logging_mixin.py:150} INFO - [2025-04-08T11:45:45.858+0000] {dag.py:3504} INFO - Setting next_dagrun for example_subdag_operator to 2022-01-01T00:00:00+00:00, run_after=2022-01-01T00:00:00+00:00
[2025-04-08T11:45:45.861+0000] {logging_mixin.py:150} INFO - [2025-04-08T11:45:45.861+0000] {dag.py:3504} INFO - Setting next_dagrun for example_subdag_operator.section-1 to None, run_after=None
[2025-04-08T11:45:45.862+0000] {logging_mixin.py:150} INFO - [2025-04-08T11:45:45.862+0000] {dag.py:3504} INFO - Setting next_dagrun for example_subdag_operator.section-2 to None, run_after=None
[2025-04-08T11:45:45.868+0000] {logging_mixin.py:150} INFO - [2025-04-08T11:45:45.868+0000] {dag.py:2742} INFO - Sync 2 DAGs
[2025-04-08T11:45:45.872+0000] {logging_mixin.py:150} INFO - [2025-04-08T11:45:45.872+0000] {dag.py:3504} INFO - Setting next_dagrun for example_subdag_operator.section-1 to None, run_after=None
[2025-04-08T11:45:45.873+0000] {logging_mixin.py:150} INFO - [2025-04-08T11:45:45.872+0000] {dag.py:3504} INFO - Setting next_dagrun for example_subdag_operator.section-2 to None, run_after=None
[2025-04-08T11:45:45.886+0000] {processor.py:179} INFO - Processing /home/vscode/.local/lib/python3.10/site-packages/airflow/example_dags/example_subdag_operator.py took 0.074 seconds
[2025-04-08T11:46:30.489+0000] {processor.py:157} INFO - Started process (PID=4836) to work on /home/vscode/.local/lib/python3.10/site-packages/airflow/example_dags/example_subdag_operator.py
[2025-04-08T11:46:30.489+0000] {processor.py:826} INFO - Processing file /home/vscode/.local/lib/python3.10/site-packages/airflow/example_dags/example_subdag_operator.py for tasks to queue
[2025-04-08T11:46:30.490+0000] {logging_mixin.py:150} INFO - [2025-04-08T11:46:30.490+0000] {dagbag.py:541} INFO - Filling up the DagBag from /home/vscode/.local/lib/python3.10/site-packages/airflow/example_dags/example_subdag_operator.py
[2025-04-08T11:46:30.506+0000] {processor.py:836} INFO - DAG(s) dict_keys(['example_subdag_operator.section-1', 'example_subdag_operator.section-2', 'example_subdag_operator']) retrieved from /home/vscode/.local/lib/python3.10/site-packages/airflow/example_dags/example_subdag_operator.py
[2025-04-08T11:46:30.518+0000] {logging_mixin.py:150} INFO - [2025-04-08T11:46:30.518+0000] {dag.py:2742} INFO - Sync 3 DAGs
[2025-04-08T11:46:30.532+0000] {logging_mixin.py:150} INFO - [2025-04-08T11:46:30.532+0000] {dag.py:3504} INFO - Setting next_dagrun for example_subdag_operator to 2022-01-01T00:00:00+00:00, run_after=2022-01-01T00:00:00+00:00
[2025-04-08T11:46:30.534+0000] {logging_mixin.py:150} INFO - [2025-04-08T11:46:30.534+0000] {dag.py:3504} INFO - Setting next_dagrun for example_subdag_operator.section-1 to None, run_after=None
[2025-04-08T11:46:30.535+0000] {logging_mixin.py:150} INFO - [2025-04-08T11:46:30.534+0000] {dag.py:3504} INFO - Setting next_dagrun for example_subdag_operator.section-2 to None, run_after=None
[2025-04-08T11:46:30.539+0000] {logging_mixin.py:150} INFO - [2025-04-08T11:46:30.538+0000] {dag.py:2742} INFO - Sync 2 DAGs
[2025-04-08T11:46:30.541+0000] {logging_mixin.py:150} INFO - [2025-04-08T11:46:30.541+0000] {dag.py:3504} INFO - Setting next_dagrun for example_subdag_operator.section-1 to None, run_after=None
[2025-04-08T11:46:30.542+0000] {logging_mixin.py:150} INFO - [2025-04-08T11:46:30.541+0000] {dag.py:3504} INFO - Setting next_dagrun for example_subdag_operator.section-2 to None, run_after=None
[2025-04-08T11:46:30.553+0000] {processor.py:179} INFO - Processing /home/vscode/.local/lib/python3.10/site-packages/airflow/example_dags/example_subdag_operator.py took 0.067 seconds
[2025-04-08T11:47:15.363+0000] {processor.py:157} INFO - Started process (PID=5136) to work on /home/vscode/.local/lib/python3.10/site-packages/airflow/example_dags/example_subdag_operator.py
[2025-04-08T11:47:15.364+0000] {processor.py:826} INFO - Processing file /home/vscode/.local/lib/python3.10/site-packages/airflow/example_dags/example_subdag_operator.py for tasks to queue
[2025-04-08T11:47:15.364+0000] {logging_mixin.py:150} INFO - [2025-04-08T11:47:15.364+0000] {dagbag.py:541} INFO - Filling up the DagBag from /home/vscode/.local/lib/python3.10/site-packages/airflow/example_dags/example_subdag_operator.py
[2025-04-08T11:47:15.380+0000] {processor.py:836} INFO - DAG(s) dict_keys(['example_subdag_operator.section-1', 'example_subdag_operator.section-2', 'example_subdag_operator']) retrieved from /home/vscode/.local/lib/python3.10/site-packages/airflow/example_dags/example_subdag_operator.py
[2025-04-08T11:47:15.392+0000] {logging_mixin.py:150} INFO - [2025-04-08T11:47:15.392+0000] {dag.py:2742} INFO - Sync 3 DAGs
[2025-04-08T11:47:15.407+0000] {logging_mixin.py:150} INFO - [2025-04-08T11:47:15.406+0000] {dag.py:3504} INFO - Setting next_dagrun for example_subdag_operator to 2022-01-01T00:00:00+00:00, run_after=2022-01-01T00:00:00+00:00
[2025-04-08T11:47:15.409+0000] {logging_mixin.py:150} INFO - [2025-04-08T11:47:15.409+0000] {dag.py:3504} INFO - Setting next_dagrun for example_subdag_operator.section-1 to None, run_after=None
[2025-04-08T11:47:15.410+0000] {logging_mixin.py:150} INFO - [2025-04-08T11:47:15.410+0000] {dag.py:3504} INFO - Setting next_dagrun for example_subdag_operator.section-2 to None, run_after=None
[2025-04-08T11:47:15.414+0000] {logging_mixin.py:150} INFO - [2025-04-08T11:47:15.414+0000] {dag.py:2742} INFO - Sync 2 DAGs
[2025-04-08T11:47:15.417+0000] {logging_mixin.py:150} INFO - [2025-04-08T11:47:15.417+0000] {dag.py:3504} INFO - Setting next_dagrun for example_subdag_operator.section-1 to None, run_after=None
[2025-04-08T11:47:15.417+0000] {logging_mixin.py:150} INFO - [2025-04-08T11:47:15.417+0000] {dag.py:3504} INFO - Setting next_dagrun for example_subdag_operator.section-2 to None, run_after=None
[2025-04-08T11:47:15.427+0000] {processor.py:179} INFO - Processing /home/vscode/.local/lib/python3.10/site-packages/airflow/example_dags/example_subdag_operator.py took 0.067 seconds
[2025-04-08T11:48:01.704+0000] {processor.py:157} INFO - Started process (PID=5441) to work on /home/vscode/.local/lib/python3.10/site-packages/airflow/example_dags/example_subdag_operator.py
[2025-04-08T11:48:01.705+0000] {processor.py:826} INFO - Processing file /home/vscode/.local/lib/python3.10/site-packages/airflow/example_dags/example_subdag_operator.py for tasks to queue
[2025-04-08T11:48:01.705+0000] {logging_mixin.py:150} INFO - [2025-04-08T11:48:01.705+0000] {dagbag.py:541} INFO - Filling up the DagBag from /home/vscode/.local/lib/python3.10/site-packages/airflow/example_dags/example_subdag_operator.py
[2025-04-08T11:48:01.722+0000] {processor.py:836} INFO - DAG(s) dict_keys(['example_subdag_operator.section-1', 'example_subdag_operator.section-2', 'example_subdag_operator']) retrieved from /home/vscode/.local/lib/python3.10/site-packages/airflow/example_dags/example_subdag_operator.py
[2025-04-08T11:48:01.734+0000] {logging_mixin.py:150} INFO - [2025-04-08T11:48:01.733+0000] {dag.py:2742} INFO - Sync 3 DAGs
[2025-04-08T11:48:01.748+0000] {logging_mixin.py:150} INFO - [2025-04-08T11:48:01.747+0000] {dag.py:3504} INFO - Setting next_dagrun for example_subdag_operator to 2022-01-01T00:00:00+00:00, run_after=2022-01-01T00:00:00+00:00
[2025-04-08T11:48:01.750+0000] {logging_mixin.py:150} INFO - [2025-04-08T11:48:01.750+0000] {dag.py:3504} INFO - Setting next_dagrun for example_subdag_operator.section-1 to None, run_after=None
[2025-04-08T11:48:01.751+0000] {logging_mixin.py:150} INFO - [2025-04-08T11:48:01.751+0000] {dag.py:3504} INFO - Setting next_dagrun for example_subdag_operator.section-2 to None, run_after=None
[2025-04-08T11:48:01.755+0000] {logging_mixin.py:150} INFO - [2025-04-08T11:48:01.755+0000] {dag.py:2742} INFO - Sync 2 DAGs
[2025-04-08T11:48:01.758+0000] {logging_mixin.py:150} INFO - [2025-04-08T11:48:01.758+0000] {dag.py:3504} INFO - Setting next_dagrun for example_subdag_operator.section-1 to None, run_after=None
[2025-04-08T11:48:01.758+0000] {logging_mixin.py:150} INFO - [2025-04-08T11:48:01.758+0000] {dag.py:3504} INFO - Setting next_dagrun for example_subdag_operator.section-2 to None, run_after=None
[2025-04-08T11:48:01.768+0000] {processor.py:179} INFO - Processing /home/vscode/.local/lib/python3.10/site-packages/airflow/example_dags/example_subdag_operator.py took 0.067 seconds
[2025-04-08T11:48:45.797+0000] {processor.py:157} INFO - Started process (PID=5825) to work on /home/vscode/.local/lib/python3.10/site-packages/airflow/example_dags/example_subdag_operator.py
[2025-04-08T11:48:45.797+0000] {processor.py:826} INFO - Processing file /home/vscode/.local/lib/python3.10/site-packages/airflow/example_dags/example_subdag_operator.py for tasks to queue
[2025-04-08T11:48:45.798+0000] {logging_mixin.py:150} INFO - [2025-04-08T11:48:45.798+0000] {dagbag.py:541} INFO - Filling up the DagBag from /home/vscode/.local/lib/python3.10/site-packages/airflow/example_dags/example_subdag_operator.py
[2025-04-08T11:48:45.813+0000] {processor.py:836} INFO - DAG(s) dict_keys(['example_subdag_operator.section-1', 'example_subdag_operator.section-2', 'example_subdag_operator']) retrieved from /home/vscode/.local/lib/python3.10/site-packages/airflow/example_dags/example_subdag_operator.py
[2025-04-08T11:48:45.825+0000] {logging_mixin.py:150} INFO - [2025-04-08T11:48:45.825+0000] {dag.py:2742} INFO - Sync 3 DAGs
[2025-04-08T11:48:45.840+0000] {logging_mixin.py:150} INFO - [2025-04-08T11:48:45.840+0000] {dag.py:3504} INFO - Setting next_dagrun for example_subdag_operator to 2022-01-01T00:00:00+00:00, run_after=2022-01-01T00:00:00+00:00
[2025-04-08T11:48:45.844+0000] {logging_mixin.py:150} INFO - [2025-04-08T11:48:45.843+0000] {dag.py:3504} INFO - Setting next_dagrun for example_subdag_operator.section-1 to None, run_after=None
[2025-04-08T11:48:45.844+0000] {logging_mixin.py:150} INFO - [2025-04-08T11:48:45.844+0000] {dag.py:3504} INFO - Setting next_dagrun for example_subdag_operator.section-2 to None, run_after=None
[2025-04-08T11:48:45.849+0000] {logging_mixin.py:150} INFO - [2025-04-08T11:48:45.849+0000] {dag.py:2742} INFO - Sync 2 DAGs
[2025-04-08T11:48:45.852+0000] {logging_mixin.py:150} INFO - [2025-04-08T11:48:45.852+0000] {dag.py:3504} INFO - Setting next_dagrun for example_subdag_operator.section-1 to None, run_after=None
[2025-04-08T11:48:45.852+0000] {logging_mixin.py:150} INFO - [2025-04-08T11:48:45.852+0000] {dag.py:3504} INFO - Setting next_dagrun for example_subdag_operator.section-2 to None, run_after=None
[2025-04-08T11:48:45.863+0000] {processor.py:179} INFO - Processing /home/vscode/.local/lib/python3.10/site-packages/airflow/example_dags/example_subdag_operator.py took 0.068 seconds
[2025-04-08T11:49:28.623+0000] {processor.py:157} INFO - Started process (PID=6320) to work on /home/vscode/.local/lib/python3.10/site-packages/airflow/example_dags/example_subdag_operator.py
[2025-04-08T11:49:28.624+0000] {processor.py:826} INFO - Processing file /home/vscode/.local/lib/python3.10/site-packages/airflow/example_dags/example_subdag_operator.py for tasks to queue
[2025-04-08T11:49:28.625+0000] {logging_mixin.py:150} INFO - [2025-04-08T11:49:28.625+0000] {dagbag.py:541} INFO - Filling up the DagBag from /home/vscode/.local/lib/python3.10/site-packages/airflow/example_dags/example_subdag_operator.py
[2025-04-08T11:49:28.640+0000] {processor.py:836} INFO - DAG(s) dict_keys(['example_subdag_operator.section-1', 'example_subdag_operator.section-2', 'example_subdag_operator']) retrieved from /home/vscode/.local/lib/python3.10/site-packages/airflow/example_dags/example_subdag_operator.py
[2025-04-08T11:49:28.652+0000] {logging_mixin.py:150} INFO - [2025-04-08T11:49:28.651+0000] {dag.py:2742} INFO - Sync 3 DAGs
[2025-04-08T11:49:28.667+0000] {logging_mixin.py:150} INFO - [2025-04-08T11:49:28.667+0000] {dag.py:3504} INFO - Setting next_dagrun for example_subdag_operator to 2022-01-01T00:00:00+00:00, run_after=2022-01-01T00:00:00+00:00
[2025-04-08T11:49:28.669+0000] {logging_mixin.py:150} INFO - [2025-04-08T11:49:28.669+0000] {dag.py:3504} INFO - Setting next_dagrun for example_subdag_operator.section-1 to None, run_after=None
[2025-04-08T11:49:28.670+0000] {logging_mixin.py:150} INFO - [2025-04-08T11:49:28.670+0000] {dag.py:3504} INFO - Setting next_dagrun for example_subdag_operator.section-2 to None, run_after=None
[2025-04-08T11:49:28.674+0000] {logging_mixin.py:150} INFO - [2025-04-08T11:49:28.674+0000] {dag.py:2742} INFO - Sync 2 DAGs
[2025-04-08T11:49:28.677+0000] {logging_mixin.py:150} INFO - [2025-04-08T11:49:28.677+0000] {dag.py:3504} INFO - Setting next_dagrun for example_subdag_operator.section-1 to None, run_after=None
[2025-04-08T11:49:28.678+0000] {logging_mixin.py:150} INFO - [2025-04-08T11:49:28.678+0000] {dag.py:3504} INFO - Setting next_dagrun for example_subdag_operator.section-2 to None, run_after=None
[2025-04-08T11:49:28.688+0000] {processor.py:179} INFO - Processing /home/vscode/.local/lib/python3.10/site-packages/airflow/example_dags/example_subdag_operator.py took 0.067 seconds
[2025-04-08T11:50:14.735+0000] {processor.py:157} INFO - Started process (PID=6838) to work on /home/vscode/.local/lib/python3.10/site-packages/airflow/example_dags/example_subdag_operator.py
[2025-04-08T11:50:14.736+0000] {processor.py:826} INFO - Processing file /home/vscode/.local/lib/python3.10/site-packages/airflow/example_dags/example_subdag_operator.py for tasks to queue
[2025-04-08T11:50:14.737+0000] {logging_mixin.py:150} INFO - [2025-04-08T11:50:14.736+0000] {dagbag.py:541} INFO - Filling up the DagBag from /home/vscode/.local/lib/python3.10/site-packages/airflow/example_dags/example_subdag_operator.py
[2025-04-08T11:50:14.751+0000] {processor.py:836} INFO - DAG(s) dict_keys(['example_subdag_operator.section-1', 'example_subdag_operator.section-2', 'example_subdag_operator']) retrieved from /home/vscode/.local/lib/python3.10/site-packages/airflow/example_dags/example_subdag_operator.py
[2025-04-08T11:50:14.762+0000] {logging_mixin.py:150} INFO - [2025-04-08T11:50:14.762+0000] {dag.py:2742} INFO - Sync 3 DAGs
[2025-04-08T11:50:14.776+0000] {logging_mixin.py:150} INFO - [2025-04-08T11:50:14.776+0000] {dag.py:3504} INFO - Setting next_dagrun for example_subdag_operator to 2022-01-01T00:00:00+00:00, run_after=2022-01-01T00:00:00+00:00
[2025-04-08T11:50:14.779+0000] {logging_mixin.py:150} INFO - [2025-04-08T11:50:14.779+0000] {dag.py:3504} INFO - Setting next_dagrun for example_subdag_operator.section-1 to None, run_after=None
[2025-04-08T11:50:14.780+0000] {logging_mixin.py:150} INFO - [2025-04-08T11:50:14.779+0000] {dag.py:3504} INFO - Setting next_dagrun for example_subdag_operator.section-2 to None, run_after=None
[2025-04-08T11:50:14.784+0000] {logging_mixin.py:150} INFO - [2025-04-08T11:50:14.784+0000] {dag.py:2742} INFO - Sync 2 DAGs
[2025-04-08T11:50:14.786+0000] {logging_mixin.py:150} INFO - [2025-04-08T11:50:14.786+0000] {dag.py:3504} INFO - Setting next_dagrun for example_subdag_operator.section-1 to None, run_after=None
[2025-04-08T11:50:14.787+0000] {logging_mixin.py:150} INFO - [2025-04-08T11:50:14.787+0000] {dag.py:3504} INFO - Setting next_dagrun for example_subdag_operator.section-2 to None, run_after=None
[2025-04-08T11:50:14.796+0000] {processor.py:179} INFO - Processing /home/vscode/.local/lib/python3.10/site-packages/airflow/example_dags/example_subdag_operator.py took 0.063 seconds
[2025-04-08T11:50:59.861+0000] {processor.py:157} INFO - Started process (PID=7208) to work on /home/vscode/.local/lib/python3.10/site-packages/airflow/example_dags/example_subdag_operator.py
[2025-04-08T11:50:59.861+0000] {processor.py:826} INFO - Processing file /home/vscode/.local/lib/python3.10/site-packages/airflow/example_dags/example_subdag_operator.py for tasks to queue
[2025-04-08T11:50:59.862+0000] {logging_mixin.py:150} INFO - [2025-04-08T11:50:59.862+0000] {dagbag.py:541} INFO - Filling up the DagBag from /home/vscode/.local/lib/python3.10/site-packages/airflow/example_dags/example_subdag_operator.py
[2025-04-08T11:50:59.877+0000] {processor.py:836} INFO - DAG(s) dict_keys(['example_subdag_operator.section-1', 'example_subdag_operator.section-2', 'example_subdag_operator']) retrieved from /home/vscode/.local/lib/python3.10/site-packages/airflow/example_dags/example_subdag_operator.py
[2025-04-08T11:50:59.890+0000] {logging_mixin.py:150} INFO - [2025-04-08T11:50:59.890+0000] {dag.py:2742} INFO - Sync 3 DAGs
[2025-04-08T11:50:59.904+0000] {logging_mixin.py:150} INFO - [2025-04-08T11:50:59.904+0000] {dag.py:3504} INFO - Setting next_dagrun for example_subdag_operator to 2022-01-01T00:00:00+00:00, run_after=2022-01-01T00:00:00+00:00
[2025-04-08T11:50:59.906+0000] {logging_mixin.py:150} INFO - [2025-04-08T11:50:59.906+0000] {dag.py:3504} INFO - Setting next_dagrun for example_subdag_operator.section-1 to None, run_after=None
[2025-04-08T11:50:59.907+0000] {logging_mixin.py:150} INFO - [2025-04-08T11:50:59.907+0000] {dag.py:3504} INFO - Setting next_dagrun for example_subdag_operator.section-2 to None, run_after=None
[2025-04-08T11:50:59.911+0000] {logging_mixin.py:150} INFO - [2025-04-08T11:50:59.911+0000] {dag.py:2742} INFO - Sync 2 DAGs
[2025-04-08T11:50:59.914+0000] {logging_mixin.py:150} INFO - [2025-04-08T11:50:59.914+0000] {dag.py:3504} INFO - Setting next_dagrun for example_subdag_operator.section-1 to None, run_after=None
[2025-04-08T11:50:59.914+0000] {logging_mixin.py:150} INFO - [2025-04-08T11:50:59.914+0000] {dag.py:3504} INFO - Setting next_dagrun for example_subdag_operator.section-2 to None, run_after=None
[2025-04-08T11:50:59.925+0000] {processor.py:179} INFO - Processing /home/vscode/.local/lib/python3.10/site-packages/airflow/example_dags/example_subdag_operator.py took 0.066 seconds
