[2025-04-08T11:42:22.472+0000] {processor.py:157} INFO - Started process (PID=2924) to work on /home/vscode/.local/lib/python3.10/site-packages/airflow/example_dags/example_datasets.py
[2025-04-08T11:42:22.472+0000] {processor.py:826} INFO - Processing file /home/vscode/.local/lib/python3.10/site-packages/airflow/example_dags/example_datasets.py for tasks to queue
[2025-04-08T11:42:22.473+0000] {logging_mixin.py:150} INFO - [2025-04-08T11:42:22.473+0000] {dagbag.py:541} INFO - Filling up the DagBag from /home/vscode/.local/lib/python3.10/site-packages/airflow/example_dags/example_datasets.py
[2025-04-08T11:42:22.480+0000] {processor.py:836} INFO - DAG(s) dict_keys(['dataset_produces_1', 'dataset_consumes_1', 'dataset_consumes_unknown_never_scheduled', 'dataset_produces_2', 'dataset_consumes_1_and_2', 'dataset_consumes_1_never_scheduled']) retrieved from /home/vscode/.local/lib/python3.10/site-packages/airflow/example_dags/example_datasets.py
[2025-04-08T11:42:22.547+0000] {logging_mixin.py:150} INFO - [2025-04-08T11:42:22.546+0000] {manager.py:504} INFO - Created Permission View: can edit on DAG:dataset_produces_1
[2025-04-08T11:42:22.554+0000] {logging_mixin.py:150} INFO - [2025-04-08T11:42:22.554+0000] {manager.py:504} INFO - Created Permission View: can read on DAG:dataset_produces_1
[2025-04-08T11:42:22.560+0000] {logging_mixin.py:150} INFO - [2025-04-08T11:42:22.559+0000] {manager.py:504} INFO - Created Permission View: can delete on DAG:dataset_produces_1
[2025-04-08T11:42:22.577+0000] {logging_mixin.py:150} INFO - [2025-04-08T11:42:22.577+0000] {manager.py:504} INFO - Created Permission View: can edit on DAG:dataset_consumes_1
[2025-04-08T11:42:22.582+0000] {logging_mixin.py:150} INFO - [2025-04-08T11:42:22.582+0000] {manager.py:504} INFO - Created Permission View: can read on DAG:dataset_consumes_1
[2025-04-08T11:42:22.587+0000] {logging_mixin.py:150} INFO - [2025-04-08T11:42:22.587+0000] {manager.py:504} INFO - Created Permission View: can delete on DAG:dataset_consumes_1
[2025-04-08T11:42:22.602+0000] {logging_mixin.py:150} INFO - [2025-04-08T11:42:22.602+0000] {manager.py:504} INFO - Created Permission View: can edit on DAG:dataset_consumes_unknown_never_scheduled
[2025-04-08T11:42:22.607+0000] {logging_mixin.py:150} INFO - [2025-04-08T11:42:22.607+0000] {manager.py:504} INFO - Created Permission View: can read on DAG:dataset_consumes_unknown_never_scheduled
[2025-04-08T11:42:22.612+0000] {logging_mixin.py:150} INFO - [2025-04-08T11:42:22.612+0000] {manager.py:504} INFO - Created Permission View: can delete on DAG:dataset_consumes_unknown_never_scheduled
[2025-04-08T11:42:22.624+0000] {logging_mixin.py:150} INFO - [2025-04-08T11:42:22.624+0000] {manager.py:504} INFO - Created Permission View: can edit on DAG:dataset_produces_2
[2025-04-08T11:42:22.629+0000] {logging_mixin.py:150} INFO - [2025-04-08T11:42:22.629+0000] {manager.py:504} INFO - Created Permission View: can read on DAG:dataset_produces_2
[2025-04-08T11:42:22.634+0000] {logging_mixin.py:150} INFO - [2025-04-08T11:42:22.634+0000] {manager.py:504} INFO - Created Permission View: can delete on DAG:dataset_produces_2
[2025-04-08T11:42:22.647+0000] {logging_mixin.py:150} INFO - [2025-04-08T11:42:22.647+0000] {manager.py:504} INFO - Created Permission View: can edit on DAG:dataset_consumes_1_and_2
[2025-04-08T11:42:22.652+0000] {logging_mixin.py:150} INFO - [2025-04-08T11:42:22.652+0000] {manager.py:504} INFO - Created Permission View: can read on DAG:dataset_consumes_1_and_2
[2025-04-08T11:42:22.657+0000] {logging_mixin.py:150} INFO - [2025-04-08T11:42:22.657+0000] {manager.py:504} INFO - Created Permission View: can delete on DAG:dataset_consumes_1_and_2
[2025-04-08T11:42:22.676+0000] {logging_mixin.py:150} INFO - [2025-04-08T11:42:22.675+0000] {manager.py:504} INFO - Created Permission View: can edit on DAG:dataset_consumes_1_never_scheduled
[2025-04-08T11:42:22.682+0000] {logging_mixin.py:150} INFO - [2025-04-08T11:42:22.682+0000] {manager.py:504} INFO - Created Permission View: can read on DAG:dataset_consumes_1_never_scheduled
[2025-04-08T11:42:22.689+0000] {logging_mixin.py:150} INFO - [2025-04-08T11:42:22.688+0000] {manager.py:504} INFO - Created Permission View: can delete on DAG:dataset_consumes_1_never_scheduled
[2025-04-08T11:42:22.695+0000] {logging_mixin.py:150} INFO - [2025-04-08T11:42:22.694+0000] {dag.py:2742} INFO - Sync 6 DAGs
[2025-04-08T11:42:22.703+0000] {logging_mixin.py:150} INFO - [2025-04-08T11:42:22.703+0000] {dag.py:2763} INFO - Creating ORM DAG for dataset_consumes_1_and_2
[2025-04-08T11:42:22.703+0000] {logging_mixin.py:150} INFO - [2025-04-08T11:42:22.703+0000] {dag.py:2763} INFO - Creating ORM DAG for dataset_produces_1
[2025-04-08T11:42:22.703+0000] {logging_mixin.py:150} INFO - [2025-04-08T11:42:22.703+0000] {dag.py:2763} INFO - Creating ORM DAG for dataset_consumes_1
[2025-04-08T11:42:22.704+0000] {logging_mixin.py:150} INFO - [2025-04-08T11:42:22.704+0000] {dag.py:2763} INFO - Creating ORM DAG for dataset_consumes_unknown_never_scheduled
[2025-04-08T11:42:22.704+0000] {logging_mixin.py:150} INFO - [2025-04-08T11:42:22.704+0000] {dag.py:2763} INFO - Creating ORM DAG for dataset_consumes_1_never_scheduled
[2025-04-08T11:42:22.704+0000] {logging_mixin.py:150} INFO - [2025-04-08T11:42:22.704+0000] {dag.py:2763} INFO - Creating ORM DAG for dataset_produces_2
[2025-04-08T11:42:22.710+0000] {logging_mixin.py:150} INFO - [2025-04-08T11:42:22.710+0000] {dag.py:3504} INFO - Setting next_dagrun for dataset_consumes_1 to None, run_after=None
[2025-04-08T11:42:22.711+0000] {logging_mixin.py:150} INFO - [2025-04-08T11:42:22.711+0000] {dag.py:3504} INFO - Setting next_dagrun for dataset_consumes_1_and_2 to None, run_after=None
[2025-04-08T11:42:22.711+0000] {logging_mixin.py:150} INFO - [2025-04-08T11:42:22.711+0000] {dag.py:3504} INFO - Setting next_dagrun for dataset_consumes_1_never_scheduled to None, run_after=None
[2025-04-08T11:42:22.711+0000] {logging_mixin.py:150} INFO - [2025-04-08T11:42:22.711+0000] {dag.py:3504} INFO - Setting next_dagrun for dataset_consumes_unknown_never_scheduled to None, run_after=None
[2025-04-08T11:42:22.713+0000] {logging_mixin.py:150} INFO - [2025-04-08T11:42:22.713+0000] {dag.py:3504} INFO - Setting next_dagrun for dataset_produces_1 to 2025-04-07T00:00:00+00:00, run_after=2025-04-08T00:00:00+00:00
[2025-04-08T11:42:22.713+0000] {logging_mixin.py:150} INFO - [2025-04-08T11:42:22.713+0000] {dag.py:3504} INFO - Setting next_dagrun for dataset_produces_2 to None, run_after=None
[2025-04-08T11:42:22.736+0000] {processor.py:179} INFO - Processing /home/vscode/.local/lib/python3.10/site-packages/airflow/example_dags/example_datasets.py took 0.267 seconds
[2025-04-08T11:43:09.886+0000] {processor.py:157} INFO - Started process (PID=3246) to work on /home/vscode/.local/lib/python3.10/site-packages/airflow/example_dags/example_datasets.py
[2025-04-08T11:43:09.887+0000] {processor.py:826} INFO - Processing file /home/vscode/.local/lib/python3.10/site-packages/airflow/example_dags/example_datasets.py for tasks to queue
[2025-04-08T11:43:09.888+0000] {logging_mixin.py:150} INFO - [2025-04-08T11:43:09.887+0000] {dagbag.py:541} INFO - Filling up the DagBag from /home/vscode/.local/lib/python3.10/site-packages/airflow/example_dags/example_datasets.py
[2025-04-08T11:43:09.895+0000] {processor.py:836} INFO - DAG(s) dict_keys(['dataset_consumes_1_never_scheduled', 'dataset_consumes_1', 'dataset_consumes_1_and_2', 'dataset_consumes_unknown_never_scheduled', 'dataset_produces_2', 'dataset_produces_1']) retrieved from /home/vscode/.local/lib/python3.10/site-packages/airflow/example_dags/example_datasets.py
[2025-04-08T11:43:09.917+0000] {logging_mixin.py:150} INFO - [2025-04-08T11:43:09.917+0000] {dag.py:2742} INFO - Sync 6 DAGs
[2025-04-08T11:43:09.934+0000] {logging_mixin.py:150} INFO - [2025-04-08T11:43:09.934+0000] {dag.py:3504} INFO - Setting next_dagrun for dataset_consumes_1 to None, run_after=None
[2025-04-08T11:43:09.936+0000] {logging_mixin.py:150} INFO - [2025-04-08T11:43:09.936+0000] {dag.py:3504} INFO - Setting next_dagrun for dataset_consumes_1_and_2 to None, run_after=None
[2025-04-08T11:43:09.937+0000] {logging_mixin.py:150} INFO - [2025-04-08T11:43:09.937+0000] {dag.py:3504} INFO - Setting next_dagrun for dataset_consumes_1_never_scheduled to None, run_after=None
[2025-04-08T11:43:09.938+0000] {logging_mixin.py:150} INFO - [2025-04-08T11:43:09.938+0000] {dag.py:3504} INFO - Setting next_dagrun for dataset_consumes_unknown_never_scheduled to None, run_after=None
[2025-04-08T11:43:09.945+0000] {logging_mixin.py:150} INFO - [2025-04-08T11:43:09.945+0000] {dag.py:3504} INFO - Setting next_dagrun for dataset_produces_1 to 2025-04-07T00:00:00+00:00, run_after=2025-04-08T00:00:00+00:00
[2025-04-08T11:43:09.947+0000] {logging_mixin.py:150} INFO - [2025-04-08T11:43:09.947+0000] {dag.py:3504} INFO - Setting next_dagrun for dataset_produces_2 to None, run_after=None
[2025-04-08T11:43:10.010+0000] {processor.py:179} INFO - Processing /home/vscode/.local/lib/python3.10/site-packages/airflow/example_dags/example_datasets.py took 0.126 seconds
[2025-04-08T11:43:57.486+0000] {processor.py:157} INFO - Started process (PID=3552) to work on /home/vscode/.local/lib/python3.10/site-packages/airflow/example_dags/example_datasets.py
[2025-04-08T11:43:57.487+0000] {processor.py:826} INFO - Processing file /home/vscode/.local/lib/python3.10/site-packages/airflow/example_dags/example_datasets.py for tasks to queue
[2025-04-08T11:43:57.487+0000] {logging_mixin.py:150} INFO - [2025-04-08T11:43:57.487+0000] {dagbag.py:541} INFO - Filling up the DagBag from /home/vscode/.local/lib/python3.10/site-packages/airflow/example_dags/example_datasets.py
[2025-04-08T11:43:57.495+0000] {processor.py:836} INFO - DAG(s) dict_keys(['dataset_produces_2', 'dataset_consumes_1_never_scheduled', 'dataset_produces_1', 'dataset_consumes_1_and_2', 'dataset_consumes_1', 'dataset_consumes_unknown_never_scheduled']) retrieved from /home/vscode/.local/lib/python3.10/site-packages/airflow/example_dags/example_datasets.py
[2025-04-08T11:43:57.517+0000] {logging_mixin.py:150} INFO - [2025-04-08T11:43:57.517+0000] {dag.py:2742} INFO - Sync 6 DAGs
[2025-04-08T11:43:57.532+0000] {logging_mixin.py:150} INFO - [2025-04-08T11:43:57.532+0000] {dag.py:3504} INFO - Setting next_dagrun for dataset_consumes_1 to None, run_after=None
[2025-04-08T11:43:57.535+0000] {logging_mixin.py:150} INFO - [2025-04-08T11:43:57.535+0000] {dag.py:3504} INFO - Setting next_dagrun for dataset_consumes_1_and_2 to None, run_after=None
[2025-04-08T11:43:57.536+0000] {logging_mixin.py:150} INFO - [2025-04-08T11:43:57.535+0000] {dag.py:3504} INFO - Setting next_dagrun for dataset_consumes_1_never_scheduled to None, run_after=None
[2025-04-08T11:43:57.536+0000] {logging_mixin.py:150} INFO - [2025-04-08T11:43:57.536+0000] {dag.py:3504} INFO - Setting next_dagrun for dataset_consumes_unknown_never_scheduled to None, run_after=None
[2025-04-08T11:43:57.538+0000] {logging_mixin.py:150} INFO - [2025-04-08T11:43:57.538+0000] {dag.py:3504} INFO - Setting next_dagrun for dataset_produces_1 to 2025-04-07T00:00:00+00:00, run_after=2025-04-08T00:00:00+00:00
[2025-04-08T11:43:57.539+0000] {logging_mixin.py:150} INFO - [2025-04-08T11:43:57.538+0000] {dag.py:3504} INFO - Setting next_dagrun for dataset_produces_2 to None, run_after=None
[2025-04-08T11:43:57.560+0000] {processor.py:179} INFO - Processing /home/vscode/.local/lib/python3.10/site-packages/airflow/example_dags/example_datasets.py took 0.076 seconds
[2025-04-08T11:44:43.548+0000] {processor.py:157} INFO - Started process (PID=3972) to work on /home/vscode/.local/lib/python3.10/site-packages/airflow/example_dags/example_datasets.py
[2025-04-08T11:44:43.549+0000] {processor.py:826} INFO - Processing file /home/vscode/.local/lib/python3.10/site-packages/airflow/example_dags/example_datasets.py for tasks to queue
[2025-04-08T11:44:43.549+0000] {logging_mixin.py:150} INFO - [2025-04-08T11:44:43.549+0000] {dagbag.py:541} INFO - Filling up the DagBag from /home/vscode/.local/lib/python3.10/site-packages/airflow/example_dags/example_datasets.py
[2025-04-08T11:44:43.556+0000] {processor.py:836} INFO - DAG(s) dict_keys(['dataset_consumes_1_never_scheduled', 'dataset_produces_2', 'dataset_consumes_1', 'dataset_consumes_1_and_2', 'dataset_consumes_unknown_never_scheduled', 'dataset_produces_1']) retrieved from /home/vscode/.local/lib/python3.10/site-packages/airflow/example_dags/example_datasets.py
[2025-04-08T11:44:43.576+0000] {logging_mixin.py:150} INFO - [2025-04-08T11:44:43.576+0000] {dag.py:2742} INFO - Sync 6 DAGs
[2025-04-08T11:44:43.592+0000] {logging_mixin.py:150} INFO - [2025-04-08T11:44:43.592+0000] {dag.py:3504} INFO - Setting next_dagrun for dataset_consumes_1 to None, run_after=None
[2025-04-08T11:44:43.594+0000] {logging_mixin.py:150} INFO - [2025-04-08T11:44:43.594+0000] {dag.py:3504} INFO - Setting next_dagrun for dataset_consumes_1_and_2 to None, run_after=None
[2025-04-08T11:44:43.595+0000] {logging_mixin.py:150} INFO - [2025-04-08T11:44:43.595+0000] {dag.py:3504} INFO - Setting next_dagrun for dataset_consumes_1_never_scheduled to None, run_after=None
[2025-04-08T11:44:43.595+0000] {logging_mixin.py:150} INFO - [2025-04-08T11:44:43.595+0000] {dag.py:3504} INFO - Setting next_dagrun for dataset_consumes_unknown_never_scheduled to None, run_after=None
[2025-04-08T11:44:43.597+0000] {logging_mixin.py:150} INFO - [2025-04-08T11:44:43.597+0000] {dag.py:3504} INFO - Setting next_dagrun for dataset_produces_1 to 2025-04-07T00:00:00+00:00, run_after=2025-04-08T00:00:00+00:00
[2025-04-08T11:44:43.598+0000] {logging_mixin.py:150} INFO - [2025-04-08T11:44:43.598+0000] {dag.py:3504} INFO - Setting next_dagrun for dataset_produces_2 to None, run_after=None
[2025-04-08T11:44:43.618+0000] {processor.py:179} INFO - Processing /home/vscode/.local/lib/python3.10/site-packages/airflow/example_dags/example_datasets.py took 0.073 seconds
[2025-04-08T11:45:24.753+0000] {processor.py:157} INFO - Started process (PID=4325) to work on /home/vscode/.local/lib/python3.10/site-packages/airflow/example_dags/example_datasets.py
[2025-04-08T11:45:24.754+0000] {processor.py:826} INFO - Processing file /home/vscode/.local/lib/python3.10/site-packages/airflow/example_dags/example_datasets.py for tasks to queue
[2025-04-08T11:45:24.754+0000] {logging_mixin.py:150} INFO - [2025-04-08T11:45:24.754+0000] {dagbag.py:541} INFO - Filling up the DagBag from /home/vscode/.local/lib/python3.10/site-packages/airflow/example_dags/example_datasets.py
[2025-04-08T11:45:24.761+0000] {processor.py:836} INFO - DAG(s) dict_keys(['dataset_produces_2', 'dataset_consumes_unknown_never_scheduled', 'dataset_consumes_1_and_2', 'dataset_consumes_1_never_scheduled', 'dataset_produces_1', 'dataset_consumes_1']) retrieved from /home/vscode/.local/lib/python3.10/site-packages/airflow/example_dags/example_datasets.py
[2025-04-08T11:45:24.780+0000] {logging_mixin.py:150} INFO - [2025-04-08T11:45:24.780+0000] {dag.py:2742} INFO - Sync 6 DAGs
[2025-04-08T11:45:24.795+0000] {logging_mixin.py:150} INFO - [2025-04-08T11:45:24.794+0000] {dag.py:3504} INFO - Setting next_dagrun for dataset_consumes_1 to None, run_after=None
[2025-04-08T11:45:24.797+0000] {logging_mixin.py:150} INFO - [2025-04-08T11:45:24.796+0000] {dag.py:3504} INFO - Setting next_dagrun for dataset_consumes_1_and_2 to None, run_after=None
[2025-04-08T11:45:24.797+0000] {logging_mixin.py:150} INFO - [2025-04-08T11:45:24.797+0000] {dag.py:3504} INFO - Setting next_dagrun for dataset_consumes_1_never_scheduled to None, run_after=None
[2025-04-08T11:45:24.798+0000] {logging_mixin.py:150} INFO - [2025-04-08T11:45:24.798+0000] {dag.py:3504} INFO - Setting next_dagrun for dataset_consumes_unknown_never_scheduled to None, run_after=None
[2025-04-08T11:45:24.800+0000] {logging_mixin.py:150} INFO - [2025-04-08T11:45:24.800+0000] {dag.py:3504} INFO - Setting next_dagrun for dataset_produces_1 to 2025-04-07T00:00:00+00:00, run_after=2025-04-08T00:00:00+00:00
[2025-04-08T11:45:24.800+0000] {logging_mixin.py:150} INFO - [2025-04-08T11:45:24.800+0000] {dag.py:3504} INFO - Setting next_dagrun for dataset_produces_2 to None, run_after=None
[2025-04-08T11:45:24.820+0000] {processor.py:179} INFO - Processing /home/vscode/.local/lib/python3.10/site-packages/airflow/example_dags/example_datasets.py took 0.070 seconds
[2025-04-08T11:46:11.431+0000] {processor.py:157} INFO - Started process (PID=4708) to work on /home/vscode/.local/lib/python3.10/site-packages/airflow/example_dags/example_datasets.py
[2025-04-08T11:46:11.432+0000] {processor.py:826} INFO - Processing file /home/vscode/.local/lib/python3.10/site-packages/airflow/example_dags/example_datasets.py for tasks to queue
[2025-04-08T11:46:11.432+0000] {logging_mixin.py:150} INFO - [2025-04-08T11:46:11.432+0000] {dagbag.py:541} INFO - Filling up the DagBag from /home/vscode/.local/lib/python3.10/site-packages/airflow/example_dags/example_datasets.py
[2025-04-08T11:46:11.439+0000] {processor.py:836} INFO - DAG(s) dict_keys(['dataset_consumes_unknown_never_scheduled', 'dataset_consumes_1_never_scheduled', 'dataset_produces_2', 'dataset_consumes_1', 'dataset_consumes_1_and_2', 'dataset_produces_1']) retrieved from /home/vscode/.local/lib/python3.10/site-packages/airflow/example_dags/example_datasets.py
[2025-04-08T11:46:11.459+0000] {logging_mixin.py:150} INFO - [2025-04-08T11:46:11.459+0000] {dag.py:2742} INFO - Sync 6 DAGs
[2025-04-08T11:46:11.475+0000] {logging_mixin.py:150} INFO - [2025-04-08T11:46:11.474+0000] {dag.py:3504} INFO - Setting next_dagrun for dataset_consumes_1 to None, run_after=None
[2025-04-08T11:46:11.477+0000] {logging_mixin.py:150} INFO - [2025-04-08T11:46:11.477+0000] {dag.py:3504} INFO - Setting next_dagrun for dataset_consumes_1_and_2 to None, run_after=None
[2025-04-08T11:46:11.477+0000] {logging_mixin.py:150} INFO - [2025-04-08T11:46:11.477+0000] {dag.py:3504} INFO - Setting next_dagrun for dataset_consumes_1_never_scheduled to None, run_after=None
[2025-04-08T11:46:11.478+0000] {logging_mixin.py:150} INFO - [2025-04-08T11:46:11.478+0000] {dag.py:3504} INFO - Setting next_dagrun for dataset_consumes_unknown_never_scheduled to None, run_after=None
[2025-04-08T11:46:11.480+0000] {logging_mixin.py:150} INFO - [2025-04-08T11:46:11.480+0000] {dag.py:3504} INFO - Setting next_dagrun for dataset_produces_1 to 2025-04-07T00:00:00+00:00, run_after=2025-04-08T00:00:00+00:00
[2025-04-08T11:46:11.480+0000] {logging_mixin.py:150} INFO - [2025-04-08T11:46:11.480+0000] {dag.py:3504} INFO - Setting next_dagrun for dataset_produces_2 to None, run_after=None
[2025-04-08T11:46:11.500+0000] {processor.py:179} INFO - Processing /home/vscode/.local/lib/python3.10/site-packages/airflow/example_dags/example_datasets.py took 0.071 seconds
[2025-04-08T11:46:58.198+0000] {processor.py:157} INFO - Started process (PID=5017) to work on /home/vscode/.local/lib/python3.10/site-packages/airflow/example_dags/example_datasets.py
[2025-04-08T11:46:58.198+0000] {processor.py:826} INFO - Processing file /home/vscode/.local/lib/python3.10/site-packages/airflow/example_dags/example_datasets.py for tasks to queue
[2025-04-08T11:46:58.199+0000] {logging_mixin.py:150} INFO - [2025-04-08T11:46:58.199+0000] {dagbag.py:541} INFO - Filling up the DagBag from /home/vscode/.local/lib/python3.10/site-packages/airflow/example_dags/example_datasets.py
[2025-04-08T11:46:58.206+0000] {processor.py:836} INFO - DAG(s) dict_keys(['dataset_consumes_1_never_scheduled', 'dataset_consumes_unknown_never_scheduled', 'dataset_produces_1', 'dataset_consumes_1_and_2', 'dataset_produces_2', 'dataset_consumes_1']) retrieved from /home/vscode/.local/lib/python3.10/site-packages/airflow/example_dags/example_datasets.py
[2025-04-08T11:46:58.230+0000] {logging_mixin.py:150} INFO - [2025-04-08T11:46:58.229+0000] {dag.py:2742} INFO - Sync 6 DAGs
[2025-04-08T11:46:58.244+0000] {logging_mixin.py:150} INFO - [2025-04-08T11:46:58.244+0000] {dag.py:3504} INFO - Setting next_dagrun for dataset_consumes_1 to None, run_after=None
[2025-04-08T11:46:58.246+0000] {logging_mixin.py:150} INFO - [2025-04-08T11:46:58.246+0000] {dag.py:3504} INFO - Setting next_dagrun for dataset_consumes_1_and_2 to None, run_after=None
[2025-04-08T11:46:58.247+0000] {logging_mixin.py:150} INFO - [2025-04-08T11:46:58.247+0000] {dag.py:3504} INFO - Setting next_dagrun for dataset_consumes_1_never_scheduled to None, run_after=None
[2025-04-08T11:46:58.247+0000] {logging_mixin.py:150} INFO - [2025-04-08T11:46:58.247+0000] {dag.py:3504} INFO - Setting next_dagrun for dataset_consumes_unknown_never_scheduled to None, run_after=None
[2025-04-08T11:46:58.249+0000] {logging_mixin.py:150} INFO - [2025-04-08T11:46:58.249+0000] {dag.py:3504} INFO - Setting next_dagrun for dataset_produces_1 to 2025-04-07T00:00:00+00:00, run_after=2025-04-08T00:00:00+00:00
[2025-04-08T11:46:58.250+0000] {logging_mixin.py:150} INFO - [2025-04-08T11:46:58.250+0000] {dag.py:3504} INFO - Setting next_dagrun for dataset_produces_2 to None, run_after=None
[2025-04-08T11:46:58.270+0000] {processor.py:179} INFO - Processing /home/vscode/.local/lib/python3.10/site-packages/airflow/example_dags/example_datasets.py took 0.074 seconds
[2025-04-08T11:47:45.946+0000] {processor.py:157} INFO - Started process (PID=5342) to work on /home/vscode/.local/lib/python3.10/site-packages/airflow/example_dags/example_datasets.py
[2025-04-08T11:47:45.947+0000] {processor.py:826} INFO - Processing file /home/vscode/.local/lib/python3.10/site-packages/airflow/example_dags/example_datasets.py for tasks to queue
[2025-04-08T11:47:45.947+0000] {logging_mixin.py:150} INFO - [2025-04-08T11:47:45.947+0000] {dagbag.py:541} INFO - Filling up the DagBag from /home/vscode/.local/lib/python3.10/site-packages/airflow/example_dags/example_datasets.py
[2025-04-08T11:47:45.954+0000] {processor.py:836} INFO - DAG(s) dict_keys(['dataset_consumes_unknown_never_scheduled', 'dataset_consumes_1_never_scheduled', 'dataset_consumes_1', 'dataset_produces_1', 'dataset_consumes_1_and_2', 'dataset_produces_2']) retrieved from /home/vscode/.local/lib/python3.10/site-packages/airflow/example_dags/example_datasets.py
[2025-04-08T11:47:45.976+0000] {logging_mixin.py:150} INFO - [2025-04-08T11:47:45.976+0000] {dag.py:2742} INFO - Sync 6 DAGs
[2025-04-08T11:47:45.999+0000] {logging_mixin.py:150} INFO - [2025-04-08T11:47:45.998+0000] {dag.py:3504} INFO - Setting next_dagrun for dataset_consumes_1 to None, run_after=None
[2025-04-08T11:47:46.002+0000] {logging_mixin.py:150} INFO - [2025-04-08T11:47:46.002+0000] {dag.py:3504} INFO - Setting next_dagrun for dataset_consumes_1_and_2 to None, run_after=None
[2025-04-08T11:47:46.003+0000] {logging_mixin.py:150} INFO - [2025-04-08T11:47:46.003+0000] {dag.py:3504} INFO - Setting next_dagrun for dataset_consumes_1_never_scheduled to None, run_after=None
[2025-04-08T11:47:46.004+0000] {logging_mixin.py:150} INFO - [2025-04-08T11:47:46.004+0000] {dag.py:3504} INFO - Setting next_dagrun for dataset_consumes_unknown_never_scheduled to None, run_after=None
[2025-04-08T11:47:46.007+0000] {logging_mixin.py:150} INFO - [2025-04-08T11:47:46.006+0000] {dag.py:3504} INFO - Setting next_dagrun for dataset_produces_1 to 2025-04-07T00:00:00+00:00, run_after=2025-04-08T00:00:00+00:00
[2025-04-08T11:47:46.007+0000] {logging_mixin.py:150} INFO - [2025-04-08T11:47:46.007+0000] {dag.py:3504} INFO - Setting next_dagrun for dataset_produces_2 to None, run_after=None
[2025-04-08T11:47:46.037+0000] {processor.py:179} INFO - Processing /home/vscode/.local/lib/python3.10/site-packages/airflow/example_dags/example_datasets.py took 0.093 seconds
[2025-04-08T11:48:30.512+0000] {processor.py:157} INFO - Started process (PID=5657) to work on /home/vscode/.local/lib/python3.10/site-packages/airflow/example_dags/example_datasets.py
[2025-04-08T11:48:30.512+0000] {processor.py:826} INFO - Processing file /home/vscode/.local/lib/python3.10/site-packages/airflow/example_dags/example_datasets.py for tasks to queue
[2025-04-08T11:48:30.513+0000] {logging_mixin.py:150} INFO - [2025-04-08T11:48:30.513+0000] {dagbag.py:541} INFO - Filling up the DagBag from /home/vscode/.local/lib/python3.10/site-packages/airflow/example_dags/example_datasets.py
[2025-04-08T11:48:30.520+0000] {processor.py:836} INFO - DAG(s) dict_keys(['dataset_produces_1', 'dataset_produces_2', 'dataset_consumes_unknown_never_scheduled', 'dataset_consumes_1', 'dataset_consumes_1_and_2', 'dataset_consumes_1_never_scheduled']) retrieved from /home/vscode/.local/lib/python3.10/site-packages/airflow/example_dags/example_datasets.py
[2025-04-08T11:48:30.541+0000] {logging_mixin.py:150} INFO - [2025-04-08T11:48:30.541+0000] {dag.py:2742} INFO - Sync 6 DAGs
[2025-04-08T11:48:30.556+0000] {logging_mixin.py:150} INFO - [2025-04-08T11:48:30.556+0000] {dag.py:3504} INFO - Setting next_dagrun for dataset_consumes_1 to None, run_after=None
[2025-04-08T11:48:30.558+0000] {logging_mixin.py:150} INFO - [2025-04-08T11:48:30.558+0000] {dag.py:3504} INFO - Setting next_dagrun for dataset_consumes_1_and_2 to None, run_after=None
[2025-04-08T11:48:30.559+0000] {logging_mixin.py:150} INFO - [2025-04-08T11:48:30.559+0000] {dag.py:3504} INFO - Setting next_dagrun for dataset_consumes_1_never_scheduled to None, run_after=None
[2025-04-08T11:48:30.560+0000] {logging_mixin.py:150} INFO - [2025-04-08T11:48:30.560+0000] {dag.py:3504} INFO - Setting next_dagrun for dataset_consumes_unknown_never_scheduled to None, run_after=None
[2025-04-08T11:48:30.561+0000] {logging_mixin.py:150} INFO - [2025-04-08T11:48:30.561+0000] {dag.py:3504} INFO - Setting next_dagrun for dataset_produces_1 to 2025-04-07T00:00:00+00:00, run_after=2025-04-08T00:00:00+00:00
[2025-04-08T11:48:30.562+0000] {logging_mixin.py:150} INFO - [2025-04-08T11:48:30.562+0000] {dag.py:3504} INFO - Setting next_dagrun for dataset_produces_2 to None, run_after=None
[2025-04-08T11:48:30.584+0000] {processor.py:179} INFO - Processing /home/vscode/.local/lib/python3.10/site-packages/airflow/example_dags/example_datasets.py took 0.075 seconds
[2025-04-08T11:49:13.206+0000] {processor.py:157} INFO - Started process (PID=6162) to work on /home/vscode/.local/lib/python3.10/site-packages/airflow/example_dags/example_datasets.py
[2025-04-08T11:49:13.207+0000] {processor.py:826} INFO - Processing file /home/vscode/.local/lib/python3.10/site-packages/airflow/example_dags/example_datasets.py for tasks to queue
[2025-04-08T11:49:13.207+0000] {logging_mixin.py:150} INFO - [2025-04-08T11:49:13.207+0000] {dagbag.py:541} INFO - Filling up the DagBag from /home/vscode/.local/lib/python3.10/site-packages/airflow/example_dags/example_datasets.py
[2025-04-08T11:49:13.214+0000] {processor.py:836} INFO - DAG(s) dict_keys(['dataset_consumes_1_never_scheduled', 'dataset_produces_1', 'dataset_consumes_1_and_2', 'dataset_consumes_unknown_never_scheduled', 'dataset_consumes_1', 'dataset_produces_2']) retrieved from /home/vscode/.local/lib/python3.10/site-packages/airflow/example_dags/example_datasets.py
[2025-04-08T11:49:13.235+0000] {logging_mixin.py:150} INFO - [2025-04-08T11:49:13.235+0000] {dag.py:2742} INFO - Sync 6 DAGs
[2025-04-08T11:49:13.250+0000] {logging_mixin.py:150} INFO - [2025-04-08T11:49:13.250+0000] {dag.py:3504} INFO - Setting next_dagrun for dataset_consumes_1 to None, run_after=None
[2025-04-08T11:49:13.253+0000] {logging_mixin.py:150} INFO - [2025-04-08T11:49:13.252+0000] {dag.py:3504} INFO - Setting next_dagrun for dataset_consumes_1_and_2 to None, run_after=None
[2025-04-08T11:49:13.253+0000] {logging_mixin.py:150} INFO - [2025-04-08T11:49:13.253+0000] {dag.py:3504} INFO - Setting next_dagrun for dataset_consumes_1_never_scheduled to None, run_after=None
[2025-04-08T11:49:13.254+0000] {logging_mixin.py:150} INFO - [2025-04-08T11:49:13.254+0000] {dag.py:3504} INFO - Setting next_dagrun for dataset_consumes_unknown_never_scheduled to None, run_after=None
[2025-04-08T11:49:13.256+0000] {logging_mixin.py:150} INFO - [2025-04-08T11:49:13.255+0000] {dag.py:3504} INFO - Setting next_dagrun for dataset_produces_1 to 2025-04-07T00:00:00+00:00, run_after=2025-04-08T00:00:00+00:00
[2025-04-08T11:49:13.256+0000] {logging_mixin.py:150} INFO - [2025-04-08T11:49:13.256+0000] {dag.py:3504} INFO - Setting next_dagrun for dataset_produces_2 to None, run_after=None
[2025-04-08T11:49:13.277+0000] {processor.py:179} INFO - Processing /home/vscode/.local/lib/python3.10/site-packages/airflow/example_dags/example_datasets.py took 0.074 seconds
[2025-04-08T11:50:01.639+0000] {processor.py:157} INFO - Started process (PID=6745) to work on /home/vscode/.local/lib/python3.10/site-packages/airflow/example_dags/example_datasets.py
[2025-04-08T11:50:01.640+0000] {processor.py:826} INFO - Processing file /home/vscode/.local/lib/python3.10/site-packages/airflow/example_dags/example_datasets.py for tasks to queue
[2025-04-08T11:50:01.640+0000] {logging_mixin.py:150} INFO - [2025-04-08T11:50:01.640+0000] {dagbag.py:541} INFO - Filling up the DagBag from /home/vscode/.local/lib/python3.10/site-packages/airflow/example_dags/example_datasets.py
[2025-04-08T11:50:01.647+0000] {processor.py:836} INFO - DAG(s) dict_keys(['dataset_produces_1', 'dataset_consumes_1_and_2', 'dataset_produces_2', 'dataset_consumes_1_never_scheduled', 'dataset_consumes_1', 'dataset_consumes_unknown_never_scheduled']) retrieved from /home/vscode/.local/lib/python3.10/site-packages/airflow/example_dags/example_datasets.py
[2025-04-08T11:50:01.667+0000] {logging_mixin.py:150} INFO - [2025-04-08T11:50:01.667+0000] {dag.py:2742} INFO - Sync 6 DAGs
[2025-04-08T11:50:01.683+0000] {logging_mixin.py:150} INFO - [2025-04-08T11:50:01.682+0000] {dag.py:3504} INFO - Setting next_dagrun for dataset_consumes_1 to None, run_after=None
[2025-04-08T11:50:01.685+0000] {logging_mixin.py:150} INFO - [2025-04-08T11:50:01.685+0000] {dag.py:3504} INFO - Setting next_dagrun for dataset_consumes_1_and_2 to None, run_after=None
[2025-04-08T11:50:01.685+0000] {logging_mixin.py:150} INFO - [2025-04-08T11:50:01.685+0000] {dag.py:3504} INFO - Setting next_dagrun for dataset_consumes_1_never_scheduled to None, run_after=None
[2025-04-08T11:50:01.686+0000] {logging_mixin.py:150} INFO - [2025-04-08T11:50:01.686+0000] {dag.py:3504} INFO - Setting next_dagrun for dataset_consumes_unknown_never_scheduled to None, run_after=None
[2025-04-08T11:50:01.688+0000] {logging_mixin.py:150} INFO - [2025-04-08T11:50:01.688+0000] {dag.py:3504} INFO - Setting next_dagrun for dataset_produces_1 to 2025-04-07T00:00:00+00:00, run_after=2025-04-08T00:00:00+00:00
[2025-04-08T11:50:01.688+0000] {logging_mixin.py:150} INFO - [2025-04-08T11:50:01.688+0000] {dag.py:3504} INFO - Setting next_dagrun for dataset_produces_2 to None, run_after=None
[2025-04-08T11:50:01.709+0000] {processor.py:179} INFO - Processing /home/vscode/.local/lib/python3.10/site-packages/airflow/example_dags/example_datasets.py took 0.072 seconds
[2025-04-08T11:50:45.578+0000] {processor.py:157} INFO - Started process (PID=7054) to work on /home/vscode/.local/lib/python3.10/site-packages/airflow/example_dags/example_datasets.py
[2025-04-08T11:50:45.579+0000] {processor.py:826} INFO - Processing file /home/vscode/.local/lib/python3.10/site-packages/airflow/example_dags/example_datasets.py for tasks to queue
[2025-04-08T11:50:45.580+0000] {logging_mixin.py:150} INFO - [2025-04-08T11:50:45.579+0000] {dagbag.py:541} INFO - Filling up the DagBag from /home/vscode/.local/lib/python3.10/site-packages/airflow/example_dags/example_datasets.py
[2025-04-08T11:50:45.586+0000] {processor.py:836} INFO - DAG(s) dict_keys(['dataset_consumes_1', 'dataset_consumes_unknown_never_scheduled', 'dataset_consumes_1_never_scheduled', 'dataset_produces_2', 'dataset_produces_1', 'dataset_consumes_1_and_2']) retrieved from /home/vscode/.local/lib/python3.10/site-packages/airflow/example_dags/example_datasets.py
[2025-04-08T11:50:45.608+0000] {logging_mixin.py:150} INFO - [2025-04-08T11:50:45.608+0000] {dag.py:2742} INFO - Sync 6 DAGs
[2025-04-08T11:50:45.623+0000] {logging_mixin.py:150} INFO - [2025-04-08T11:50:45.623+0000] {dag.py:3504} INFO - Setting next_dagrun for dataset_consumes_1 to None, run_after=None
[2025-04-08T11:50:45.626+0000] {logging_mixin.py:150} INFO - [2025-04-08T11:50:45.625+0000] {dag.py:3504} INFO - Setting next_dagrun for dataset_consumes_1_and_2 to None, run_after=None
[2025-04-08T11:50:45.626+0000] {logging_mixin.py:150} INFO - [2025-04-08T11:50:45.626+0000] {dag.py:3504} INFO - Setting next_dagrun for dataset_consumes_1_never_scheduled to None, run_after=None
[2025-04-08T11:50:45.627+0000] {logging_mixin.py:150} INFO - [2025-04-08T11:50:45.627+0000] {dag.py:3504} INFO - Setting next_dagrun for dataset_consumes_unknown_never_scheduled to None, run_after=None
[2025-04-08T11:50:45.629+0000] {logging_mixin.py:150} INFO - [2025-04-08T11:50:45.629+0000] {dag.py:3504} INFO - Setting next_dagrun for dataset_produces_1 to 2025-04-07T00:00:00+00:00, run_after=2025-04-08T00:00:00+00:00
[2025-04-08T11:50:45.629+0000] {logging_mixin.py:150} INFO - [2025-04-08T11:50:45.629+0000] {dag.py:3504} INFO - Setting next_dagrun for dataset_produces_2 to None, run_after=None
[2025-04-08T11:50:45.649+0000] {processor.py:179} INFO - Processing /home/vscode/.local/lib/python3.10/site-packages/airflow/example_dags/example_datasets.py took 0.073 seconds
