[2025-04-08T11:42:26.166+0000] {processor.py:157} INFO - Started process (PID=2942) to work on /home/vscode/.local/lib/python3.10/site-packages/airflow/example_dags/example_latest_only.py
[2025-04-08T11:42:26.167+0000] {processor.py:826} INFO - Processing file /home/vscode/.local/lib/python3.10/site-packages/airflow/example_dags/example_latest_only.py for tasks to queue
[2025-04-08T11:42:26.168+0000] {logging_mixin.py:150} INFO - [2025-04-08T11:42:26.167+0000] {dagbag.py:541} INFO - Filling up the DagBag from /home/vscode/.local/lib/python3.10/site-packages/airflow/example_dags/example_latest_only.py
[2025-04-08T11:42:26.172+0000] {processor.py:836} INFO - DAG(s) dict_keys(['latest_only']) retrieved from /home/vscode/.local/lib/python3.10/site-packages/airflow/example_dags/example_latest_only.py
[2025-04-08T11:42:26.239+0000] {logging_mixin.py:150} INFO - [2025-04-08T11:42:26.239+0000] {manager.py:504} INFO - Created Permission View: can edit on DAG:latest_only
[2025-04-08T11:42:26.247+0000] {logging_mixin.py:150} INFO - [2025-04-08T11:42:26.247+0000] {manager.py:504} INFO - Created Permission View: can read on DAG:latest_only
[2025-04-08T11:42:26.253+0000] {logging_mixin.py:150} INFO - [2025-04-08T11:42:26.252+0000] {manager.py:504} INFO - Created Permission View: can delete on DAG:latest_only
[2025-04-08T11:42:26.260+0000] {logging_mixin.py:150} INFO - [2025-04-08T11:42:26.260+0000] {dag.py:2742} INFO - Sync 1 DAGs
[2025-04-08T11:42:26.266+0000] {logging_mixin.py:150} INFO - [2025-04-08T11:42:26.266+0000] {dag.py:2763} INFO - Creating ORM DAG for latest_only
[2025-04-08T11:42:26.273+0000] {logging_mixin.py:150} INFO - [2025-04-08T11:42:26.273+0000] {dag.py:3504} INFO - Setting next_dagrun for latest_only to 2025-04-08T07:42:26.272820+00:00, run_after=2025-04-08T11:42:26.272820+00:00
[2025-04-08T11:42:26.287+0000] {processor.py:179} INFO - Processing /home/vscode/.local/lib/python3.10/site-packages/airflow/example_dags/example_latest_only.py took 0.122 seconds
[2025-04-08T11:43:12.754+0000] {processor.py:157} INFO - Started process (PID=3258) to work on /home/vscode/.local/lib/python3.10/site-packages/airflow/example_dags/example_latest_only.py
[2025-04-08T11:43:12.754+0000] {processor.py:826} INFO - Processing file /home/vscode/.local/lib/python3.10/site-packages/airflow/example_dags/example_latest_only.py for tasks to queue
[2025-04-08T11:43:12.755+0000] {logging_mixin.py:150} INFO - [2025-04-08T11:43:12.755+0000] {dagbag.py:541} INFO - Filling up the DagBag from /home/vscode/.local/lib/python3.10/site-packages/airflow/example_dags/example_latest_only.py
[2025-04-08T11:43:12.760+0000] {processor.py:836} INFO - DAG(s) dict_keys(['latest_only']) retrieved from /home/vscode/.local/lib/python3.10/site-packages/airflow/example_dags/example_latest_only.py
[2025-04-08T11:43:12.772+0000] {logging_mixin.py:150} INFO - [2025-04-08T11:43:12.772+0000] {dag.py:2742} INFO - Sync 1 DAGs
[2025-04-08T11:43:12.787+0000] {logging_mixin.py:150} INFO - [2025-04-08T11:43:12.787+0000] {dag.py:3504} INFO - Setting next_dagrun for latest_only to 2025-04-08T07:43:12.787201+00:00, run_after=2025-04-08T11:43:12.787201+00:00
[2025-04-08T11:43:12.803+0000] {processor.py:179} INFO - Processing /home/vscode/.local/lib/python3.10/site-packages/airflow/example_dags/example_latest_only.py took 0.051 seconds
[2025-04-08T11:44:00.171+0000] {processor.py:157} INFO - Started process (PID=3574) to work on /home/vscode/.local/lib/python3.10/site-packages/airflow/example_dags/example_latest_only.py
[2025-04-08T11:44:00.172+0000] {processor.py:826} INFO - Processing file /home/vscode/.local/lib/python3.10/site-packages/airflow/example_dags/example_latest_only.py for tasks to queue
[2025-04-08T11:44:00.173+0000] {logging_mixin.py:150} INFO - [2025-04-08T11:44:00.172+0000] {dagbag.py:541} INFO - Filling up the DagBag from /home/vscode/.local/lib/python3.10/site-packages/airflow/example_dags/example_latest_only.py
[2025-04-08T11:44:00.178+0000] {processor.py:836} INFO - DAG(s) dict_keys(['latest_only']) retrieved from /home/vscode/.local/lib/python3.10/site-packages/airflow/example_dags/example_latest_only.py
[2025-04-08T11:44:00.192+0000] {logging_mixin.py:150} INFO - [2025-04-08T11:44:00.191+0000] {dag.py:2742} INFO - Sync 1 DAGs
[2025-04-08T11:44:00.207+0000] {logging_mixin.py:150} INFO - [2025-04-08T11:44:00.207+0000] {dag.py:3504} INFO - Setting next_dagrun for latest_only to 2025-04-08T07:44:00.207540+00:00, run_after=2025-04-08T11:44:00.207540+00:00
[2025-04-08T11:44:00.238+0000] {processor.py:179} INFO - Processing /home/vscode/.local/lib/python3.10/site-packages/airflow/example_dags/example_latest_only.py took 0.070 seconds
[2025-04-08T11:44:45.816+0000] {processor.py:157} INFO - Started process (PID=3988) to work on /home/vscode/.local/lib/python3.10/site-packages/airflow/example_dags/example_latest_only.py
[2025-04-08T11:44:45.817+0000] {processor.py:826} INFO - Processing file /home/vscode/.local/lib/python3.10/site-packages/airflow/example_dags/example_latest_only.py for tasks to queue
[2025-04-08T11:44:45.818+0000] {logging_mixin.py:150} INFO - [2025-04-08T11:44:45.817+0000] {dagbag.py:541} INFO - Filling up the DagBag from /home/vscode/.local/lib/python3.10/site-packages/airflow/example_dags/example_latest_only.py
[2025-04-08T11:44:45.822+0000] {processor.py:836} INFO - DAG(s) dict_keys(['latest_only']) retrieved from /home/vscode/.local/lib/python3.10/site-packages/airflow/example_dags/example_latest_only.py
[2025-04-08T11:44:45.833+0000] {logging_mixin.py:150} INFO - [2025-04-08T11:44:45.833+0000] {dag.py:2742} INFO - Sync 1 DAGs
[2025-04-08T11:44:45.848+0000] {logging_mixin.py:150} INFO - [2025-04-08T11:44:45.848+0000] {dag.py:3504} INFO - Setting next_dagrun for latest_only to 2025-04-08T07:44:45.847961+00:00, run_after=2025-04-08T11:44:45.847961+00:00
[2025-04-08T11:44:45.863+0000] {processor.py:179} INFO - Processing /home/vscode/.local/lib/python3.10/site-packages/airflow/example_dags/example_latest_only.py took 0.048 seconds
[2025-04-08T11:45:27.730+0000] {processor.py:157} INFO - Started process (PID=4383) to work on /home/vscode/.local/lib/python3.10/site-packages/airflow/example_dags/example_latest_only.py
[2025-04-08T11:45:27.731+0000] {processor.py:826} INFO - Processing file /home/vscode/.local/lib/python3.10/site-packages/airflow/example_dags/example_latest_only.py for tasks to queue
[2025-04-08T11:45:27.732+0000] {logging_mixin.py:150} INFO - [2025-04-08T11:45:27.732+0000] {dagbag.py:541} INFO - Filling up the DagBag from /home/vscode/.local/lib/python3.10/site-packages/airflow/example_dags/example_latest_only.py
[2025-04-08T11:45:27.737+0000] {processor.py:836} INFO - DAG(s) dict_keys(['latest_only']) retrieved from /home/vscode/.local/lib/python3.10/site-packages/airflow/example_dags/example_latest_only.py
[2025-04-08T11:45:27.749+0000] {logging_mixin.py:150} INFO - [2025-04-08T11:45:27.749+0000] {dag.py:2742} INFO - Sync 1 DAGs
[2025-04-08T11:45:27.765+0000] {logging_mixin.py:150} INFO - [2025-04-08T11:45:27.765+0000] {dag.py:3504} INFO - Setting next_dagrun for latest_only to 2025-04-08T07:45:27.765078+00:00, run_after=2025-04-08T11:45:27.765078+00:00
[2025-04-08T11:45:27.781+0000] {processor.py:179} INFO - Processing /home/vscode/.local/lib/python3.10/site-packages/airflow/example_dags/example_latest_only.py took 0.053 seconds
[2025-04-08T11:46:14.936+0000] {processor.py:157} INFO - Started process (PID=4732) to work on /home/vscode/.local/lib/python3.10/site-packages/airflow/example_dags/example_latest_only.py
[2025-04-08T11:46:14.937+0000] {processor.py:826} INFO - Processing file /home/vscode/.local/lib/python3.10/site-packages/airflow/example_dags/example_latest_only.py for tasks to queue
[2025-04-08T11:46:14.937+0000] {logging_mixin.py:150} INFO - [2025-04-08T11:46:14.937+0000] {dagbag.py:541} INFO - Filling up the DagBag from /home/vscode/.local/lib/python3.10/site-packages/airflow/example_dags/example_latest_only.py
[2025-04-08T11:46:14.942+0000] {processor.py:836} INFO - DAG(s) dict_keys(['latest_only']) retrieved from /home/vscode/.local/lib/python3.10/site-packages/airflow/example_dags/example_latest_only.py
[2025-04-08T11:46:14.953+0000] {logging_mixin.py:150} INFO - [2025-04-08T11:46:14.953+0000] {dag.py:2742} INFO - Sync 1 DAGs
[2025-04-08T11:46:14.967+0000] {logging_mixin.py:150} INFO - [2025-04-08T11:46:14.967+0000] {dag.py:3504} INFO - Setting next_dagrun for latest_only to 2025-04-08T07:46:14.967136+00:00, run_after=2025-04-08T11:46:14.967136+00:00
[2025-04-08T11:46:14.982+0000] {processor.py:179} INFO - Processing /home/vscode/.local/lib/python3.10/site-packages/airflow/example_dags/example_latest_only.py took 0.048 seconds
[2025-04-08T11:47:00.895+0000] {processor.py:157} INFO - Started process (PID=5035) to work on /home/vscode/.local/lib/python3.10/site-packages/airflow/example_dags/example_latest_only.py
[2025-04-08T11:47:00.896+0000] {processor.py:826} INFO - Processing file /home/vscode/.local/lib/python3.10/site-packages/airflow/example_dags/example_latest_only.py for tasks to queue
[2025-04-08T11:47:00.897+0000] {logging_mixin.py:150} INFO - [2025-04-08T11:47:00.896+0000] {dagbag.py:541} INFO - Filling up the DagBag from /home/vscode/.local/lib/python3.10/site-packages/airflow/example_dags/example_latest_only.py
[2025-04-08T11:47:00.901+0000] {processor.py:836} INFO - DAG(s) dict_keys(['latest_only']) retrieved from /home/vscode/.local/lib/python3.10/site-packages/airflow/example_dags/example_latest_only.py
[2025-04-08T11:47:00.913+0000] {logging_mixin.py:150} INFO - [2025-04-08T11:47:00.913+0000] {dag.py:2742} INFO - Sync 1 DAGs
[2025-04-08T11:47:00.927+0000] {logging_mixin.py:150} INFO - [2025-04-08T11:47:00.927+0000] {dag.py:3504} INFO - Setting next_dagrun for latest_only to 2025-04-08T07:47:00.926961+00:00, run_after=2025-04-08T11:47:00.926961+00:00
[2025-04-08T11:47:00.942+0000] {processor.py:179} INFO - Processing /home/vscode/.local/lib/python3.10/site-packages/airflow/example_dags/example_latest_only.py took 0.049 seconds
[2025-04-08T11:47:48.590+0000] {processor.py:157} INFO - Started process (PID=5353) to work on /home/vscode/.local/lib/python3.10/site-packages/airflow/example_dags/example_latest_only.py
[2025-04-08T11:47:48.591+0000] {processor.py:826} INFO - Processing file /home/vscode/.local/lib/python3.10/site-packages/airflow/example_dags/example_latest_only.py for tasks to queue
[2025-04-08T11:47:48.591+0000] {logging_mixin.py:150} INFO - [2025-04-08T11:47:48.591+0000] {dagbag.py:541} INFO - Filling up the DagBag from /home/vscode/.local/lib/python3.10/site-packages/airflow/example_dags/example_latest_only.py
[2025-04-08T11:47:48.596+0000] {processor.py:836} INFO - DAG(s) dict_keys(['latest_only']) retrieved from /home/vscode/.local/lib/python3.10/site-packages/airflow/example_dags/example_latest_only.py
[2025-04-08T11:47:48.607+0000] {logging_mixin.py:150} INFO - [2025-04-08T11:47:48.607+0000] {dag.py:2742} INFO - Sync 1 DAGs
[2025-04-08T11:47:48.621+0000] {logging_mixin.py:150} INFO - [2025-04-08T11:47:48.620+0000] {dag.py:3504} INFO - Setting next_dagrun for latest_only to 2025-04-08T07:47:48.620787+00:00, run_after=2025-04-08T11:47:48.620787+00:00
[2025-04-08T11:47:48.634+0000] {processor.py:179} INFO - Processing /home/vscode/.local/lib/python3.10/site-packages/airflow/example_dags/example_latest_only.py took 0.047 seconds
[2025-04-08T11:48:33.346+0000] {processor.py:157} INFO - Started process (PID=5675) to work on /home/vscode/.local/lib/python3.10/site-packages/airflow/example_dags/example_latest_only.py
[2025-04-08T11:48:33.346+0000] {processor.py:826} INFO - Processing file /home/vscode/.local/lib/python3.10/site-packages/airflow/example_dags/example_latest_only.py for tasks to queue
[2025-04-08T11:48:33.347+0000] {logging_mixin.py:150} INFO - [2025-04-08T11:48:33.347+0000] {dagbag.py:541} INFO - Filling up the DagBag from /home/vscode/.local/lib/python3.10/site-packages/airflow/example_dags/example_latest_only.py
[2025-04-08T11:48:33.352+0000] {processor.py:836} INFO - DAG(s) dict_keys(['latest_only']) retrieved from /home/vscode/.local/lib/python3.10/site-packages/airflow/example_dags/example_latest_only.py
[2025-04-08T11:48:33.363+0000] {logging_mixin.py:150} INFO - [2025-04-08T11:48:33.363+0000] {dag.py:2742} INFO - Sync 1 DAGs
[2025-04-08T11:48:33.378+0000] {logging_mixin.py:150} INFO - [2025-04-08T11:48:33.378+0000] {dag.py:3504} INFO - Setting next_dagrun for latest_only to 2025-04-08T07:48:33.378114+00:00, run_after=2025-04-08T11:48:33.378114+00:00
[2025-04-08T11:48:33.393+0000] {processor.py:179} INFO - Processing /home/vscode/.local/lib/python3.10/site-packages/airflow/example_dags/example_latest_only.py took 0.050 seconds
[2025-04-08T11:49:16.713+0000] {processor.py:157} INFO - Started process (PID=6179) to work on /home/vscode/.local/lib/python3.10/site-packages/airflow/example_dags/example_latest_only.py
[2025-04-08T11:49:16.714+0000] {processor.py:826} INFO - Processing file /home/vscode/.local/lib/python3.10/site-packages/airflow/example_dags/example_latest_only.py for tasks to queue
[2025-04-08T11:49:16.716+0000] {logging_mixin.py:150} INFO - [2025-04-08T11:49:16.715+0000] {dagbag.py:541} INFO - Filling up the DagBag from /home/vscode/.local/lib/python3.10/site-packages/airflow/example_dags/example_latest_only.py
[2025-04-08T11:49:16.721+0000] {processor.py:836} INFO - DAG(s) dict_keys(['latest_only']) retrieved from /home/vscode/.local/lib/python3.10/site-packages/airflow/example_dags/example_latest_only.py
[2025-04-08T11:49:16.733+0000] {logging_mixin.py:150} INFO - [2025-04-08T11:49:16.733+0000] {dag.py:2742} INFO - Sync 1 DAGs
[2025-04-08T11:49:16.748+0000] {logging_mixin.py:150} INFO - [2025-04-08T11:49:16.748+0000] {dag.py:3504} INFO - Setting next_dagrun for latest_only to 2025-04-08T07:49:16.748502+00:00, run_after=2025-04-08T11:49:16.748502+00:00
[2025-04-08T11:49:16.764+0000] {processor.py:179} INFO - Processing /home/vscode/.local/lib/python3.10/site-packages/airflow/example_dags/example_latest_only.py took 0.057 seconds
[2025-04-08T11:50:04.459+0000] {processor.py:157} INFO - Started process (PID=6763) to work on /home/vscode/.local/lib/python3.10/site-packages/airflow/example_dags/example_latest_only.py
[2025-04-08T11:50:04.459+0000] {processor.py:826} INFO - Processing file /home/vscode/.local/lib/python3.10/site-packages/airflow/example_dags/example_latest_only.py for tasks to queue
[2025-04-08T11:50:04.460+0000] {logging_mixin.py:150} INFO - [2025-04-08T11:50:04.460+0000] {dagbag.py:541} INFO - Filling up the DagBag from /home/vscode/.local/lib/python3.10/site-packages/airflow/example_dags/example_latest_only.py
[2025-04-08T11:50:04.464+0000] {processor.py:836} INFO - DAG(s) dict_keys(['latest_only']) retrieved from /home/vscode/.local/lib/python3.10/site-packages/airflow/example_dags/example_latest_only.py
[2025-04-08T11:50:04.476+0000] {logging_mixin.py:150} INFO - [2025-04-08T11:50:04.476+0000] {dag.py:2742} INFO - Sync 1 DAGs
[2025-04-08T11:50:04.490+0000] {logging_mixin.py:150} INFO - [2025-04-08T11:50:04.490+0000] {dag.py:3504} INFO - Setting next_dagrun for latest_only to 2025-04-08T07:50:04.490366+00:00, run_after=2025-04-08T11:50:04.490366+00:00
[2025-04-08T11:50:04.505+0000] {processor.py:179} INFO - Processing /home/vscode/.local/lib/python3.10/site-packages/airflow/example_dags/example_latest_only.py took 0.049 seconds
[2025-04-08T11:50:48.996+0000] {processor.py:157} INFO - Started process (PID=7092) to work on /home/vscode/.local/lib/python3.10/site-packages/airflow/example_dags/example_latest_only.py
[2025-04-08T11:50:48.997+0000] {processor.py:826} INFO - Processing file /home/vscode/.local/lib/python3.10/site-packages/airflow/example_dags/example_latest_only.py for tasks to queue
[2025-04-08T11:50:48.997+0000] {logging_mixin.py:150} INFO - [2025-04-08T11:50:48.997+0000] {dagbag.py:541} INFO - Filling up the DagBag from /home/vscode/.local/lib/python3.10/site-packages/airflow/example_dags/example_latest_only.py
[2025-04-08T11:50:49.002+0000] {processor.py:836} INFO - DAG(s) dict_keys(['latest_only']) retrieved from /home/vscode/.local/lib/python3.10/site-packages/airflow/example_dags/example_latest_only.py
[2025-04-08T11:50:49.013+0000] {logging_mixin.py:150} INFO - [2025-04-08T11:50:49.013+0000] {dag.py:2742} INFO - Sync 1 DAGs
[2025-04-08T11:50:49.027+0000] {logging_mixin.py:150} INFO - [2025-04-08T11:50:49.027+0000] {dag.py:3504} INFO - Setting next_dagrun for latest_only to 2025-04-08T07:50:49.027129+00:00, run_after=2025-04-08T11:50:49.027129+00:00
[2025-04-08T11:50:49.042+0000] {processor.py:179} INFO - Processing /home/vscode/.local/lib/python3.10/site-packages/airflow/example_dags/example_latest_only.py took 0.048 seconds
