[2025-04-08T11:42:20.934+0000] {processor.py:157} INFO - Started process (PID=2920) to work on /home/vscode/.local/lib/python3.10/site-packages/airflow/example_dags/example_external_task_marker_dag.py
[2025-04-08T11:42:20.934+0000] {processor.py:826} INFO - Processing file /home/vscode/.local/lib/python3.10/site-packages/airflow/example_dags/example_external_task_marker_dag.py for tasks to queue
[2025-04-08T11:42:20.935+0000] {logging_mixin.py:150} INFO - [2025-04-08T11:42:20.935+0000] {dagbag.py:541} INFO - Filling up the DagBag from /home/vscode/.local/lib/python3.10/site-packages/airflow/example_dags/example_external_task_marker_dag.py
[2025-04-08T11:42:20.939+0000] {processor.py:836} INFO - DAG(s) dict_keys(['example_external_task_marker_child', 'example_external_task_marker_parent']) retrieved from /home/vscode/.local/lib/python3.10/site-packages/airflow/example_dags/example_external_task_marker_dag.py
[2025-04-08T11:42:21.011+0000] {logging_mixin.py:150} INFO - [2025-04-08T11:42:21.011+0000] {manager.py:504} INFO - Created Permission View: can edit on DAG:example_external_task_marker_child
[2025-04-08T11:42:21.019+0000] {logging_mixin.py:150} INFO - [2025-04-08T11:42:21.019+0000] {manager.py:504} INFO - Created Permission View: can read on DAG:example_external_task_marker_child
[2025-04-08T11:42:21.025+0000] {logging_mixin.py:150} INFO - [2025-04-08T11:42:21.025+0000] {manager.py:504} INFO - Created Permission View: can delete on DAG:example_external_task_marker_child
[2025-04-08T11:42:21.043+0000] {logging_mixin.py:150} INFO - [2025-04-08T11:42:21.043+0000] {manager.py:504} INFO - Created Permission View: can edit on DAG:example_external_task_marker_parent
[2025-04-08T11:42:21.048+0000] {logging_mixin.py:150} INFO - [2025-04-08T11:42:21.048+0000] {manager.py:504} INFO - Created Permission View: can read on DAG:example_external_task_marker_parent
[2025-04-08T11:42:21.053+0000] {logging_mixin.py:150} INFO - [2025-04-08T11:42:21.053+0000] {manager.py:504} INFO - Created Permission View: can delete on DAG:example_external_task_marker_parent
[2025-04-08T11:42:21.056+0000] {logging_mixin.py:150} INFO - [2025-04-08T11:42:21.056+0000] {dag.py:2742} INFO - Sync 2 DAGs
[2025-04-08T11:42:21.063+0000] {logging_mixin.py:150} INFO - [2025-04-08T11:42:21.062+0000] {dag.py:2763} INFO - Creating ORM DAG for example_external_task_marker_child
[2025-04-08T11:42:21.063+0000] {logging_mixin.py:150} INFO - [2025-04-08T11:42:21.063+0000] {dag.py:2763} INFO - Creating ORM DAG for example_external_task_marker_parent
[2025-04-08T11:42:21.069+0000] {logging_mixin.py:150} INFO - [2025-04-08T11:42:21.069+0000] {dag.py:3504} INFO - Setting next_dagrun for example_external_task_marker_child to None, run_after=None
[2025-04-08T11:42:21.069+0000] {logging_mixin.py:150} INFO - [2025-04-08T11:42:21.069+0000] {dag.py:3504} INFO - Setting next_dagrun for example_external_task_marker_parent to None, run_after=None
[2025-04-08T11:42:21.096+0000] {processor.py:179} INFO - Processing /home/vscode/.local/lib/python3.10/site-packages/airflow/example_dags/example_external_task_marker_dag.py took 0.165 seconds
[2025-04-08T11:43:05.889+0000] {processor.py:157} INFO - Started process (PID=3215) to work on /home/vscode/.local/lib/python3.10/site-packages/airflow/example_dags/example_external_task_marker_dag.py
[2025-04-08T11:43:05.889+0000] {processor.py:826} INFO - Processing file /home/vscode/.local/lib/python3.10/site-packages/airflow/example_dags/example_external_task_marker_dag.py for tasks to queue
[2025-04-08T11:43:05.890+0000] {logging_mixin.py:150} INFO - [2025-04-08T11:43:05.890+0000] {dagbag.py:541} INFO - Filling up the DagBag from /home/vscode/.local/lib/python3.10/site-packages/airflow/example_dags/example_external_task_marker_dag.py
[2025-04-08T11:43:05.895+0000] {processor.py:836} INFO - DAG(s) dict_keys(['example_external_task_marker_child', 'example_external_task_marker_parent']) retrieved from /home/vscode/.local/lib/python3.10/site-packages/airflow/example_dags/example_external_task_marker_dag.py
[2025-04-08T11:43:05.910+0000] {logging_mixin.py:150} INFO - [2025-04-08T11:43:05.910+0000] {dag.py:2742} INFO - Sync 2 DAGs
[2025-04-08T11:43:05.926+0000] {logging_mixin.py:150} INFO - [2025-04-08T11:43:05.926+0000] {dag.py:3504} INFO - Setting next_dagrun for example_external_task_marker_child to None, run_after=None
[2025-04-08T11:43:05.928+0000] {logging_mixin.py:150} INFO - [2025-04-08T11:43:05.928+0000] {dag.py:3504} INFO - Setting next_dagrun for example_external_task_marker_parent to None, run_after=None
[2025-04-08T11:43:05.945+0000] {processor.py:179} INFO - Processing /home/vscode/.local/lib/python3.10/site-packages/airflow/example_dags/example_external_task_marker_dag.py took 0.058 seconds
[2025-04-08T11:43:53.182+0000] {processor.py:157} INFO - Started process (PID=3530) to work on /home/vscode/.local/lib/python3.10/site-packages/airflow/example_dags/example_external_task_marker_dag.py
[2025-04-08T11:43:53.182+0000] {processor.py:826} INFO - Processing file /home/vscode/.local/lib/python3.10/site-packages/airflow/example_dags/example_external_task_marker_dag.py for tasks to queue
[2025-04-08T11:43:53.183+0000] {logging_mixin.py:150} INFO - [2025-04-08T11:43:53.183+0000] {dagbag.py:541} INFO - Filling up the DagBag from /home/vscode/.local/lib/python3.10/site-packages/airflow/example_dags/example_external_task_marker_dag.py
[2025-04-08T11:43:53.189+0000] {processor.py:836} INFO - DAG(s) dict_keys(['example_external_task_marker_parent', 'example_external_task_marker_child']) retrieved from /home/vscode/.local/lib/python3.10/site-packages/airflow/example_dags/example_external_task_marker_dag.py
[2025-04-08T11:43:53.208+0000] {logging_mixin.py:150} INFO - [2025-04-08T11:43:53.208+0000] {dag.py:2742} INFO - Sync 2 DAGs
[2025-04-08T11:43:53.224+0000] {logging_mixin.py:150} INFO - [2025-04-08T11:43:53.224+0000] {dag.py:3504} INFO - Setting next_dagrun for example_external_task_marker_child to None, run_after=None
[2025-04-08T11:43:53.227+0000] {logging_mixin.py:150} INFO - [2025-04-08T11:43:53.227+0000] {dag.py:3504} INFO - Setting next_dagrun for example_external_task_marker_parent to None, run_after=None
[2025-04-08T11:43:53.242+0000] {processor.py:179} INFO - Processing /home/vscode/.local/lib/python3.10/site-packages/airflow/example_dags/example_external_task_marker_dag.py took 0.063 seconds
[2025-04-08T11:44:37.955+0000] {processor.py:157} INFO - Started process (PID=3923) to work on /home/vscode/.local/lib/python3.10/site-packages/airflow/example_dags/example_external_task_marker_dag.py
[2025-04-08T11:44:37.955+0000] {processor.py:826} INFO - Processing file /home/vscode/.local/lib/python3.10/site-packages/airflow/example_dags/example_external_task_marker_dag.py for tasks to queue
[2025-04-08T11:44:37.956+0000] {logging_mixin.py:150} INFO - [2025-04-08T11:44:37.956+0000] {dagbag.py:541} INFO - Filling up the DagBag from /home/vscode/.local/lib/python3.10/site-packages/airflow/example_dags/example_external_task_marker_dag.py
[2025-04-08T11:44:37.961+0000] {processor.py:836} INFO - DAG(s) dict_keys(['example_external_task_marker_child', 'example_external_task_marker_parent']) retrieved from /home/vscode/.local/lib/python3.10/site-packages/airflow/example_dags/example_external_task_marker_dag.py
[2025-04-08T11:44:37.976+0000] {logging_mixin.py:150} INFO - [2025-04-08T11:44:37.976+0000] {dag.py:2742} INFO - Sync 2 DAGs
[2025-04-08T11:44:37.989+0000] {logging_mixin.py:150} INFO - [2025-04-08T11:44:37.989+0000] {dag.py:3504} INFO - Setting next_dagrun for example_external_task_marker_child to None, run_after=None
[2025-04-08T11:44:37.992+0000] {logging_mixin.py:150} INFO - [2025-04-08T11:44:37.992+0000] {dag.py:3504} INFO - Setting next_dagrun for example_external_task_marker_parent to None, run_after=None
[2025-04-08T11:44:38.005+0000] {processor.py:179} INFO - Processing /home/vscode/.local/lib/python3.10/site-packages/airflow/example_dags/example_external_task_marker_dag.py took 0.053 seconds
[2025-04-08T11:45:19.626+0000] {processor.py:157} INFO - Started process (PID=4278) to work on /home/vscode/.local/lib/python3.10/site-packages/airflow/example_dags/example_external_task_marker_dag.py
[2025-04-08T11:45:19.627+0000] {processor.py:826} INFO - Processing file /home/vscode/.local/lib/python3.10/site-packages/airflow/example_dags/example_external_task_marker_dag.py for tasks to queue
[2025-04-08T11:45:19.627+0000] {logging_mixin.py:150} INFO - [2025-04-08T11:45:19.627+0000] {dagbag.py:541} INFO - Filling up the DagBag from /home/vscode/.local/lib/python3.10/site-packages/airflow/example_dags/example_external_task_marker_dag.py
[2025-04-08T11:45:19.631+0000] {processor.py:836} INFO - DAG(s) dict_keys(['example_external_task_marker_parent', 'example_external_task_marker_child']) retrieved from /home/vscode/.local/lib/python3.10/site-packages/airflow/example_dags/example_external_task_marker_dag.py
[2025-04-08T11:45:19.646+0000] {logging_mixin.py:150} INFO - [2025-04-08T11:45:19.645+0000] {dag.py:2742} INFO - Sync 2 DAGs
[2025-04-08T11:45:19.660+0000] {logging_mixin.py:150} INFO - [2025-04-08T11:45:19.660+0000] {dag.py:3504} INFO - Setting next_dagrun for example_external_task_marker_child to None, run_after=None
[2025-04-08T11:45:19.662+0000] {logging_mixin.py:150} INFO - [2025-04-08T11:45:19.662+0000] {dag.py:3504} INFO - Setting next_dagrun for example_external_task_marker_parent to None, run_after=None
[2025-04-08T11:45:19.675+0000] {processor.py:179} INFO - Processing /home/vscode/.local/lib/python3.10/site-packages/airflow/example_dags/example_external_task_marker_dag.py took 0.051 seconds
[2025-04-08T11:46:09.164+0000] {processor.py:157} INFO - Started process (PID=4692) to work on /home/vscode/.local/lib/python3.10/site-packages/airflow/example_dags/example_external_task_marker_dag.py
[2025-04-08T11:46:09.165+0000] {processor.py:826} INFO - Processing file /home/vscode/.local/lib/python3.10/site-packages/airflow/example_dags/example_external_task_marker_dag.py for tasks to queue
[2025-04-08T11:46:09.166+0000] {logging_mixin.py:150} INFO - [2025-04-08T11:46:09.165+0000] {dagbag.py:541} INFO - Filling up the DagBag from /home/vscode/.local/lib/python3.10/site-packages/airflow/example_dags/example_external_task_marker_dag.py
[2025-04-08T11:46:09.170+0000] {processor.py:836} INFO - DAG(s) dict_keys(['example_external_task_marker_child', 'example_external_task_marker_parent']) retrieved from /home/vscode/.local/lib/python3.10/site-packages/airflow/example_dags/example_external_task_marker_dag.py
[2025-04-08T11:46:09.184+0000] {logging_mixin.py:150} INFO - [2025-04-08T11:46:09.184+0000] {dag.py:2742} INFO - Sync 2 DAGs
[2025-04-08T11:46:09.198+0000] {logging_mixin.py:150} INFO - [2025-04-08T11:46:09.198+0000] {dag.py:3504} INFO - Setting next_dagrun for example_external_task_marker_child to None, run_after=None
[2025-04-08T11:46:09.200+0000] {logging_mixin.py:150} INFO - [2025-04-08T11:46:09.200+0000] {dag.py:3504} INFO - Setting next_dagrun for example_external_task_marker_parent to None, run_after=None
[2025-04-08T11:46:09.213+0000] {processor.py:179} INFO - Processing /home/vscode/.local/lib/python3.10/site-packages/airflow/example_dags/example_external_task_marker_dag.py took 0.051 seconds
[2025-04-08T11:46:55.934+0000] {processor.py:157} INFO - Started process (PID=5002) to work on /home/vscode/.local/lib/python3.10/site-packages/airflow/example_dags/example_external_task_marker_dag.py
[2025-04-08T11:46:55.935+0000] {processor.py:826} INFO - Processing file /home/vscode/.local/lib/python3.10/site-packages/airflow/example_dags/example_external_task_marker_dag.py for tasks to queue
[2025-04-08T11:46:55.935+0000] {logging_mixin.py:150} INFO - [2025-04-08T11:46:55.935+0000] {dagbag.py:541} INFO - Filling up the DagBag from /home/vscode/.local/lib/python3.10/site-packages/airflow/example_dags/example_external_task_marker_dag.py
[2025-04-08T11:46:55.940+0000] {processor.py:836} INFO - DAG(s) dict_keys(['example_external_task_marker_child', 'example_external_task_marker_parent']) retrieved from /home/vscode/.local/lib/python3.10/site-packages/airflow/example_dags/example_external_task_marker_dag.py
[2025-04-08T11:46:55.954+0000] {logging_mixin.py:150} INFO - [2025-04-08T11:46:55.953+0000] {dag.py:2742} INFO - Sync 2 DAGs
[2025-04-08T11:46:55.967+0000] {logging_mixin.py:150} INFO - [2025-04-08T11:46:55.967+0000] {dag.py:3504} INFO - Setting next_dagrun for example_external_task_marker_child to None, run_after=None
[2025-04-08T11:46:55.970+0000] {logging_mixin.py:150} INFO - [2025-04-08T11:46:55.970+0000] {dag.py:3504} INFO - Setting next_dagrun for example_external_task_marker_parent to None, run_after=None
[2025-04-08T11:46:55.982+0000] {processor.py:179} INFO - Processing /home/vscode/.local/lib/python3.10/site-packages/airflow/example_dags/example_external_task_marker_dag.py took 0.050 seconds
[2025-04-08T11:47:44.828+0000] {processor.py:157} INFO - Started process (PID=5327) to work on /home/vscode/.local/lib/python3.10/site-packages/airflow/example_dags/example_external_task_marker_dag.py
[2025-04-08T11:47:44.828+0000] {processor.py:826} INFO - Processing file /home/vscode/.local/lib/python3.10/site-packages/airflow/example_dags/example_external_task_marker_dag.py for tasks to queue
[2025-04-08T11:47:44.829+0000] {logging_mixin.py:150} INFO - [2025-04-08T11:47:44.829+0000] {dagbag.py:541} INFO - Filling up the DagBag from /home/vscode/.local/lib/python3.10/site-packages/airflow/example_dags/example_external_task_marker_dag.py
[2025-04-08T11:47:44.834+0000] {processor.py:836} INFO - DAG(s) dict_keys(['example_external_task_marker_parent', 'example_external_task_marker_child']) retrieved from /home/vscode/.local/lib/python3.10/site-packages/airflow/example_dags/example_external_task_marker_dag.py
[2025-04-08T11:47:44.849+0000] {logging_mixin.py:150} INFO - [2025-04-08T11:47:44.848+0000] {dag.py:2742} INFO - Sync 2 DAGs
[2025-04-08T11:47:44.863+0000] {logging_mixin.py:150} INFO - [2025-04-08T11:47:44.863+0000] {dag.py:3504} INFO - Setting next_dagrun for example_external_task_marker_child to None, run_after=None
[2025-04-08T11:47:44.865+0000] {logging_mixin.py:150} INFO - [2025-04-08T11:47:44.865+0000] {dag.py:3504} INFO - Setting next_dagrun for example_external_task_marker_parent to None, run_after=None
[2025-04-08T11:47:44.877+0000] {processor.py:179} INFO - Processing /home/vscode/.local/lib/python3.10/site-packages/airflow/example_dags/example_external_task_marker_dag.py took 0.052 seconds
[2025-04-08T11:48:28.240+0000] {processor.py:157} INFO - Started process (PID=5630) to work on /home/vscode/.local/lib/python3.10/site-packages/airflow/example_dags/example_external_task_marker_dag.py
[2025-04-08T11:48:28.241+0000] {processor.py:826} INFO - Processing file /home/vscode/.local/lib/python3.10/site-packages/airflow/example_dags/example_external_task_marker_dag.py for tasks to queue
[2025-04-08T11:48:28.241+0000] {logging_mixin.py:150} INFO - [2025-04-08T11:48:28.241+0000] {dagbag.py:541} INFO - Filling up the DagBag from /home/vscode/.local/lib/python3.10/site-packages/airflow/example_dags/example_external_task_marker_dag.py
[2025-04-08T11:48:28.246+0000] {processor.py:836} INFO - DAG(s) dict_keys(['example_external_task_marker_child', 'example_external_task_marker_parent']) retrieved from /home/vscode/.local/lib/python3.10/site-packages/airflow/example_dags/example_external_task_marker_dag.py
[2025-04-08T11:48:28.261+0000] {logging_mixin.py:150} INFO - [2025-04-08T11:48:28.261+0000] {dag.py:2742} INFO - Sync 2 DAGs
[2025-04-08T11:48:28.276+0000] {logging_mixin.py:150} INFO - [2025-04-08T11:48:28.276+0000] {dag.py:3504} INFO - Setting next_dagrun for example_external_task_marker_child to None, run_after=None
[2025-04-08T11:48:28.278+0000] {logging_mixin.py:150} INFO - [2025-04-08T11:48:28.278+0000] {dag.py:3504} INFO - Setting next_dagrun for example_external_task_marker_parent to None, run_after=None
[2025-04-08T11:48:28.293+0000] {processor.py:179} INFO - Processing /home/vscode/.local/lib/python3.10/site-packages/airflow/example_dags/example_external_task_marker_dag.py took 0.055 seconds
[2025-04-08T11:49:11.455+0000] {processor.py:157} INFO - Started process (PID=6146) to work on /home/vscode/.local/lib/python3.10/site-packages/airflow/example_dags/example_external_task_marker_dag.py
[2025-04-08T11:49:11.456+0000] {processor.py:826} INFO - Processing file /home/vscode/.local/lib/python3.10/site-packages/airflow/example_dags/example_external_task_marker_dag.py for tasks to queue
[2025-04-08T11:49:11.457+0000] {logging_mixin.py:150} INFO - [2025-04-08T11:49:11.456+0000] {dagbag.py:541} INFO - Filling up the DagBag from /home/vscode/.local/lib/python3.10/site-packages/airflow/example_dags/example_external_task_marker_dag.py
[2025-04-08T11:49:11.462+0000] {processor.py:836} INFO - DAG(s) dict_keys(['example_external_task_marker_parent', 'example_external_task_marker_child']) retrieved from /home/vscode/.local/lib/python3.10/site-packages/airflow/example_dags/example_external_task_marker_dag.py
[2025-04-08T11:49:11.481+0000] {logging_mixin.py:150} INFO - [2025-04-08T11:49:11.481+0000] {dag.py:2742} INFO - Sync 2 DAGs
[2025-04-08T11:49:11.497+0000] {logging_mixin.py:150} INFO - [2025-04-08T11:49:11.497+0000] {dag.py:3504} INFO - Setting next_dagrun for example_external_task_marker_child to None, run_after=None
[2025-04-08T11:49:11.499+0000] {logging_mixin.py:150} INFO - [2025-04-08T11:49:11.499+0000] {dag.py:3504} INFO - Setting next_dagrun for example_external_task_marker_parent to None, run_after=None
[2025-04-08T11:49:11.514+0000] {processor.py:179} INFO - Processing /home/vscode/.local/lib/python3.10/site-packages/airflow/example_dags/example_external_task_marker_dag.py took 0.061 seconds
[2025-04-08T11:49:59.369+0000] {processor.py:157} INFO - Started process (PID=6718) to work on /home/vscode/.local/lib/python3.10/site-packages/airflow/example_dags/example_external_task_marker_dag.py
[2025-04-08T11:49:59.369+0000] {processor.py:826} INFO - Processing file /home/vscode/.local/lib/python3.10/site-packages/airflow/example_dags/example_external_task_marker_dag.py for tasks to queue
[2025-04-08T11:49:59.370+0000] {logging_mixin.py:150} INFO - [2025-04-08T11:49:59.370+0000] {dagbag.py:541} INFO - Filling up the DagBag from /home/vscode/.local/lib/python3.10/site-packages/airflow/example_dags/example_external_task_marker_dag.py
[2025-04-08T11:49:59.374+0000] {processor.py:836} INFO - DAG(s) dict_keys(['example_external_task_marker_child', 'example_external_task_marker_parent']) retrieved from /home/vscode/.local/lib/python3.10/site-packages/airflow/example_dags/example_external_task_marker_dag.py
[2025-04-08T11:49:59.388+0000] {logging_mixin.py:150} INFO - [2025-04-08T11:49:59.388+0000] {dag.py:2742} INFO - Sync 2 DAGs
[2025-04-08T11:49:59.401+0000] {logging_mixin.py:150} INFO - [2025-04-08T11:49:59.401+0000] {dag.py:3504} INFO - Setting next_dagrun for example_external_task_marker_child to None, run_after=None
[2025-04-08T11:49:59.403+0000] {logging_mixin.py:150} INFO - [2025-04-08T11:49:59.403+0000] {dag.py:3504} INFO - Setting next_dagrun for example_external_task_marker_parent to None, run_after=None
[2025-04-08T11:49:59.416+0000] {processor.py:179} INFO - Processing /home/vscode/.local/lib/python3.10/site-packages/airflow/example_dags/example_external_task_marker_dag.py took 0.050 seconds
[2025-04-08T11:50:43.685+0000] {processor.py:157} INFO - Started process (PID=7038) to work on /home/vscode/.local/lib/python3.10/site-packages/airflow/example_dags/example_external_task_marker_dag.py
[2025-04-08T11:50:43.686+0000] {processor.py:826} INFO - Processing file /home/vscode/.local/lib/python3.10/site-packages/airflow/example_dags/example_external_task_marker_dag.py for tasks to queue
[2025-04-08T11:50:43.687+0000] {logging_mixin.py:150} INFO - [2025-04-08T11:50:43.686+0000] {dagbag.py:541} INFO - Filling up the DagBag from /home/vscode/.local/lib/python3.10/site-packages/airflow/example_dags/example_external_task_marker_dag.py
[2025-04-08T11:50:43.691+0000] {processor.py:836} INFO - DAG(s) dict_keys(['example_external_task_marker_child', 'example_external_task_marker_parent']) retrieved from /home/vscode/.local/lib/python3.10/site-packages/airflow/example_dags/example_external_task_marker_dag.py
[2025-04-08T11:50:43.706+0000] {logging_mixin.py:150} INFO - [2025-04-08T11:50:43.706+0000] {dag.py:2742} INFO - Sync 2 DAGs
[2025-04-08T11:50:43.721+0000] {logging_mixin.py:150} INFO - [2025-04-08T11:50:43.720+0000] {dag.py:3504} INFO - Setting next_dagrun for example_external_task_marker_child to None, run_after=None
[2025-04-08T11:50:43.723+0000] {logging_mixin.py:150} INFO - [2025-04-08T11:50:43.723+0000] {dag.py:3504} INFO - Setting next_dagrun for example_external_task_marker_parent to None, run_after=None
[2025-04-08T11:50:43.737+0000] {processor.py:179} INFO - Processing /home/vscode/.local/lib/python3.10/site-packages/airflow/example_dags/example_external_task_marker_dag.py took 0.054 seconds
