[2025-04-08T11:42:31.610+0000] {processor.py:157} INFO - Started process (PID=2984) to work on /home/vscode/.local/lib/python3.10/site-packages/airflow/example_dags/example_branch_labels.py
[2025-04-08T11:42:31.611+0000] {processor.py:826} INFO - Processing file /home/vscode/.local/lib/python3.10/site-packages/airflow/example_dags/example_branch_labels.py for tasks to queue
[2025-04-08T11:42:31.611+0000] {logging_mixin.py:150} INFO - [2025-04-08T11:42:31.611+0000] {dagbag.py:541} INFO - Filling up the DagBag from /home/vscode/.local/lib/python3.10/site-packages/airflow/example_dags/example_branch_labels.py
[2025-04-08T11:42:31.617+0000] {processor.py:836} INFO - DAG(s) dict_keys(['example_branch_labels']) retrieved from /home/vscode/.local/lib/python3.10/site-packages/airflow/example_dags/example_branch_labels.py
[2025-04-08T11:42:31.686+0000] {logging_mixin.py:150} INFO - [2025-04-08T11:42:31.685+0000] {manager.py:504} INFO - Created Permission View: can edit on DAG:example_branch_labels
[2025-04-08T11:42:31.693+0000] {logging_mixin.py:150} INFO - [2025-04-08T11:42:31.693+0000] {manager.py:504} INFO - Created Permission View: can read on DAG:example_branch_labels
[2025-04-08T11:42:31.699+0000] {logging_mixin.py:150} INFO - [2025-04-08T11:42:31.698+0000] {manager.py:504} INFO - Created Permission View: can delete on DAG:example_branch_labels
[2025-04-08T11:42:31.707+0000] {logging_mixin.py:150} INFO - [2025-04-08T11:42:31.706+0000] {dag.py:2742} INFO - Sync 1 DAGs
[2025-04-08T11:42:31.717+0000] {logging_mixin.py:150} INFO - [2025-04-08T11:42:31.716+0000] {dag.py:2763} INFO - Creating ORM DAG for example_branch_labels
[2025-04-08T11:42:31.727+0000] {logging_mixin.py:150} INFO - [2025-04-08T11:42:31.727+0000] {dag.py:3504} INFO - Setting next_dagrun for example_branch_labels to 2025-04-07T00:00:00+00:00, run_after=2025-04-08T00:00:00+00:00
[2025-04-08T11:42:31.748+0000] {processor.py:179} INFO - Processing /home/vscode/.local/lib/python3.10/site-packages/airflow/example_dags/example_branch_labels.py took 0.140 seconds
[2025-04-08T11:43:17.893+0000] {processor.py:157} INFO - Started process (PID=3293) to work on /home/vscode/.local/lib/python3.10/site-packages/airflow/example_dags/example_branch_labels.py
[2025-04-08T11:43:17.894+0000] {processor.py:826} INFO - Processing file /home/vscode/.local/lib/python3.10/site-packages/airflow/example_dags/example_branch_labels.py for tasks to queue
[2025-04-08T11:43:17.894+0000] {logging_mixin.py:150} INFO - [2025-04-08T11:43:17.894+0000] {dagbag.py:541} INFO - Filling up the DagBag from /home/vscode/.local/lib/python3.10/site-packages/airflow/example_dags/example_branch_labels.py
[2025-04-08T11:43:17.900+0000] {processor.py:836} INFO - DAG(s) dict_keys(['example_branch_labels']) retrieved from /home/vscode/.local/lib/python3.10/site-packages/airflow/example_dags/example_branch_labels.py
[2025-04-08T11:43:17.914+0000] {logging_mixin.py:150} INFO - [2025-04-08T11:43:17.914+0000] {dag.py:2742} INFO - Sync 1 DAGs
[2025-04-08T11:43:17.930+0000] {logging_mixin.py:150} INFO - [2025-04-08T11:43:17.929+0000] {dag.py:3504} INFO - Setting next_dagrun for example_branch_labels to 2025-04-07T00:00:00+00:00, run_after=2025-04-08T00:00:00+00:00
[2025-04-08T11:43:17.945+0000] {processor.py:179} INFO - Processing /home/vscode/.local/lib/python3.10/site-packages/airflow/example_dags/example_branch_labels.py took 0.055 seconds
[2025-04-08T11:44:06.415+0000] {processor.py:157} INFO - Started process (PID=3617) to work on /home/vscode/.local/lib/python3.10/site-packages/airflow/example_dags/example_branch_labels.py
[2025-04-08T11:44:06.416+0000] {processor.py:826} INFO - Processing file /home/vscode/.local/lib/python3.10/site-packages/airflow/example_dags/example_branch_labels.py for tasks to queue
[2025-04-08T11:44:06.417+0000] {logging_mixin.py:150} INFO - [2025-04-08T11:44:06.416+0000] {dagbag.py:541} INFO - Filling up the DagBag from /home/vscode/.local/lib/python3.10/site-packages/airflow/example_dags/example_branch_labels.py
[2025-04-08T11:44:06.422+0000] {processor.py:836} INFO - DAG(s) dict_keys(['example_branch_labels']) retrieved from /home/vscode/.local/lib/python3.10/site-packages/airflow/example_dags/example_branch_labels.py
[2025-04-08T11:44:06.435+0000] {logging_mixin.py:150} INFO - [2025-04-08T11:44:06.435+0000] {dag.py:2742} INFO - Sync 1 DAGs
[2025-04-08T11:44:06.450+0000] {logging_mixin.py:150} INFO - [2025-04-08T11:44:06.449+0000] {dag.py:3504} INFO - Setting next_dagrun for example_branch_labels to 2025-04-07T00:00:00+00:00, run_after=2025-04-08T00:00:00+00:00
[2025-04-08T11:44:06.464+0000] {processor.py:179} INFO - Processing /home/vscode/.local/lib/python3.10/site-packages/airflow/example_dags/example_branch_labels.py took 0.050 seconds
[2025-04-08T11:44:50.517+0000] {processor.py:157} INFO - Started process (PID=4028) to work on /home/vscode/.local/lib/python3.10/site-packages/airflow/example_dags/example_branch_labels.py
[2025-04-08T11:44:50.518+0000] {processor.py:826} INFO - Processing file /home/vscode/.local/lib/python3.10/site-packages/airflow/example_dags/example_branch_labels.py for tasks to queue
[2025-04-08T11:44:50.519+0000] {logging_mixin.py:150} INFO - [2025-04-08T11:44:50.518+0000] {dagbag.py:541} INFO - Filling up the DagBag from /home/vscode/.local/lib/python3.10/site-packages/airflow/example_dags/example_branch_labels.py
[2025-04-08T11:44:50.524+0000] {processor.py:836} INFO - DAG(s) dict_keys(['example_branch_labels']) retrieved from /home/vscode/.local/lib/python3.10/site-packages/airflow/example_dags/example_branch_labels.py
[2025-04-08T11:44:50.540+0000] {logging_mixin.py:150} INFO - [2025-04-08T11:44:50.540+0000] {dag.py:2742} INFO - Sync 1 DAGs
[2025-04-08T11:44:50.560+0000] {logging_mixin.py:150} INFO - [2025-04-08T11:44:50.560+0000] {dag.py:3504} INFO - Setting next_dagrun for example_branch_labels to 2025-04-07T00:00:00+00:00, run_after=2025-04-08T00:00:00+00:00
[2025-04-08T11:44:50.574+0000] {processor.py:179} INFO - Processing /home/vscode/.local/lib/python3.10/site-packages/airflow/example_dags/example_branch_labels.py took 0.060 seconds
[2025-04-08T11:45:33.809+0000] {processor.py:157} INFO - Started process (PID=4454) to work on /home/vscode/.local/lib/python3.10/site-packages/airflow/example_dags/example_branch_labels.py
[2025-04-08T11:45:33.809+0000] {processor.py:826} INFO - Processing file /home/vscode/.local/lib/python3.10/site-packages/airflow/example_dags/example_branch_labels.py for tasks to queue
[2025-04-08T11:45:33.810+0000] {logging_mixin.py:150} INFO - [2025-04-08T11:45:33.810+0000] {dagbag.py:541} INFO - Filling up the DagBag from /home/vscode/.local/lib/python3.10/site-packages/airflow/example_dags/example_branch_labels.py
[2025-04-08T11:45:33.816+0000] {processor.py:836} INFO - DAG(s) dict_keys(['example_branch_labels']) retrieved from /home/vscode/.local/lib/python3.10/site-packages/airflow/example_dags/example_branch_labels.py
[2025-04-08T11:45:33.829+0000] {logging_mixin.py:150} INFO - [2025-04-08T11:45:33.828+0000] {dag.py:2742} INFO - Sync 1 DAGs
[2025-04-08T11:45:33.843+0000] {logging_mixin.py:150} INFO - [2025-04-08T11:45:33.843+0000] {dag.py:3504} INFO - Setting next_dagrun for example_branch_labels to 2025-04-07T00:00:00+00:00, run_after=2025-04-08T00:00:00+00:00
[2025-04-08T11:45:33.857+0000] {processor.py:179} INFO - Processing /home/vscode/.local/lib/python3.10/site-packages/airflow/example_dags/example_branch_labels.py took 0.050 seconds
[2025-04-08T11:46:20.354+0000] {processor.py:157} INFO - Started process (PID=4767) to work on /home/vscode/.local/lib/python3.10/site-packages/airflow/example_dags/example_branch_labels.py
[2025-04-08T11:46:20.355+0000] {processor.py:826} INFO - Processing file /home/vscode/.local/lib/python3.10/site-packages/airflow/example_dags/example_branch_labels.py for tasks to queue
[2025-04-08T11:46:20.355+0000] {logging_mixin.py:150} INFO - [2025-04-08T11:46:20.355+0000] {dagbag.py:541} INFO - Filling up the DagBag from /home/vscode/.local/lib/python3.10/site-packages/airflow/example_dags/example_branch_labels.py
[2025-04-08T11:46:20.361+0000] {processor.py:836} INFO - DAG(s) dict_keys(['example_branch_labels']) retrieved from /home/vscode/.local/lib/python3.10/site-packages/airflow/example_dags/example_branch_labels.py
[2025-04-08T11:46:20.374+0000] {logging_mixin.py:150} INFO - [2025-04-08T11:46:20.374+0000] {dag.py:2742} INFO - Sync 1 DAGs
[2025-04-08T11:46:20.392+0000] {logging_mixin.py:150} INFO - [2025-04-08T11:46:20.392+0000] {dag.py:3504} INFO - Setting next_dagrun for example_branch_labels to 2025-04-07T00:00:00+00:00, run_after=2025-04-08T00:00:00+00:00
[2025-04-08T11:46:20.411+0000] {processor.py:179} INFO - Processing /home/vscode/.local/lib/python3.10/site-packages/airflow/example_dags/example_branch_labels.py took 0.059 seconds
[2025-04-08T11:47:06.214+0000] {processor.py:157} INFO - Started process (PID=5070) to work on /home/vscode/.local/lib/python3.10/site-packages/airflow/example_dags/example_branch_labels.py
[2025-04-08T11:47:06.214+0000] {processor.py:826} INFO - Processing file /home/vscode/.local/lib/python3.10/site-packages/airflow/example_dags/example_branch_labels.py for tasks to queue
[2025-04-08T11:47:06.215+0000] {logging_mixin.py:150} INFO - [2025-04-08T11:47:06.215+0000] {dagbag.py:541} INFO - Filling up the DagBag from /home/vscode/.local/lib/python3.10/site-packages/airflow/example_dags/example_branch_labels.py
[2025-04-08T11:47:06.221+0000] {processor.py:836} INFO - DAG(s) dict_keys(['example_branch_labels']) retrieved from /home/vscode/.local/lib/python3.10/site-packages/airflow/example_dags/example_branch_labels.py
[2025-04-08T11:47:06.234+0000] {logging_mixin.py:150} INFO - [2025-04-08T11:47:06.234+0000] {dag.py:2742} INFO - Sync 1 DAGs
[2025-04-08T11:47:06.248+0000] {logging_mixin.py:150} INFO - [2025-04-08T11:47:06.248+0000] {dag.py:3504} INFO - Setting next_dagrun for example_branch_labels to 2025-04-07T00:00:00+00:00, run_after=2025-04-08T00:00:00+00:00
[2025-04-08T11:47:06.263+0000] {processor.py:179} INFO - Processing /home/vscode/.local/lib/python3.10/site-packages/airflow/example_dags/example_branch_labels.py took 0.051 seconds
[2025-04-08T11:47:53.829+0000] {processor.py:157} INFO - Started process (PID=5389) to work on /home/vscode/.local/lib/python3.10/site-packages/airflow/example_dags/example_branch_labels.py
[2025-04-08T11:47:53.829+0000] {processor.py:826} INFO - Processing file /home/vscode/.local/lib/python3.10/site-packages/airflow/example_dags/example_branch_labels.py for tasks to queue
[2025-04-08T11:47:53.830+0000] {logging_mixin.py:150} INFO - [2025-04-08T11:47:53.830+0000] {dagbag.py:541} INFO - Filling up the DagBag from /home/vscode/.local/lib/python3.10/site-packages/airflow/example_dags/example_branch_labels.py
[2025-04-08T11:47:53.836+0000] {processor.py:836} INFO - DAG(s) dict_keys(['example_branch_labels']) retrieved from /home/vscode/.local/lib/python3.10/site-packages/airflow/example_dags/example_branch_labels.py
[2025-04-08T11:47:53.849+0000] {logging_mixin.py:150} INFO - [2025-04-08T11:47:53.849+0000] {dag.py:2742} INFO - Sync 1 DAGs
[2025-04-08T11:47:53.866+0000] {logging_mixin.py:150} INFO - [2025-04-08T11:47:53.865+0000] {dag.py:3504} INFO - Setting next_dagrun for example_branch_labels to 2025-04-07T00:00:00+00:00, run_after=2025-04-08T00:00:00+00:00
[2025-04-08T11:47:53.886+0000] {processor.py:179} INFO - Processing /home/vscode/.local/lib/python3.10/site-packages/airflow/example_dags/example_branch_labels.py took 0.060 seconds
[2025-04-08T11:48:50.278+0000] {processor.py:157} INFO - Started process (PID=5880) to work on /home/vscode/.local/lib/python3.10/site-packages/airflow/example_dags/example_branch_labels.py
[2025-04-08T11:48:50.279+0000] {processor.py:826} INFO - Processing file /home/vscode/.local/lib/python3.10/site-packages/airflow/example_dags/example_branch_labels.py for tasks to queue
[2025-04-08T11:48:50.281+0000] {logging_mixin.py:150} INFO - [2025-04-08T11:48:50.280+0000] {dagbag.py:541} INFO - Filling up the DagBag from /home/vscode/.local/lib/python3.10/site-packages/airflow/example_dags/example_branch_labels.py
[2025-04-08T11:48:50.292+0000] {processor.py:836} INFO - DAG(s) dict_keys(['example_branch_labels']) retrieved from /home/vscode/.local/lib/python3.10/site-packages/airflow/example_dags/example_branch_labels.py
[2025-04-08T11:48:50.316+0000] {logging_mixin.py:150} INFO - [2025-04-08T11:48:50.315+0000] {dag.py:2742} INFO - Sync 1 DAGs
[2025-04-08T11:48:50.349+0000] {logging_mixin.py:150} INFO - [2025-04-08T11:48:50.349+0000] {dag.py:3504} INFO - Setting next_dagrun for example_branch_labels to 2025-04-07T00:00:00+00:00, run_after=2025-04-08T00:00:00+00:00
[2025-04-08T11:48:50.403+0000] {processor.py:179} INFO - Processing /home/vscode/.local/lib/python3.10/site-packages/airflow/example_dags/example_branch_labels.py took 0.128 seconds
[2025-04-08T11:49:34.545+0000] {processor.py:157} INFO - Started process (PID=6400) to work on /home/vscode/.local/lib/python3.10/site-packages/airflow/example_dags/example_branch_labels.py
[2025-04-08T11:49:34.546+0000] {processor.py:826} INFO - Processing file /home/vscode/.local/lib/python3.10/site-packages/airflow/example_dags/example_branch_labels.py for tasks to queue
[2025-04-08T11:49:34.547+0000] {logging_mixin.py:150} INFO - [2025-04-08T11:49:34.546+0000] {dagbag.py:541} INFO - Filling up the DagBag from /home/vscode/.local/lib/python3.10/site-packages/airflow/example_dags/example_branch_labels.py
[2025-04-08T11:49:34.552+0000] {processor.py:836} INFO - DAG(s) dict_keys(['example_branch_labels']) retrieved from /home/vscode/.local/lib/python3.10/site-packages/airflow/example_dags/example_branch_labels.py
[2025-04-08T11:49:34.565+0000] {logging_mixin.py:150} INFO - [2025-04-08T11:49:34.565+0000] {dag.py:2742} INFO - Sync 1 DAGs
[2025-04-08T11:49:34.580+0000] {logging_mixin.py:150} INFO - [2025-04-08T11:49:34.580+0000] {dag.py:3504} INFO - Setting next_dagrun for example_branch_labels to 2025-04-07T00:00:00+00:00, run_after=2025-04-08T00:00:00+00:00
[2025-04-08T11:49:34.594+0000] {processor.py:179} INFO - Processing /home/vscode/.local/lib/python3.10/site-packages/airflow/example_dags/example_branch_labels.py took 0.051 seconds
[2025-04-08T11:50:22.143+0000] {processor.py:157} INFO - Started process (PID=6883) to work on /home/vscode/.local/lib/python3.10/site-packages/airflow/example_dags/example_branch_labels.py
[2025-04-08T11:50:22.144+0000] {processor.py:826} INFO - Processing file /home/vscode/.local/lib/python3.10/site-packages/airflow/example_dags/example_branch_labels.py for tasks to queue
[2025-04-08T11:50:22.144+0000] {logging_mixin.py:150} INFO - [2025-04-08T11:50:22.144+0000] {dagbag.py:541} INFO - Filling up the DagBag from /home/vscode/.local/lib/python3.10/site-packages/airflow/example_dags/example_branch_labels.py
[2025-04-08T11:50:22.150+0000] {processor.py:836} INFO - DAG(s) dict_keys(['example_branch_labels']) retrieved from /home/vscode/.local/lib/python3.10/site-packages/airflow/example_dags/example_branch_labels.py
[2025-04-08T11:50:22.164+0000] {logging_mixin.py:150} INFO - [2025-04-08T11:50:22.164+0000] {dag.py:2742} INFO - Sync 1 DAGs
[2025-04-08T11:50:22.181+0000] {logging_mixin.py:150} INFO - [2025-04-08T11:50:22.181+0000] {dag.py:3504} INFO - Setting next_dagrun for example_branch_labels to 2025-04-07T00:00:00+00:00, run_after=2025-04-08T00:00:00+00:00
[2025-04-08T11:50:22.196+0000] {processor.py:179} INFO - Processing /home/vscode/.local/lib/python3.10/site-packages/airflow/example_dags/example_branch_labels.py took 0.056 seconds
