[2025-04-08T11:42:24.935+0000] {processor.py:157} INFO - Started process (PID=2940) to work on /home/vscode/.local/lib/python3.10/site-packages/airflow/example_dags/example_dag_decorator.py
[2025-04-08T11:42:24.936+0000] {processor.py:826} INFO - Processing file /home/vscode/.local/lib/python3.10/site-packages/airflow/example_dags/example_dag_decorator.py for tasks to queue
[2025-04-08T11:42:24.936+0000] {logging_mixin.py:150} INFO - [2025-04-08T11:42:24.936+0000] {dagbag.py:541} INFO - Filling up the DagBag from /home/vscode/.local/lib/python3.10/site-packages/airflow/example_dags/example_dag_decorator.py
[2025-04-08T11:42:24.945+0000] {processor.py:836} INFO - DAG(s) dict_keys(['example_dag_decorator']) retrieved from /home/vscode/.local/lib/python3.10/site-packages/airflow/example_dags/example_dag_decorator.py
[2025-04-08T11:42:25.013+0000] {logging_mixin.py:150} INFO - [2025-04-08T11:42:25.013+0000] {manager.py:504} INFO - Created Permission View: can edit on DAG:example_dag_decorator
[2025-04-08T11:42:25.023+0000] {logging_mixin.py:150} INFO - [2025-04-08T11:42:25.022+0000] {manager.py:504} INFO - Created Permission View: can read on DAG:example_dag_decorator
[2025-04-08T11:42:25.028+0000] {logging_mixin.py:150} INFO - [2025-04-08T11:42:25.028+0000] {manager.py:504} INFO - Created Permission View: can delete on DAG:example_dag_decorator
[2025-04-08T11:42:25.035+0000] {logging_mixin.py:150} INFO - [2025-04-08T11:42:25.035+0000] {dag.py:2742} INFO - Sync 1 DAGs
[2025-04-08T11:42:25.041+0000] {logging_mixin.py:150} INFO - [2025-04-08T11:42:25.041+0000] {dag.py:2763} INFO - Creating ORM DAG for example_dag_decorator
[2025-04-08T11:42:25.047+0000] {logging_mixin.py:150} INFO - [2025-04-08T11:42:25.047+0000] {dag.py:3504} INFO - Setting next_dagrun for example_dag_decorator to None, run_after=None
[2025-04-08T11:42:25.060+0000] {processor.py:179} INFO - Processing /home/vscode/.local/lib/python3.10/site-packages/airflow/example_dags/example_dag_decorator.py took 0.127 seconds
[2025-04-08T11:43:12.258+0000] {processor.py:157} INFO - Started process (PID=3256) to work on /home/vscode/.local/lib/python3.10/site-packages/airflow/example_dags/example_dag_decorator.py
[2025-04-08T11:43:12.258+0000] {processor.py:826} INFO - Processing file /home/vscode/.local/lib/python3.10/site-packages/airflow/example_dags/example_dag_decorator.py for tasks to queue
[2025-04-08T11:43:12.259+0000] {logging_mixin.py:150} INFO - [2025-04-08T11:43:12.259+0000] {dagbag.py:541} INFO - Filling up the DagBag from /home/vscode/.local/lib/python3.10/site-packages/airflow/example_dags/example_dag_decorator.py
[2025-04-08T11:43:12.268+0000] {processor.py:836} INFO - DAG(s) dict_keys(['example_dag_decorator']) retrieved from /home/vscode/.local/lib/python3.10/site-packages/airflow/example_dags/example_dag_decorator.py
[2025-04-08T11:43:12.341+0000] {logging_mixin.py:150} INFO - [2025-04-08T11:43:12.341+0000] {dag.py:2742} INFO - Sync 1 DAGs
[2025-04-08T11:43:12.356+0000] {logging_mixin.py:150} INFO - [2025-04-08T11:43:12.355+0000] {dag.py:3504} INFO - Setting next_dagrun for example_dag_decorator to None, run_after=None
[2025-04-08T11:43:12.372+0000] {processor.py:179} INFO - Processing /home/vscode/.local/lib/python3.10/site-packages/airflow/example_dags/example_dag_decorator.py took 0.116 seconds
[2025-04-08T11:43:58.929+0000] {processor.py:157} INFO - Started process (PID=3566) to work on /home/vscode/.local/lib/python3.10/site-packages/airflow/example_dags/example_dag_decorator.py
[2025-04-08T11:43:58.929+0000] {processor.py:826} INFO - Processing file /home/vscode/.local/lib/python3.10/site-packages/airflow/example_dags/example_dag_decorator.py for tasks to queue
[2025-04-08T11:43:58.930+0000] {logging_mixin.py:150} INFO - [2025-04-08T11:43:58.930+0000] {dagbag.py:541} INFO - Filling up the DagBag from /home/vscode/.local/lib/python3.10/site-packages/airflow/example_dags/example_dag_decorator.py
[2025-04-08T11:43:58.939+0000] {processor.py:836} INFO - DAG(s) dict_keys(['example_dag_decorator']) retrieved from /home/vscode/.local/lib/python3.10/site-packages/airflow/example_dags/example_dag_decorator.py
[2025-04-08T11:43:59.010+0000] {logging_mixin.py:150} INFO - [2025-04-08T11:43:59.010+0000] {dag.py:2742} INFO - Sync 1 DAGs
[2025-04-08T11:43:59.023+0000] {logging_mixin.py:150} INFO - [2025-04-08T11:43:59.022+0000] {dag.py:3504} INFO - Setting next_dagrun for example_dag_decorator to None, run_after=None
[2025-04-08T11:43:59.038+0000] {processor.py:179} INFO - Processing /home/vscode/.local/lib/python3.10/site-packages/airflow/example_dags/example_dag_decorator.py took 0.112 seconds
[2025-04-08T11:44:45.276+0000] {processor.py:157} INFO - Started process (PID=3981) to work on /home/vscode/.local/lib/python3.10/site-packages/airflow/example_dags/example_dag_decorator.py
[2025-04-08T11:44:45.276+0000] {processor.py:826} INFO - Processing file /home/vscode/.local/lib/python3.10/site-packages/airflow/example_dags/example_dag_decorator.py for tasks to queue
[2025-04-08T11:44:45.277+0000] {logging_mixin.py:150} INFO - [2025-04-08T11:44:45.277+0000] {dagbag.py:541} INFO - Filling up the DagBag from /home/vscode/.local/lib/python3.10/site-packages/airflow/example_dags/example_dag_decorator.py
[2025-04-08T11:44:45.285+0000] {processor.py:836} INFO - DAG(s) dict_keys(['example_dag_decorator']) retrieved from /home/vscode/.local/lib/python3.10/site-packages/airflow/example_dags/example_dag_decorator.py
[2025-04-08T11:44:45.354+0000] {logging_mixin.py:150} INFO - [2025-04-08T11:44:45.354+0000] {dag.py:2742} INFO - Sync 1 DAGs
[2025-04-08T11:44:45.367+0000] {logging_mixin.py:150} INFO - [2025-04-08T11:44:45.367+0000] {dag.py:3504} INFO - Setting next_dagrun for example_dag_decorator to None, run_after=None
[2025-04-08T11:44:45.382+0000] {processor.py:179} INFO - Processing /home/vscode/.local/lib/python3.10/site-packages/airflow/example_dags/example_dag_decorator.py took 0.108 seconds
[2025-04-08T11:45:26.494+0000] {processor.py:157} INFO - Started process (PID=4351) to work on /home/vscode/.local/lib/python3.10/site-packages/airflow/example_dags/example_dag_decorator.py
[2025-04-08T11:45:26.494+0000] {processor.py:826} INFO - Processing file /home/vscode/.local/lib/python3.10/site-packages/airflow/example_dags/example_dag_decorator.py for tasks to queue
[2025-04-08T11:45:26.495+0000] {logging_mixin.py:150} INFO - [2025-04-08T11:45:26.495+0000] {dagbag.py:541} INFO - Filling up the DagBag from /home/vscode/.local/lib/python3.10/site-packages/airflow/example_dags/example_dag_decorator.py
[2025-04-08T11:45:26.506+0000] {processor.py:836} INFO - DAG(s) dict_keys(['example_dag_decorator']) retrieved from /home/vscode/.local/lib/python3.10/site-packages/airflow/example_dags/example_dag_decorator.py
[2025-04-08T11:45:26.577+0000] {logging_mixin.py:150} INFO - [2025-04-08T11:45:26.577+0000] {dag.py:2742} INFO - Sync 1 DAGs
[2025-04-08T11:45:26.589+0000] {logging_mixin.py:150} INFO - [2025-04-08T11:45:26.589+0000] {dag.py:3504} INFO - Setting next_dagrun for example_dag_decorator to None, run_after=None
[2025-04-08T11:45:26.603+0000] {processor.py:179} INFO - Processing /home/vscode/.local/lib/python3.10/site-packages/airflow/example_dags/example_dag_decorator.py took 0.113 seconds
[2025-04-08T11:46:13.708+0000] {processor.py:157} INFO - Started process (PID=4719) to work on /home/vscode/.local/lib/python3.10/site-packages/airflow/example_dags/example_dag_decorator.py
[2025-04-08T11:46:13.713+0000] {processor.py:826} INFO - Processing file /home/vscode/.local/lib/python3.10/site-packages/airflow/example_dags/example_dag_decorator.py for tasks to queue
[2025-04-08T11:46:13.713+0000] {logging_mixin.py:150} INFO - [2025-04-08T11:46:13.713+0000] {dagbag.py:541} INFO - Filling up the DagBag from /home/vscode/.local/lib/python3.10/site-packages/airflow/example_dags/example_dag_decorator.py
[2025-04-08T11:46:13.725+0000] {processor.py:836} INFO - DAG(s) dict_keys(['example_dag_decorator']) retrieved from /home/vscode/.local/lib/python3.10/site-packages/airflow/example_dags/example_dag_decorator.py
[2025-04-08T11:46:13.796+0000] {logging_mixin.py:150} INFO - [2025-04-08T11:46:13.796+0000] {dag.py:2742} INFO - Sync 1 DAGs
[2025-04-08T11:46:13.808+0000] {logging_mixin.py:150} INFO - [2025-04-08T11:46:13.808+0000] {dag.py:3504} INFO - Setting next_dagrun for example_dag_decorator to None, run_after=None
[2025-04-08T11:46:13.822+0000] {processor.py:179} INFO - Processing /home/vscode/.local/lib/python3.10/site-packages/airflow/example_dags/example_dag_decorator.py took 0.117 seconds
[2025-04-08T11:46:59.661+0000] {processor.py:157} INFO - Started process (PID=5027) to work on /home/vscode/.local/lib/python3.10/site-packages/airflow/example_dags/example_dag_decorator.py
[2025-04-08T11:46:59.661+0000] {processor.py:826} INFO - Processing file /home/vscode/.local/lib/python3.10/site-packages/airflow/example_dags/example_dag_decorator.py for tasks to queue
[2025-04-08T11:46:59.662+0000] {logging_mixin.py:150} INFO - [2025-04-08T11:46:59.662+0000] {dagbag.py:541} INFO - Filling up the DagBag from /home/vscode/.local/lib/python3.10/site-packages/airflow/example_dags/example_dag_decorator.py
[2025-04-08T11:46:59.670+0000] {processor.py:836} INFO - DAG(s) dict_keys(['example_dag_decorator']) retrieved from /home/vscode/.local/lib/python3.10/site-packages/airflow/example_dags/example_dag_decorator.py
[2025-04-08T11:46:59.739+0000] {logging_mixin.py:150} INFO - [2025-04-08T11:46:59.738+0000] {dag.py:2742} INFO - Sync 1 DAGs
[2025-04-08T11:46:59.750+0000] {logging_mixin.py:150} INFO - [2025-04-08T11:46:59.750+0000] {dag.py:3504} INFO - Setting next_dagrun for example_dag_decorator to None, run_after=None
[2025-04-08T11:46:59.769+0000] {processor.py:179} INFO - Processing /home/vscode/.local/lib/python3.10/site-packages/airflow/example_dags/example_dag_decorator.py took 0.110 seconds
[2025-04-08T11:47:47.358+0000] {processor.py:157} INFO - Started process (PID=5345) to work on /home/vscode/.local/lib/python3.10/site-packages/airflow/example_dags/example_dag_decorator.py
[2025-04-08T11:47:47.359+0000] {processor.py:826} INFO - Processing file /home/vscode/.local/lib/python3.10/site-packages/airflow/example_dags/example_dag_decorator.py for tasks to queue
[2025-04-08T11:47:47.359+0000] {logging_mixin.py:150} INFO - [2025-04-08T11:47:47.359+0000] {dagbag.py:541} INFO - Filling up the DagBag from /home/vscode/.local/lib/python3.10/site-packages/airflow/example_dags/example_dag_decorator.py
[2025-04-08T11:47:47.368+0000] {processor.py:836} INFO - DAG(s) dict_keys(['example_dag_decorator']) retrieved from /home/vscode/.local/lib/python3.10/site-packages/airflow/example_dags/example_dag_decorator.py
[2025-04-08T11:47:47.449+0000] {logging_mixin.py:150} INFO - [2025-04-08T11:47:47.449+0000] {dag.py:2742} INFO - Sync 1 DAGs
[2025-04-08T11:47:47.461+0000] {logging_mixin.py:150} INFO - [2025-04-08T11:47:47.461+0000] {dag.py:3504} INFO - Setting next_dagrun for example_dag_decorator to None, run_after=None
[2025-04-08T11:47:47.476+0000] {processor.py:179} INFO - Processing /home/vscode/.local/lib/python3.10/site-packages/airflow/example_dags/example_dag_decorator.py took 0.120 seconds
[2025-04-08T11:48:32.114+0000] {processor.py:157} INFO - Started process (PID=5667) to work on /home/vscode/.local/lib/python3.10/site-packages/airflow/example_dags/example_dag_decorator.py
[2025-04-08T11:48:32.114+0000] {processor.py:826} INFO - Processing file /home/vscode/.local/lib/python3.10/site-packages/airflow/example_dags/example_dag_decorator.py for tasks to queue
[2025-04-08T11:48:32.115+0000] {logging_mixin.py:150} INFO - [2025-04-08T11:48:32.115+0000] {dagbag.py:541} INFO - Filling up the DagBag from /home/vscode/.local/lib/python3.10/site-packages/airflow/example_dags/example_dag_decorator.py
[2025-04-08T11:48:32.124+0000] {processor.py:836} INFO - DAG(s) dict_keys(['example_dag_decorator']) retrieved from /home/vscode/.local/lib/python3.10/site-packages/airflow/example_dags/example_dag_decorator.py
[2025-04-08T11:48:32.196+0000] {logging_mixin.py:150} INFO - [2025-04-08T11:48:32.196+0000] {dag.py:2742} INFO - Sync 1 DAGs
[2025-04-08T11:48:32.209+0000] {logging_mixin.py:150} INFO - [2025-04-08T11:48:32.208+0000] {dag.py:3504} INFO - Setting next_dagrun for example_dag_decorator to None, run_after=None
[2025-04-08T11:48:32.225+0000] {processor.py:179} INFO - Processing /home/vscode/.local/lib/python3.10/site-packages/airflow/example_dags/example_dag_decorator.py took 0.113 seconds
[2025-04-08T11:49:15.475+0000] {processor.py:157} INFO - Started process (PID=6177) to work on /home/vscode/.local/lib/python3.10/site-packages/airflow/example_dags/example_dag_decorator.py
[2025-04-08T11:49:15.475+0000] {processor.py:826} INFO - Processing file /home/vscode/.local/lib/python3.10/site-packages/airflow/example_dags/example_dag_decorator.py for tasks to queue
[2025-04-08T11:49:15.476+0000] {logging_mixin.py:150} INFO - [2025-04-08T11:49:15.476+0000] {dagbag.py:541} INFO - Filling up the DagBag from /home/vscode/.local/lib/python3.10/site-packages/airflow/example_dags/example_dag_decorator.py
[2025-04-08T11:49:15.486+0000] {processor.py:836} INFO - DAG(s) dict_keys(['example_dag_decorator']) retrieved from /home/vscode/.local/lib/python3.10/site-packages/airflow/example_dags/example_dag_decorator.py
[2025-04-08T11:49:15.580+0000] {logging_mixin.py:150} INFO - [2025-04-08T11:49:15.580+0000] {dag.py:2742} INFO - Sync 1 DAGs
[2025-04-08T11:49:15.593+0000] {logging_mixin.py:150} INFO - [2025-04-08T11:49:15.593+0000] {dag.py:3504} INFO - Setting next_dagrun for example_dag_decorator to None, run_after=None
[2025-04-08T11:49:15.609+0000] {processor.py:179} INFO - Processing /home/vscode/.local/lib/python3.10/site-packages/airflow/example_dags/example_dag_decorator.py took 0.136 seconds
[2025-04-08T11:50:03.219+0000] {processor.py:157} INFO - Started process (PID=6755) to work on /home/vscode/.local/lib/python3.10/site-packages/airflow/example_dags/example_dag_decorator.py
[2025-04-08T11:50:03.220+0000] {processor.py:826} INFO - Processing file /home/vscode/.local/lib/python3.10/site-packages/airflow/example_dags/example_dag_decorator.py for tasks to queue
[2025-04-08T11:50:03.220+0000] {logging_mixin.py:150} INFO - [2025-04-08T11:50:03.220+0000] {dagbag.py:541} INFO - Filling up the DagBag from /home/vscode/.local/lib/python3.10/site-packages/airflow/example_dags/example_dag_decorator.py
[2025-04-08T11:50:03.229+0000] {processor.py:836} INFO - DAG(s) dict_keys(['example_dag_decorator']) retrieved from /home/vscode/.local/lib/python3.10/site-packages/airflow/example_dags/example_dag_decorator.py
[2025-04-08T11:50:03.297+0000] {logging_mixin.py:150} INFO - [2025-04-08T11:50:03.297+0000] {dag.py:2742} INFO - Sync 1 DAGs
[2025-04-08T11:50:03.309+0000] {logging_mixin.py:150} INFO - [2025-04-08T11:50:03.309+0000] {dag.py:3504} INFO - Setting next_dagrun for example_dag_decorator to None, run_after=None
[2025-04-08T11:50:03.325+0000] {processor.py:179} INFO - Processing /home/vscode/.local/lib/python3.10/site-packages/airflow/example_dags/example_dag_decorator.py took 0.108 seconds
[2025-04-08T11:50:47.767+0000] {processor.py:157} INFO - Started process (PID=7064) to work on /home/vscode/.local/lib/python3.10/site-packages/airflow/example_dags/example_dag_decorator.py
[2025-04-08T11:50:47.768+0000] {processor.py:826} INFO - Processing file /home/vscode/.local/lib/python3.10/site-packages/airflow/example_dags/example_dag_decorator.py for tasks to queue
[2025-04-08T11:50:47.769+0000] {logging_mixin.py:150} INFO - [2025-04-08T11:50:47.768+0000] {dagbag.py:541} INFO - Filling up the DagBag from /home/vscode/.local/lib/python3.10/site-packages/airflow/example_dags/example_dag_decorator.py
[2025-04-08T11:50:47.781+0000] {processor.py:836} INFO - DAG(s) dict_keys(['example_dag_decorator']) retrieved from /home/vscode/.local/lib/python3.10/site-packages/airflow/example_dags/example_dag_decorator.py
[2025-04-08T11:50:47.856+0000] {logging_mixin.py:150} INFO - [2025-04-08T11:50:47.856+0000] {dag.py:2742} INFO - Sync 1 DAGs
[2025-04-08T11:50:47.868+0000] {logging_mixin.py:150} INFO - [2025-04-08T11:50:47.868+0000] {dag.py:3504} INFO - Setting next_dagrun for example_dag_decorator to None, run_after=None
[2025-04-08T11:50:47.882+0000] {processor.py:179} INFO - Processing /home/vscode/.local/lib/python3.10/site-packages/airflow/example_dags/example_dag_decorator.py took 0.118 seconds
