[2025-04-08T11:41:50.441+0000] {processor.py:157} INFO - Started process (PID=2711) to work on /home/vscode/.local/lib/python3.10/site-packages/airflow/example_dags/tutorial_dag.py
[2025-04-08T11:41:50.442+0000] {processor.py:826} INFO - Processing file /home/vscode/.local/lib/python3.10/site-packages/airflow/example_dags/tutorial_dag.py for tasks to queue
[2025-04-08T11:41:50.442+0000] {logging_mixin.py:150} INFO - [2025-04-08T11:41:50.442+0000] {dagbag.py:541} INFO - Filling up the DagBag from /home/vscode/.local/lib/python3.10/site-packages/airflow/example_dags/tutorial_dag.py
[2025-04-08T11:41:50.449+0000] {processor.py:836} INFO - DAG(s) dict_keys(['tutorial_dag']) retrieved from /home/vscode/.local/lib/python3.10/site-packages/airflow/example_dags/tutorial_dag.py
[2025-04-08T11:41:50.523+0000] {logging_mixin.py:150} INFO - [2025-04-08T11:41:50.522+0000] {manager.py:504} INFO - Created Permission View: can edit on DAG:tutorial_dag
[2025-04-08T11:41:50.530+0000] {logging_mixin.py:150} INFO - [2025-04-08T11:41:50.530+0000] {manager.py:504} INFO - Created Permission View: can read on DAG:tutorial_dag
[2025-04-08T11:41:50.535+0000] {logging_mixin.py:150} INFO - [2025-04-08T11:41:50.535+0000] {manager.py:504} INFO - Created Permission View: can delete on DAG:tutorial_dag
[2025-04-08T11:41:50.543+0000] {logging_mixin.py:150} INFO - [2025-04-08T11:41:50.542+0000] {dag.py:2742} INFO - Sync 1 DAGs
[2025-04-08T11:41:50.549+0000] {logging_mixin.py:150} INFO - [2025-04-08T11:41:50.549+0000] {dag.py:2763} INFO - Creating ORM DAG for tutorial_dag
[2025-04-08T11:41:50.556+0000] {logging_mixin.py:150} INFO - [2025-04-08T11:41:50.556+0000] {dag.py:3504} INFO - Setting next_dagrun for tutorial_dag to None, run_after=None
[2025-04-08T11:41:50.569+0000] {processor.py:179} INFO - Processing /home/vscode/.local/lib/python3.10/site-packages/airflow/example_dags/tutorial_dag.py took 0.131 seconds
[2025-04-08T11:42:40.249+0000] {processor.py:157} INFO - Started process (PID=3042) to work on /home/vscode/.local/lib/python3.10/site-packages/airflow/example_dags/tutorial_dag.py
[2025-04-08T11:42:40.249+0000] {processor.py:826} INFO - Processing file /home/vscode/.local/lib/python3.10/site-packages/airflow/example_dags/tutorial_dag.py for tasks to queue
[2025-04-08T11:42:40.250+0000] {logging_mixin.py:150} INFO - [2025-04-08T11:42:40.250+0000] {dagbag.py:541} INFO - Filling up the DagBag from /home/vscode/.local/lib/python3.10/site-packages/airflow/example_dags/tutorial_dag.py
[2025-04-08T11:42:40.254+0000] {processor.py:836} INFO - DAG(s) dict_keys(['tutorial_dag']) retrieved from /home/vscode/.local/lib/python3.10/site-packages/airflow/example_dags/tutorial_dag.py
[2025-04-08T11:42:40.266+0000] {logging_mixin.py:150} INFO - [2025-04-08T11:42:40.266+0000] {dag.py:2742} INFO - Sync 1 DAGs
[2025-04-08T11:42:40.280+0000] {logging_mixin.py:150} INFO - [2025-04-08T11:42:40.280+0000] {dag.py:3504} INFO - Setting next_dagrun for tutorial_dag to None, run_after=None
[2025-04-08T11:42:40.294+0000] {processor.py:179} INFO - Processing /home/vscode/.local/lib/python3.10/site-packages/airflow/example_dags/tutorial_dag.py took 0.048 seconds
[2025-04-08T11:43:24.181+0000] {processor.py:157} INFO - Started process (PID=3334) to work on /home/vscode/.local/lib/python3.10/site-packages/airflow/example_dags/tutorial_dag.py
[2025-04-08T11:43:24.182+0000] {processor.py:826} INFO - Processing file /home/vscode/.local/lib/python3.10/site-packages/airflow/example_dags/tutorial_dag.py for tasks to queue
[2025-04-08T11:43:24.183+0000] {logging_mixin.py:150} INFO - [2025-04-08T11:43:24.183+0000] {dagbag.py:541} INFO - Filling up the DagBag from /home/vscode/.local/lib/python3.10/site-packages/airflow/example_dags/tutorial_dag.py
[2025-04-08T11:43:24.189+0000] {processor.py:836} INFO - DAG(s) dict_keys(['tutorial_dag']) retrieved from /home/vscode/.local/lib/python3.10/site-packages/airflow/example_dags/tutorial_dag.py
[2025-04-08T11:43:24.202+0000] {logging_mixin.py:150} INFO - [2025-04-08T11:43:24.201+0000] {dag.py:2742} INFO - Sync 1 DAGs
[2025-04-08T11:43:24.216+0000] {logging_mixin.py:150} INFO - [2025-04-08T11:43:24.215+0000] {dag.py:3504} INFO - Setting next_dagrun for tutorial_dag to None, run_after=None
[2025-04-08T11:43:24.230+0000] {processor.py:179} INFO - Processing /home/vscode/.local/lib/python3.10/site-packages/airflow/example_dags/tutorial_dag.py took 0.053 seconds
[2025-04-08T11:43:57.201+0000] {processor.py:157} INFO - Started process (PID=3550) to work on /home/vscode/.local/lib/python3.10/site-packages/airflow/example_dags/tutorial_dag.py
[2025-04-08T11:43:57.201+0000] {processor.py:826} INFO - Processing file /home/vscode/.local/lib/python3.10/site-packages/airflow/example_dags/tutorial_dag.py for tasks to queue
[2025-04-08T11:43:57.202+0000] {logging_mixin.py:150} INFO - [2025-04-08T11:43:57.202+0000] {dagbag.py:541} INFO - Filling up the DagBag from /home/vscode/.local/lib/python3.10/site-packages/airflow/example_dags/tutorial_dag.py
[2025-04-08T11:43:57.206+0000] {processor.py:836} INFO - DAG(s) dict_keys(['tutorial_dag']) retrieved from /home/vscode/.local/lib/python3.10/site-packages/airflow/example_dags/tutorial_dag.py
[2025-04-08T11:43:57.219+0000] {logging_mixin.py:150} INFO - [2025-04-08T11:43:57.218+0000] {dag.py:2742} INFO - Sync 1 DAGs
[2025-04-08T11:43:57.233+0000] {logging_mixin.py:150} INFO - [2025-04-08T11:43:57.233+0000] {dag.py:3504} INFO - Setting next_dagrun for tutorial_dag to None, run_after=None
[2025-04-08T11:43:57.248+0000] {processor.py:179} INFO - Processing /home/vscode/.local/lib/python3.10/site-packages/airflow/example_dags/tutorial_dag.py took 0.050 seconds
[2025-04-08T11:44:42.415+0000] {processor.py:157} INFO - Started process (PID=3963) to work on /home/vscode/.local/lib/python3.10/site-packages/airflow/example_dags/tutorial_dag.py
[2025-04-08T11:44:42.416+0000] {processor.py:826} INFO - Processing file /home/vscode/.local/lib/python3.10/site-packages/airflow/example_dags/tutorial_dag.py for tasks to queue
[2025-04-08T11:44:42.417+0000] {logging_mixin.py:150} INFO - [2025-04-08T11:44:42.417+0000] {dagbag.py:541} INFO - Filling up the DagBag from /home/vscode/.local/lib/python3.10/site-packages/airflow/example_dags/tutorial_dag.py
[2025-04-08T11:44:42.421+0000] {processor.py:836} INFO - DAG(s) dict_keys(['tutorial_dag']) retrieved from /home/vscode/.local/lib/python3.10/site-packages/airflow/example_dags/tutorial_dag.py
[2025-04-08T11:44:42.434+0000] {logging_mixin.py:150} INFO - [2025-04-08T11:44:42.434+0000] {dag.py:2742} INFO - Sync 1 DAGs
[2025-04-08T11:44:42.449+0000] {logging_mixin.py:150} INFO - [2025-04-08T11:44:42.449+0000] {dag.py:3504} INFO - Setting next_dagrun for tutorial_dag to None, run_after=None
[2025-04-08T11:44:42.464+0000] {processor.py:179} INFO - Processing /home/vscode/.local/lib/python3.10/site-packages/airflow/example_dags/tutorial_dag.py took 0.051 seconds
[2025-04-08T11:45:22.491+0000] {processor.py:157} INFO - Started process (PID=4312) to work on /home/vscode/.local/lib/python3.10/site-packages/airflow/example_dags/tutorial_dag.py
[2025-04-08T11:45:22.491+0000] {processor.py:826} INFO - Processing file /home/vscode/.local/lib/python3.10/site-packages/airflow/example_dags/tutorial_dag.py for tasks to queue
[2025-04-08T11:45:22.492+0000] {logging_mixin.py:150} INFO - [2025-04-08T11:45:22.492+0000] {dagbag.py:541} INFO - Filling up the DagBag from /home/vscode/.local/lib/python3.10/site-packages/airflow/example_dags/tutorial_dag.py
[2025-04-08T11:45:22.496+0000] {processor.py:836} INFO - DAG(s) dict_keys(['tutorial_dag']) retrieved from /home/vscode/.local/lib/python3.10/site-packages/airflow/example_dags/tutorial_dag.py
[2025-04-08T11:45:22.508+0000] {logging_mixin.py:150} INFO - [2025-04-08T11:45:22.508+0000] {dag.py:2742} INFO - Sync 1 DAGs
[2025-04-08T11:45:22.522+0000] {logging_mixin.py:150} INFO - [2025-04-08T11:45:22.521+0000] {dag.py:3504} INFO - Setting next_dagrun for tutorial_dag to None, run_after=None
[2025-04-08T11:45:22.536+0000] {processor.py:179} INFO - Processing /home/vscode/.local/lib/python3.10/site-packages/airflow/example_dags/tutorial_dag.py took 0.048 seconds
[2025-04-08T11:46:08.621+0000] {processor.py:157} INFO - Started process (PID=4691) to work on /home/vscode/.local/lib/python3.10/site-packages/airflow/example_dags/tutorial_dag.py
[2025-04-08T11:46:08.621+0000] {processor.py:826} INFO - Processing file /home/vscode/.local/lib/python3.10/site-packages/airflow/example_dags/tutorial_dag.py for tasks to queue
[2025-04-08T11:46:08.622+0000] {logging_mixin.py:150} INFO - [2025-04-08T11:46:08.622+0000] {dagbag.py:541} INFO - Filling up the DagBag from /home/vscode/.local/lib/python3.10/site-packages/airflow/example_dags/tutorial_dag.py
[2025-04-08T11:46:08.627+0000] {processor.py:836} INFO - DAG(s) dict_keys(['tutorial_dag']) retrieved from /home/vscode/.local/lib/python3.10/site-packages/airflow/example_dags/tutorial_dag.py
[2025-04-08T11:46:08.645+0000] {logging_mixin.py:150} INFO - [2025-04-08T11:46:08.644+0000] {dag.py:2742} INFO - Sync 1 DAGs
[2025-04-08T11:46:08.666+0000] {logging_mixin.py:150} INFO - [2025-04-08T11:46:08.666+0000] {dag.py:3504} INFO - Setting next_dagrun for tutorial_dag to None, run_after=None
[2025-04-08T11:46:08.682+0000] {processor.py:179} INFO - Processing /home/vscode/.local/lib/python3.10/site-packages/airflow/example_dags/tutorial_dag.py took 0.064 seconds
[2025-04-08T11:46:53.665+0000] {processor.py:157} INFO - Started process (PID=4992) to work on /home/vscode/.local/lib/python3.10/site-packages/airflow/example_dags/tutorial_dag.py
[2025-04-08T11:46:53.666+0000] {processor.py:826} INFO - Processing file /home/vscode/.local/lib/python3.10/site-packages/airflow/example_dags/tutorial_dag.py for tasks to queue
[2025-04-08T11:46:53.667+0000] {logging_mixin.py:150} INFO - [2025-04-08T11:46:53.666+0000] {dagbag.py:541} INFO - Filling up the DagBag from /home/vscode/.local/lib/python3.10/site-packages/airflow/example_dags/tutorial_dag.py
[2025-04-08T11:46:53.671+0000] {processor.py:836} INFO - DAG(s) dict_keys(['tutorial_dag']) retrieved from /home/vscode/.local/lib/python3.10/site-packages/airflow/example_dags/tutorial_dag.py
[2025-04-08T11:46:53.682+0000] {logging_mixin.py:150} INFO - [2025-04-08T11:46:53.682+0000] {dag.py:2742} INFO - Sync 1 DAGs
[2025-04-08T11:46:53.695+0000] {logging_mixin.py:150} INFO - [2025-04-08T11:46:53.695+0000] {dag.py:3504} INFO - Setting next_dagrun for tutorial_dag to None, run_after=None
[2025-04-08T11:46:53.710+0000] {processor.py:179} INFO - Processing /home/vscode/.local/lib/python3.10/site-packages/airflow/example_dags/tutorial_dag.py took 0.047 seconds
[2025-04-08T11:47:39.843+0000] {processor.py:157} INFO - Started process (PID=5293) to work on /home/vscode/.local/lib/python3.10/site-packages/airflow/example_dags/tutorial_dag.py
[2025-04-08T11:47:39.844+0000] {processor.py:826} INFO - Processing file /home/vscode/.local/lib/python3.10/site-packages/airflow/example_dags/tutorial_dag.py for tasks to queue
[2025-04-08T11:47:39.844+0000] {logging_mixin.py:150} INFO - [2025-04-08T11:47:39.844+0000] {dagbag.py:541} INFO - Filling up the DagBag from /home/vscode/.local/lib/python3.10/site-packages/airflow/example_dags/tutorial_dag.py
[2025-04-08T11:47:39.848+0000] {processor.py:836} INFO - DAG(s) dict_keys(['tutorial_dag']) retrieved from /home/vscode/.local/lib/python3.10/site-packages/airflow/example_dags/tutorial_dag.py
[2025-04-08T11:47:39.860+0000] {logging_mixin.py:150} INFO - [2025-04-08T11:47:39.860+0000] {dag.py:2742} INFO - Sync 1 DAGs
[2025-04-08T11:47:39.874+0000] {logging_mixin.py:150} INFO - [2025-04-08T11:47:39.874+0000] {dag.py:3504} INFO - Setting next_dagrun for tutorial_dag to None, run_after=None
[2025-04-08T11:47:39.888+0000] {processor.py:179} INFO - Processing /home/vscode/.local/lib/python3.10/site-packages/airflow/example_dags/tutorial_dag.py took 0.047 seconds
[2025-04-08T11:48:23.105+0000] {processor.py:157} INFO - Started process (PID=5597) to work on /home/vscode/.local/lib/python3.10/site-packages/airflow/example_dags/tutorial_dag.py
[2025-04-08T11:48:23.105+0000] {processor.py:826} INFO - Processing file /home/vscode/.local/lib/python3.10/site-packages/airflow/example_dags/tutorial_dag.py for tasks to queue
[2025-04-08T11:48:23.106+0000] {logging_mixin.py:150} INFO - [2025-04-08T11:48:23.106+0000] {dagbag.py:541} INFO - Filling up the DagBag from /home/vscode/.local/lib/python3.10/site-packages/airflow/example_dags/tutorial_dag.py
[2025-04-08T11:48:23.111+0000] {processor.py:836} INFO - DAG(s) dict_keys(['tutorial_dag']) retrieved from /home/vscode/.local/lib/python3.10/site-packages/airflow/example_dags/tutorial_dag.py
[2025-04-08T11:48:23.123+0000] {logging_mixin.py:150} INFO - [2025-04-08T11:48:23.123+0000] {dag.py:2742} INFO - Sync 1 DAGs
[2025-04-08T11:48:23.138+0000] {logging_mixin.py:150} INFO - [2025-04-08T11:48:23.137+0000] {dag.py:3504} INFO - Setting next_dagrun for tutorial_dag to None, run_after=None
[2025-04-08T11:48:23.154+0000] {processor.py:179} INFO - Processing /home/vscode/.local/lib/python3.10/site-packages/airflow/example_dags/tutorial_dag.py took 0.051 seconds
[2025-04-08T11:48:54.911+0000] {processor.py:157} INFO - Started process (PID=5981) to work on /home/vscode/.local/lib/python3.10/site-packages/airflow/example_dags/tutorial_dag.py
[2025-04-08T11:48:54.912+0000] {processor.py:826} INFO - Processing file /home/vscode/.local/lib/python3.10/site-packages/airflow/example_dags/tutorial_dag.py for tasks to queue
[2025-04-08T11:48:54.912+0000] {logging_mixin.py:150} INFO - [2025-04-08T11:48:54.912+0000] {dagbag.py:541} INFO - Filling up the DagBag from /home/vscode/.local/lib/python3.10/site-packages/airflow/example_dags/tutorial_dag.py
[2025-04-08T11:48:54.916+0000] {processor.py:836} INFO - DAG(s) dict_keys(['tutorial_dag']) retrieved from /home/vscode/.local/lib/python3.10/site-packages/airflow/example_dags/tutorial_dag.py
[2025-04-08T11:48:54.929+0000] {logging_mixin.py:150} INFO - [2025-04-08T11:48:54.929+0000] {dag.py:2742} INFO - Sync 1 DAGs
[2025-04-08T11:48:54.944+0000] {logging_mixin.py:150} INFO - [2025-04-08T11:48:54.944+0000] {dag.py:3504} INFO - Setting next_dagrun for tutorial_dag to None, run_after=None
[2025-04-08T11:48:54.959+0000] {processor.py:179} INFO - Processing /home/vscode/.local/lib/python3.10/site-packages/airflow/example_dags/tutorial_dag.py took 0.051 seconds
[2025-04-08T11:49:36.810+0000] {processor.py:157} INFO - Started process (PID=6430) to work on /home/vscode/.local/lib/python3.10/site-packages/airflow/example_dags/tutorial_dag.py
[2025-04-08T11:49:36.811+0000] {processor.py:826} INFO - Processing file /home/vscode/.local/lib/python3.10/site-packages/airflow/example_dags/tutorial_dag.py for tasks to queue
[2025-04-08T11:49:36.811+0000] {logging_mixin.py:150} INFO - [2025-04-08T11:49:36.811+0000] {dagbag.py:541} INFO - Filling up the DagBag from /home/vscode/.local/lib/python3.10/site-packages/airflow/example_dags/tutorial_dag.py
[2025-04-08T11:49:36.815+0000] {processor.py:836} INFO - DAG(s) dict_keys(['tutorial_dag']) retrieved from /home/vscode/.local/lib/python3.10/site-packages/airflow/example_dags/tutorial_dag.py
[2025-04-08T11:49:36.827+0000] {logging_mixin.py:150} INFO - [2025-04-08T11:49:36.827+0000] {dag.py:2742} INFO - Sync 1 DAGs
[2025-04-08T11:49:36.841+0000] {logging_mixin.py:150} INFO - [2025-04-08T11:49:36.840+0000] {dag.py:3504} INFO - Setting next_dagrun for tutorial_dag to None, run_after=None
[2025-04-08T11:49:36.856+0000] {processor.py:179} INFO - Processing /home/vscode/.local/lib/python3.10/site-packages/airflow/example_dags/tutorial_dag.py took 0.048 seconds
[2025-04-08T11:50:09.604+0000] {processor.py:157} INFO - Started process (PID=6797) to work on /home/vscode/.local/lib/python3.10/site-packages/airflow/example_dags/tutorial_dag.py
[2025-04-08T11:50:09.605+0000] {processor.py:826} INFO - Processing file /home/vscode/.local/lib/python3.10/site-packages/airflow/example_dags/tutorial_dag.py for tasks to queue
[2025-04-08T11:50:09.606+0000] {logging_mixin.py:150} INFO - [2025-04-08T11:50:09.606+0000] {dagbag.py:541} INFO - Filling up the DagBag from /home/vscode/.local/lib/python3.10/site-packages/airflow/example_dags/tutorial_dag.py
[2025-04-08T11:50:09.611+0000] {processor.py:836} INFO - DAG(s) dict_keys(['tutorial_dag']) retrieved from /home/vscode/.local/lib/python3.10/site-packages/airflow/example_dags/tutorial_dag.py
[2025-04-08T11:50:09.625+0000] {logging_mixin.py:150} INFO - [2025-04-08T11:50:09.625+0000] {dag.py:2742} INFO - Sync 1 DAGs
[2025-04-08T11:50:09.638+0000] {logging_mixin.py:150} INFO - [2025-04-08T11:50:09.638+0000] {dag.py:3504} INFO - Setting next_dagrun for tutorial_dag to None, run_after=None
[2025-04-08T11:50:09.653+0000] {processor.py:179} INFO - Processing /home/vscode/.local/lib/python3.10/site-packages/airflow/example_dags/tutorial_dag.py took 0.052 seconds
[2025-04-08T11:50:53.823+0000] {processor.py:157} INFO - Started process (PID=7155) to work on /home/vscode/.local/lib/python3.10/site-packages/airflow/example_dags/tutorial_dag.py
[2025-04-08T11:50:53.824+0000] {processor.py:826} INFO - Processing file /home/vscode/.local/lib/python3.10/site-packages/airflow/example_dags/tutorial_dag.py for tasks to queue
[2025-04-08T11:50:53.825+0000] {logging_mixin.py:150} INFO - [2025-04-08T11:50:53.824+0000] {dagbag.py:541} INFO - Filling up the DagBag from /home/vscode/.local/lib/python3.10/site-packages/airflow/example_dags/tutorial_dag.py
[2025-04-08T11:50:53.829+0000] {processor.py:836} INFO - DAG(s) dict_keys(['tutorial_dag']) retrieved from /home/vscode/.local/lib/python3.10/site-packages/airflow/example_dags/tutorial_dag.py
[2025-04-08T11:50:53.841+0000] {logging_mixin.py:150} INFO - [2025-04-08T11:50:53.841+0000] {dag.py:2742} INFO - Sync 1 DAGs
[2025-04-08T11:50:53.855+0000] {logging_mixin.py:150} INFO - [2025-04-08T11:50:53.854+0000] {dag.py:3504} INFO - Setting next_dagrun for tutorial_dag to None, run_after=None
[2025-04-08T11:50:53.871+0000] {processor.py:179} INFO - Processing /home/vscode/.local/lib/python3.10/site-packages/airflow/example_dags/tutorial_dag.py took 0.049 seconds
