[2025-04-08T11:41:55.385+0000] {processor.py:157} INFO - Started process (PID=2746) to work on /home/vscode/.local/lib/python3.10/site-packages/airflow/example_dags/tutorial_taskflow_api_virtualenv.py
[2025-04-08T11:41:55.386+0000] {processor.py:826} INFO - Processing file /home/vscode/.local/lib/python3.10/site-packages/airflow/example_dags/tutorial_taskflow_api_virtualenv.py for tasks to queue
[2025-04-08T11:41:55.387+0000] {logging_mixin.py:150} INFO - [2025-04-08T11:41:55.386+0000] {dagbag.py:541} INFO - Filling up the DagBag from /home/vscode/.local/lib/python3.10/site-packages/airflow/example_dags/tutorial_taskflow_api_virtualenv.py
[2025-04-08T11:41:55.450+0000] {processor.py:836} INFO - DAG(s) dict_keys(['tutorial_taskflow_api_virtualenv']) retrieved from /home/vscode/.local/lib/python3.10/site-packages/airflow/example_dags/tutorial_taskflow_api_virtualenv.py
[2025-04-08T11:41:55.543+0000] {logging_mixin.py:150} INFO - [2025-04-08T11:41:55.543+0000] {manager.py:504} INFO - Created Permission View: can edit on DAG:tutorial_taskflow_api_virtualenv
[2025-04-08T11:41:55.551+0000] {logging_mixin.py:150} INFO - [2025-04-08T11:41:55.551+0000] {manager.py:504} INFO - Created Permission View: can read on DAG:tutorial_taskflow_api_virtualenv
[2025-04-08T11:41:55.556+0000] {logging_mixin.py:150} INFO - [2025-04-08T11:41:55.556+0000] {manager.py:504} INFO - Created Permission View: can delete on DAG:tutorial_taskflow_api_virtualenv
[2025-04-08T11:41:55.563+0000] {logging_mixin.py:150} INFO - [2025-04-08T11:41:55.563+0000] {dag.py:2742} INFO - Sync 1 DAGs
[2025-04-08T11:41:55.571+0000] {logging_mixin.py:150} INFO - [2025-04-08T11:41:55.571+0000] {dag.py:2763} INFO - Creating ORM DAG for tutorial_taskflow_api_virtualenv
[2025-04-08T11:41:55.578+0000] {logging_mixin.py:150} INFO - [2025-04-08T11:41:55.578+0000] {dag.py:3504} INFO - Setting next_dagrun for tutorial_taskflow_api_virtualenv to None, run_after=None
[2025-04-08T11:41:55.595+0000] {processor.py:179} INFO - Processing /home/vscode/.local/lib/python3.10/site-packages/airflow/example_dags/tutorial_taskflow_api_virtualenv.py took 0.212 seconds
[2025-04-08T11:42:44.254+0000] {processor.py:157} INFO - Started process (PID=3068) to work on /home/vscode/.local/lib/python3.10/site-packages/airflow/example_dags/tutorial_taskflow_api_virtualenv.py
[2025-04-08T11:42:44.255+0000] {processor.py:826} INFO - Processing file /home/vscode/.local/lib/python3.10/site-packages/airflow/example_dags/tutorial_taskflow_api_virtualenv.py for tasks to queue
[2025-04-08T11:42:44.256+0000] {logging_mixin.py:150} INFO - [2025-04-08T11:42:44.256+0000] {dagbag.py:541} INFO - Filling up the DagBag from /home/vscode/.local/lib/python3.10/site-packages/airflow/example_dags/tutorial_taskflow_api_virtualenv.py
[2025-04-08T11:42:44.261+0000] {processor.py:836} INFO - DAG(s) dict_keys(['tutorial_taskflow_api_virtualenv']) retrieved from /home/vscode/.local/lib/python3.10/site-packages/airflow/example_dags/tutorial_taskflow_api_virtualenv.py
[2025-04-08T11:42:44.279+0000] {logging_mixin.py:150} INFO - [2025-04-08T11:42:44.278+0000] {dag.py:2742} INFO - Sync 1 DAGs
[2025-04-08T11:42:44.302+0000] {logging_mixin.py:150} INFO - [2025-04-08T11:42:44.302+0000] {dag.py:3504} INFO - Setting next_dagrun for tutorial_taskflow_api_virtualenv to None, run_after=None
[2025-04-08T11:42:44.318+0000] {processor.py:179} INFO - Processing /home/vscode/.local/lib/python3.10/site-packages/airflow/example_dags/tutorial_taskflow_api_virtualenv.py took 0.066 seconds
[2025-04-08T11:43:28.177+0000] {processor.py:157} INFO - Started process (PID=3360) to work on /home/vscode/.local/lib/python3.10/site-packages/airflow/example_dags/tutorial_taskflow_api_virtualenv.py
[2025-04-08T11:43:28.178+0000] {processor.py:826} INFO - Processing file /home/vscode/.local/lib/python3.10/site-packages/airflow/example_dags/tutorial_taskflow_api_virtualenv.py for tasks to queue
[2025-04-08T11:43:28.179+0000] {logging_mixin.py:150} INFO - [2025-04-08T11:43:28.179+0000] {dagbag.py:541} INFO - Filling up the DagBag from /home/vscode/.local/lib/python3.10/site-packages/airflow/example_dags/tutorial_taskflow_api_virtualenv.py
[2025-04-08T11:43:28.184+0000] {processor.py:836} INFO - DAG(s) dict_keys(['tutorial_taskflow_api_virtualenv']) retrieved from /home/vscode/.local/lib/python3.10/site-packages/airflow/example_dags/tutorial_taskflow_api_virtualenv.py
[2025-04-08T11:43:28.195+0000] {logging_mixin.py:150} INFO - [2025-04-08T11:43:28.195+0000] {dag.py:2742} INFO - Sync 1 DAGs
[2025-04-08T11:43:28.209+0000] {logging_mixin.py:150} INFO - [2025-04-08T11:43:28.208+0000] {dag.py:3504} INFO - Setting next_dagrun for tutorial_taskflow_api_virtualenv to None, run_after=None
[2025-04-08T11:43:28.223+0000] {processor.py:179} INFO - Processing /home/vscode/.local/lib/python3.10/site-packages/airflow/example_dags/tutorial_taskflow_api_virtualenv.py took 0.047 seconds
[2025-04-08T11:44:14.433+0000] {processor.py:157} INFO - Started process (PID=3663) to work on /home/vscode/.local/lib/python3.10/site-packages/airflow/example_dags/tutorial_taskflow_api_virtualenv.py
[2025-04-08T11:44:14.433+0000] {processor.py:826} INFO - Processing file /home/vscode/.local/lib/python3.10/site-packages/airflow/example_dags/tutorial_taskflow_api_virtualenv.py for tasks to queue
[2025-04-08T11:44:14.434+0000] {logging_mixin.py:150} INFO - [2025-04-08T11:44:14.434+0000] {dagbag.py:541} INFO - Filling up the DagBag from /home/vscode/.local/lib/python3.10/site-packages/airflow/example_dags/tutorial_taskflow_api_virtualenv.py
[2025-04-08T11:44:14.440+0000] {processor.py:836} INFO - DAG(s) dict_keys(['tutorial_taskflow_api_virtualenv']) retrieved from /home/vscode/.local/lib/python3.10/site-packages/airflow/example_dags/tutorial_taskflow_api_virtualenv.py
[2025-04-08T11:44:14.452+0000] {logging_mixin.py:150} INFO - [2025-04-08T11:44:14.452+0000] {dag.py:2742} INFO - Sync 1 DAGs
[2025-04-08T11:44:14.472+0000] {logging_mixin.py:150} INFO - [2025-04-08T11:44:14.471+0000] {dag.py:3504} INFO - Setting next_dagrun for tutorial_taskflow_api_virtualenv to None, run_after=None
[2025-04-08T11:44:14.492+0000] {processor.py:179} INFO - Processing /home/vscode/.local/lib/python3.10/site-packages/airflow/example_dags/tutorial_taskflow_api_virtualenv.py took 0.062 seconds
[2025-04-08T11:44:59.362+0000] {processor.py:157} INFO - Started process (PID=4092) to work on /home/vscode/.local/lib/python3.10/site-packages/airflow/example_dags/tutorial_taskflow_api_virtualenv.py
[2025-04-08T11:44:59.363+0000] {processor.py:826} INFO - Processing file /home/vscode/.local/lib/python3.10/site-packages/airflow/example_dags/tutorial_taskflow_api_virtualenv.py for tasks to queue
[2025-04-08T11:44:59.364+0000] {logging_mixin.py:150} INFO - [2025-04-08T11:44:59.363+0000] {dagbag.py:541} INFO - Filling up the DagBag from /home/vscode/.local/lib/python3.10/site-packages/airflow/example_dags/tutorial_taskflow_api_virtualenv.py
[2025-04-08T11:44:59.369+0000] {processor.py:836} INFO - DAG(s) dict_keys(['tutorial_taskflow_api_virtualenv']) retrieved from /home/vscode/.local/lib/python3.10/site-packages/airflow/example_dags/tutorial_taskflow_api_virtualenv.py
[2025-04-08T11:44:59.381+0000] {logging_mixin.py:150} INFO - [2025-04-08T11:44:59.381+0000] {dag.py:2742} INFO - Sync 1 DAGs
[2025-04-08T11:44:59.398+0000] {logging_mixin.py:150} INFO - [2025-04-08T11:44:59.398+0000] {dag.py:3504} INFO - Setting next_dagrun for tutorial_taskflow_api_virtualenv to None, run_after=None
[2025-04-08T11:44:59.412+0000] {processor.py:179} INFO - Processing /home/vscode/.local/lib/python3.10/site-packages/airflow/example_dags/tutorial_taskflow_api_virtualenv.py took 0.052 seconds
[2025-04-08T11:45:39.897+0000] {processor.py:157} INFO - Started process (PID=4495) to work on /home/vscode/.local/lib/python3.10/site-packages/airflow/example_dags/tutorial_taskflow_api_virtualenv.py
[2025-04-08T11:45:39.898+0000] {processor.py:826} INFO - Processing file /home/vscode/.local/lib/python3.10/site-packages/airflow/example_dags/tutorial_taskflow_api_virtualenv.py for tasks to queue
[2025-04-08T11:45:39.899+0000] {logging_mixin.py:150} INFO - [2025-04-08T11:45:39.899+0000] {dagbag.py:541} INFO - Filling up the DagBag from /home/vscode/.local/lib/python3.10/site-packages/airflow/example_dags/tutorial_taskflow_api_virtualenv.py
[2025-04-08T11:45:39.905+0000] {processor.py:836} INFO - DAG(s) dict_keys(['tutorial_taskflow_api_virtualenv']) retrieved from /home/vscode/.local/lib/python3.10/site-packages/airflow/example_dags/tutorial_taskflow_api_virtualenv.py
[2025-04-08T11:45:39.917+0000] {logging_mixin.py:150} INFO - [2025-04-08T11:45:39.917+0000] {dag.py:2742} INFO - Sync 1 DAGs
[2025-04-08T11:45:39.931+0000] {logging_mixin.py:150} INFO - [2025-04-08T11:45:39.931+0000] {dag.py:3504} INFO - Setting next_dagrun for tutorial_taskflow_api_virtualenv to None, run_after=None
[2025-04-08T11:45:39.946+0000] {processor.py:179} INFO - Processing /home/vscode/.local/lib/python3.10/site-packages/airflow/example_dags/tutorial_taskflow_api_virtualenv.py took 0.051 seconds
[2025-04-08T11:46:25.108+0000] {processor.py:157} INFO - Started process (PID=4801) to work on /home/vscode/.local/lib/python3.10/site-packages/airflow/example_dags/tutorial_taskflow_api_virtualenv.py
[2025-04-08T11:46:25.109+0000] {processor.py:826} INFO - Processing file /home/vscode/.local/lib/python3.10/site-packages/airflow/example_dags/tutorial_taskflow_api_virtualenv.py for tasks to queue
[2025-04-08T11:46:25.110+0000] {logging_mixin.py:150} INFO - [2025-04-08T11:46:25.109+0000] {dagbag.py:541} INFO - Filling up the DagBag from /home/vscode/.local/lib/python3.10/site-packages/airflow/example_dags/tutorial_taskflow_api_virtualenv.py
[2025-04-08T11:46:25.115+0000] {processor.py:836} INFO - DAG(s) dict_keys(['tutorial_taskflow_api_virtualenv']) retrieved from /home/vscode/.local/lib/python3.10/site-packages/airflow/example_dags/tutorial_taskflow_api_virtualenv.py
[2025-04-08T11:46:25.126+0000] {logging_mixin.py:150} INFO - [2025-04-08T11:46:25.126+0000] {dag.py:2742} INFO - Sync 1 DAGs
[2025-04-08T11:46:25.139+0000] {logging_mixin.py:150} INFO - [2025-04-08T11:46:25.139+0000] {dag.py:3504} INFO - Setting next_dagrun for tutorial_taskflow_api_virtualenv to None, run_after=None
[2025-04-08T11:46:25.153+0000] {processor.py:179} INFO - Processing /home/vscode/.local/lib/python3.10/site-packages/airflow/example_dags/tutorial_taskflow_api_virtualenv.py took 0.046 seconds
[2025-04-08T11:47:09.083+0000] {processor.py:157} INFO - Started process (PID=5088) to work on /home/vscode/.local/lib/python3.10/site-packages/airflow/example_dags/tutorial_taskflow_api_virtualenv.py
[2025-04-08T11:47:09.084+0000] {processor.py:826} INFO - Processing file /home/vscode/.local/lib/python3.10/site-packages/airflow/example_dags/tutorial_taskflow_api_virtualenv.py for tasks to queue
[2025-04-08T11:47:09.085+0000] {logging_mixin.py:150} INFO - [2025-04-08T11:47:09.085+0000] {dagbag.py:541} INFO - Filling up the DagBag from /home/vscode/.local/lib/python3.10/site-packages/airflow/example_dags/tutorial_taskflow_api_virtualenv.py
[2025-04-08T11:47:09.092+0000] {processor.py:836} INFO - DAG(s) dict_keys(['tutorial_taskflow_api_virtualenv']) retrieved from /home/vscode/.local/lib/python3.10/site-packages/airflow/example_dags/tutorial_taskflow_api_virtualenv.py
[2025-04-08T11:47:09.104+0000] {logging_mixin.py:150} INFO - [2025-04-08T11:47:09.104+0000] {dag.py:2742} INFO - Sync 1 DAGs
[2025-04-08T11:47:09.118+0000] {logging_mixin.py:150} INFO - [2025-04-08T11:47:09.118+0000] {dag.py:3504} INFO - Setting next_dagrun for tutorial_taskflow_api_virtualenv to None, run_after=None
[2025-04-08T11:47:09.134+0000] {processor.py:179} INFO - Processing /home/vscode/.local/lib/python3.10/site-packages/airflow/example_dags/tutorial_taskflow_api_virtualenv.py took 0.053 seconds
[2025-04-08T11:47:43.696+0000] {processor.py:157} INFO - Started process (PID=5319) to work on /home/vscode/.local/lib/python3.10/site-packages/airflow/example_dags/tutorial_taskflow_api_virtualenv.py
[2025-04-08T11:47:43.697+0000] {processor.py:826} INFO - Processing file /home/vscode/.local/lib/python3.10/site-packages/airflow/example_dags/tutorial_taskflow_api_virtualenv.py for tasks to queue
[2025-04-08T11:47:43.697+0000] {logging_mixin.py:150} INFO - [2025-04-08T11:47:43.697+0000] {dagbag.py:541} INFO - Filling up the DagBag from /home/vscode/.local/lib/python3.10/site-packages/airflow/example_dags/tutorial_taskflow_api_virtualenv.py
[2025-04-08T11:47:43.704+0000] {processor.py:836} INFO - DAG(s) dict_keys(['tutorial_taskflow_api_virtualenv']) retrieved from /home/vscode/.local/lib/python3.10/site-packages/airflow/example_dags/tutorial_taskflow_api_virtualenv.py
[2025-04-08T11:47:43.721+0000] {logging_mixin.py:150} INFO - [2025-04-08T11:47:43.721+0000] {dag.py:2742} INFO - Sync 1 DAGs
[2025-04-08T11:47:43.739+0000] {logging_mixin.py:150} INFO - [2025-04-08T11:47:43.739+0000] {dag.py:3504} INFO - Setting next_dagrun for tutorial_taskflow_api_virtualenv to None, run_after=None
[2025-04-08T11:47:43.753+0000] {processor.py:179} INFO - Processing /home/vscode/.local/lib/python3.10/site-packages/airflow/example_dags/tutorial_taskflow_api_virtualenv.py took 0.060 seconds
[2025-04-08T11:48:27.108+0000] {processor.py:157} INFO - Started process (PID=5628) to work on /home/vscode/.local/lib/python3.10/site-packages/airflow/example_dags/tutorial_taskflow_api_virtualenv.py
[2025-04-08T11:48:27.109+0000] {processor.py:826} INFO - Processing file /home/vscode/.local/lib/python3.10/site-packages/airflow/example_dags/tutorial_taskflow_api_virtualenv.py for tasks to queue
[2025-04-08T11:48:27.110+0000] {logging_mixin.py:150} INFO - [2025-04-08T11:48:27.109+0000] {dagbag.py:541} INFO - Filling up the DagBag from /home/vscode/.local/lib/python3.10/site-packages/airflow/example_dags/tutorial_taskflow_api_virtualenv.py
[2025-04-08T11:48:27.115+0000] {processor.py:836} INFO - DAG(s) dict_keys(['tutorial_taskflow_api_virtualenv']) retrieved from /home/vscode/.local/lib/python3.10/site-packages/airflow/example_dags/tutorial_taskflow_api_virtualenv.py
[2025-04-08T11:48:27.127+0000] {logging_mixin.py:150} INFO - [2025-04-08T11:48:27.127+0000] {dag.py:2742} INFO - Sync 1 DAGs
[2025-04-08T11:48:27.144+0000] {logging_mixin.py:150} INFO - [2025-04-08T11:48:27.143+0000] {dag.py:3504} INFO - Setting next_dagrun for tutorial_taskflow_api_virtualenv to None, run_after=None
[2025-04-08T11:48:27.159+0000] {processor.py:179} INFO - Processing /home/vscode/.local/lib/python3.10/site-packages/airflow/example_dags/tutorial_taskflow_api_virtualenv.py took 0.053 seconds
[2025-04-08T11:49:10.322+0000] {processor.py:157} INFO - Started process (PID=6132) to work on /home/vscode/.local/lib/python3.10/site-packages/airflow/example_dags/tutorial_taskflow_api_virtualenv.py
[2025-04-08T11:49:10.323+0000] {processor.py:826} INFO - Processing file /home/vscode/.local/lib/python3.10/site-packages/airflow/example_dags/tutorial_taskflow_api_virtualenv.py for tasks to queue
[2025-04-08T11:49:10.324+0000] {logging_mixin.py:150} INFO - [2025-04-08T11:49:10.323+0000] {dagbag.py:541} INFO - Filling up the DagBag from /home/vscode/.local/lib/python3.10/site-packages/airflow/example_dags/tutorial_taskflow_api_virtualenv.py
[2025-04-08T11:49:10.329+0000] {processor.py:836} INFO - DAG(s) dict_keys(['tutorial_taskflow_api_virtualenv']) retrieved from /home/vscode/.local/lib/python3.10/site-packages/airflow/example_dags/tutorial_taskflow_api_virtualenv.py
[2025-04-08T11:49:10.342+0000] {logging_mixin.py:150} INFO - [2025-04-08T11:49:10.342+0000] {dag.py:2742} INFO - Sync 1 DAGs
[2025-04-08T11:49:10.358+0000] {logging_mixin.py:150} INFO - [2025-04-08T11:49:10.358+0000] {dag.py:3504} INFO - Setting next_dagrun for tutorial_taskflow_api_virtualenv to None, run_after=None
[2025-04-08T11:49:10.374+0000] {processor.py:179} INFO - Processing /home/vscode/.local/lib/python3.10/site-packages/airflow/example_dags/tutorial_taskflow_api_virtualenv.py took 0.054 seconds
[2025-04-08T11:49:57.626+0000] {processor.py:157} INFO - Started process (PID=6705) to work on /home/vscode/.local/lib/python3.10/site-packages/airflow/example_dags/tutorial_taskflow_api_virtualenv.py
[2025-04-08T11:49:57.626+0000] {processor.py:826} INFO - Processing file /home/vscode/.local/lib/python3.10/site-packages/airflow/example_dags/tutorial_taskflow_api_virtualenv.py for tasks to queue
[2025-04-08T11:49:57.627+0000] {logging_mixin.py:150} INFO - [2025-04-08T11:49:57.627+0000] {dagbag.py:541} INFO - Filling up the DagBag from /home/vscode/.local/lib/python3.10/site-packages/airflow/example_dags/tutorial_taskflow_api_virtualenv.py
[2025-04-08T11:49:57.632+0000] {processor.py:836} INFO - DAG(s) dict_keys(['tutorial_taskflow_api_virtualenv']) retrieved from /home/vscode/.local/lib/python3.10/site-packages/airflow/example_dags/tutorial_taskflow_api_virtualenv.py
[2025-04-08T11:49:57.644+0000] {logging_mixin.py:150} INFO - [2025-04-08T11:49:57.644+0000] {dag.py:2742} INFO - Sync 1 DAGs
[2025-04-08T11:49:57.658+0000] {logging_mixin.py:150} INFO - [2025-04-08T11:49:57.658+0000] {dag.py:3504} INFO - Setting next_dagrun for tutorial_taskflow_api_virtualenv to None, run_after=None
[2025-04-08T11:49:57.673+0000] {processor.py:179} INFO - Processing /home/vscode/.local/lib/python3.10/site-packages/airflow/example_dags/tutorial_taskflow_api_virtualenv.py took 0.050 seconds
[2025-04-08T11:50:41.563+0000] {processor.py:157} INFO - Started process (PID=7017) to work on /home/vscode/.local/lib/python3.10/site-packages/airflow/example_dags/tutorial_taskflow_api_virtualenv.py
[2025-04-08T11:50:41.563+0000] {processor.py:826} INFO - Processing file /home/vscode/.local/lib/python3.10/site-packages/airflow/example_dags/tutorial_taskflow_api_virtualenv.py for tasks to queue
[2025-04-08T11:50:41.564+0000] {logging_mixin.py:150} INFO - [2025-04-08T11:50:41.564+0000] {dagbag.py:541} INFO - Filling up the DagBag from /home/vscode/.local/lib/python3.10/site-packages/airflow/example_dags/tutorial_taskflow_api_virtualenv.py
[2025-04-08T11:50:41.569+0000] {processor.py:836} INFO - DAG(s) dict_keys(['tutorial_taskflow_api_virtualenv']) retrieved from /home/vscode/.local/lib/python3.10/site-packages/airflow/example_dags/tutorial_taskflow_api_virtualenv.py
[2025-04-08T11:50:41.581+0000] {logging_mixin.py:150} INFO - [2025-04-08T11:50:41.581+0000] {dag.py:2742} INFO - Sync 1 DAGs
[2025-04-08T11:50:41.595+0000] {logging_mixin.py:150} INFO - [2025-04-08T11:50:41.595+0000] {dag.py:3504} INFO - Setting next_dagrun for tutorial_taskflow_api_virtualenv to None, run_after=None
[2025-04-08T11:50:41.609+0000] {processor.py:179} INFO - Processing /home/vscode/.local/lib/python3.10/site-packages/airflow/example_dags/tutorial_taskflow_api_virtualenv.py took 0.049 seconds
