[2025-04-09T17:24:07.408+0000] {taskinstance.py:1103} INFO - Dependencies all met for dep_context=non-requeueable deps ti=<TaskInstance: extract_csv_dag.task_wget manual__2025-04-09T17:24:05.507117+00:00 [queued]>
[2025-04-09T17:24:07.412+0000] {taskinstance.py:1103} INFO - Dependencies all met for dep_context=requeueable deps ti=<TaskInstance: extract_csv_dag.task_wget manual__2025-04-09T17:24:05.507117+00:00 [queued]>
[2025-04-09T17:24:07.412+0000] {taskinstance.py:1308} INFO - Starting attempt 1 of 1
[2025-04-09T17:24:07.422+0000] {taskinstance.py:1327} INFO - Executing <Task(BashOperator): task_wget> on 2025-04-09 17:24:05.507117+00:00
[2025-04-09T17:24:07.424+0000] {standard_task_runner.py:57} INFO - Started process 15014 to run task
[2025-04-09T17:24:07.427+0000] {standard_task_runner.py:84} INFO - Running: ['airflow', 'tasks', 'run', 'extract_csv_dag', 'task_wget', 'manual__2025-04-09T17:24:05.507117+00:00', '--job-id', '11', '--raw', '--subdir', 'DAGS_FOLDER/extract_csv_dag.py', '--cfg-path', '/tmp/tmp0d88qw6m']
[2025-04-09T17:24:07.427+0000] {standard_task_runner.py:85} INFO - Job 11: Subtask task_wget
[2025-04-09T17:24:07.452+0000] {task_command.py:410} INFO - Running <TaskInstance: extract_csv_dag.task_wget manual__2025-04-09T17:24:05.507117+00:00 [running]> on host codespaces-6b480a
[2025-04-09T17:24:07.487+0000] {taskinstance.py:1545} INFO - Exporting env vars: AIRFLOW_CTX_DAG_OWNER='logan' AIRFLOW_CTX_DAG_ID='extract_csv_dag' AIRFLOW_CTX_TASK_ID='task_wget' AIRFLOW_CTX_EXECUTION_DATE='2025-04-09T17:24:05.507117+00:00' AIRFLOW_CTX_TRY_NUMBER='1' AIRFLOW_CTX_DAG_RUN_ID='manual__2025-04-09T17:24:05.507117+00:00'
[2025-04-09T17:24:07.488+0000] {subprocess.py:63} INFO - Tmp dir root location: /tmp
[2025-04-09T17:24:07.488+0000] {subprocess.py:75} INFO - Running command: ['/usr/bin/bash', '-c', 'wget -c https://datahub.io/core/top-level-domain-names/r/top-level-domain-names.csv.csv -O $AIRFLOW_DAGS/../../lab/manual/top_level_domain_$(date +%Y%m%d%H%M%S).csv']
[2025-04-09T17:24:07.493+0000] {subprocess.py:86} INFO - Output:
[2025-04-09T17:24:07.497+0000] {subprocess.py:93} INFO - /../../lab/manual/top_level_domain_20250409172407.csv: No such file or directory
[2025-04-09T17:24:07.497+0000] {subprocess.py:97} INFO - Command exited with return code 1
[2025-04-09T17:24:07.501+0000] {taskinstance.py:1824} ERROR - Task failed with exception
Traceback (most recent call last):
  File "/home/vscode/.local/lib/python3.10/site-packages/airflow/operators/bash.py", line 210, in execute
    raise AirflowException(
airflow.exceptions.AirflowException: Bash command failed. The command returned a non-zero exit code 1.
[2025-04-09T17:24:07.503+0000] {taskinstance.py:1345} INFO - Marking task as FAILED. dag_id=extract_csv_dag, task_id=task_wget, execution_date=20250409T172405, start_date=20250409T172407, end_date=20250409T172407
[2025-04-09T17:24:07.510+0000] {standard_task_runner.py:104} ERROR - Failed to execute job 11 for task task_wget (Bash command failed. The command returned a non-zero exit code 1.; 15014)
[2025-04-09T17:24:07.518+0000] {local_task_job_runner.py:225} INFO - Task exited with return code 1
[2025-04-09T17:24:07.526+0000] {taskinstance.py:2653} INFO - 0 downstream tasks scheduled from follow-on schedule check
