[2025-04-09T22:06:25.446+0000] {taskinstance.py:1103} INFO - Dependencies all met for dep_context=non-requeueable deps ti=<TaskInstance: etl_dag.extract_task manual__2025-04-09T22:06:23.834820+00:00 [queued]>
[2025-04-09T22:06:25.450+0000] {taskinstance.py:1103} INFO - Dependencies all met for dep_context=requeueable deps ti=<TaskInstance: etl_dag.extract_task manual__2025-04-09T22:06:23.834820+00:00 [queued]>
[2025-04-09T22:06:25.450+0000] {taskinstance.py:1308} INFO - Starting attempt 1 of 1
[2025-04-09T22:06:25.460+0000] {taskinstance.py:1327} INFO - Executing <Task(BashOperator): extract_task> on 2025-04-09 22:06:23.834820+00:00
[2025-04-09T22:06:25.464+0000] {standard_task_runner.py:57} INFO - Started process 63490 to run task
[2025-04-09T22:06:25.467+0000] {standard_task_runner.py:84} INFO - Running: ['airflow', 'tasks', 'run', 'etl_dag', 'extract_task', 'manual__2025-04-09T22:06:23.834820+00:00', '--job-id', '34', '--raw', '--subdir', 'DAGS_FOLDER/etl_dag.py', '--cfg-path', '/tmp/tmpmemr3q_3']
[2025-04-09T22:06:25.468+0000] {standard_task_runner.py:85} INFO - Job 34: Subtask extract_task
[2025-04-09T22:06:25.493+0000] {task_command.py:410} INFO - Running <TaskInstance: etl_dag.extract_task manual__2025-04-09T22:06:23.834820+00:00 [running]> on host codespaces-6b480a
[2025-04-09T22:06:25.529+0000] {taskinstance.py:1545} INFO - Exporting env vars: AIRFLOW_CTX_DAG_OWNER='logan' AIRFLOW_CTX_DAG_ID='etl_dag' AIRFLOW_CTX_TASK_ID='extract_task' AIRFLOW_CTX_EXECUTION_DATE='2025-04-09T22:06:23.834820+00:00' AIRFLOW_CTX_TRY_NUMBER='1' AIRFLOW_CTX_DAG_RUN_ID='manual__2025-04-09T22:06:23.834820+00:00'
[2025-04-09T22:06:25.530+0000] {subprocess.py:63} INFO - Tmp dir root location: /tmp
[2025-04-09T22:06:25.530+0000] {subprocess.py:75} INFO - Running command: ['/usr/bin/bash', '-c', 'wget -c https://datahub.io/core/top-level-domain-names/r/top-level-domain-names.csv.csv -O $AIRFLOW_HOME/../lab/orchestrated/airflow_extract_data.csv']
[2025-04-09T22:06:25.537+0000] {subprocess.py:86} INFO - Output:
[2025-04-09T22:06:25.554+0000] {subprocess.py:93} INFO - --2025-04-09 22:06:25--  https://datahub.io/core/top-level-domain-names/r/top-level-domain-names.csv.csv
[2025-04-09T22:06:25.810+0000] {subprocess.py:93} INFO - Resolving datahub.io (datahub.io)... 104.21.40.221, 172.67.157.38, 2606:4700:3033::6815:28dd, ...
[2025-04-09T22:06:25.812+0000] {subprocess.py:93} INFO - Connecting to datahub.io (datahub.io)|104.21.40.221|:443... connected.
[2025-04-09T22:06:26.091+0000] {subprocess.py:93} INFO - HTTP request sent, awaiting response... 301 Moved Permanently
[2025-04-09T22:06:26.091+0000] {subprocess.py:93} INFO - Location: https://datahub.io/core/top-level-domain-names/_r/-/data/top-level-domain-names.csv [following]
[2025-04-09T22:06:26.092+0000] {subprocess.py:93} INFO - --2025-04-09 22:06:26--  https://datahub.io/core/top-level-domain-names/_r/-/data/top-level-domain-names.csv
[2025-04-09T22:06:26.092+0000] {subprocess.py:93} INFO - Reusing existing connection to datahub.io:443.
[2025-04-09T22:06:26.269+0000] {subprocess.py:93} INFO - HTTP request sent, awaiting response... 302 Found
[2025-04-09T22:06:26.270+0000] {subprocess.py:93} INFO - Location: https://r2.datahub.io/clt98mhbp000nl708qb1tppbw/main/raw/data/top-level-domain-names.csv [following]
[2025-04-09T22:06:26.270+0000] {subprocess.py:93} INFO - --2025-04-09 22:06:26--  https://r2.datahub.io/clt98mhbp000nl708qb1tppbw/main/raw/data/top-level-domain-names.csv
[2025-04-09T22:06:26.279+0000] {subprocess.py:93} INFO - Resolving r2.datahub.io (r2.datahub.io)... 104.21.40.221, 172.67.157.38, 2606:4700:3030::ac43:9d26, ...
[2025-04-09T22:06:26.282+0000] {subprocess.py:93} INFO - Connecting to r2.datahub.io (r2.datahub.io)|104.21.40.221|:443... connected.
[2025-04-09T22:06:26.412+0000] {subprocess.py:93} INFO - HTTP request sent, awaiting response... 416 Requested Range Not Satisfiable
[2025-04-09T22:06:26.413+0000] {subprocess.py:93} INFO - 
[2025-04-09T22:06:26.413+0000] {subprocess.py:93} INFO -     The file is already fully retrieved; nothing to do.
[2025-04-09T22:06:26.413+0000] {subprocess.py:93} INFO - 
[2025-04-09T22:06:26.413+0000] {subprocess.py:97} INFO - Command exited with return code 0
[2025-04-09T22:06:26.427+0000] {taskinstance.py:1345} INFO - Marking task as SUCCESS. dag_id=etl_dag, task_id=extract_task, execution_date=20250409T220623, start_date=20250409T220625, end_date=20250409T220626
[2025-04-09T22:06:26.441+0000] {local_task_job_runner.py:225} INFO - Task exited with return code 0
[2025-04-09T22:06:26.454+0000] {taskinstance.py:2653} INFO - 1 downstream tasks scheduled from follow-on schedule check
