[2025-04-13T10:43:39.817+0000] {taskinstance.py:1103} INFO - Dependencies all met for dep_context=non-requeueable deps ti=<TaskInstance: fourth_multiple_task_dag.task_a manual__2025-04-13T10:43:37.749937+00:00 [queued]>
[2025-04-13T10:43:39.821+0000] {taskinstance.py:1103} INFO - Dependencies all met for dep_context=requeueable deps ti=<TaskInstance: fourth_multiple_task_dag.task_a manual__2025-04-13T10:43:37.749937+00:00 [queued]>
[2025-04-13T10:43:39.821+0000] {taskinstance.py:1308} INFO - Starting attempt 1 of 1
[2025-04-13T10:43:39.830+0000] {taskinstance.py:1327} INFO - Executing <Task(BashOperator): task_a> on 2025-04-13 10:43:37.749937+00:00
[2025-04-13T10:43:39.832+0000] {standard_task_runner.py:57} INFO - Started process 31413 to run task
[2025-04-13T10:43:39.835+0000] {standard_task_runner.py:84} INFO - Running: ['airflow', 'tasks', 'run', 'fourth_multiple_task_dag', 'task_a', 'manual__2025-04-13T10:43:37.749937+00:00', '--job-id', '72', '--raw', '--subdir', 'DAGS_FOLDER/fourth_multiple_task_dag.py', '--cfg-path', '/tmp/tmp5022pmye']
[2025-04-13T10:43:39.835+0000] {standard_task_runner.py:85} INFO - Job 72: Subtask task_a
[2025-04-13T10:43:39.858+0000] {task_command.py:410} INFO - Running <TaskInstance: fourth_multiple_task_dag.task_a manual__2025-04-13T10:43:37.749937+00:00 [running]> on host codespaces-6b480a
[2025-04-13T10:43:39.890+0000] {taskinstance.py:1545} INFO - Exporting env vars: AIRFLOW_CTX_DAG_OWNER='logan' AIRFLOW_CTX_DAG_ID='fourth_multiple_task_dag' AIRFLOW_CTX_TASK_ID='task_a' AIRFLOW_CTX_EXECUTION_DATE='2025-04-13T10:43:37.749937+00:00' AIRFLOW_CTX_TRY_NUMBER='1' AIRFLOW_CTX_DAG_RUN_ID='manual__2025-04-13T10:43:37.749937+00:00'
[2025-04-13T10:43:39.891+0000] {subprocess.py:63} INFO - Tmp dir root location: /tmp
[2025-04-13T10:43:39.891+0000] {subprocess.py:75} INFO - Running command: ['/usr/bin/bash', '-c', 'echo TASK A begin\nfor number in `seq 10`; do\n    echo TASK A printing $number\ndone\necho TASK A end']
[2025-04-13T10:43:39.896+0000] {subprocess.py:86} INFO - Output:
[2025-04-13T10:43:39.897+0000] {subprocess.py:93} INFO - TASK A begin
[2025-04-13T10:43:39.898+0000] {subprocess.py:93} INFO - TASK A printing 1
[2025-04-13T10:43:39.898+0000] {subprocess.py:93} INFO - TASK A printing 2
[2025-04-13T10:43:39.898+0000] {subprocess.py:93} INFO - TASK A printing 3
[2025-04-13T10:43:39.899+0000] {subprocess.py:93} INFO - TASK A printing 4
[2025-04-13T10:43:39.899+0000] {subprocess.py:93} INFO - TASK A printing 5
[2025-04-13T10:43:39.899+0000] {subprocess.py:93} INFO - TASK A printing 6
[2025-04-13T10:43:39.899+0000] {subprocess.py:93} INFO - TASK A printing 7
[2025-04-13T10:43:39.899+0000] {subprocess.py:93} INFO - TASK A printing 8
[2025-04-13T10:43:39.899+0000] {subprocess.py:93} INFO - TASK A printing 9
[2025-04-13T10:43:39.899+0000] {subprocess.py:93} INFO - TASK A printing 10
[2025-04-13T10:43:39.899+0000] {subprocess.py:93} INFO - TASK A end
[2025-04-13T10:43:39.899+0000] {subprocess.py:97} INFO - Command exited with return code 0
[2025-04-13T10:43:39.909+0000] {taskinstance.py:1345} INFO - Marking task as SUCCESS. dag_id=fourth_multiple_task_dag, task_id=task_a, execution_date=20250413T104337, start_date=20250413T104339, end_date=20250413T104339
[2025-04-13T10:43:39.927+0000] {local_task_job_runner.py:225} INFO - Task exited with return code 0
[2025-04-13T10:43:39.940+0000] {taskinstance.py:2653} INFO - 3 downstream tasks scheduled from follow-on schedule check
