[[34m2025-04-10T18:49:18.550+0000[0m] {[34mscheduler_job_runner.py:[0m788} INFO[0m - Starting the scheduler[0m
[[34m2025-04-10T18:49:18.550+0000[0m] {[34mscheduler_job_runner.py:[0m795} INFO[0m - Processing each file at most -1 times[0m
[[34m2025-04-10T18:49:18.555+0000[0m] {[34mmanager.py:[0m165} INFO[0m - Launched DagFileProcessorManager with pid: 19664[0m
[[34m2025-04-10T18:49:18.557+0000[0m] {[34mscheduler_job_runner.py:[0m1553} INFO[0m - Resetting orphaned tasks for active dag runs[0m
[[34m2025-04-10T18:49:18.560+0000[0m] {[34msettings.py:[0m60} INFO[0m - Configured default timezone Timezone('UTC')[0m
[[34m2025-04-10T18:49:18.575+0000[0m] {[34mscheduler_job_runner.py:[0m1576} INFO[0m - Marked 1 SchedulerJob instances as failed[0m
[2025-04-10T18:49:18.579+0000] {manager.py:411} WARNING - Because we cannot use more than 1 thread (parsing_processes = 2) when using sqlite. So we set parallelism to 1.
[[34m2025-04-10T18:49:21.899+0000[0m] {[34mdag.py:[0m3504} INFO[0m - Setting next_dagrun for etl_dag to 2025-04-10T00:00:00+00:00, run_after=2025-04-11T00:00:00+00:00[0m
[[34m2025-04-10T18:49:21.936+0000[0m] {[34mscheduler_job_runner.py:[0m411} INFO[0m - 1 tasks up for execution:
	<TaskInstance: etl_dag.extract_task scheduled__2025-04-09T00:00:00+00:00 [scheduled]>[0m
[[34m2025-04-10T18:49:21.936+0000[0m] {[34mscheduler_job_runner.py:[0m476} INFO[0m - DAG etl_dag has 0/16 running and queued tasks[0m
[[34m2025-04-10T18:49:21.936+0000[0m] {[34mscheduler_job_runner.py:[0m587} INFO[0m - Setting the following tasks to queued state:
	<TaskInstance: etl_dag.extract_task scheduled__2025-04-09T00:00:00+00:00 [scheduled]>[0m
[[34m2025-04-10T18:49:21.938+0000[0m] {[34mscheduler_job_runner.py:[0m625} INFO[0m - Sending TaskInstanceKey(dag_id='etl_dag', task_id='extract_task', run_id='scheduled__2025-04-09T00:00:00+00:00', try_number=1, map_index=-1) to executor with priority 3 and queue default[0m
[[34m2025-04-10T18:49:21.938+0000[0m] {[34mbase_executor.py:[0m147} INFO[0m - Adding to queue: ['airflow', 'tasks', 'run', 'etl_dag', 'extract_task', 'scheduled__2025-04-09T00:00:00+00:00', '--local', '--subdir', 'DAGS_FOLDER/first_try/etl_dag.py'][0m
[[34m2025-04-10T18:49:21.942+0000[0m] {[34msequential_executor.py:[0m74} INFO[0m - Executing command: ['airflow', 'tasks', 'run', 'etl_dag', 'extract_task', 'scheduled__2025-04-09T00:00:00+00:00', '--local', '--subdir', 'DAGS_FOLDER/first_try/etl_dag.py'][0m
[[34m2025-04-10T18:49:22.604+0000[0m] {[34mdagbag.py:[0m541} INFO[0m - Filling up the DagBag from /workspaces/hands-on-introduction-data-engineering-4395021/airflow/dags/first_try/etl_dag.py[0m
[[34m2025-04-10T18:49:23.284+0000[0m] {[34mtask_command.py:[0m410} INFO[0m - Running <TaskInstance: etl_dag.extract_task scheduled__2025-04-09T00:00:00+00:00 [queued]> on host codespaces-6b480a[0m
[[34m2025-04-10T18:49:24.738+0000[0m] {[34mscheduler_job_runner.py:[0m677} INFO[0m - Received executor event with state success for task instance TaskInstanceKey(dag_id='etl_dag', task_id='extract_task', run_id='scheduled__2025-04-09T00:00:00+00:00', try_number=1, map_index=-1)[0m
[[34m2025-04-10T18:49:24.743+0000[0m] {[34mscheduler_job_runner.py:[0m713} INFO[0m - TaskInstance Finished: dag_id=etl_dag, task_id=extract_task, run_id=scheduled__2025-04-09T00:00:00+00:00, map_index=-1, run_start_date=2025-04-10 18:49:23.316039+00:00, run_end_date=2025-04-10 18:49:24.369145+00:00, run_duration=1.053106, state=success, executor_state=success, try_number=1, max_tries=0, job_id=41, pool=default_pool, queue=default, priority_weight=3, operator=BashOperator, queued_dttm=2025-04-10 18:49:21.937216+00:00, queued_by_job_id=40, pid=19716[0m
[[34m2025-04-10T18:49:24.985+0000[0m] {[34mscheduler_job_runner.py:[0m411} INFO[0m - 1 tasks up for execution:
	<TaskInstance: etl_dag.transform_task scheduled__2025-04-09T00:00:00+00:00 [scheduled]>[0m
[[34m2025-04-10T18:49:24.985+0000[0m] {[34mscheduler_job_runner.py:[0m476} INFO[0m - DAG etl_dag has 0/16 running and queued tasks[0m
[[34m2025-04-10T18:49:24.985+0000[0m] {[34mscheduler_job_runner.py:[0m587} INFO[0m - Setting the following tasks to queued state:
	<TaskInstance: etl_dag.transform_task scheduled__2025-04-09T00:00:00+00:00 [scheduled]>[0m
[[34m2025-04-10T18:49:24.986+0000[0m] {[34mscheduler_job_runner.py:[0m625} INFO[0m - Sending TaskInstanceKey(dag_id='etl_dag', task_id='transform_task', run_id='scheduled__2025-04-09T00:00:00+00:00', try_number=1, map_index=-1) to executor with priority 2 and queue default[0m
[[34m2025-04-10T18:49:24.987+0000[0m] {[34mbase_executor.py:[0m147} INFO[0m - Adding to queue: ['airflow', 'tasks', 'run', 'etl_dag', 'transform_task', 'scheduled__2025-04-09T00:00:00+00:00', '--local', '--subdir', 'DAGS_FOLDER/first_try/etl_dag.py'][0m
[[34m2025-04-10T18:49:24.989+0000[0m] {[34msequential_executor.py:[0m74} INFO[0m - Executing command: ['airflow', 'tasks', 'run', 'etl_dag', 'transform_task', 'scheduled__2025-04-09T00:00:00+00:00', '--local', '--subdir', 'DAGS_FOLDER/first_try/etl_dag.py'][0m
[[34m2025-04-10T18:49:25.650+0000[0m] {[34mdagbag.py:[0m541} INFO[0m - Filling up the DagBag from /workspaces/hands-on-introduction-data-engineering-4395021/airflow/dags/first_try/etl_dag.py[0m
[[34m2025-04-10T18:49:26.317+0000[0m] {[34mtask_command.py:[0m410} INFO[0m - Running <TaskInstance: etl_dag.transform_task scheduled__2025-04-09T00:00:00+00:00 [queued]> on host codespaces-6b480a[0m
[[34m2025-04-10T18:49:26.794+0000[0m] {[34mscheduler_job_runner.py:[0m677} INFO[0m - Received executor event with state success for task instance TaskInstanceKey(dag_id='etl_dag', task_id='transform_task', run_id='scheduled__2025-04-09T00:00:00+00:00', try_number=1, map_index=-1)[0m
[[34m2025-04-10T18:49:26.797+0000[0m] {[34mscheduler_job_runner.py:[0m713} INFO[0m - TaskInstance Finished: dag_id=etl_dag, task_id=transform_task, run_id=scheduled__2025-04-09T00:00:00+00:00, map_index=-1, run_start_date=2025-04-10 18:49:26.347535+00:00, run_end_date=2025-04-10 18:49:26.453083+00:00, run_duration=0.105548, state=success, executor_state=success, try_number=1, max_tries=0, job_id=42, pool=default_pool, queue=default, priority_weight=2, operator=PythonOperator, queued_dttm=2025-04-10 18:49:24.986145+00:00, queued_by_job_id=40, pid=19745[0m
[[34m2025-04-10T18:49:27.237+0000[0m] {[34mscheduler_job_runner.py:[0m411} INFO[0m - 1 tasks up for execution:
	<TaskInstance: etl_dag.load_task scheduled__2025-04-09T00:00:00+00:00 [scheduled]>[0m
[[34m2025-04-10T18:49:27.237+0000[0m] {[34mscheduler_job_runner.py:[0m476} INFO[0m - DAG etl_dag has 0/16 running and queued tasks[0m
[[34m2025-04-10T18:49:27.238+0000[0m] {[34mscheduler_job_runner.py:[0m587} INFO[0m - Setting the following tasks to queued state:
	<TaskInstance: etl_dag.load_task scheduled__2025-04-09T00:00:00+00:00 [scheduled]>[0m
[[34m2025-04-10T18:49:27.239+0000[0m] {[34mscheduler_job_runner.py:[0m625} INFO[0m - Sending TaskInstanceKey(dag_id='etl_dag', task_id='load_task', run_id='scheduled__2025-04-09T00:00:00+00:00', try_number=1, map_index=-1) to executor with priority 1 and queue default[0m
[[34m2025-04-10T18:49:27.239+0000[0m] {[34mbase_executor.py:[0m147} INFO[0m - Adding to queue: ['airflow', 'tasks', 'run', 'etl_dag', 'load_task', 'scheduled__2025-04-09T00:00:00+00:00', '--local', '--subdir', 'DAGS_FOLDER/first_try/etl_dag.py'][0m
[[34m2025-04-10T18:49:27.242+0000[0m] {[34msequential_executor.py:[0m74} INFO[0m - Executing command: ['airflow', 'tasks', 'run', 'etl_dag', 'load_task', 'scheduled__2025-04-09T00:00:00+00:00', '--local', '--subdir', 'DAGS_FOLDER/first_try/etl_dag.py'][0m
[[34m2025-04-10T18:49:27.871+0000[0m] {[34mdagbag.py:[0m541} INFO[0m - Filling up the DagBag from /workspaces/hands-on-introduction-data-engineering-4395021/airflow/dags/first_try/etl_dag.py[0m
[[34m2025-04-10T18:49:28.566+0000[0m] {[34mtask_command.py:[0m410} INFO[0m - Running <TaskInstance: etl_dag.load_task scheduled__2025-04-09T00:00:00+00:00 [queued]> on host codespaces-6b480a[0m
[[34m2025-04-10T18:49:29.067+0000[0m] {[34mscheduler_job_runner.py:[0m677} INFO[0m - Received executor event with state success for task instance TaskInstanceKey(dag_id='etl_dag', task_id='load_task', run_id='scheduled__2025-04-09T00:00:00+00:00', try_number=1, map_index=-1)[0m
[[34m2025-04-10T18:49:29.070+0000[0m] {[34mscheduler_job_runner.py:[0m713} INFO[0m - TaskInstance Finished: dag_id=etl_dag, task_id=load_task, run_id=scheduled__2025-04-09T00:00:00+00:00, map_index=-1, run_start_date=2025-04-10 18:49:28.619237+00:00, run_end_date=2025-04-10 18:49:28.735423+00:00, run_duration=0.116186, state=success, executor_state=success, try_number=1, max_tries=0, job_id=43, pool=default_pool, queue=default, priority_weight=1, operator=BashOperator, queued_dttm=2025-04-10 18:49:27.238537+00:00, queued_by_job_id=40, pid=19765[0m
[[34m2025-04-10T18:49:29.305+0000[0m] {[34mdagrun.py:[0m630} INFO[0m - Marking run <DagRun etl_dag @ 2025-04-09 00:00:00+00:00: scheduled__2025-04-09T00:00:00+00:00, state:running, queued_at: 2025-04-10 18:49:21.893765+00:00. externally triggered: False> successful[0m
[[34m2025-04-10T18:49:29.305+0000[0m] {[34mdagrun.py:[0m681} INFO[0m - DagRun Finished: dag_id=etl_dag, execution_date=2025-04-09 00:00:00+00:00, run_id=scheduled__2025-04-09T00:00:00+00:00, run_start_date=2025-04-10 18:49:21.908920+00:00, run_end_date=2025-04-10 18:49:29.305864+00:00, run_duration=7.396944, state=success, external_trigger=False, run_type=scheduled, data_interval_start=2025-04-09 00:00:00+00:00, data_interval_end=2025-04-10 00:00:00+00:00, dag_hash=c0c481578e20a2d5cbee5fc5f700a0bc[0m
[[34m2025-04-10T18:49:29.308+0000[0m] {[34mdag.py:[0m3504} INFO[0m - Setting next_dagrun for etl_dag to 2025-04-10T00:00:00+00:00, run_after=2025-04-11T00:00:00+00:00[0m
[[34m2025-04-10T18:50:28.110+0000[0m] {[34mscheduler_job_runner.py:[0m411} INFO[0m - 1 tasks up for execution:
	<TaskInstance: simple_one_dag.task manual__2025-04-10T18:50:27.034031+00:00 [scheduled]>[0m
[[34m2025-04-10T18:50:28.111+0000[0m] {[34mscheduler_job_runner.py:[0m476} INFO[0m - DAG simple_one_dag has 0/16 running and queued tasks[0m
[[34m2025-04-10T18:50:28.111+0000[0m] {[34mscheduler_job_runner.py:[0m587} INFO[0m - Setting the following tasks to queued state:
	<TaskInstance: simple_one_dag.task manual__2025-04-10T18:50:27.034031+00:00 [scheduled]>[0m
[[34m2025-04-10T18:50:28.112+0000[0m] {[34mscheduler_job_runner.py:[0m625} INFO[0m - Sending TaskInstanceKey(dag_id='simple_one_dag', task_id='task', run_id='manual__2025-04-10T18:50:27.034031+00:00', try_number=1, map_index=-1) to executor with priority 1 and queue default[0m
[[34m2025-04-10T18:50:28.112+0000[0m] {[34mbase_executor.py:[0m147} INFO[0m - Adding to queue: ['airflow', 'tasks', 'run', 'simple_one_dag', 'task', 'manual__2025-04-10T18:50:27.034031+00:00', '--local', '--subdir', 'DAGS_FOLDER/simple_one_dag.py'][0m
[[34m2025-04-10T18:50:28.115+0000[0m] {[34msequential_executor.py:[0m74} INFO[0m - Executing command: ['airflow', 'tasks', 'run', 'simple_one_dag', 'task', 'manual__2025-04-10T18:50:27.034031+00:00', '--local', '--subdir', 'DAGS_FOLDER/simple_one_dag.py'][0m
[[34m2025-04-10T18:50:28.744+0000[0m] {[34mdagbag.py:[0m541} INFO[0m - Filling up the DagBag from /workspaces/hands-on-introduction-data-engineering-4395021/airflow/dags/simple_one_dag.py[0m
[[34m2025-04-10T18:50:29.177+0000[0m] {[34mtask_command.py:[0m410} INFO[0m - Running <TaskInstance: simple_one_dag.task manual__2025-04-10T18:50:27.034031+00:00 [queued]> on host codespaces-6b480a[0m
[[34m2025-04-10T18:50:29.602+0000[0m] {[34mscheduler_job_runner.py:[0m677} INFO[0m - Received executor event with state success for task instance TaskInstanceKey(dag_id='simple_one_dag', task_id='task', run_id='manual__2025-04-10T18:50:27.034031+00:00', try_number=1, map_index=-1)[0m
[[34m2025-04-10T18:50:29.605+0000[0m] {[34mscheduler_job_runner.py:[0m713} INFO[0m - TaskInstance Finished: dag_id=simple_one_dag, task_id=task, run_id=manual__2025-04-10T18:50:27.034031+00:00, map_index=-1, run_start_date=2025-04-10 18:50:29.209334+00:00, run_end_date=2025-04-10 18:50:29.306938+00:00, run_duration=0.097604, state=success, executor_state=success, try_number=1, max_tries=0, job_id=44, pool=default_pool, queue=default, priority_weight=1, operator=BashOperator, queued_dttm=2025-04-10 18:50:28.111612+00:00, queued_by_job_id=40, pid=20241[0m
[[34m2025-04-10T18:50:29.648+0000[0m] {[34mdagrun.py:[0m630} INFO[0m - Marking run <DagRun simple_one_dag @ 2025-04-10 18:50:27.034031+00:00: manual__2025-04-10T18:50:27.034031+00:00, state:running, queued_at: 2025-04-10 18:50:27.047021+00:00. externally triggered: True> successful[0m
[[34m2025-04-10T18:50:29.649+0000[0m] {[34mdagrun.py:[0m681} INFO[0m - DagRun Finished: dag_id=simple_one_dag, execution_date=2025-04-10 18:50:27.034031+00:00, run_id=manual__2025-04-10T18:50:27.034031+00:00, run_start_date=2025-04-10 18:50:28.095989+00:00, run_end_date=2025-04-10 18:50:29.649118+00:00, run_duration=1.553129, state=success, external_trigger=True, run_type=manual, data_interval_start=2025-04-10 18:50:27.034031+00:00, data_interval_end=2025-04-10 18:50:27.034031+00:00, dag_hash=4dfae06ea5a3a96297a94a339faed691[0m
[[34m2025-04-10T18:52:16.896+0000[0m] {[34mscheduler_job_runner.py:[0m411} INFO[0m - 1 tasks up for execution:
	<TaskInstance: simple_one_dag.hello_task manual__2025-04-10T18:52:15.646025+00:00 [scheduled]>[0m
[[34m2025-04-10T18:52:16.897+0000[0m] {[34mscheduler_job_runner.py:[0m476} INFO[0m - DAG simple_one_dag has 0/16 running and queued tasks[0m
[[34m2025-04-10T18:52:16.897+0000[0m] {[34mscheduler_job_runner.py:[0m587} INFO[0m - Setting the following tasks to queued state:
	<TaskInstance: simple_one_dag.hello_task manual__2025-04-10T18:52:15.646025+00:00 [scheduled]>[0m
[[34m2025-04-10T18:52:16.898+0000[0m] {[34mscheduler_job_runner.py:[0m625} INFO[0m - Sending TaskInstanceKey(dag_id='simple_one_dag', task_id='hello_task', run_id='manual__2025-04-10T18:52:15.646025+00:00', try_number=1, map_index=-1) to executor with priority 1 and queue default[0m
[[34m2025-04-10T18:52:16.898+0000[0m] {[34mbase_executor.py:[0m147} INFO[0m - Adding to queue: ['airflow', 'tasks', 'run', 'simple_one_dag', 'hello_task', 'manual__2025-04-10T18:52:15.646025+00:00', '--local', '--subdir', 'DAGS_FOLDER/simple_one_dag.py'][0m
[[34m2025-04-10T18:52:16.901+0000[0m] {[34msequential_executor.py:[0m74} INFO[0m - Executing command: ['airflow', 'tasks', 'run', 'simple_one_dag', 'hello_task', 'manual__2025-04-10T18:52:15.646025+00:00', '--local', '--subdir', 'DAGS_FOLDER/simple_one_dag.py'][0m
[[34m2025-04-10T18:52:17.555+0000[0m] {[34mdagbag.py:[0m541} INFO[0m - Filling up the DagBag from /workspaces/hands-on-introduction-data-engineering-4395021/airflow/dags/simple_one_dag.py[0m
[[34m2025-04-10T18:52:17.985+0000[0m] {[34mtask_command.py:[0m410} INFO[0m - Running <TaskInstance: simple_one_dag.hello_task manual__2025-04-10T18:52:15.646025+00:00 [queued]> on host codespaces-6b480a[0m
[[34m2025-04-10T18:52:18.334+0000[0m] {[34mscheduler_job_runner.py:[0m677} INFO[0m - Received executor event with state success for task instance TaskInstanceKey(dag_id='simple_one_dag', task_id='hello_task', run_id='manual__2025-04-10T18:52:15.646025+00:00', try_number=1, map_index=-1)[0m
[[34m2025-04-10T18:52:18.337+0000[0m] {[34mscheduler_job_runner.py:[0m713} INFO[0m - TaskInstance Finished: dag_id=simple_one_dag, task_id=hello_task, run_id=manual__2025-04-10T18:52:15.646025+00:00, map_index=-1, run_start_date=2025-04-10 18:52:18.020977+00:00, run_end_date=2025-04-10 18:52:18.118281+00:00, run_duration=0.097304, state=success, executor_state=success, try_number=1, max_tries=0, job_id=45, pool=default_pool, queue=default, priority_weight=1, operator=BashOperator, queued_dttm=2025-04-10 18:52:16.897754+00:00, queued_by_job_id=40, pid=20923[0m
[[34m2025-04-10T18:52:18.366+0000[0m] {[34mdagrun.py:[0m630} INFO[0m - Marking run <DagRun simple_one_dag @ 2025-04-10 18:52:15.646025+00:00: manual__2025-04-10T18:52:15.646025+00:00, state:running, queued_at: 2025-04-10 18:52:15.654302+00:00. externally triggered: True> successful[0m
[[34m2025-04-10T18:52:18.366+0000[0m] {[34mdagrun.py:[0m681} INFO[0m - DagRun Finished: dag_id=simple_one_dag, execution_date=2025-04-10 18:52:15.646025+00:00, run_id=manual__2025-04-10T18:52:15.646025+00:00, run_start_date=2025-04-10 18:52:16.881087+00:00, run_end_date=2025-04-10 18:52:18.366270+00:00, run_duration=1.485183, state=success, external_trigger=True, run_type=manual, data_interval_start=2025-04-10 18:52:15.646025+00:00, data_interval_end=2025-04-10 18:52:15.646025+00:00, dag_hash=0aec9d67b370791ddf9b6e344ae91050[0m
[[34m2025-04-10T18:54:18.631+0000[0m] {[34mscheduler_job_runner.py:[0m1553} INFO[0m - Resetting orphaned tasks for active dag runs[0m
[[34m2025-04-10T18:59:18.670+0000[0m] {[34mscheduler_job_runner.py:[0m1553} INFO[0m - Resetting orphaned tasks for active dag runs[0m
[[34m2025-04-10T19:02:42.418+0000[0m] {[34mdag.py:[0m3504} INFO[0m - Setting next_dagrun for simple_one_dag to 2025-04-10T00:00:00+00:00, run_after=2025-04-11T00:00:00+00:00[0m
[[34m2025-04-10T19:02:42.480+0000[0m] {[34mscheduler_job_runner.py:[0m411} INFO[0m - 1 tasks up for execution:
	<TaskInstance: simple_one_dag.hello_task scheduled__2025-04-09T00:00:00+00:00 [scheduled]>[0m
[[34m2025-04-10T19:02:42.483+0000[0m] {[34mscheduler_job_runner.py:[0m476} INFO[0m - DAG simple_one_dag has 0/16 running and queued tasks[0m
[[34m2025-04-10T19:02:42.484+0000[0m] {[34mscheduler_job_runner.py:[0m587} INFO[0m - Setting the following tasks to queued state:
	<TaskInstance: simple_one_dag.hello_task scheduled__2025-04-09T00:00:00+00:00 [scheduled]>[0m
[[34m2025-04-10T19:02:42.488+0000[0m] {[34mscheduler_job_runner.py:[0m625} INFO[0m - Sending TaskInstanceKey(dag_id='simple_one_dag', task_id='hello_task', run_id='scheduled__2025-04-09T00:00:00+00:00', try_number=1, map_index=-1) to executor with priority 1 and queue default[0m
[[34m2025-04-10T19:02:42.489+0000[0m] {[34mbase_executor.py:[0m147} INFO[0m - Adding to queue: ['airflow', 'tasks', 'run', 'simple_one_dag', 'hello_task', 'scheduled__2025-04-09T00:00:00+00:00', '--local', '--subdir', 'DAGS_FOLDER/simple_one_dag.py'][0m
[[34m2025-04-10T19:02:42.496+0000[0m] {[34msequential_executor.py:[0m74} INFO[0m - Executing command: ['airflow', 'tasks', 'run', 'simple_one_dag', 'hello_task', 'scheduled__2025-04-09T00:00:00+00:00', '--local', '--subdir', 'DAGS_FOLDER/simple_one_dag.py'][0m
[[34m2025-04-10T19:02:43.292+0000[0m] {[34mdagbag.py:[0m541} INFO[0m - Filling up the DagBag from /workspaces/hands-on-introduction-data-engineering-4395021/airflow/dags/simple_one_dag.py[0m
[[34m2025-04-10T19:02:43.706+0000[0m] {[34mtask_command.py:[0m410} INFO[0m - Running <TaskInstance: simple_one_dag.hello_task scheduled__2025-04-09T00:00:00+00:00 [queued]> on host codespaces-6b480a[0m
[[34m2025-04-10T19:02:44.111+0000[0m] {[34mscheduler_job_runner.py:[0m677} INFO[0m - Received executor event with state success for task instance TaskInstanceKey(dag_id='simple_one_dag', task_id='hello_task', run_id='scheduled__2025-04-09T00:00:00+00:00', try_number=1, map_index=-1)[0m
[[34m2025-04-10T19:02:44.115+0000[0m] {[34mscheduler_job_runner.py:[0m713} INFO[0m - TaskInstance Finished: dag_id=simple_one_dag, task_id=hello_task, run_id=scheduled__2025-04-09T00:00:00+00:00, map_index=-1, run_start_date=2025-04-10 19:02:43.742660+00:00, run_end_date=2025-04-10 19:02:43.848920+00:00, run_duration=0.10626, state=success, executor_state=success, try_number=1, max_tries=0, job_id=46, pool=default_pool, queue=default, priority_weight=1, operator=BashOperator, queued_dttm=2025-04-10 19:02:42.485294+00:00, queued_by_job_id=40, pid=24688[0m
[[34m2025-04-10T19:02:44.656+0000[0m] {[34mdagrun.py:[0m630} INFO[0m - Marking run <DagRun simple_one_dag @ 2025-04-09 00:00:00+00:00: scheduled__2025-04-09T00:00:00+00:00, state:running, queued_at: 2025-04-10 19:02:42.412339+00:00. externally triggered: False> successful[0m
[[34m2025-04-10T19:02:44.656+0000[0m] {[34mdagrun.py:[0m681} INFO[0m - DagRun Finished: dag_id=simple_one_dag, execution_date=2025-04-09 00:00:00+00:00, run_id=scheduled__2025-04-09T00:00:00+00:00, run_start_date=2025-04-10 19:02:42.428703+00:00, run_end_date=2025-04-10 19:02:44.656527+00:00, run_duration=2.227824, state=success, external_trigger=False, run_type=scheduled, data_interval_start=2025-04-09 00:00:00+00:00, data_interval_end=2025-04-10 00:00:00+00:00, dag_hash=506bbc63e202ae1601f237751af49ae2[0m
[[34m2025-04-10T19:02:44.658+0000[0m] {[34mdag.py:[0m3504} INFO[0m - Setting next_dagrun for simple_one_dag to 2025-04-10T00:00:00+00:00, run_after=2025-04-11T00:00:00+00:00[0m
[[34m2025-04-10T19:04:18.815+0000[0m] {[34mscheduler_job_runner.py:[0m1553} INFO[0m - Resetting orphaned tasks for active dag runs[0m
[[34m2025-04-10T19:09:18.855+0000[0m] {[34mscheduler_job_runner.py:[0m1553} INFO[0m - Resetting orphaned tasks for active dag runs[0m
[[34m2025-04-10T19:14:18.894+0000[0m] {[34mscheduler_job_runner.py:[0m1553} INFO[0m - Resetting orphaned tasks for active dag runs[0m
[[34m2025-04-10T19:19:18.933+0000[0m] {[34mscheduler_job_runner.py:[0m1553} INFO[0m - Resetting orphaned tasks for active dag runs[0m
[[34m2025-04-10T19:24:18.971+0000[0m] {[34mscheduler_job_runner.py:[0m1553} INFO[0m - Resetting orphaned tasks for active dag runs[0m
[[34m2025-04-10T19:29:19.010+0000[0m] {[34mscheduler_job_runner.py:[0m1553} INFO[0m - Resetting orphaned tasks for active dag runs[0m
