[2025-04-09T23:00:45.335+0000] {processor.py:157} INFO - Started process (PID=87268) to work on /workspaces/hands-on-introduction-data-engineering-4395021/airflow/dags/challenge_dag.py
[2025-04-09T23:00:45.336+0000] {processor.py:826} INFO - Processing file /workspaces/hands-on-introduction-data-engineering-4395021/airflow/dags/challenge_dag.py for tasks to queue
[2025-04-09T23:00:45.337+0000] {logging_mixin.py:150} INFO - [2025-04-09T23:00:45.337+0000] {dagbag.py:541} INFO - Filling up the DagBag from /workspaces/hands-on-introduction-data-engineering-4395021/airflow/dags/challenge_dag.py
[2025-04-09T23:00:45.619+0000] {processor.py:836} INFO - DAG(s) dict_keys(['challenge_dag']) retrieved from /workspaces/hands-on-introduction-data-engineering-4395021/airflow/dags/challenge_dag.py
[2025-04-09T23:00:45.692+0000] {logging_mixin.py:150} INFO - [2025-04-09T23:00:45.692+0000] {manager.py:504} INFO - Created Permission View: can delete on DAG:challenge_dag
[2025-04-09T23:00:45.793+0000] {logging_mixin.py:150} INFO - [2025-04-09T23:00:45.793+0000] {manager.py:504} INFO - Created Permission View: can read on DAG:challenge_dag
[2025-04-09T23:00:45.820+0000] {logging_mixin.py:150} INFO - [2025-04-09T23:00:45.820+0000] {manager.py:504} INFO - Created Permission View: can edit on DAG:challenge_dag
[2025-04-09T23:00:45.828+0000] {logging_mixin.py:150} INFO - [2025-04-09T23:00:45.828+0000] {dag.py:2742} INFO - Sync 1 DAGs
[2025-04-09T23:00:45.834+0000] {logging_mixin.py:150} INFO - [2025-04-09T23:00:45.834+0000] {dag.py:2763} INFO - Creating ORM DAG for challenge_dag
[2025-04-09T23:00:45.839+0000] {logging_mixin.py:150} INFO - [2025-04-09T23:00:45.839+0000] {dag.py:3504} INFO - Setting next_dagrun for challenge_dag to None, run_after=None
[2025-04-09T23:00:45.852+0000] {processor.py:179} INFO - Processing /workspaces/hands-on-introduction-data-engineering-4395021/airflow/dags/challenge_dag.py took 0.519 seconds
[2025-04-09T23:01:16.248+0000] {processor.py:157} INFO - Started process (PID=87465) to work on /workspaces/hands-on-introduction-data-engineering-4395021/airflow/dags/challenge_dag.py
[2025-04-09T23:01:16.249+0000] {processor.py:826} INFO - Processing file /workspaces/hands-on-introduction-data-engineering-4395021/airflow/dags/challenge_dag.py for tasks to queue
[2025-04-09T23:01:16.249+0000] {logging_mixin.py:150} INFO - [2025-04-09T23:01:16.249+0000] {dagbag.py:541} INFO - Filling up the DagBag from /workspaces/hands-on-introduction-data-engineering-4395021/airflow/dags/challenge_dag.py
[2025-04-09T23:01:16.483+0000] {processor.py:836} INFO - DAG(s) dict_keys(['challenge_dag']) retrieved from /workspaces/hands-on-introduction-data-engineering-4395021/airflow/dags/challenge_dag.py
[2025-04-09T23:01:16.499+0000] {logging_mixin.py:150} INFO - [2025-04-09T23:01:16.499+0000] {dag.py:2742} INFO - Sync 1 DAGs
[2025-04-09T23:01:16.513+0000] {logging_mixin.py:150} INFO - [2025-04-09T23:01:16.512+0000] {dag.py:3504} INFO - Setting next_dagrun for challenge_dag to None, run_after=None
[2025-04-09T23:01:16.527+0000] {processor.py:179} INFO - Processing /workspaces/hands-on-introduction-data-engineering-4395021/airflow/dags/challenge_dag.py took 0.281 seconds
[2025-04-09T23:01:47.564+0000] {processor.py:157} INFO - Started process (PID=87680) to work on /workspaces/hands-on-introduction-data-engineering-4395021/airflow/dags/challenge_dag.py
[2025-04-09T23:01:47.565+0000] {processor.py:826} INFO - Processing file /workspaces/hands-on-introduction-data-engineering-4395021/airflow/dags/challenge_dag.py for tasks to queue
[2025-04-09T23:01:47.566+0000] {logging_mixin.py:150} INFO - [2025-04-09T23:01:47.565+0000] {dagbag.py:541} INFO - Filling up the DagBag from /workspaces/hands-on-introduction-data-engineering-4395021/airflow/dags/challenge_dag.py
[2025-04-09T23:01:47.812+0000] {processor.py:836} INFO - DAG(s) dict_keys(['challenge_dag']) retrieved from /workspaces/hands-on-introduction-data-engineering-4395021/airflow/dags/challenge_dag.py
[2025-04-09T23:01:47.836+0000] {logging_mixin.py:150} INFO - [2025-04-09T23:01:47.836+0000] {dag.py:2742} INFO - Sync 1 DAGs
[2025-04-09T23:01:47.850+0000] {logging_mixin.py:150} INFO - [2025-04-09T23:01:47.850+0000] {dag.py:3504} INFO - Setting next_dagrun for challenge_dag to None, run_after=None
[2025-04-09T23:01:47.863+0000] {processor.py:179} INFO - Processing /workspaces/hands-on-introduction-data-engineering-4395021/airflow/dags/challenge_dag.py took 0.302 seconds
[2025-04-09T23:02:18.341+0000] {processor.py:157} INFO - Started process (PID=87889) to work on /workspaces/hands-on-introduction-data-engineering-4395021/airflow/dags/challenge_dag.py
[2025-04-09T23:02:18.342+0000] {processor.py:826} INFO - Processing file /workspaces/hands-on-introduction-data-engineering-4395021/airflow/dags/challenge_dag.py for tasks to queue
[2025-04-09T23:02:18.343+0000] {logging_mixin.py:150} INFO - [2025-04-09T23:02:18.343+0000] {dagbag.py:541} INFO - Filling up the DagBag from /workspaces/hands-on-introduction-data-engineering-4395021/airflow/dags/challenge_dag.py
[2025-04-09T23:02:18.588+0000] {processor.py:836} INFO - DAG(s) dict_keys(['challenge_dag']) retrieved from /workspaces/hands-on-introduction-data-engineering-4395021/airflow/dags/challenge_dag.py
[2025-04-09T23:02:18.606+0000] {logging_mixin.py:150} INFO - [2025-04-09T23:02:18.605+0000] {dag.py:2742} INFO - Sync 1 DAGs
[2025-04-09T23:02:18.620+0000] {logging_mixin.py:150} INFO - [2025-04-09T23:02:18.619+0000] {dag.py:3504} INFO - Setting next_dagrun for challenge_dag to None, run_after=None
[2025-04-09T23:02:18.635+0000] {processor.py:179} INFO - Processing /workspaces/hands-on-introduction-data-engineering-4395021/airflow/dags/challenge_dag.py took 0.296 seconds
[2025-04-09T23:02:48.840+0000] {processor.py:157} INFO - Started process (PID=88094) to work on /workspaces/hands-on-introduction-data-engineering-4395021/airflow/dags/challenge_dag.py
[2025-04-09T23:02:48.841+0000] {processor.py:826} INFO - Processing file /workspaces/hands-on-introduction-data-engineering-4395021/airflow/dags/challenge_dag.py for tasks to queue
[2025-04-09T23:02:48.842+0000] {logging_mixin.py:150} INFO - [2025-04-09T23:02:48.842+0000] {dagbag.py:541} INFO - Filling up the DagBag from /workspaces/hands-on-introduction-data-engineering-4395021/airflow/dags/challenge_dag.py
[2025-04-09T23:02:49.080+0000] {processor.py:836} INFO - DAG(s) dict_keys(['challenge_dag']) retrieved from /workspaces/hands-on-introduction-data-engineering-4395021/airflow/dags/challenge_dag.py
[2025-04-09T23:02:49.096+0000] {logging_mixin.py:150} INFO - [2025-04-09T23:02:49.096+0000] {dag.py:2742} INFO - Sync 1 DAGs
[2025-04-09T23:02:49.110+0000] {logging_mixin.py:150} INFO - [2025-04-09T23:02:49.110+0000] {dag.py:3504} INFO - Setting next_dagrun for challenge_dag to None, run_after=None
[2025-04-09T23:02:49.224+0000] {processor.py:179} INFO - Processing /workspaces/hands-on-introduction-data-engineering-4395021/airflow/dags/challenge_dag.py took 0.386 seconds
[2025-04-09T23:03:19.376+0000] {processor.py:157} INFO - Started process (PID=88303) to work on /workspaces/hands-on-introduction-data-engineering-4395021/airflow/dags/challenge_dag.py
[2025-04-09T23:03:19.377+0000] {processor.py:826} INFO - Processing file /workspaces/hands-on-introduction-data-engineering-4395021/airflow/dags/challenge_dag.py for tasks to queue
[2025-04-09T23:03:19.378+0000] {logging_mixin.py:150} INFO - [2025-04-09T23:03:19.377+0000] {dagbag.py:541} INFO - Filling up the DagBag from /workspaces/hands-on-introduction-data-engineering-4395021/airflow/dags/challenge_dag.py
[2025-04-09T23:03:19.615+0000] {processor.py:836} INFO - DAG(s) dict_keys(['challenge_dag']) retrieved from /workspaces/hands-on-introduction-data-engineering-4395021/airflow/dags/challenge_dag.py
[2025-04-09T23:03:19.632+0000] {logging_mixin.py:150} INFO - [2025-04-09T23:03:19.632+0000] {dag.py:2742} INFO - Sync 1 DAGs
[2025-04-09T23:03:19.647+0000] {logging_mixin.py:150} INFO - [2025-04-09T23:03:19.646+0000] {dag.py:3504} INFO - Setting next_dagrun for challenge_dag to None, run_after=None
[2025-04-09T23:03:19.770+0000] {processor.py:179} INFO - Processing /workspaces/hands-on-introduction-data-engineering-4395021/airflow/dags/challenge_dag.py took 0.396 seconds
[2025-04-09T23:03:49.871+0000] {processor.py:157} INFO - Started process (PID=88511) to work on /workspaces/hands-on-introduction-data-engineering-4395021/airflow/dags/challenge_dag.py
[2025-04-09T23:03:49.872+0000] {processor.py:826} INFO - Processing file /workspaces/hands-on-introduction-data-engineering-4395021/airflow/dags/challenge_dag.py for tasks to queue
[2025-04-09T23:03:49.873+0000] {logging_mixin.py:150} INFO - [2025-04-09T23:03:49.873+0000] {dagbag.py:541} INFO - Filling up the DagBag from /workspaces/hands-on-introduction-data-engineering-4395021/airflow/dags/challenge_dag.py
[2025-04-09T23:03:50.110+0000] {processor.py:836} INFO - DAG(s) dict_keys(['challenge_dag']) retrieved from /workspaces/hands-on-introduction-data-engineering-4395021/airflow/dags/challenge_dag.py
[2025-04-09T23:03:50.125+0000] {logging_mixin.py:150} INFO - [2025-04-09T23:03:50.125+0000] {dag.py:2742} INFO - Sync 1 DAGs
[2025-04-09T23:03:50.140+0000] {logging_mixin.py:150} INFO - [2025-04-09T23:03:50.140+0000] {dag.py:3504} INFO - Setting next_dagrun for challenge_dag to None, run_after=None
[2025-04-09T23:03:50.153+0000] {processor.py:179} INFO - Processing /workspaces/hands-on-introduction-data-engineering-4395021/airflow/dags/challenge_dag.py took 0.286 seconds
[2025-04-09T23:04:20.356+0000] {processor.py:157} INFO - Started process (PID=88714) to work on /workspaces/hands-on-introduction-data-engineering-4395021/airflow/dags/challenge_dag.py
[2025-04-09T23:04:20.357+0000] {processor.py:826} INFO - Processing file /workspaces/hands-on-introduction-data-engineering-4395021/airflow/dags/challenge_dag.py for tasks to queue
[2025-04-09T23:04:20.358+0000] {logging_mixin.py:150} INFO - [2025-04-09T23:04:20.357+0000] {dagbag.py:541} INFO - Filling up the DagBag from /workspaces/hands-on-introduction-data-engineering-4395021/airflow/dags/challenge_dag.py
[2025-04-09T23:04:20.593+0000] {processor.py:836} INFO - DAG(s) dict_keys(['challenge_dag']) retrieved from /workspaces/hands-on-introduction-data-engineering-4395021/airflow/dags/challenge_dag.py
[2025-04-09T23:04:20.608+0000] {logging_mixin.py:150} INFO - [2025-04-09T23:04:20.608+0000] {dag.py:2742} INFO - Sync 1 DAGs
[2025-04-09T23:04:20.622+0000] {logging_mixin.py:150} INFO - [2025-04-09T23:04:20.622+0000] {dag.py:3504} INFO - Setting next_dagrun for challenge_dag to None, run_after=None
[2025-04-09T23:04:20.636+0000] {processor.py:179} INFO - Processing /workspaces/hands-on-introduction-data-engineering-4395021/airflow/dags/challenge_dag.py took 0.283 seconds
[2025-04-09T23:04:51.304+0000] {processor.py:157} INFO - Started process (PID=88928) to work on /workspaces/hands-on-introduction-data-engineering-4395021/airflow/dags/challenge_dag.py
[2025-04-09T23:04:51.304+0000] {processor.py:826} INFO - Processing file /workspaces/hands-on-introduction-data-engineering-4395021/airflow/dags/challenge_dag.py for tasks to queue
[2025-04-09T23:04:51.305+0000] {logging_mixin.py:150} INFO - [2025-04-09T23:04:51.305+0000] {dagbag.py:541} INFO - Filling up the DagBag from /workspaces/hands-on-introduction-data-engineering-4395021/airflow/dags/challenge_dag.py
[2025-04-09T23:04:51.541+0000] {processor.py:836} INFO - DAG(s) dict_keys(['challenge_dag']) retrieved from /workspaces/hands-on-introduction-data-engineering-4395021/airflow/dags/challenge_dag.py
[2025-04-09T23:04:51.557+0000] {logging_mixin.py:150} INFO - [2025-04-09T23:04:51.557+0000] {dag.py:2742} INFO - Sync 1 DAGs
[2025-04-09T23:04:51.570+0000] {logging_mixin.py:150} INFO - [2025-04-09T23:04:51.570+0000] {dag.py:3504} INFO - Setting next_dagrun for challenge_dag to None, run_after=None
[2025-04-09T23:04:51.584+0000] {processor.py:179} INFO - Processing /workspaces/hands-on-introduction-data-engineering-4395021/airflow/dags/challenge_dag.py took 0.283 seconds
[2025-04-09T23:05:22.309+0000] {processor.py:157} INFO - Started process (PID=89137) to work on /workspaces/hands-on-introduction-data-engineering-4395021/airflow/dags/challenge_dag.py
[2025-04-09T23:05:22.310+0000] {processor.py:826} INFO - Processing file /workspaces/hands-on-introduction-data-engineering-4395021/airflow/dags/challenge_dag.py for tasks to queue
[2025-04-09T23:05:22.310+0000] {logging_mixin.py:150} INFO - [2025-04-09T23:05:22.310+0000] {dagbag.py:541} INFO - Filling up the DagBag from /workspaces/hands-on-introduction-data-engineering-4395021/airflow/dags/challenge_dag.py
[2025-04-09T23:05:22.542+0000] {processor.py:836} INFO - DAG(s) dict_keys(['challenge_dag']) retrieved from /workspaces/hands-on-introduction-data-engineering-4395021/airflow/dags/challenge_dag.py
[2025-04-09T23:05:22.558+0000] {logging_mixin.py:150} INFO - [2025-04-09T23:05:22.558+0000] {dag.py:2742} INFO - Sync 1 DAGs
[2025-04-09T23:05:22.572+0000] {logging_mixin.py:150} INFO - [2025-04-09T23:05:22.572+0000] {dag.py:3504} INFO - Setting next_dagrun for challenge_dag to None, run_after=None
[2025-04-09T23:05:22.587+0000] {processor.py:179} INFO - Processing /workspaces/hands-on-introduction-data-engineering-4395021/airflow/dags/challenge_dag.py took 0.281 seconds
[2025-04-09T23:05:53.385+0000] {processor.py:157} INFO - Started process (PID=89343) to work on /workspaces/hands-on-introduction-data-engineering-4395021/airflow/dags/challenge_dag.py
[2025-04-09T23:05:53.386+0000] {processor.py:826} INFO - Processing file /workspaces/hands-on-introduction-data-engineering-4395021/airflow/dags/challenge_dag.py for tasks to queue
[2025-04-09T23:05:53.387+0000] {logging_mixin.py:150} INFO - [2025-04-09T23:05:53.386+0000] {dagbag.py:541} INFO - Filling up the DagBag from /workspaces/hands-on-introduction-data-engineering-4395021/airflow/dags/challenge_dag.py
[2025-04-09T23:05:53.619+0000] {processor.py:836} INFO - DAG(s) dict_keys(['challenge_dag']) retrieved from /workspaces/hands-on-introduction-data-engineering-4395021/airflow/dags/challenge_dag.py
[2025-04-09T23:05:53.634+0000] {logging_mixin.py:150} INFO - [2025-04-09T23:05:53.634+0000] {dag.py:2742} INFO - Sync 1 DAGs
[2025-04-09T23:05:53.648+0000] {logging_mixin.py:150} INFO - [2025-04-09T23:05:53.648+0000] {dag.py:3504} INFO - Setting next_dagrun for challenge_dag to None, run_after=None
[2025-04-09T23:05:53.663+0000] {processor.py:179} INFO - Processing /workspaces/hands-on-introduction-data-engineering-4395021/airflow/dags/challenge_dag.py took 0.281 seconds
[2025-04-09T23:06:24.391+0000] {processor.py:157} INFO - Started process (PID=89555) to work on /workspaces/hands-on-introduction-data-engineering-4395021/airflow/dags/challenge_dag.py
[2025-04-09T23:06:24.392+0000] {processor.py:826} INFO - Processing file /workspaces/hands-on-introduction-data-engineering-4395021/airflow/dags/challenge_dag.py for tasks to queue
[2025-04-09T23:06:24.393+0000] {logging_mixin.py:150} INFO - [2025-04-09T23:06:24.393+0000] {dagbag.py:541} INFO - Filling up the DagBag from /workspaces/hands-on-introduction-data-engineering-4395021/airflow/dags/challenge_dag.py
[2025-04-09T23:06:24.631+0000] {processor.py:836} INFO - DAG(s) dict_keys(['challenge_dag']) retrieved from /workspaces/hands-on-introduction-data-engineering-4395021/airflow/dags/challenge_dag.py
[2025-04-09T23:06:24.647+0000] {logging_mixin.py:150} INFO - [2025-04-09T23:06:24.647+0000] {dag.py:2742} INFO - Sync 1 DAGs
[2025-04-09T23:06:24.660+0000] {logging_mixin.py:150} INFO - [2025-04-09T23:06:24.660+0000] {dag.py:3504} INFO - Setting next_dagrun for challenge_dag to None, run_after=None
[2025-04-09T23:06:24.765+0000] {processor.py:179} INFO - Processing /workspaces/hands-on-introduction-data-engineering-4395021/airflow/dags/challenge_dag.py took 0.376 seconds
[2025-04-09T23:06:54.977+0000] {processor.py:157} INFO - Started process (PID=89764) to work on /workspaces/hands-on-introduction-data-engineering-4395021/airflow/dags/challenge_dag.py
[2025-04-09T23:06:54.978+0000] {processor.py:826} INFO - Processing file /workspaces/hands-on-introduction-data-engineering-4395021/airflow/dags/challenge_dag.py for tasks to queue
[2025-04-09T23:06:54.978+0000] {logging_mixin.py:150} INFO - [2025-04-09T23:06:54.978+0000] {dagbag.py:541} INFO - Filling up the DagBag from /workspaces/hands-on-introduction-data-engineering-4395021/airflow/dags/challenge_dag.py
[2025-04-09T23:06:55.212+0000] {processor.py:836} INFO - DAG(s) dict_keys(['challenge_dag']) retrieved from /workspaces/hands-on-introduction-data-engineering-4395021/airflow/dags/challenge_dag.py
[2025-04-09T23:06:55.228+0000] {logging_mixin.py:150} INFO - [2025-04-09T23:06:55.228+0000] {dag.py:2742} INFO - Sync 1 DAGs
[2025-04-09T23:06:55.242+0000] {logging_mixin.py:150} INFO - [2025-04-09T23:06:55.242+0000] {dag.py:3504} INFO - Setting next_dagrun for challenge_dag to None, run_after=None
[2025-04-09T23:06:55.357+0000] {processor.py:179} INFO - Processing /workspaces/hands-on-introduction-data-engineering-4395021/airflow/dags/challenge_dag.py took 0.383 seconds
[2025-04-09T23:07:25.434+0000] {processor.py:157} INFO - Started process (PID=89966) to work on /workspaces/hands-on-introduction-data-engineering-4395021/airflow/dags/challenge_dag.py
[2025-04-09T23:07:25.435+0000] {processor.py:826} INFO - Processing file /workspaces/hands-on-introduction-data-engineering-4395021/airflow/dags/challenge_dag.py for tasks to queue
[2025-04-09T23:07:25.436+0000] {logging_mixin.py:150} INFO - [2025-04-09T23:07:25.435+0000] {dagbag.py:541} INFO - Filling up the DagBag from /workspaces/hands-on-introduction-data-engineering-4395021/airflow/dags/challenge_dag.py
[2025-04-09T23:07:25.673+0000] {processor.py:836} INFO - DAG(s) dict_keys(['challenge_dag']) retrieved from /workspaces/hands-on-introduction-data-engineering-4395021/airflow/dags/challenge_dag.py
[2025-04-09T23:07:25.689+0000] {logging_mixin.py:150} INFO - [2025-04-09T23:07:25.689+0000] {dag.py:2742} INFO - Sync 1 DAGs
[2025-04-09T23:07:25.704+0000] {logging_mixin.py:150} INFO - [2025-04-09T23:07:25.704+0000] {dag.py:3504} INFO - Setting next_dagrun for challenge_dag to None, run_after=None
[2025-04-09T23:07:25.718+0000] {processor.py:179} INFO - Processing /workspaces/hands-on-introduction-data-engineering-4395021/airflow/dags/challenge_dag.py took 0.286 seconds
[2025-04-09T23:07:56.035+0000] {processor.py:157} INFO - Started process (PID=90175) to work on /workspaces/hands-on-introduction-data-engineering-4395021/airflow/dags/challenge_dag.py
[2025-04-09T23:07:56.036+0000] {processor.py:826} INFO - Processing file /workspaces/hands-on-introduction-data-engineering-4395021/airflow/dags/challenge_dag.py for tasks to queue
[2025-04-09T23:07:56.036+0000] {logging_mixin.py:150} INFO - [2025-04-09T23:07:56.036+0000] {dagbag.py:541} INFO - Filling up the DagBag from /workspaces/hands-on-introduction-data-engineering-4395021/airflow/dags/challenge_dag.py
[2025-04-09T23:07:56.278+0000] {processor.py:836} INFO - DAG(s) dict_keys(['challenge_dag']) retrieved from /workspaces/hands-on-introduction-data-engineering-4395021/airflow/dags/challenge_dag.py
[2025-04-09T23:07:56.293+0000] {logging_mixin.py:150} INFO - [2025-04-09T23:07:56.293+0000] {dag.py:2742} INFO - Sync 1 DAGs
[2025-04-09T23:07:56.308+0000] {logging_mixin.py:150} INFO - [2025-04-09T23:07:56.308+0000] {dag.py:3504} INFO - Setting next_dagrun for challenge_dag to None, run_after=None
[2025-04-09T23:07:56.323+0000] {processor.py:179} INFO - Processing /workspaces/hands-on-introduction-data-engineering-4395021/airflow/dags/challenge_dag.py took 0.290 seconds
[2025-04-09T23:08:26.631+0000] {processor.py:157} INFO - Started process (PID=90384) to work on /workspaces/hands-on-introduction-data-engineering-4395021/airflow/dags/challenge_dag.py
[2025-04-09T23:08:26.632+0000] {processor.py:826} INFO - Processing file /workspaces/hands-on-introduction-data-engineering-4395021/airflow/dags/challenge_dag.py for tasks to queue
[2025-04-09T23:08:26.633+0000] {logging_mixin.py:150} INFO - [2025-04-09T23:08:26.632+0000] {dagbag.py:541} INFO - Filling up the DagBag from /workspaces/hands-on-introduction-data-engineering-4395021/airflow/dags/challenge_dag.py
[2025-04-09T23:08:26.865+0000] {processor.py:836} INFO - DAG(s) dict_keys(['challenge_dag']) retrieved from /workspaces/hands-on-introduction-data-engineering-4395021/airflow/dags/challenge_dag.py
[2025-04-09T23:08:26.881+0000] {logging_mixin.py:150} INFO - [2025-04-09T23:08:26.881+0000] {dag.py:2742} INFO - Sync 1 DAGs
[2025-04-09T23:08:26.894+0000] {logging_mixin.py:150} INFO - [2025-04-09T23:08:26.894+0000] {dag.py:3504} INFO - Setting next_dagrun for challenge_dag to None, run_after=None
[2025-04-09T23:08:26.908+0000] {processor.py:179} INFO - Processing /workspaces/hands-on-introduction-data-engineering-4395021/airflow/dags/challenge_dag.py took 0.279 seconds
[2025-04-09T23:08:57.357+0000] {processor.py:157} INFO - Started process (PID=90586) to work on /workspaces/hands-on-introduction-data-engineering-4395021/airflow/dags/challenge_dag.py
[2025-04-09T23:08:57.357+0000] {processor.py:826} INFO - Processing file /workspaces/hands-on-introduction-data-engineering-4395021/airflow/dags/challenge_dag.py for tasks to queue
[2025-04-09T23:08:57.358+0000] {logging_mixin.py:150} INFO - [2025-04-09T23:08:57.358+0000] {dagbag.py:541} INFO - Filling up the DagBag from /workspaces/hands-on-introduction-data-engineering-4395021/airflow/dags/challenge_dag.py
[2025-04-09T23:08:57.589+0000] {processor.py:836} INFO - DAG(s) dict_keys(['challenge_dag']) retrieved from /workspaces/hands-on-introduction-data-engineering-4395021/airflow/dags/challenge_dag.py
[2025-04-09T23:08:57.608+0000] {logging_mixin.py:150} INFO - [2025-04-09T23:08:57.608+0000] {dag.py:2742} INFO - Sync 1 DAGs
[2025-04-09T23:08:57.624+0000] {logging_mixin.py:150} INFO - [2025-04-09T23:08:57.624+0000] {dag.py:3504} INFO - Setting next_dagrun for challenge_dag to None, run_after=None
[2025-04-09T23:08:57.644+0000] {processor.py:179} INFO - Processing /workspaces/hands-on-introduction-data-engineering-4395021/airflow/dags/challenge_dag.py took 0.290 seconds
[2025-04-09T23:09:27.810+0000] {processor.py:157} INFO - Started process (PID=90794) to work on /workspaces/hands-on-introduction-data-engineering-4395021/airflow/dags/challenge_dag.py
[2025-04-09T23:09:27.811+0000] {processor.py:826} INFO - Processing file /workspaces/hands-on-introduction-data-engineering-4395021/airflow/dags/challenge_dag.py for tasks to queue
[2025-04-09T23:09:27.811+0000] {logging_mixin.py:150} INFO - [2025-04-09T23:09:27.811+0000] {dagbag.py:541} INFO - Filling up the DagBag from /workspaces/hands-on-introduction-data-engineering-4395021/airflow/dags/challenge_dag.py
[2025-04-09T23:09:28.046+0000] {processor.py:836} INFO - DAG(s) dict_keys(['challenge_dag']) retrieved from /workspaces/hands-on-introduction-data-engineering-4395021/airflow/dags/challenge_dag.py
[2025-04-09T23:09:28.061+0000] {logging_mixin.py:150} INFO - [2025-04-09T23:09:28.061+0000] {dag.py:2742} INFO - Sync 1 DAGs
[2025-04-09T23:09:28.075+0000] {logging_mixin.py:150} INFO - [2025-04-09T23:09:28.074+0000] {dag.py:3504} INFO - Setting next_dagrun for challenge_dag to None, run_after=None
[2025-04-09T23:09:28.088+0000] {processor.py:179} INFO - Processing /workspaces/hands-on-introduction-data-engineering-4395021/airflow/dags/challenge_dag.py took 0.281 seconds
[2025-04-09T23:09:58.202+0000] {processor.py:157} INFO - Started process (PID=91003) to work on /workspaces/hands-on-introduction-data-engineering-4395021/airflow/dags/challenge_dag.py
[2025-04-09T23:09:58.203+0000] {processor.py:826} INFO - Processing file /workspaces/hands-on-introduction-data-engineering-4395021/airflow/dags/challenge_dag.py for tasks to queue
[2025-04-09T23:09:58.204+0000] {logging_mixin.py:150} INFO - [2025-04-09T23:09:58.203+0000] {dagbag.py:541} INFO - Filling up the DagBag from /workspaces/hands-on-introduction-data-engineering-4395021/airflow/dags/challenge_dag.py
[2025-04-09T23:09:58.435+0000] {processor.py:836} INFO - DAG(s) dict_keys(['challenge_dag']) retrieved from /workspaces/hands-on-introduction-data-engineering-4395021/airflow/dags/challenge_dag.py
[2025-04-09T23:09:58.450+0000] {logging_mixin.py:150} INFO - [2025-04-09T23:09:58.450+0000] {dag.py:2742} INFO - Sync 1 DAGs
[2025-04-09T23:09:58.463+0000] {logging_mixin.py:150} INFO - [2025-04-09T23:09:58.463+0000] {dag.py:3504} INFO - Setting next_dagrun for challenge_dag to None, run_after=None
[2025-04-09T23:09:58.477+0000] {processor.py:179} INFO - Processing /workspaces/hands-on-introduction-data-engineering-4395021/airflow/dags/challenge_dag.py took 0.278 seconds
[2025-04-09T23:10:28.600+0000] {processor.py:157} INFO - Started process (PID=91205) to work on /workspaces/hands-on-introduction-data-engineering-4395021/airflow/dags/challenge_dag.py
[2025-04-09T23:10:28.601+0000] {processor.py:826} INFO - Processing file /workspaces/hands-on-introduction-data-engineering-4395021/airflow/dags/challenge_dag.py for tasks to queue
[2025-04-09T23:10:28.601+0000] {logging_mixin.py:150} INFO - [2025-04-09T23:10:28.601+0000] {dagbag.py:541} INFO - Filling up the DagBag from /workspaces/hands-on-introduction-data-engineering-4395021/airflow/dags/challenge_dag.py
[2025-04-09T23:10:28.835+0000] {processor.py:836} INFO - DAG(s) dict_keys(['challenge_dag']) retrieved from /workspaces/hands-on-introduction-data-engineering-4395021/airflow/dags/challenge_dag.py
[2025-04-09T23:10:28.851+0000] {logging_mixin.py:150} INFO - [2025-04-09T23:10:28.850+0000] {dag.py:2742} INFO - Sync 1 DAGs
[2025-04-09T23:10:28.864+0000] {logging_mixin.py:150} INFO - [2025-04-09T23:10:28.863+0000] {dag.py:3504} INFO - Setting next_dagrun for challenge_dag to None, run_after=None
[2025-04-09T23:10:28.961+0000] {processor.py:179} INFO - Processing /workspaces/hands-on-introduction-data-engineering-4395021/airflow/dags/challenge_dag.py took 0.364 seconds
[2025-04-09T23:10:59.095+0000] {processor.py:157} INFO - Started process (PID=91413) to work on /workspaces/hands-on-introduction-data-engineering-4395021/airflow/dags/challenge_dag.py
[2025-04-09T23:10:59.095+0000] {processor.py:826} INFO - Processing file /workspaces/hands-on-introduction-data-engineering-4395021/airflow/dags/challenge_dag.py for tasks to queue
[2025-04-09T23:10:59.096+0000] {logging_mixin.py:150} INFO - [2025-04-09T23:10:59.096+0000] {dagbag.py:541} INFO - Filling up the DagBag from /workspaces/hands-on-introduction-data-engineering-4395021/airflow/dags/challenge_dag.py
[2025-04-09T23:10:59.325+0000] {processor.py:836} INFO - DAG(s) dict_keys(['challenge_dag']) retrieved from /workspaces/hands-on-introduction-data-engineering-4395021/airflow/dags/challenge_dag.py
[2025-04-09T23:10:59.341+0000] {logging_mixin.py:150} INFO - [2025-04-09T23:10:59.340+0000] {dag.py:2742} INFO - Sync 1 DAGs
[2025-04-09T23:10:59.443+0000] {logging_mixin.py:150} INFO - [2025-04-09T23:10:59.443+0000] {dag.py:3504} INFO - Setting next_dagrun for challenge_dag to None, run_after=None
[2025-04-09T23:10:59.456+0000] {processor.py:179} INFO - Processing /workspaces/hands-on-introduction-data-engineering-4395021/airflow/dags/challenge_dag.py took 0.364 seconds
[2025-04-09T23:11:29.904+0000] {processor.py:157} INFO - Started process (PID=91623) to work on /workspaces/hands-on-introduction-data-engineering-4395021/airflow/dags/challenge_dag.py
[2025-04-09T23:11:29.905+0000] {processor.py:826} INFO - Processing file /workspaces/hands-on-introduction-data-engineering-4395021/airflow/dags/challenge_dag.py for tasks to queue
[2025-04-09T23:11:29.906+0000] {logging_mixin.py:150} INFO - [2025-04-09T23:11:29.905+0000] {dagbag.py:541} INFO - Filling up the DagBag from /workspaces/hands-on-introduction-data-engineering-4395021/airflow/dags/challenge_dag.py
[2025-04-09T23:11:30.132+0000] {processor.py:836} INFO - DAG(s) dict_keys(['challenge_dag']) retrieved from /workspaces/hands-on-introduction-data-engineering-4395021/airflow/dags/challenge_dag.py
[2025-04-09T23:11:30.148+0000] {logging_mixin.py:150} INFO - [2025-04-09T23:11:30.148+0000] {dag.py:2742} INFO - Sync 1 DAGs
[2025-04-09T23:11:30.162+0000] {logging_mixin.py:150} INFO - [2025-04-09T23:11:30.162+0000] {dag.py:3504} INFO - Setting next_dagrun for challenge_dag to None, run_after=None
[2025-04-09T23:11:30.175+0000] {processor.py:179} INFO - Processing /workspaces/hands-on-introduction-data-engineering-4395021/airflow/dags/challenge_dag.py took 0.274 seconds
[2025-04-09T23:12:00.266+0000] {processor.py:157} INFO - Started process (PID=91825) to work on /workspaces/hands-on-introduction-data-engineering-4395021/airflow/dags/challenge_dag.py
[2025-04-09T23:12:00.267+0000] {processor.py:826} INFO - Processing file /workspaces/hands-on-introduction-data-engineering-4395021/airflow/dags/challenge_dag.py for tasks to queue
[2025-04-09T23:12:00.268+0000] {logging_mixin.py:150} INFO - [2025-04-09T23:12:00.268+0000] {dagbag.py:541} INFO - Filling up the DagBag from /workspaces/hands-on-introduction-data-engineering-4395021/airflow/dags/challenge_dag.py
[2025-04-09T23:12:00.501+0000] {processor.py:836} INFO - DAG(s) dict_keys(['challenge_dag']) retrieved from /workspaces/hands-on-introduction-data-engineering-4395021/airflow/dags/challenge_dag.py
[2025-04-09T23:12:00.517+0000] {logging_mixin.py:150} INFO - [2025-04-09T23:12:00.517+0000] {dag.py:2742} INFO - Sync 1 DAGs
[2025-04-09T23:12:00.530+0000] {logging_mixin.py:150} INFO - [2025-04-09T23:12:00.530+0000] {dag.py:3504} INFO - Setting next_dagrun for challenge_dag to None, run_after=None
[2025-04-09T23:12:00.544+0000] {processor.py:179} INFO - Processing /workspaces/hands-on-introduction-data-engineering-4395021/airflow/dags/challenge_dag.py took 0.280 seconds
[2025-04-09T23:12:30.624+0000] {processor.py:157} INFO - Started process (PID=92033) to work on /workspaces/hands-on-introduction-data-engineering-4395021/airflow/dags/challenge_dag.py
[2025-04-09T23:12:30.625+0000] {processor.py:826} INFO - Processing file /workspaces/hands-on-introduction-data-engineering-4395021/airflow/dags/challenge_dag.py for tasks to queue
[2025-04-09T23:12:30.626+0000] {logging_mixin.py:150} INFO - [2025-04-09T23:12:30.625+0000] {dagbag.py:541} INFO - Filling up the DagBag from /workspaces/hands-on-introduction-data-engineering-4395021/airflow/dags/challenge_dag.py
[2025-04-09T23:12:30.859+0000] {processor.py:836} INFO - DAG(s) dict_keys(['challenge_dag']) retrieved from /workspaces/hands-on-introduction-data-engineering-4395021/airflow/dags/challenge_dag.py
[2025-04-09T23:12:30.880+0000] {logging_mixin.py:150} INFO - [2025-04-09T23:12:30.880+0000] {dag.py:2742} INFO - Sync 1 DAGs
[2025-04-09T23:12:30.900+0000] {logging_mixin.py:150} INFO - [2025-04-09T23:12:30.900+0000] {dag.py:3504} INFO - Setting next_dagrun for challenge_dag to None, run_after=None
[2025-04-09T23:12:30.916+0000] {processor.py:179} INFO - Processing /workspaces/hands-on-introduction-data-engineering-4395021/airflow/dags/challenge_dag.py took 0.294 seconds
[2025-04-09T23:13:00.983+0000] {processor.py:157} INFO - Started process (PID=92242) to work on /workspaces/hands-on-introduction-data-engineering-4395021/airflow/dags/challenge_dag.py
[2025-04-09T23:13:00.984+0000] {processor.py:826} INFO - Processing file /workspaces/hands-on-introduction-data-engineering-4395021/airflow/dags/challenge_dag.py for tasks to queue
[2025-04-09T23:13:00.985+0000] {logging_mixin.py:150} INFO - [2025-04-09T23:13:00.985+0000] {dagbag.py:541} INFO - Filling up the DagBag from /workspaces/hands-on-introduction-data-engineering-4395021/airflow/dags/challenge_dag.py
[2025-04-09T23:13:01.238+0000] {processor.py:836} INFO - DAG(s) dict_keys(['challenge_dag']) retrieved from /workspaces/hands-on-introduction-data-engineering-4395021/airflow/dags/challenge_dag.py
[2025-04-09T23:13:01.255+0000] {logging_mixin.py:150} INFO - [2025-04-09T23:13:01.254+0000] {dag.py:2742} INFO - Sync 1 DAGs
[2025-04-09T23:13:01.275+0000] {logging_mixin.py:150} INFO - [2025-04-09T23:13:01.275+0000] {dag.py:3504} INFO - Setting next_dagrun for challenge_dag to None, run_after=None
[2025-04-09T23:13:01.295+0000] {processor.py:179} INFO - Processing /workspaces/hands-on-introduction-data-engineering-4395021/airflow/dags/challenge_dag.py took 0.314 seconds
[2025-04-09T23:13:31.449+0000] {processor.py:157} INFO - Started process (PID=92444) to work on /workspaces/hands-on-introduction-data-engineering-4395021/airflow/dags/challenge_dag.py
[2025-04-09T23:13:31.450+0000] {processor.py:826} INFO - Processing file /workspaces/hands-on-introduction-data-engineering-4395021/airflow/dags/challenge_dag.py for tasks to queue
[2025-04-09T23:13:31.451+0000] {logging_mixin.py:150} INFO - [2025-04-09T23:13:31.450+0000] {dagbag.py:541} INFO - Filling up the DagBag from /workspaces/hands-on-introduction-data-engineering-4395021/airflow/dags/challenge_dag.py
[2025-04-09T23:13:31.677+0000] {processor.py:836} INFO - DAG(s) dict_keys(['challenge_dag']) retrieved from /workspaces/hands-on-introduction-data-engineering-4395021/airflow/dags/challenge_dag.py
[2025-04-09T23:13:31.693+0000] {logging_mixin.py:150} INFO - [2025-04-09T23:13:31.693+0000] {dag.py:2742} INFO - Sync 1 DAGs
[2025-04-09T23:13:31.706+0000] {logging_mixin.py:150} INFO - [2025-04-09T23:13:31.706+0000] {dag.py:3504} INFO - Setting next_dagrun for challenge_dag to None, run_after=None
[2025-04-09T23:13:31.720+0000] {processor.py:179} INFO - Processing /workspaces/hands-on-introduction-data-engineering-4395021/airflow/dags/challenge_dag.py took 0.274 seconds
[2025-04-09T23:14:01.805+0000] {processor.py:157} INFO - Started process (PID=92651) to work on /workspaces/hands-on-introduction-data-engineering-4395021/airflow/dags/challenge_dag.py
[2025-04-09T23:14:01.806+0000] {processor.py:826} INFO - Processing file /workspaces/hands-on-introduction-data-engineering-4395021/airflow/dags/challenge_dag.py for tasks to queue
[2025-04-09T23:14:01.807+0000] {logging_mixin.py:150} INFO - [2025-04-09T23:14:01.807+0000] {dagbag.py:541} INFO - Filling up the DagBag from /workspaces/hands-on-introduction-data-engineering-4395021/airflow/dags/challenge_dag.py
[2025-04-09T23:14:02.034+0000] {processor.py:836} INFO - DAG(s) dict_keys(['challenge_dag']) retrieved from /workspaces/hands-on-introduction-data-engineering-4395021/airflow/dags/challenge_dag.py
[2025-04-09T23:14:02.050+0000] {logging_mixin.py:150} INFO - [2025-04-09T23:14:02.050+0000] {dag.py:2742} INFO - Sync 1 DAGs
[2025-04-09T23:14:02.063+0000] {logging_mixin.py:150} INFO - [2025-04-09T23:14:02.063+0000] {dag.py:3504} INFO - Setting next_dagrun for challenge_dag to None, run_after=None
[2025-04-09T23:14:02.163+0000] {processor.py:179} INFO - Processing /workspaces/hands-on-introduction-data-engineering-4395021/airflow/dags/challenge_dag.py took 0.360 seconds
[2025-04-09T23:14:32.250+0000] {processor.py:157} INFO - Started process (PID=92853) to work on /workspaces/hands-on-introduction-data-engineering-4395021/airflow/dags/challenge_dag.py
[2025-04-09T23:14:32.251+0000] {processor.py:826} INFO - Processing file /workspaces/hands-on-introduction-data-engineering-4395021/airflow/dags/challenge_dag.py for tasks to queue
[2025-04-09T23:14:32.252+0000] {logging_mixin.py:150} INFO - [2025-04-09T23:14:32.251+0000] {dagbag.py:541} INFO - Filling up the DagBag from /workspaces/hands-on-introduction-data-engineering-4395021/airflow/dags/challenge_dag.py
[2025-04-09T23:14:32.476+0000] {processor.py:836} INFO - DAG(s) dict_keys(['challenge_dag']) retrieved from /workspaces/hands-on-introduction-data-engineering-4395021/airflow/dags/challenge_dag.py
[2025-04-09T23:14:32.492+0000] {logging_mixin.py:150} INFO - [2025-04-09T23:14:32.492+0000] {dag.py:2742} INFO - Sync 1 DAGs
[2025-04-09T23:14:32.509+0000] {logging_mixin.py:150} INFO - [2025-04-09T23:14:32.509+0000] {dag.py:3504} INFO - Setting next_dagrun for challenge_dag to None, run_after=None
[2025-04-09T23:14:32.608+0000] {processor.py:179} INFO - Processing /workspaces/hands-on-introduction-data-engineering-4395021/airflow/dags/challenge_dag.py took 0.360 seconds
[2025-04-09T23:15:02.715+0000] {processor.py:157} INFO - Started process (PID=93059) to work on /workspaces/hands-on-introduction-data-engineering-4395021/airflow/dags/challenge_dag.py
[2025-04-09T23:15:02.716+0000] {processor.py:826} INFO - Processing file /workspaces/hands-on-introduction-data-engineering-4395021/airflow/dags/challenge_dag.py for tasks to queue
[2025-04-09T23:15:02.717+0000] {logging_mixin.py:150} INFO - [2025-04-09T23:15:02.717+0000] {dagbag.py:541} INFO - Filling up the DagBag from /workspaces/hands-on-introduction-data-engineering-4395021/airflow/dags/challenge_dag.py
[2025-04-09T23:15:02.947+0000] {processor.py:836} INFO - DAG(s) dict_keys(['challenge_dag']) retrieved from /workspaces/hands-on-introduction-data-engineering-4395021/airflow/dags/challenge_dag.py
[2025-04-09T23:15:02.963+0000] {logging_mixin.py:150} INFO - [2025-04-09T23:15:02.962+0000] {dag.py:2742} INFO - Sync 1 DAGs
[2025-04-09T23:15:03.066+0000] {logging_mixin.py:150} INFO - [2025-04-09T23:15:03.066+0000] {dag.py:3504} INFO - Setting next_dagrun for challenge_dag to None, run_after=None
[2025-04-09T23:15:03.079+0000] {processor.py:179} INFO - Processing /workspaces/hands-on-introduction-data-engineering-4395021/airflow/dags/challenge_dag.py took 0.367 seconds
[2025-04-09T23:15:33.173+0000] {processor.py:157} INFO - Started process (PID=93263) to work on /workspaces/hands-on-introduction-data-engineering-4395021/airflow/dags/challenge_dag.py
[2025-04-09T23:15:33.174+0000] {processor.py:826} INFO - Processing file /workspaces/hands-on-introduction-data-engineering-4395021/airflow/dags/challenge_dag.py for tasks to queue
[2025-04-09T23:15:33.175+0000] {logging_mixin.py:150} INFO - [2025-04-09T23:15:33.174+0000] {dagbag.py:541} INFO - Filling up the DagBag from /workspaces/hands-on-introduction-data-engineering-4395021/airflow/dags/challenge_dag.py
[2025-04-09T23:15:33.411+0000] {processor.py:836} INFO - DAG(s) dict_keys(['challenge_dag']) retrieved from /workspaces/hands-on-introduction-data-engineering-4395021/airflow/dags/challenge_dag.py
[2025-04-09T23:15:33.426+0000] {logging_mixin.py:150} INFO - [2025-04-09T23:15:33.426+0000] {dag.py:2742} INFO - Sync 1 DAGs
[2025-04-09T23:15:33.440+0000] {logging_mixin.py:150} INFO - [2025-04-09T23:15:33.440+0000] {dag.py:3504} INFO - Setting next_dagrun for challenge_dag to None, run_after=None
[2025-04-09T23:15:33.453+0000] {processor.py:179} INFO - Processing /workspaces/hands-on-introduction-data-engineering-4395021/airflow/dags/challenge_dag.py took 0.283 seconds
[2025-04-09T23:16:03.541+0000] {processor.py:157} INFO - Started process (PID=93465) to work on /workspaces/hands-on-introduction-data-engineering-4395021/airflow/dags/challenge_dag.py
[2025-04-09T23:16:03.541+0000] {processor.py:826} INFO - Processing file /workspaces/hands-on-introduction-data-engineering-4395021/airflow/dags/challenge_dag.py for tasks to queue
[2025-04-09T23:16:03.542+0000] {logging_mixin.py:150} INFO - [2025-04-09T23:16:03.542+0000] {dagbag.py:541} INFO - Filling up the DagBag from /workspaces/hands-on-introduction-data-engineering-4395021/airflow/dags/challenge_dag.py
[2025-04-09T23:16:03.770+0000] {processor.py:836} INFO - DAG(s) dict_keys(['challenge_dag']) retrieved from /workspaces/hands-on-introduction-data-engineering-4395021/airflow/dags/challenge_dag.py
[2025-04-09T23:16:03.792+0000] {logging_mixin.py:150} INFO - [2025-04-09T23:16:03.792+0000] {dag.py:2742} INFO - Sync 1 DAGs
[2025-04-09T23:16:03.823+0000] {logging_mixin.py:150} INFO - [2025-04-09T23:16:03.823+0000] {dag.py:3504} INFO - Setting next_dagrun for challenge_dag to None, run_after=None
[2025-04-09T23:16:03.866+0000] {processor.py:179} INFO - Processing /workspaces/hands-on-introduction-data-engineering-4395021/airflow/dags/challenge_dag.py took 0.329 seconds
[2025-04-09T23:16:34.010+0000] {processor.py:157} INFO - Started process (PID=93672) to work on /workspaces/hands-on-introduction-data-engineering-4395021/airflow/dags/challenge_dag.py
[2025-04-09T23:16:34.010+0000] {processor.py:826} INFO - Processing file /workspaces/hands-on-introduction-data-engineering-4395021/airflow/dags/challenge_dag.py for tasks to queue
[2025-04-09T23:16:34.011+0000] {logging_mixin.py:150} INFO - [2025-04-09T23:16:34.011+0000] {dagbag.py:541} INFO - Filling up the DagBag from /workspaces/hands-on-introduction-data-engineering-4395021/airflow/dags/challenge_dag.py
[2025-04-09T23:16:34.273+0000] {processor.py:836} INFO - DAG(s) dict_keys(['challenge_dag']) retrieved from /workspaces/hands-on-introduction-data-engineering-4395021/airflow/dags/challenge_dag.py
[2025-04-09T23:16:34.288+0000] {logging_mixin.py:150} INFO - [2025-04-09T23:16:34.288+0000] {dag.py:2742} INFO - Sync 1 DAGs
[2025-04-09T23:16:34.301+0000] {logging_mixin.py:150} INFO - [2025-04-09T23:16:34.301+0000] {dag.py:3504} INFO - Setting next_dagrun for challenge_dag to None, run_after=None
[2025-04-09T23:16:34.314+0000] {processor.py:179} INFO - Processing /workspaces/hands-on-introduction-data-engineering-4395021/airflow/dags/challenge_dag.py took 0.307 seconds
[2025-04-09T23:17:04.468+0000] {processor.py:157} INFO - Started process (PID=93881) to work on /workspaces/hands-on-introduction-data-engineering-4395021/airflow/dags/challenge_dag.py
[2025-04-09T23:17:04.469+0000] {processor.py:826} INFO - Processing file /workspaces/hands-on-introduction-data-engineering-4395021/airflow/dags/challenge_dag.py for tasks to queue
[2025-04-09T23:17:04.469+0000] {logging_mixin.py:150} INFO - [2025-04-09T23:17:04.469+0000] {dagbag.py:541} INFO - Filling up the DagBag from /workspaces/hands-on-introduction-data-engineering-4395021/airflow/dags/challenge_dag.py
[2025-04-09T23:17:04.718+0000] {processor.py:836} INFO - DAG(s) dict_keys(['challenge_dag']) retrieved from /workspaces/hands-on-introduction-data-engineering-4395021/airflow/dags/challenge_dag.py
[2025-04-09T23:17:04.734+0000] {logging_mixin.py:150} INFO - [2025-04-09T23:17:04.733+0000] {dag.py:2742} INFO - Sync 1 DAGs
[2025-04-09T23:17:04.747+0000] {logging_mixin.py:150} INFO - [2025-04-09T23:17:04.747+0000] {dag.py:3504} INFO - Setting next_dagrun for challenge_dag to None, run_after=None
[2025-04-09T23:17:04.761+0000] {processor.py:179} INFO - Processing /workspaces/hands-on-introduction-data-engineering-4395021/airflow/dags/challenge_dag.py took 0.296 seconds
[2025-04-09T23:17:34.829+0000] {processor.py:157} INFO - Started process (PID=94083) to work on /workspaces/hands-on-introduction-data-engineering-4395021/airflow/dags/challenge_dag.py
[2025-04-09T23:17:34.830+0000] {processor.py:826} INFO - Processing file /workspaces/hands-on-introduction-data-engineering-4395021/airflow/dags/challenge_dag.py for tasks to queue
[2025-04-09T23:17:34.831+0000] {logging_mixin.py:150} INFO - [2025-04-09T23:17:34.830+0000] {dagbag.py:541} INFO - Filling up the DagBag from /workspaces/hands-on-introduction-data-engineering-4395021/airflow/dags/challenge_dag.py
[2025-04-09T23:17:35.056+0000] {processor.py:836} INFO - DAG(s) dict_keys(['challenge_dag']) retrieved from /workspaces/hands-on-introduction-data-engineering-4395021/airflow/dags/challenge_dag.py
[2025-04-09T23:17:35.072+0000] {logging_mixin.py:150} INFO - [2025-04-09T23:17:35.072+0000] {dag.py:2742} INFO - Sync 1 DAGs
[2025-04-09T23:17:35.084+0000] {logging_mixin.py:150} INFO - [2025-04-09T23:17:35.084+0000] {dag.py:3504} INFO - Setting next_dagrun for challenge_dag to None, run_after=None
[2025-04-09T23:17:35.183+0000] {processor.py:179} INFO - Processing /workspaces/hands-on-introduction-data-engineering-4395021/airflow/dags/challenge_dag.py took 0.356 seconds
[2025-04-09T23:18:05.251+0000] {processor.py:157} INFO - Started process (PID=94267) to work on /workspaces/hands-on-introduction-data-engineering-4395021/airflow/dags/challenge_dag.py
[2025-04-09T23:18:05.251+0000] {processor.py:826} INFO - Processing file /workspaces/hands-on-introduction-data-engineering-4395021/airflow/dags/challenge_dag.py for tasks to queue
[2025-04-09T23:18:05.252+0000] {logging_mixin.py:150} INFO - [2025-04-09T23:18:05.252+0000] {dagbag.py:541} INFO - Filling up the DagBag from /workspaces/hands-on-introduction-data-engineering-4395021/airflow/dags/challenge_dag.py
[2025-04-09T23:18:05.480+0000] {processor.py:836} INFO - DAG(s) dict_keys(['challenge_dag']) retrieved from /workspaces/hands-on-introduction-data-engineering-4395021/airflow/dags/challenge_dag.py
[2025-04-09T23:18:05.501+0000] {logging_mixin.py:150} INFO - [2025-04-09T23:18:05.501+0000] {dag.py:2742} INFO - Sync 1 DAGs
[2025-04-09T23:18:05.524+0000] {logging_mixin.py:150} INFO - [2025-04-09T23:18:05.523+0000] {dag.py:3504} INFO - Setting next_dagrun for challenge_dag to None, run_after=None
[2025-04-09T23:18:05.629+0000] {processor.py:179} INFO - Processing /workspaces/hands-on-introduction-data-engineering-4395021/airflow/dags/challenge_dag.py took 0.381 seconds
[2025-04-09T23:18:35.714+0000] {processor.py:157} INFO - Started process (PID=94452) to work on /workspaces/hands-on-introduction-data-engineering-4395021/airflow/dags/challenge_dag.py
[2025-04-09T23:18:35.715+0000] {processor.py:826} INFO - Processing file /workspaces/hands-on-introduction-data-engineering-4395021/airflow/dags/challenge_dag.py for tasks to queue
[2025-04-09T23:18:35.716+0000] {logging_mixin.py:150} INFO - [2025-04-09T23:18:35.716+0000] {dagbag.py:541} INFO - Filling up the DagBag from /workspaces/hands-on-introduction-data-engineering-4395021/airflow/dags/challenge_dag.py
[2025-04-09T23:18:35.954+0000] {processor.py:836} INFO - DAG(s) dict_keys(['challenge_dag']) retrieved from /workspaces/hands-on-introduction-data-engineering-4395021/airflow/dags/challenge_dag.py
[2025-04-09T23:18:35.969+0000] {logging_mixin.py:150} INFO - [2025-04-09T23:18:35.969+0000] {dag.py:2742} INFO - Sync 1 DAGs
[2025-04-09T23:18:36.064+0000] {logging_mixin.py:150} INFO - [2025-04-09T23:18:36.064+0000] {dag.py:3504} INFO - Setting next_dagrun for challenge_dag to None, run_after=None
[2025-04-09T23:18:36.077+0000] {processor.py:179} INFO - Processing /workspaces/hands-on-introduction-data-engineering-4395021/airflow/dags/challenge_dag.py took 0.366 seconds
[2025-04-09T23:19:06.179+0000] {processor.py:157} INFO - Started process (PID=94636) to work on /workspaces/hands-on-introduction-data-engineering-4395021/airflow/dags/challenge_dag.py
[2025-04-09T23:19:06.180+0000] {processor.py:826} INFO - Processing file /workspaces/hands-on-introduction-data-engineering-4395021/airflow/dags/challenge_dag.py for tasks to queue
[2025-04-09T23:19:06.181+0000] {logging_mixin.py:150} INFO - [2025-04-09T23:19:06.181+0000] {dagbag.py:541} INFO - Filling up the DagBag from /workspaces/hands-on-introduction-data-engineering-4395021/airflow/dags/challenge_dag.py
[2025-04-09T23:19:06.407+0000] {processor.py:836} INFO - DAG(s) dict_keys(['challenge_dag']) retrieved from /workspaces/hands-on-introduction-data-engineering-4395021/airflow/dags/challenge_dag.py
[2025-04-09T23:19:06.425+0000] {logging_mixin.py:150} INFO - [2025-04-09T23:19:06.425+0000] {dag.py:2742} INFO - Sync 1 DAGs
[2025-04-09T23:19:06.439+0000] {logging_mixin.py:150} INFO - [2025-04-09T23:19:06.439+0000] {dag.py:3504} INFO - Setting next_dagrun for challenge_dag to None, run_after=None
[2025-04-09T23:19:06.453+0000] {processor.py:179} INFO - Processing /workspaces/hands-on-introduction-data-engineering-4395021/airflow/dags/challenge_dag.py took 0.276 seconds
[2025-04-09T23:19:36.540+0000] {processor.py:157} INFO - Started process (PID=94820) to work on /workspaces/hands-on-introduction-data-engineering-4395021/airflow/dags/challenge_dag.py
[2025-04-09T23:19:36.541+0000] {processor.py:826} INFO - Processing file /workspaces/hands-on-introduction-data-engineering-4395021/airflow/dags/challenge_dag.py for tasks to queue
[2025-04-09T23:19:36.541+0000] {logging_mixin.py:150} INFO - [2025-04-09T23:19:36.541+0000] {dagbag.py:541} INFO - Filling up the DagBag from /workspaces/hands-on-introduction-data-engineering-4395021/airflow/dags/challenge_dag.py
[2025-04-09T23:19:36.775+0000] {processor.py:836} INFO - DAG(s) dict_keys(['challenge_dag']) retrieved from /workspaces/hands-on-introduction-data-engineering-4395021/airflow/dags/challenge_dag.py
[2025-04-09T23:19:36.791+0000] {logging_mixin.py:150} INFO - [2025-04-09T23:19:36.790+0000] {dag.py:2742} INFO - Sync 1 DAGs
[2025-04-09T23:19:36.803+0000] {logging_mixin.py:150} INFO - [2025-04-09T23:19:36.803+0000] {dag.py:3504} INFO - Setting next_dagrun for challenge_dag to None, run_after=None
[2025-04-09T23:19:36.817+0000] {processor.py:179} INFO - Processing /workspaces/hands-on-introduction-data-engineering-4395021/airflow/dags/challenge_dag.py took 0.279 seconds
[2025-04-09T23:20:06.898+0000] {processor.py:157} INFO - Started process (PID=94998) to work on /workspaces/hands-on-introduction-data-engineering-4395021/airflow/dags/challenge_dag.py
[2025-04-09T23:20:06.899+0000] {processor.py:826} INFO - Processing file /workspaces/hands-on-introduction-data-engineering-4395021/airflow/dags/challenge_dag.py for tasks to queue
[2025-04-09T23:20:06.899+0000] {logging_mixin.py:150} INFO - [2025-04-09T23:20:06.899+0000] {dagbag.py:541} INFO - Filling up the DagBag from /workspaces/hands-on-introduction-data-engineering-4395021/airflow/dags/challenge_dag.py
[2025-04-09T23:20:07.125+0000] {processor.py:836} INFO - DAG(s) dict_keys(['challenge_dag']) retrieved from /workspaces/hands-on-introduction-data-engineering-4395021/airflow/dags/challenge_dag.py
[2025-04-09T23:20:07.141+0000] {logging_mixin.py:150} INFO - [2025-04-09T23:20:07.141+0000] {dag.py:2742} INFO - Sync 1 DAGs
[2025-04-09T23:20:07.154+0000] {logging_mixin.py:150} INFO - [2025-04-09T23:20:07.154+0000] {dag.py:3504} INFO - Setting next_dagrun for challenge_dag to None, run_after=None
[2025-04-09T23:20:07.167+0000] {processor.py:179} INFO - Processing /workspaces/hands-on-introduction-data-engineering-4395021/airflow/dags/challenge_dag.py took 0.272 seconds
[2025-04-09T23:20:37.256+0000] {processor.py:157} INFO - Started process (PID=95181) to work on /workspaces/hands-on-introduction-data-engineering-4395021/airflow/dags/challenge_dag.py
[2025-04-09T23:20:37.257+0000] {processor.py:826} INFO - Processing file /workspaces/hands-on-introduction-data-engineering-4395021/airflow/dags/challenge_dag.py for tasks to queue
[2025-04-09T23:20:37.257+0000] {logging_mixin.py:150} INFO - [2025-04-09T23:20:37.257+0000] {dagbag.py:541} INFO - Filling up the DagBag from /workspaces/hands-on-introduction-data-engineering-4395021/airflow/dags/challenge_dag.py
[2025-04-09T23:20:37.482+0000] {processor.py:836} INFO - DAG(s) dict_keys(['challenge_dag']) retrieved from /workspaces/hands-on-introduction-data-engineering-4395021/airflow/dags/challenge_dag.py
[2025-04-09T23:20:37.498+0000] {logging_mixin.py:150} INFO - [2025-04-09T23:20:37.498+0000] {dag.py:2742} INFO - Sync 1 DAGs
[2025-04-09T23:20:37.510+0000] {logging_mixin.py:150} INFO - [2025-04-09T23:20:37.510+0000] {dag.py:3504} INFO - Setting next_dagrun for challenge_dag to None, run_after=None
[2025-04-09T23:20:37.524+0000] {processor.py:179} INFO - Processing /workspaces/hands-on-introduction-data-engineering-4395021/airflow/dags/challenge_dag.py took 0.270 seconds
[2025-04-09T23:21:07.613+0000] {processor.py:157} INFO - Started process (PID=95366) to work on /workspaces/hands-on-introduction-data-engineering-4395021/airflow/dags/challenge_dag.py
[2025-04-09T23:21:07.614+0000] {processor.py:826} INFO - Processing file /workspaces/hands-on-introduction-data-engineering-4395021/airflow/dags/challenge_dag.py for tasks to queue
[2025-04-09T23:21:07.615+0000] {logging_mixin.py:150} INFO - [2025-04-09T23:21:07.614+0000] {dagbag.py:541} INFO - Filling up the DagBag from /workspaces/hands-on-introduction-data-engineering-4395021/airflow/dags/challenge_dag.py
[2025-04-09T23:21:07.864+0000] {processor.py:836} INFO - DAG(s) dict_keys(['challenge_dag']) retrieved from /workspaces/hands-on-introduction-data-engineering-4395021/airflow/dags/challenge_dag.py
[2025-04-09T23:21:07.885+0000] {logging_mixin.py:150} INFO - [2025-04-09T23:21:07.885+0000] {dag.py:2742} INFO - Sync 1 DAGs
[2025-04-09T23:21:07.898+0000] {logging_mixin.py:150} INFO - [2025-04-09T23:21:07.898+0000] {dag.py:3504} INFO - Setting next_dagrun for challenge_dag to None, run_after=None
[2025-04-09T23:21:07.997+0000] {processor.py:179} INFO - Processing /workspaces/hands-on-introduction-data-engineering-4395021/airflow/dags/challenge_dag.py took 0.387 seconds
[2025-04-09T23:21:38.072+0000] {processor.py:157} INFO - Started process (PID=95544) to work on /workspaces/hands-on-introduction-data-engineering-4395021/airflow/dags/challenge_dag.py
[2025-04-09T23:21:38.073+0000] {processor.py:826} INFO - Processing file /workspaces/hands-on-introduction-data-engineering-4395021/airflow/dags/challenge_dag.py for tasks to queue
[2025-04-09T23:21:38.073+0000] {logging_mixin.py:150} INFO - [2025-04-09T23:21:38.073+0000] {dagbag.py:541} INFO - Filling up the DagBag from /workspaces/hands-on-introduction-data-engineering-4395021/airflow/dags/challenge_dag.py
[2025-04-09T23:21:38.300+0000] {processor.py:836} INFO - DAG(s) dict_keys(['challenge_dag']) retrieved from /workspaces/hands-on-introduction-data-engineering-4395021/airflow/dags/challenge_dag.py
[2025-04-09T23:21:38.315+0000] {logging_mixin.py:150} INFO - [2025-04-09T23:21:38.315+0000] {dag.py:2742} INFO - Sync 1 DAGs
[2025-04-09T23:21:38.329+0000] {logging_mixin.py:150} INFO - [2025-04-09T23:21:38.329+0000] {dag.py:3504} INFO - Setting next_dagrun for challenge_dag to None, run_after=None
[2025-04-09T23:21:38.427+0000] {processor.py:179} INFO - Processing /workspaces/hands-on-introduction-data-engineering-4395021/airflow/dags/challenge_dag.py took 0.358 seconds
[2025-04-09T23:22:08.497+0000] {processor.py:157} INFO - Started process (PID=95728) to work on /workspaces/hands-on-introduction-data-engineering-4395021/airflow/dags/challenge_dag.py
[2025-04-09T23:22:08.498+0000] {processor.py:826} INFO - Processing file /workspaces/hands-on-introduction-data-engineering-4395021/airflow/dags/challenge_dag.py for tasks to queue
[2025-04-09T23:22:08.499+0000] {logging_mixin.py:150} INFO - [2025-04-09T23:22:08.499+0000] {dagbag.py:541} INFO - Filling up the DagBag from /workspaces/hands-on-introduction-data-engineering-4395021/airflow/dags/challenge_dag.py
[2025-04-09T23:22:08.728+0000] {processor.py:836} INFO - DAG(s) dict_keys(['challenge_dag']) retrieved from /workspaces/hands-on-introduction-data-engineering-4395021/airflow/dags/challenge_dag.py
[2025-04-09T23:22:08.743+0000] {logging_mixin.py:150} INFO - [2025-04-09T23:22:08.743+0000] {dag.py:2742} INFO - Sync 1 DAGs
[2025-04-09T23:22:08.842+0000] {logging_mixin.py:150} INFO - [2025-04-09T23:22:08.842+0000] {dag.py:3504} INFO - Setting next_dagrun for challenge_dag to None, run_after=None
[2025-04-09T23:22:08.855+0000] {processor.py:179} INFO - Processing /workspaces/hands-on-introduction-data-engineering-4395021/airflow/dags/challenge_dag.py took 0.360 seconds
[2025-04-09T23:22:38.954+0000] {processor.py:157} INFO - Started process (PID=95907) to work on /workspaces/hands-on-introduction-data-engineering-4395021/airflow/dags/challenge_dag.py
[2025-04-09T23:22:38.955+0000] {processor.py:826} INFO - Processing file /workspaces/hands-on-introduction-data-engineering-4395021/airflow/dags/challenge_dag.py for tasks to queue
[2025-04-09T23:22:38.956+0000] {logging_mixin.py:150} INFO - [2025-04-09T23:22:38.955+0000] {dagbag.py:541} INFO - Filling up the DagBag from /workspaces/hands-on-introduction-data-engineering-4395021/airflow/dags/challenge_dag.py
[2025-04-09T23:22:39.196+0000] {processor.py:836} INFO - DAG(s) dict_keys(['challenge_dag']) retrieved from /workspaces/hands-on-introduction-data-engineering-4395021/airflow/dags/challenge_dag.py
[2025-04-09T23:22:39.212+0000] {logging_mixin.py:150} INFO - [2025-04-09T23:22:39.211+0000] {dag.py:2742} INFO - Sync 1 DAGs
[2025-04-09T23:22:39.311+0000] {logging_mixin.py:150} INFO - [2025-04-09T23:22:39.311+0000] {dag.py:3504} INFO - Setting next_dagrun for challenge_dag to None, run_after=None
[2025-04-09T23:22:39.324+0000] {processor.py:179} INFO - Processing /workspaces/hands-on-introduction-data-engineering-4395021/airflow/dags/challenge_dag.py took 0.372 seconds
[2025-04-09T23:23:09.411+0000] {processor.py:157} INFO - Started process (PID=96091) to work on /workspaces/hands-on-introduction-data-engineering-4395021/airflow/dags/challenge_dag.py
[2025-04-09T23:23:09.412+0000] {processor.py:826} INFO - Processing file /workspaces/hands-on-introduction-data-engineering-4395021/airflow/dags/challenge_dag.py for tasks to queue
[2025-04-09T23:23:09.413+0000] {logging_mixin.py:150} INFO - [2025-04-09T23:23:09.413+0000] {dagbag.py:541} INFO - Filling up the DagBag from /workspaces/hands-on-introduction-data-engineering-4395021/airflow/dags/challenge_dag.py
[2025-04-09T23:23:09.638+0000] {processor.py:836} INFO - DAG(s) dict_keys(['challenge_dag']) retrieved from /workspaces/hands-on-introduction-data-engineering-4395021/airflow/dags/challenge_dag.py
[2025-04-09T23:23:09.654+0000] {logging_mixin.py:150} INFO - [2025-04-09T23:23:09.654+0000] {dag.py:2742} INFO - Sync 1 DAGs
[2025-04-09T23:23:09.667+0000] {logging_mixin.py:150} INFO - [2025-04-09T23:23:09.667+0000] {dag.py:3504} INFO - Setting next_dagrun for challenge_dag to None, run_after=None
[2025-04-09T23:23:09.680+0000] {processor.py:179} INFO - Processing /workspaces/hands-on-introduction-data-engineering-4395021/airflow/dags/challenge_dag.py took 0.271 seconds
[2025-04-09T23:23:39.770+0000] {processor.py:157} INFO - Started process (PID=96276) to work on /workspaces/hands-on-introduction-data-engineering-4395021/airflow/dags/challenge_dag.py
[2025-04-09T23:23:39.771+0000] {processor.py:826} INFO - Processing file /workspaces/hands-on-introduction-data-engineering-4395021/airflow/dags/challenge_dag.py for tasks to queue
[2025-04-09T23:23:39.771+0000] {logging_mixin.py:150} INFO - [2025-04-09T23:23:39.771+0000] {dagbag.py:541} INFO - Filling up the DagBag from /workspaces/hands-on-introduction-data-engineering-4395021/airflow/dags/challenge_dag.py
[2025-04-09T23:23:39.997+0000] {processor.py:836} INFO - DAG(s) dict_keys(['challenge_dag']) retrieved from /workspaces/hands-on-introduction-data-engineering-4395021/airflow/dags/challenge_dag.py
[2025-04-09T23:23:40.013+0000] {logging_mixin.py:150} INFO - [2025-04-09T23:23:40.013+0000] {dag.py:2742} INFO - Sync 1 DAGs
[2025-04-09T23:23:40.026+0000] {logging_mixin.py:150} INFO - [2025-04-09T23:23:40.026+0000] {dag.py:3504} INFO - Setting next_dagrun for challenge_dag to None, run_after=None
[2025-04-09T23:23:40.040+0000] {processor.py:179} INFO - Processing /workspaces/hands-on-introduction-data-engineering-4395021/airflow/dags/challenge_dag.py took 0.272 seconds
[2025-04-09T23:24:10.127+0000] {processor.py:157} INFO - Started process (PID=96453) to work on /workspaces/hands-on-introduction-data-engineering-4395021/airflow/dags/challenge_dag.py
[2025-04-09T23:24:10.128+0000] {processor.py:826} INFO - Processing file /workspaces/hands-on-introduction-data-engineering-4395021/airflow/dags/challenge_dag.py for tasks to queue
[2025-04-09T23:24:10.128+0000] {logging_mixin.py:150} INFO - [2025-04-09T23:24:10.128+0000] {dagbag.py:541} INFO - Filling up the DagBag from /workspaces/hands-on-introduction-data-engineering-4395021/airflow/dags/challenge_dag.py
[2025-04-09T23:24:10.356+0000] {processor.py:836} INFO - DAG(s) dict_keys(['challenge_dag']) retrieved from /workspaces/hands-on-introduction-data-engineering-4395021/airflow/dags/challenge_dag.py
[2025-04-09T23:24:10.372+0000] {logging_mixin.py:150} INFO - [2025-04-09T23:24:10.372+0000] {dag.py:2742} INFO - Sync 1 DAGs
[2025-04-09T23:24:10.385+0000] {logging_mixin.py:150} INFO - [2025-04-09T23:24:10.385+0000] {dag.py:3504} INFO - Setting next_dagrun for challenge_dag to None, run_after=None
[2025-04-09T23:24:10.398+0000] {processor.py:179} INFO - Processing /workspaces/hands-on-introduction-data-engineering-4395021/airflow/dags/challenge_dag.py took 0.273 seconds
[2025-04-09T23:24:40.488+0000] {processor.py:157} INFO - Started process (PID=96636) to work on /workspaces/hands-on-introduction-data-engineering-4395021/airflow/dags/challenge_dag.py
[2025-04-09T23:24:40.489+0000] {processor.py:826} INFO - Processing file /workspaces/hands-on-introduction-data-engineering-4395021/airflow/dags/challenge_dag.py for tasks to queue
[2025-04-09T23:24:40.490+0000] {logging_mixin.py:150} INFO - [2025-04-09T23:24:40.489+0000] {dagbag.py:541} INFO - Filling up the DagBag from /workspaces/hands-on-introduction-data-engineering-4395021/airflow/dags/challenge_dag.py
[2025-04-09T23:24:40.734+0000] {processor.py:836} INFO - DAG(s) dict_keys(['challenge_dag']) retrieved from /workspaces/hands-on-introduction-data-engineering-4395021/airflow/dags/challenge_dag.py
[2025-04-09T23:24:40.750+0000] {logging_mixin.py:150} INFO - [2025-04-09T23:24:40.750+0000] {dag.py:2742} INFO - Sync 1 DAGs
[2025-04-09T23:24:40.764+0000] {logging_mixin.py:150} INFO - [2025-04-09T23:24:40.764+0000] {dag.py:3504} INFO - Setting next_dagrun for challenge_dag to None, run_after=None
[2025-04-09T23:24:40.779+0000] {processor.py:179} INFO - Processing /workspaces/hands-on-introduction-data-engineering-4395021/airflow/dags/challenge_dag.py took 0.293 seconds
[2025-04-09T23:25:10.850+0000] {processor.py:157} INFO - Started process (PID=96814) to work on /workspaces/hands-on-introduction-data-engineering-4395021/airflow/dags/challenge_dag.py
[2025-04-09T23:25:10.851+0000] {processor.py:826} INFO - Processing file /workspaces/hands-on-introduction-data-engineering-4395021/airflow/dags/challenge_dag.py for tasks to queue
[2025-04-09T23:25:10.852+0000] {logging_mixin.py:150} INFO - [2025-04-09T23:25:10.852+0000] {dagbag.py:541} INFO - Filling up the DagBag from /workspaces/hands-on-introduction-data-engineering-4395021/airflow/dags/challenge_dag.py
[2025-04-09T23:25:11.104+0000] {processor.py:836} INFO - DAG(s) dict_keys(['challenge_dag']) retrieved from /workspaces/hands-on-introduction-data-engineering-4395021/airflow/dags/challenge_dag.py
[2025-04-09T23:25:11.122+0000] {logging_mixin.py:150} INFO - [2025-04-09T23:25:11.122+0000] {dag.py:2742} INFO - Sync 1 DAGs
[2025-04-09T23:25:11.142+0000] {logging_mixin.py:150} INFO - [2025-04-09T23:25:11.142+0000] {dag.py:3504} INFO - Setting next_dagrun for challenge_dag to None, run_after=None
[2025-04-09T23:25:11.255+0000] {processor.py:179} INFO - Processing /workspaces/hands-on-introduction-data-engineering-4395021/airflow/dags/challenge_dag.py took 0.407 seconds
[2025-04-09T23:25:41.419+0000] {processor.py:157} INFO - Started process (PID=96993) to work on /workspaces/hands-on-introduction-data-engineering-4395021/airflow/dags/challenge_dag.py
[2025-04-09T23:25:41.420+0000] {processor.py:826} INFO - Processing file /workspaces/hands-on-introduction-data-engineering-4395021/airflow/dags/challenge_dag.py for tasks to queue
[2025-04-09T23:25:41.421+0000] {logging_mixin.py:150} INFO - [2025-04-09T23:25:41.421+0000] {dagbag.py:541} INFO - Filling up the DagBag from /workspaces/hands-on-introduction-data-engineering-4395021/airflow/dags/challenge_dag.py
[2025-04-09T23:25:41.662+0000] {processor.py:836} INFO - DAG(s) dict_keys(['challenge_dag']) retrieved from /workspaces/hands-on-introduction-data-engineering-4395021/airflow/dags/challenge_dag.py
[2025-04-09T23:25:41.678+0000] {logging_mixin.py:150} INFO - [2025-04-09T23:25:41.678+0000] {dag.py:2742} INFO - Sync 1 DAGs
[2025-04-09T23:25:41.692+0000] {logging_mixin.py:150} INFO - [2025-04-09T23:25:41.692+0000] {dag.py:3504} INFO - Setting next_dagrun for challenge_dag to None, run_after=None
[2025-04-09T23:25:41.795+0000] {processor.py:179} INFO - Processing /workspaces/hands-on-introduction-data-engineering-4395021/airflow/dags/challenge_dag.py took 0.378 seconds
[2025-04-09T23:26:11.878+0000] {processor.py:157} INFO - Started process (PID=97176) to work on /workspaces/hands-on-introduction-data-engineering-4395021/airflow/dags/challenge_dag.py
[2025-04-09T23:26:11.878+0000] {processor.py:826} INFO - Processing file /workspaces/hands-on-introduction-data-engineering-4395021/airflow/dags/challenge_dag.py for tasks to queue
[2025-04-09T23:26:11.879+0000] {logging_mixin.py:150} INFO - [2025-04-09T23:26:11.879+0000] {dagbag.py:541} INFO - Filling up the DagBag from /workspaces/hands-on-introduction-data-engineering-4395021/airflow/dags/challenge_dag.py
[2025-04-09T23:26:12.120+0000] {processor.py:836} INFO - DAG(s) dict_keys(['challenge_dag']) retrieved from /workspaces/hands-on-introduction-data-engineering-4395021/airflow/dags/challenge_dag.py
[2025-04-09T23:26:12.135+0000] {logging_mixin.py:150} INFO - [2025-04-09T23:26:12.135+0000] {dag.py:2742} INFO - Sync 1 DAGs
[2025-04-09T23:26:12.231+0000] {logging_mixin.py:150} INFO - [2025-04-09T23:26:12.231+0000] {dag.py:3504} INFO - Setting next_dagrun for challenge_dag to None, run_after=None
[2025-04-09T23:26:12.244+0000] {processor.py:179} INFO - Processing /workspaces/hands-on-introduction-data-engineering-4395021/airflow/dags/challenge_dag.py took 0.369 seconds
[2025-04-09T23:26:42.336+0000] {processor.py:157} INFO - Started process (PID=97355) to work on /workspaces/hands-on-introduction-data-engineering-4395021/airflow/dags/challenge_dag.py
[2025-04-09T23:26:42.337+0000] {processor.py:826} INFO - Processing file /workspaces/hands-on-introduction-data-engineering-4395021/airflow/dags/challenge_dag.py for tasks to queue
[2025-04-09T23:26:42.338+0000] {logging_mixin.py:150} INFO - [2025-04-09T23:26:42.338+0000] {dagbag.py:541} INFO - Filling up the DagBag from /workspaces/hands-on-introduction-data-engineering-4395021/airflow/dags/challenge_dag.py
[2025-04-09T23:26:42.566+0000] {processor.py:836} INFO - DAG(s) dict_keys(['challenge_dag']) retrieved from /workspaces/hands-on-introduction-data-engineering-4395021/airflow/dags/challenge_dag.py
[2025-04-09T23:26:42.595+0000] {logging_mixin.py:150} INFO - [2025-04-09T23:26:42.594+0000] {dag.py:2742} INFO - Sync 1 DAGs
[2025-04-09T23:26:42.710+0000] {logging_mixin.py:150} INFO - [2025-04-09T23:26:42.709+0000] {dag.py:3504} INFO - Setting next_dagrun for challenge_dag to None, run_after=None
[2025-04-09T23:26:42.731+0000] {processor.py:179} INFO - Processing /workspaces/hands-on-introduction-data-engineering-4395021/airflow/dags/challenge_dag.py took 0.397 seconds
[2025-04-09T23:27:12.817+0000] {processor.py:157} INFO - Started process (PID=97539) to work on /workspaces/hands-on-introduction-data-engineering-4395021/airflow/dags/challenge_dag.py
[2025-04-09T23:27:12.818+0000] {processor.py:826} INFO - Processing file /workspaces/hands-on-introduction-data-engineering-4395021/airflow/dags/challenge_dag.py for tasks to queue
[2025-04-09T23:27:12.819+0000] {logging_mixin.py:150} INFO - [2025-04-09T23:27:12.818+0000] {dagbag.py:541} INFO - Filling up the DagBag from /workspaces/hands-on-introduction-data-engineering-4395021/airflow/dags/challenge_dag.py
[2025-04-09T23:27:13.044+0000] {processor.py:836} INFO - DAG(s) dict_keys(['challenge_dag']) retrieved from /workspaces/hands-on-introduction-data-engineering-4395021/airflow/dags/challenge_dag.py
[2025-04-09T23:27:13.060+0000] {logging_mixin.py:150} INFO - [2025-04-09T23:27:13.060+0000] {dag.py:2742} INFO - Sync 1 DAGs
[2025-04-09T23:27:13.079+0000] {logging_mixin.py:150} INFO - [2025-04-09T23:27:13.078+0000] {dag.py:3504} INFO - Setting next_dagrun for challenge_dag to None, run_after=None
[2025-04-09T23:27:13.097+0000] {processor.py:179} INFO - Processing /workspaces/hands-on-introduction-data-engineering-4395021/airflow/dags/challenge_dag.py took 0.282 seconds
[2025-04-09T23:27:43.177+0000] {processor.py:157} INFO - Started process (PID=97724) to work on /workspaces/hands-on-introduction-data-engineering-4395021/airflow/dags/challenge_dag.py
[2025-04-09T23:27:43.178+0000] {processor.py:826} INFO - Processing file /workspaces/hands-on-introduction-data-engineering-4395021/airflow/dags/challenge_dag.py for tasks to queue
[2025-04-09T23:27:43.178+0000] {logging_mixin.py:150} INFO - [2025-04-09T23:27:43.178+0000] {dagbag.py:541} INFO - Filling up the DagBag from /workspaces/hands-on-introduction-data-engineering-4395021/airflow/dags/challenge_dag.py
[2025-04-09T23:27:43.404+0000] {processor.py:836} INFO - DAG(s) dict_keys(['challenge_dag']) retrieved from /workspaces/hands-on-introduction-data-engineering-4395021/airflow/dags/challenge_dag.py
[2025-04-09T23:27:43.419+0000] {logging_mixin.py:150} INFO - [2025-04-09T23:27:43.419+0000] {dag.py:2742} INFO - Sync 1 DAGs
[2025-04-09T23:27:43.432+0000] {logging_mixin.py:150} INFO - [2025-04-09T23:27:43.432+0000] {dag.py:3504} INFO - Setting next_dagrun for challenge_dag to None, run_after=None
[2025-04-09T23:27:43.445+0000] {processor.py:179} INFO - Processing /workspaces/hands-on-introduction-data-engineering-4395021/airflow/dags/challenge_dag.py took 0.271 seconds
[2025-04-09T23:28:13.535+0000] {processor.py:157} INFO - Started process (PID=97902) to work on /workspaces/hands-on-introduction-data-engineering-4395021/airflow/dags/challenge_dag.py
[2025-04-09T23:28:13.536+0000] {processor.py:826} INFO - Processing file /workspaces/hands-on-introduction-data-engineering-4395021/airflow/dags/challenge_dag.py for tasks to queue
[2025-04-09T23:28:13.536+0000] {logging_mixin.py:150} INFO - [2025-04-09T23:28:13.536+0000] {dagbag.py:541} INFO - Filling up the DagBag from /workspaces/hands-on-introduction-data-engineering-4395021/airflow/dags/challenge_dag.py
[2025-04-09T23:28:13.768+0000] {processor.py:836} INFO - DAG(s) dict_keys(['challenge_dag']) retrieved from /workspaces/hands-on-introduction-data-engineering-4395021/airflow/dags/challenge_dag.py
[2025-04-09T23:28:13.784+0000] {logging_mixin.py:150} INFO - [2025-04-09T23:28:13.783+0000] {dag.py:2742} INFO - Sync 1 DAGs
[2025-04-09T23:28:13.797+0000] {logging_mixin.py:150} INFO - [2025-04-09T23:28:13.796+0000] {dag.py:3504} INFO - Setting next_dagrun for challenge_dag to None, run_after=None
[2025-04-09T23:28:13.811+0000] {processor.py:179} INFO - Processing /workspaces/hands-on-introduction-data-engineering-4395021/airflow/dags/challenge_dag.py took 0.278 seconds
[2025-04-09T23:28:43.892+0000] {processor.py:157} INFO - Started process (PID=98085) to work on /workspaces/hands-on-introduction-data-engineering-4395021/airflow/dags/challenge_dag.py
[2025-04-09T23:28:43.892+0000] {processor.py:826} INFO - Processing file /workspaces/hands-on-introduction-data-engineering-4395021/airflow/dags/challenge_dag.py for tasks to queue
[2025-04-09T23:28:43.893+0000] {logging_mixin.py:150} INFO - [2025-04-09T23:28:43.893+0000] {dagbag.py:541} INFO - Filling up the DagBag from /workspaces/hands-on-introduction-data-engineering-4395021/airflow/dags/challenge_dag.py
[2025-04-09T23:28:44.116+0000] {processor.py:836} INFO - DAG(s) dict_keys(['challenge_dag']) retrieved from /workspaces/hands-on-introduction-data-engineering-4395021/airflow/dags/challenge_dag.py
[2025-04-09T23:28:44.131+0000] {logging_mixin.py:150} INFO - [2025-04-09T23:28:44.131+0000] {dag.py:2742} INFO - Sync 1 DAGs
[2025-04-09T23:28:44.146+0000] {logging_mixin.py:150} INFO - [2025-04-09T23:28:44.146+0000] {dag.py:3504} INFO - Setting next_dagrun for challenge_dag to None, run_after=None
[2025-04-09T23:28:44.246+0000] {processor.py:179} INFO - Processing /workspaces/hands-on-introduction-data-engineering-4395021/airflow/dags/challenge_dag.py took 0.357 seconds
[2025-04-09T23:29:14.349+0000] {processor.py:157} INFO - Started process (PID=98270) to work on /workspaces/hands-on-introduction-data-engineering-4395021/airflow/dags/challenge_dag.py
[2025-04-09T23:29:14.350+0000] {processor.py:826} INFO - Processing file /workspaces/hands-on-introduction-data-engineering-4395021/airflow/dags/challenge_dag.py for tasks to queue
[2025-04-09T23:29:14.351+0000] {logging_mixin.py:150} INFO - [2025-04-09T23:29:14.350+0000] {dagbag.py:541} INFO - Filling up the DagBag from /workspaces/hands-on-introduction-data-engineering-4395021/airflow/dags/challenge_dag.py
[2025-04-09T23:29:14.595+0000] {processor.py:836} INFO - DAG(s) dict_keys(['challenge_dag']) retrieved from /workspaces/hands-on-introduction-data-engineering-4395021/airflow/dags/challenge_dag.py
[2025-04-09T23:29:14.613+0000] {logging_mixin.py:150} INFO - [2025-04-09T23:29:14.613+0000] {dag.py:2742} INFO - Sync 1 DAGs
[2025-04-09T23:29:14.627+0000] {logging_mixin.py:150} INFO - [2025-04-09T23:29:14.627+0000] {dag.py:3504} INFO - Setting next_dagrun for challenge_dag to None, run_after=None
[2025-04-09T23:29:14.723+0000] {processor.py:179} INFO - Processing /workspaces/hands-on-introduction-data-engineering-4395021/airflow/dags/challenge_dag.py took 0.377 seconds
[2025-04-09T23:29:44.811+0000] {processor.py:157} INFO - Started process (PID=98448) to work on /workspaces/hands-on-introduction-data-engineering-4395021/airflow/dags/challenge_dag.py
[2025-04-09T23:29:44.812+0000] {processor.py:826} INFO - Processing file /workspaces/hands-on-introduction-data-engineering-4395021/airflow/dags/challenge_dag.py for tasks to queue
[2025-04-09T23:29:44.813+0000] {logging_mixin.py:150} INFO - [2025-04-09T23:29:44.813+0000] {dagbag.py:541} INFO - Filling up the DagBag from /workspaces/hands-on-introduction-data-engineering-4395021/airflow/dags/challenge_dag.py
[2025-04-09T23:29:45.038+0000] {processor.py:836} INFO - DAG(s) dict_keys(['challenge_dag']) retrieved from /workspaces/hands-on-introduction-data-engineering-4395021/airflow/dags/challenge_dag.py
[2025-04-09T23:29:45.054+0000] {logging_mixin.py:150} INFO - [2025-04-09T23:29:45.054+0000] {dag.py:2742} INFO - Sync 1 DAGs
[2025-04-09T23:29:45.152+0000] {logging_mixin.py:150} INFO - [2025-04-09T23:29:45.152+0000] {dag.py:3504} INFO - Setting next_dagrun for challenge_dag to None, run_after=None
[2025-04-09T23:29:45.165+0000] {processor.py:179} INFO - Processing /workspaces/hands-on-introduction-data-engineering-4395021/airflow/dags/challenge_dag.py took 0.357 seconds
[2025-04-09T23:30:15.269+0000] {processor.py:157} INFO - Started process (PID=98632) to work on /workspaces/hands-on-introduction-data-engineering-4395021/airflow/dags/challenge_dag.py
[2025-04-09T23:30:15.270+0000] {processor.py:826} INFO - Processing file /workspaces/hands-on-introduction-data-engineering-4395021/airflow/dags/challenge_dag.py for tasks to queue
[2025-04-09T23:30:15.271+0000] {logging_mixin.py:150} INFO - [2025-04-09T23:30:15.271+0000] {dagbag.py:541} INFO - Filling up the DagBag from /workspaces/hands-on-introduction-data-engineering-4395021/airflow/dags/challenge_dag.py
[2025-04-09T23:30:15.504+0000] {processor.py:836} INFO - DAG(s) dict_keys(['challenge_dag']) retrieved from /workspaces/hands-on-introduction-data-engineering-4395021/airflow/dags/challenge_dag.py
[2025-04-09T23:30:15.519+0000] {logging_mixin.py:150} INFO - [2025-04-09T23:30:15.519+0000] {dag.py:2742} INFO - Sync 1 DAGs
[2025-04-09T23:30:15.616+0000] {logging_mixin.py:150} INFO - [2025-04-09T23:30:15.616+0000] {dag.py:3504} INFO - Setting next_dagrun for challenge_dag to None, run_after=None
[2025-04-09T23:30:15.629+0000] {processor.py:179} INFO - Processing /workspaces/hands-on-introduction-data-engineering-4395021/airflow/dags/challenge_dag.py took 0.362 seconds
[2025-04-09T23:30:45.728+0000] {processor.py:157} INFO - Started process (PID=98811) to work on /workspaces/hands-on-introduction-data-engineering-4395021/airflow/dags/challenge_dag.py
[2025-04-09T23:30:45.729+0000] {processor.py:826} INFO - Processing file /workspaces/hands-on-introduction-data-engineering-4395021/airflow/dags/challenge_dag.py for tasks to queue
[2025-04-09T23:30:45.730+0000] {logging_mixin.py:150} INFO - [2025-04-09T23:30:45.729+0000] {dagbag.py:541} INFO - Filling up the DagBag from /workspaces/hands-on-introduction-data-engineering-4395021/airflow/dags/challenge_dag.py
[2025-04-09T23:30:45.961+0000] {processor.py:836} INFO - DAG(s) dict_keys(['challenge_dag']) retrieved from /workspaces/hands-on-introduction-data-engineering-4395021/airflow/dags/challenge_dag.py
[2025-04-09T23:30:45.985+0000] {logging_mixin.py:150} INFO - [2025-04-09T23:30:45.985+0000] {dag.py:2742} INFO - Sync 1 DAGs
[2025-04-09T23:30:46.084+0000] {logging_mixin.py:150} INFO - [2025-04-09T23:30:46.083+0000] {dag.py:3504} INFO - Setting next_dagrun for challenge_dag to None, run_after=None
[2025-04-09T23:30:46.096+0000] {processor.py:179} INFO - Processing /workspaces/hands-on-introduction-data-engineering-4395021/airflow/dags/challenge_dag.py took 0.370 seconds
[2025-04-09T23:31:17.231+0000] {processor.py:157} INFO - Started process (PID=99001) to work on /workspaces/hands-on-introduction-data-engineering-4395021/airflow/dags/challenge_dag.py
[2025-04-09T23:31:17.232+0000] {processor.py:826} INFO - Processing file /workspaces/hands-on-introduction-data-engineering-4395021/airflow/dags/challenge_dag.py for tasks to queue
[2025-04-09T23:31:17.233+0000] {logging_mixin.py:150} INFO - [2025-04-09T23:31:17.233+0000] {dagbag.py:541} INFO - Filling up the DagBag from /workspaces/hands-on-introduction-data-engineering-4395021/airflow/dags/challenge_dag.py
[2025-04-09T23:31:17.462+0000] {processor.py:836} INFO - DAG(s) dict_keys(['challenge_dag']) retrieved from /workspaces/hands-on-introduction-data-engineering-4395021/airflow/dags/challenge_dag.py
[2025-04-09T23:31:17.478+0000] {logging_mixin.py:150} INFO - [2025-04-09T23:31:17.478+0000] {dag.py:2742} INFO - Sync 1 DAGs
[2025-04-09T23:31:17.492+0000] {logging_mixin.py:150} INFO - [2025-04-09T23:31:17.491+0000] {dag.py:3504} INFO - Setting next_dagrun for challenge_dag to None, run_after=None
[2025-04-09T23:31:17.515+0000] {processor.py:179} INFO - Processing /workspaces/hands-on-introduction-data-engineering-4395021/airflow/dags/challenge_dag.py took 0.286 seconds
