[2025-04-09T20:17:54.269+0000] {taskinstance.py:1103} INFO - Dependencies all met for dep_context=non-requeueable deps ti=<TaskInstance: transform_dag.transform_task manual__2025-04-09T20:17:51.525517+00:00 [queued]>
[2025-04-09T20:17:54.273+0000] {taskinstance.py:1103} INFO - Dependencies all met for dep_context=requeueable deps ti=<TaskInstance: transform_dag.transform_task manual__2025-04-09T20:17:51.525517+00:00 [queued]>
[2025-04-09T20:17:54.274+0000] {taskinstance.py:1308} INFO - Starting attempt 1 of 1
[2025-04-09T20:17:54.283+0000] {taskinstance.py:1327} INFO - Executing <Task(PythonOperator): transform_task> on 2025-04-09 20:17:51.525517+00:00
[2025-04-09T20:17:54.286+0000] {standard_task_runner.py:57} INFO - Started process 19259 to run task
[2025-04-09T20:17:54.289+0000] {standard_task_runner.py:84} INFO - Running: ['airflow', 'tasks', 'run', 'transform_dag', 'transform_task', 'manual__2025-04-09T20:17:51.525517+00:00', '--job-id', '18', '--raw', '--subdir', 'DAGS_FOLDER/transform_dag.py', '--cfg-path', '/tmp/tmpb_phmkwi']
[2025-04-09T20:17:54.290+0000] {standard_task_runner.py:85} INFO - Job 18: Subtask transform_task
[2025-04-09T20:17:54.315+0000] {task_command.py:410} INFO - Running <TaskInstance: transform_dag.transform_task manual__2025-04-09T20:17:51.525517+00:00 [running]> on host codespaces-6b480a
[2025-04-09T20:17:54.350+0000] {taskinstance.py:1545} INFO - Exporting env vars: AIRFLOW_CTX_DAG_OWNER='logan' AIRFLOW_CTX_DAG_ID='transform_dag' AIRFLOW_CTX_TASK_ID='transform_task' AIRFLOW_CTX_EXECUTION_DATE='2025-04-09T20:17:51.525517+00:00' AIRFLOW_CTX_TRY_NUMBER='1' AIRFLOW_CTX_DAG_RUN_ID='manual__2025-04-09T20:17:51.525517+00:00'
[2025-04-09T20:17:54.352+0000] {taskinstance.py:1824} ERROR - Task failed with exception
Traceback (most recent call last):
  File "/home/vscode/.local/lib/python3.10/site-packages/airflow/operators/python.py", line 181, in execute
    return_value = self.execute_callable()
  File "/home/vscode/.local/lib/python3.10/site-packages/airflow/operators/python.py", line 198, in execute_callable
    return self.python_callable(*self.op_args, **self.op_kwargs)
  File "/workspaces/hands-on-introduction-data-engineering-4395021/airflow/dags/transform_dag.py", line 27, in transform_data
    data = pd.read_csv(input_file)
  File "/home/vscode/.local/lib/python3.10/site-packages/pandas/io/parsers/readers.py", line 1026, in read_csv
    return _read(filepath_or_buffer, kwds)
  File "/home/vscode/.local/lib/python3.10/site-packages/pandas/io/parsers/readers.py", line 620, in _read
    parser = TextFileReader(filepath_or_buffer, **kwds)
  File "/home/vscode/.local/lib/python3.10/site-packages/pandas/io/parsers/readers.py", line 1620, in __init__
    self._engine = self._make_engine(f, self.engine)
  File "/home/vscode/.local/lib/python3.10/site-packages/pandas/io/parsers/readers.py", line 1880, in _make_engine
    self.handles = get_handle(
  File "/home/vscode/.local/lib/python3.10/site-packages/pandas/io/common.py", line 873, in get_handle
    handle = open(
FileNotFoundError: [Errno 2] No such file or directory: '$AIRFLOW_HOME/../lab/orchestrated/airflow_extract_data.csv'
[2025-04-09T20:17:54.358+0000] {taskinstance.py:1345} INFO - Marking task as FAILED. dag_id=transform_dag, task_id=transform_task, execution_date=20250409T201751, start_date=20250409T201754, end_date=20250409T201754
[2025-04-09T20:17:54.367+0000] {standard_task_runner.py:104} ERROR - Failed to execute job 18 for task transform_task ([Errno 2] No such file or directory: '$AIRFLOW_HOME/../lab/orchestrated/airflow_extract_data.csv'; 19259)
[2025-04-09T20:17:54.381+0000] {local_task_job_runner.py:225} INFO - Task exited with return code 1
[2025-04-09T20:17:54.391+0000] {taskinstance.py:2653} INFO - 0 downstream tasks scheduled from follow-on schedule check
