[2025-04-09T20:16:51.252+0000] {taskinstance.py:1103} INFO - Dependencies all met for dep_context=non-requeueable deps ti=<TaskInstance: extract_dag.task_wget manual__2025-04-09T20:16:49.001386+00:00 [queued]>
[2025-04-09T20:16:51.256+0000] {taskinstance.py:1103} INFO - Dependencies all met for dep_context=requeueable deps ti=<TaskInstance: extract_dag.task_wget manual__2025-04-09T20:16:49.001386+00:00 [queued]>
[2025-04-09T20:16:51.256+0000] {taskinstance.py:1308} INFO - Starting attempt 1 of 1
[2025-04-09T20:16:51.266+0000] {taskinstance.py:1327} INFO - Executing <Task(BashOperator): task_wget> on 2025-04-09 20:16:49.001386+00:00
[2025-04-09T20:16:51.268+0000] {standard_task_runner.py:57} INFO - Started process 18819 to run task
[2025-04-09T20:16:51.271+0000] {standard_task_runner.py:84} INFO - Running: ['airflow', 'tasks', 'run', 'extract_dag', 'task_wget', 'manual__2025-04-09T20:16:49.001386+00:00', '--job-id', '17', '--raw', '--subdir', 'DAGS_FOLDER/extract_dag.py', '--cfg-path', '/tmp/tmpw_b214uk']
[2025-04-09T20:16:51.272+0000] {standard_task_runner.py:85} INFO - Job 17: Subtask task_wget
[2025-04-09T20:16:51.297+0000] {task_command.py:410} INFO - Running <TaskInstance: extract_dag.task_wget manual__2025-04-09T20:16:49.001386+00:00 [running]> on host codespaces-6b480a
[2025-04-09T20:16:51.334+0000] {taskinstance.py:1545} INFO - Exporting env vars: AIRFLOW_CTX_DAG_OWNER='logan' AIRFLOW_CTX_DAG_ID='extract_dag' AIRFLOW_CTX_TASK_ID='task_wget' AIRFLOW_CTX_EXECUTION_DATE='2025-04-09T20:16:49.001386+00:00' AIRFLOW_CTX_TRY_NUMBER='1' AIRFLOW_CTX_DAG_RUN_ID='manual__2025-04-09T20:16:49.001386+00:00'
[2025-04-09T20:16:51.334+0000] {subprocess.py:63} INFO - Tmp dir root location: /tmp
[2025-04-09T20:16:51.335+0000] {subprocess.py:75} INFO - Running command: ['/usr/bin/bash', '-c', 'wget -c https://datahub.io/core/top-level-domain-names/r/top-level-domain-names.csv.csv -O $AIRFLOW_HOME/../lab/orchestrated/airflow_extract_data.csv']
[2025-04-09T20:16:51.341+0000] {subprocess.py:86} INFO - Output:
[2025-04-09T20:16:51.384+0000] {subprocess.py:93} INFO - --2025-04-09 20:16:51--  https://datahub.io/core/top-level-domain-names/r/top-level-domain-names.csv.csv
[2025-04-09T20:16:51.634+0000] {subprocess.py:93} INFO - Resolving datahub.io (datahub.io)... 104.21.40.221, 172.67.157.38, 2606:4700:3030::ac43:9d26, ...
[2025-04-09T20:16:51.636+0000] {subprocess.py:93} INFO - Connecting to datahub.io (datahub.io)|104.21.40.221|:443... connected.
[2025-04-09T20:16:51.987+0000] {subprocess.py:93} INFO - HTTP request sent, awaiting response... 301 Moved Permanently
[2025-04-09T20:16:51.988+0000] {subprocess.py:93} INFO - Location: https://datahub.io/core/top-level-domain-names/_r/-/data/top-level-domain-names.csv [following]
[2025-04-09T20:16:51.988+0000] {subprocess.py:93} INFO - --2025-04-09 20:16:51--  https://datahub.io/core/top-level-domain-names/_r/-/data/top-level-domain-names.csv
[2025-04-09T20:16:51.988+0000] {subprocess.py:93} INFO - Reusing existing connection to datahub.io:443.
[2025-04-09T20:16:52.196+0000] {subprocess.py:93} INFO - HTTP request sent, awaiting response... 302 Found
[2025-04-09T20:16:52.196+0000] {subprocess.py:93} INFO - Location: https://r2.datahub.io/clt98mhbp000nl708qb1tppbw/main/raw/data/top-level-domain-names.csv [following]
[2025-04-09T20:16:52.196+0000] {subprocess.py:93} INFO - --2025-04-09 20:16:52--  https://r2.datahub.io/clt98mhbp000nl708qb1tppbw/main/raw/data/top-level-domain-names.csv
[2025-04-09T20:16:52.208+0000] {subprocess.py:93} INFO - Resolving r2.datahub.io (r2.datahub.io)... 172.67.157.38, 104.21.40.221, 2606:4700:3033::6815:28dd, ...
[2025-04-09T20:16:52.210+0000] {subprocess.py:93} INFO - Connecting to r2.datahub.io (r2.datahub.io)|172.67.157.38|:443... connected.
[2025-04-09T20:16:52.359+0000] {subprocess.py:93} INFO - HTTP request sent, awaiting response... 200 OK
[2025-04-09T20:16:52.359+0000] {subprocess.py:93} INFO - Length: 71040 (69K) [text/csv]
[2025-04-09T20:16:52.360+0000] {subprocess.py:93} INFO - Saving to: ‘/workspaces/hands-on-introduction-data-engineering-4395021/airflow/../lab/orchestrated/airflow_extract_data.csv’
[2025-04-09T20:16:52.360+0000] {subprocess.py:93} INFO - 
[2025-04-09T20:16:52.360+0000] {subprocess.py:93} INFO -      0K .......... .......... .......... .......... .......... 72%  106M 0s
[2025-04-09T20:16:52.362+0000] {subprocess.py:93} INFO -     50K .......... .........                                  100% 13.8M=0.002s
[2025-04-09T20:16:52.362+0000] {subprocess.py:93} INFO - 
[2025-04-09T20:16:52.362+0000] {subprocess.py:93} INFO - 2025-04-09 20:16:52 (37.0 MB/s) - ‘/workspaces/hands-on-introduction-data-engineering-4395021/airflow/../lab/orchestrated/airflow_extract_data.csv’ saved [71040/71040]
[2025-04-09T20:16:52.362+0000] {subprocess.py:93} INFO - 
[2025-04-09T20:16:52.363+0000] {subprocess.py:97} INFO - Command exited with return code 0
[2025-04-09T20:16:52.377+0000] {taskinstance.py:1345} INFO - Marking task as SUCCESS. dag_id=extract_dag, task_id=task_wget, execution_date=20250409T201649, start_date=20250409T201651, end_date=20250409T201652
[2025-04-09T20:16:52.405+0000] {local_task_job_runner.py:225} INFO - Task exited with return code 0
[2025-04-09T20:16:52.413+0000] {taskinstance.py:2653} INFO - 0 downstream tasks scheduled from follow-on schedule check
