[2025-04-10T18:49:23.315+0000] {taskinstance.py:1103} INFO - Dependencies all met for dep_context=non-requeueable deps ti=<TaskInstance: etl_dag.extract_task scheduled__2025-04-09T00:00:00+00:00 [queued]>
[2025-04-10T18:49:23.320+0000] {taskinstance.py:1103} INFO - Dependencies all met for dep_context=requeueable deps ti=<TaskInstance: etl_dag.extract_task scheduled__2025-04-09T00:00:00+00:00 [queued]>
[2025-04-10T18:49:23.320+0000] {taskinstance.py:1308} INFO - Starting attempt 1 of 1
[2025-04-10T18:49:23.330+0000] {taskinstance.py:1327} INFO - Executing <Task(BashOperator): extract_task> on 2025-04-09 00:00:00+00:00
[2025-04-10T18:49:23.333+0000] {standard_task_runner.py:57} INFO - Started process 19716 to run task
[2025-04-10T18:49:23.336+0000] {standard_task_runner.py:84} INFO - Running: ['airflow', 'tasks', 'run', 'etl_dag', 'extract_task', 'scheduled__2025-04-09T00:00:00+00:00', '--job-id', '41', '--raw', '--subdir', 'DAGS_FOLDER/first_try/etl_dag.py', '--cfg-path', '/tmp/tmpjfh12xo5']
[2025-04-10T18:49:23.336+0000] {standard_task_runner.py:85} INFO - Job 41: Subtask extract_task
[2025-04-10T18:49:23.363+0000] {task_command.py:410} INFO - Running <TaskInstance: etl_dag.extract_task scheduled__2025-04-09T00:00:00+00:00 [running]> on host codespaces-6b480a
[2025-04-10T18:49:23.399+0000] {taskinstance.py:1545} INFO - Exporting env vars: AIRFLOW_CTX_DAG_OWNER='logan' AIRFLOW_CTX_DAG_ID='etl_dag' AIRFLOW_CTX_TASK_ID='extract_task' AIRFLOW_CTX_EXECUTION_DATE='2025-04-09T00:00:00+00:00' AIRFLOW_CTX_TRY_NUMBER='1' AIRFLOW_CTX_DAG_RUN_ID='scheduled__2025-04-09T00:00:00+00:00'
[2025-04-10T18:49:23.400+0000] {subprocess.py:63} INFO - Tmp dir root location: /tmp
[2025-04-10T18:49:23.401+0000] {subprocess.py:75} INFO - Running command: ['/usr/bin/bash', '-c', 'wget -c https://datahub.io/core/top-level-domain-names/r/top-level-domain-names.csv.csv -O $AIRFLOW_HOME/../lab/orchestrated/airflow_extract_data.csv']
[2025-04-10T18:49:23.406+0000] {subprocess.py:86} INFO - Output:
[2025-04-10T18:49:23.415+0000] {subprocess.py:93} INFO - --2025-04-10 18:49:23--  https://datahub.io/core/top-level-domain-names/r/top-level-domain-names.csv.csv
[2025-04-10T18:49:23.670+0000] {subprocess.py:93} INFO - Resolving datahub.io (datahub.io)... 172.67.157.38, 104.21.40.221, 2606:4700:3030::ac43:9d26, ...
[2025-04-10T18:49:23.679+0000] {subprocess.py:93} INFO - Connecting to datahub.io (datahub.io)|172.67.157.38|:443... connected.
[2025-04-10T18:49:24.011+0000] {subprocess.py:93} INFO - HTTP request sent, awaiting response... 301 Moved Permanently
[2025-04-10T18:49:24.011+0000] {subprocess.py:93} INFO - Location: https://datahub.io/core/top-level-domain-names/_r/-/data/top-level-domain-names.csv [following]
[2025-04-10T18:49:24.012+0000] {subprocess.py:93} INFO - --2025-04-10 18:49:24--  https://datahub.io/core/top-level-domain-names/_r/-/data/top-level-domain-names.csv
[2025-04-10T18:49:24.012+0000] {subprocess.py:93} INFO - Reusing existing connection to datahub.io:443.
[2025-04-10T18:49:24.200+0000] {subprocess.py:93} INFO - HTTP request sent, awaiting response... 302 Found
[2025-04-10T18:49:24.200+0000] {subprocess.py:93} INFO - Location: https://r2.datahub.io/clt98mhbp000nl708qb1tppbw/main/raw/data/top-level-domain-names.csv [following]
[2025-04-10T18:49:24.200+0000] {subprocess.py:93} INFO - --2025-04-10 18:49:24--  https://r2.datahub.io/clt98mhbp000nl708qb1tppbw/main/raw/data/top-level-domain-names.csv
[2025-04-10T18:49:24.223+0000] {subprocess.py:93} INFO - Resolving r2.datahub.io (r2.datahub.io)... 172.67.157.38, 104.21.40.221, 2606:4700:3030::ac43:9d26, ...
[2025-04-10T18:49:24.226+0000] {subprocess.py:93} INFO - Connecting to r2.datahub.io (r2.datahub.io)|172.67.157.38|:443... connected.
[2025-04-10T18:49:24.355+0000] {subprocess.py:93} INFO - HTTP request sent, awaiting response... 416 Requested Range Not Satisfiable
[2025-04-10T18:49:24.355+0000] {subprocess.py:93} INFO - 
[2025-04-10T18:49:24.355+0000] {subprocess.py:93} INFO -     The file is already fully retrieved; nothing to do.
[2025-04-10T18:49:24.355+0000] {subprocess.py:93} INFO - 
[2025-04-10T18:49:24.356+0000] {subprocess.py:97} INFO - Command exited with return code 0
[2025-04-10T18:49:24.369+0000] {taskinstance.py:1345} INFO - Marking task as SUCCESS. dag_id=etl_dag, task_id=extract_task, execution_date=20250409T000000, start_date=20250410T184923, end_date=20250410T184924
[2025-04-10T18:49:24.391+0000] {local_task_job_runner.py:225} INFO - Task exited with return code 0
[2025-04-10T18:49:24.417+0000] {taskinstance.py:2653} INFO - 1 downstream tasks scheduled from follow-on schedule check
