[2025-04-09T17:14:20.229+0000] {taskinstance.py:1103} INFO - Dependencies all met for dep_context=non-requeueable deps ti=<TaskInstance: extract_csv_dag.task_wget manual__2025-04-09T17:14:17.855800+00:00 [queued]>
[2025-04-09T17:14:20.233+0000] {taskinstance.py:1103} INFO - Dependencies all met for dep_context=requeueable deps ti=<TaskInstance: extract_csv_dag.task_wget manual__2025-04-09T17:14:17.855800+00:00 [queued]>
[2025-04-09T17:14:20.233+0000] {taskinstance.py:1308} INFO - Starting attempt 1 of 1
[2025-04-09T17:14:20.242+0000] {taskinstance.py:1327} INFO - Executing <Task(BashOperator): task_wget> on 2025-04-09 17:14:17.855800+00:00
[2025-04-09T17:14:20.245+0000] {standard_task_runner.py:57} INFO - Started process 10752 to run task
[2025-04-09T17:14:20.248+0000] {standard_task_runner.py:84} INFO - Running: ['airflow', 'tasks', 'run', 'extract_csv_dag', 'task_wget', 'manual__2025-04-09T17:14:17.855800+00:00', '--job-id', '9', '--raw', '--subdir', 'DAGS_FOLDER/extract_csv_dag.py', '--cfg-path', '/tmp/tmpkqc4_qtn']
[2025-04-09T17:14:20.248+0000] {standard_task_runner.py:85} INFO - Job 9: Subtask task_wget
[2025-04-09T17:14:20.274+0000] {task_command.py:410} INFO - Running <TaskInstance: extract_csv_dag.task_wget manual__2025-04-09T17:14:17.855800+00:00 [running]> on host codespaces-6b480a
[2025-04-09T17:14:20.310+0000] {taskinstance.py:1545} INFO - Exporting env vars: AIRFLOW_CTX_DAG_OWNER='logan' AIRFLOW_CTX_DAG_ID='extract_csv_dag' AIRFLOW_CTX_TASK_ID='task_wget' AIRFLOW_CTX_EXECUTION_DATE='2025-04-09T17:14:17.855800+00:00' AIRFLOW_CTX_TRY_NUMBER='1' AIRFLOW_CTX_DAG_RUN_ID='manual__2025-04-09T17:14:17.855800+00:00'
[2025-04-09T17:14:20.311+0000] {subprocess.py:63} INFO - Tmp dir root location: /tmp
[2025-04-09T17:14:20.311+0000] {subprocess.py:75} INFO - Running command: ['/usr/bin/bash', '-c', '\n        wget -c https://datahub.io/core/top-level-domain-names/r/top-level-domain-names.csv.csv \n        -O $AIRFLOW_DAGS/../../lab/manual/top_level_domain_$(date +%Y%m%d%H%M%S).csv\n        ']
[2025-04-09T17:14:20.316+0000] {subprocess.py:86} INFO - Output:
[2025-04-09T17:14:20.320+0000] {subprocess.py:93} INFO - --2025-04-09 17:14:20--  https://datahub.io/core/top-level-domain-names/r/top-level-domain-names.csv.csv
[2025-04-09T17:14:20.343+0000] {subprocess.py:93} INFO - Resolving datahub.io (datahub.io)... 172.67.157.38, 104.21.40.221, 2606:4700:3030::ac43:9d26, ...
[2025-04-09T17:14:20.344+0000] {subprocess.py:93} INFO - Connecting to datahub.io (datahub.io)|172.67.157.38|:443... connected.
[2025-04-09T17:14:20.647+0000] {subprocess.py:93} INFO - HTTP request sent, awaiting response... 301 Moved Permanently
[2025-04-09T17:14:20.648+0000] {subprocess.py:93} INFO - Location: https://datahub.io/core/top-level-domain-names/_r/-/data/top-level-domain-names.csv [following]
[2025-04-09T17:14:20.648+0000] {subprocess.py:93} INFO - --2025-04-09 17:14:20--  https://datahub.io/core/top-level-domain-names/_r/-/data/top-level-domain-names.csv
[2025-04-09T17:14:20.648+0000] {subprocess.py:93} INFO - Reusing existing connection to datahub.io:443.
[2025-04-09T17:14:20.863+0000] {subprocess.py:93} INFO - HTTP request sent, awaiting response... 302 Found
[2025-04-09T17:14:20.863+0000] {subprocess.py:93} INFO - Location: https://r2.datahub.io/clt98mhbp000nl708qb1tppbw/main/raw/data/top-level-domain-names.csv [following]
[2025-04-09T17:14:20.864+0000] {subprocess.py:93} INFO - --2025-04-09 17:14:20--  https://r2.datahub.io/clt98mhbp000nl708qb1tppbw/main/raw/data/top-level-domain-names.csv
[2025-04-09T17:14:20.874+0000] {subprocess.py:93} INFO - Resolving r2.datahub.io (r2.datahub.io)... 104.21.40.221, 172.67.157.38, 2606:4700:3033::6815:28dd, ...
[2025-04-09T17:14:20.876+0000] {subprocess.py:93} INFO - Connecting to r2.datahub.io (r2.datahub.io)|104.21.40.221|:443... connected.
[2025-04-09T17:14:21.018+0000] {subprocess.py:93} INFO - HTTP request sent, awaiting response... 200 OK
[2025-04-09T17:14:21.019+0000] {subprocess.py:93} INFO - Length: 71040 (69K) [text/csv]
[2025-04-09T17:14:21.019+0000] {subprocess.py:93} INFO - Saving to: ‘top-level-domain-names.csv.csv’
[2025-04-09T17:14:21.019+0000] {subprocess.py:93} INFO - 
[2025-04-09T17:14:21.019+0000] {subprocess.py:93} INFO -      0K .......... .......... .......... .......... .......... 72%  110M 0s
[2025-04-09T17:14:21.020+0000] {subprocess.py:93} INFO -     50K .......... .........                                  100% 32.7M=0.001s
[2025-04-09T17:14:21.020+0000] {subprocess.py:93} INFO - 
[2025-04-09T17:14:21.020+0000] {subprocess.py:93} INFO - 2025-04-09 17:14:21 (66.3 MB/s) - ‘top-level-domain-names.csv.csv’ saved [71040/71040]
[2025-04-09T17:14:21.020+0000] {subprocess.py:93} INFO - 
[2025-04-09T17:14:21.022+0000] {subprocess.py:93} INFO - /usr/bin/bash: line 3: -O: command not found
[2025-04-09T17:14:21.022+0000] {subprocess.py:97} INFO - Command exited with return code 127
[2025-04-09T17:14:21.027+0000] {taskinstance.py:1824} ERROR - Task failed with exception
Traceback (most recent call last):
  File "/home/vscode/.local/lib/python3.10/site-packages/airflow/operators/bash.py", line 210, in execute
    raise AirflowException(
airflow.exceptions.AirflowException: Bash command failed. The command returned a non-zero exit code 127.
[2025-04-09T17:14:21.029+0000] {taskinstance.py:1345} INFO - Marking task as FAILED. dag_id=extract_csv_dag, task_id=task_wget, execution_date=20250409T171417, start_date=20250409T171420, end_date=20250409T171421
[2025-04-09T17:14:21.038+0000] {standard_task_runner.py:104} ERROR - Failed to execute job 9 for task task_wget (Bash command failed. The command returned a non-zero exit code 127.; 10752)
[2025-04-09T17:14:21.061+0000] {local_task_job_runner.py:225} INFO - Task exited with return code 1
[2025-04-09T17:14:21.069+0000] {taskinstance.py:2653} INFO - 0 downstream tasks scheduled from follow-on schedule check
