[2025-04-08T11:41:49.221+0000] {processor.py:157} INFO - Started process (PID=2693) to work on /home/vscode/.local/lib/python3.10/site-packages/airflow/example_dags/subdags/subdag.py
[2025-04-08T11:41:49.221+0000] {processor.py:826} INFO - Processing file /home/vscode/.local/lib/python3.10/site-packages/airflow/example_dags/subdags/subdag.py for tasks to queue
[2025-04-08T11:41:49.222+0000] {logging_mixin.py:150} INFO - [2025-04-08T11:41:49.222+0000] {dagbag.py:541} INFO - Filling up the DagBag from /home/vscode/.local/lib/python3.10/site-packages/airflow/example_dags/subdags/subdag.py
[2025-04-08T11:41:49.223+0000] {processor.py:838} WARNING - No viable dags retrieved from /home/vscode/.local/lib/python3.10/site-packages/airflow/example_dags/subdags/subdag.py
[2025-04-08T11:41:49.316+0000] {processor.py:179} INFO - Processing /home/vscode/.local/lib/python3.10/site-packages/airflow/example_dags/subdags/subdag.py took 0.098 seconds
[2025-04-08T11:42:39.117+0000] {processor.py:157} INFO - Started process (PID=3040) to work on /home/vscode/.local/lib/python3.10/site-packages/airflow/example_dags/subdags/subdag.py
[2025-04-08T11:42:39.118+0000] {processor.py:826} INFO - Processing file /home/vscode/.local/lib/python3.10/site-packages/airflow/example_dags/subdags/subdag.py for tasks to queue
[2025-04-08T11:42:39.118+0000] {logging_mixin.py:150} INFO - [2025-04-08T11:42:39.118+0000] {dagbag.py:541} INFO - Filling up the DagBag from /home/vscode/.local/lib/python3.10/site-packages/airflow/example_dags/subdags/subdag.py
[2025-04-08T11:42:39.120+0000] {processor.py:838} WARNING - No viable dags retrieved from /home/vscode/.local/lib/python3.10/site-packages/airflow/example_dags/subdags/subdag.py
[2025-04-08T11:42:39.129+0000] {processor.py:179} INFO - Processing /home/vscode/.local/lib/python3.10/site-packages/airflow/example_dags/subdags/subdag.py took 0.014 seconds
[2025-04-08T11:43:23.038+0000] {processor.py:157} INFO - Started process (PID=3326) to work on /home/vscode/.local/lib/python3.10/site-packages/airflow/example_dags/subdags/subdag.py
[2025-04-08T11:43:23.039+0000] {processor.py:826} INFO - Processing file /home/vscode/.local/lib/python3.10/site-packages/airflow/example_dags/subdags/subdag.py for tasks to queue
[2025-04-08T11:43:23.040+0000] {logging_mixin.py:150} INFO - [2025-04-08T11:43:23.039+0000] {dagbag.py:541} INFO - Filling up the DagBag from /home/vscode/.local/lib/python3.10/site-packages/airflow/example_dags/subdags/subdag.py
[2025-04-08T11:43:23.041+0000] {processor.py:838} WARNING - No viable dags retrieved from /home/vscode/.local/lib/python3.10/site-packages/airflow/example_dags/subdags/subdag.py
[2025-04-08T11:43:23.048+0000] {processor.py:179} INFO - Processing /home/vscode/.local/lib/python3.10/site-packages/airflow/example_dags/subdags/subdag.py took 0.012 seconds
[2025-04-08T11:43:56.062+0000] {processor.py:157} INFO - Started process (PID=3542) to work on /home/vscode/.local/lib/python3.10/site-packages/airflow/example_dags/subdags/subdag.py
[2025-04-08T11:43:56.063+0000] {processor.py:826} INFO - Processing file /home/vscode/.local/lib/python3.10/site-packages/airflow/example_dags/subdags/subdag.py for tasks to queue
[2025-04-08T11:43:56.064+0000] {logging_mixin.py:150} INFO - [2025-04-08T11:43:56.063+0000] {dagbag.py:541} INFO - Filling up the DagBag from /home/vscode/.local/lib/python3.10/site-packages/airflow/example_dags/subdags/subdag.py
[2025-04-08T11:43:56.065+0000] {processor.py:838} WARNING - No viable dags retrieved from /home/vscode/.local/lib/python3.10/site-packages/airflow/example_dags/subdags/subdag.py
[2025-04-08T11:43:56.073+0000] {processor.py:179} INFO - Processing /home/vscode/.local/lib/python3.10/site-packages/airflow/example_dags/subdags/subdag.py took 0.013 seconds
[2025-04-08T11:44:41.276+0000] {processor.py:157} INFO - Started process (PID=3955) to work on /home/vscode/.local/lib/python3.10/site-packages/airflow/example_dags/subdags/subdag.py
[2025-04-08T11:44:41.277+0000] {processor.py:826} INFO - Processing file /home/vscode/.local/lib/python3.10/site-packages/airflow/example_dags/subdags/subdag.py for tasks to queue
[2025-04-08T11:44:41.277+0000] {logging_mixin.py:150} INFO - [2025-04-08T11:44:41.277+0000] {dagbag.py:541} INFO - Filling up the DagBag from /home/vscode/.local/lib/python3.10/site-packages/airflow/example_dags/subdags/subdag.py
[2025-04-08T11:44:41.279+0000] {processor.py:838} WARNING - No viable dags retrieved from /home/vscode/.local/lib/python3.10/site-packages/airflow/example_dags/subdags/subdag.py
[2025-04-08T11:44:41.286+0000] {processor.py:179} INFO - Processing /home/vscode/.local/lib/python3.10/site-packages/airflow/example_dags/subdags/subdag.py took 0.013 seconds
[2025-04-08T11:45:21.353+0000] {processor.py:157} INFO - Started process (PID=4304) to work on /home/vscode/.local/lib/python3.10/site-packages/airflow/example_dags/subdags/subdag.py
[2025-04-08T11:45:21.354+0000] {processor.py:826} INFO - Processing file /home/vscode/.local/lib/python3.10/site-packages/airflow/example_dags/subdags/subdag.py for tasks to queue
[2025-04-08T11:45:21.355+0000] {logging_mixin.py:150} INFO - [2025-04-08T11:45:21.354+0000] {dagbag.py:541} INFO - Filling up the DagBag from /home/vscode/.local/lib/python3.10/site-packages/airflow/example_dags/subdags/subdag.py
[2025-04-08T11:45:21.356+0000] {processor.py:838} WARNING - No viable dags retrieved from /home/vscode/.local/lib/python3.10/site-packages/airflow/example_dags/subdags/subdag.py
[2025-04-08T11:45:21.363+0000] {processor.py:179} INFO - Processing /home/vscode/.local/lib/python3.10/site-packages/airflow/example_dags/subdags/subdag.py took 0.012 seconds
[2025-04-08T11:46:07.479+0000] {processor.py:157} INFO - Started process (PID=4676) to work on /home/vscode/.local/lib/python3.10/site-packages/airflow/example_dags/subdags/subdag.py
[2025-04-08T11:46:07.480+0000] {processor.py:826} INFO - Processing file /home/vscode/.local/lib/python3.10/site-packages/airflow/example_dags/subdags/subdag.py for tasks to queue
[2025-04-08T11:46:07.481+0000] {logging_mixin.py:150} INFO - [2025-04-08T11:46:07.481+0000] {dagbag.py:541} INFO - Filling up the DagBag from /home/vscode/.local/lib/python3.10/site-packages/airflow/example_dags/subdags/subdag.py
[2025-04-08T11:46:07.482+0000] {processor.py:838} WARNING - No viable dags retrieved from /home/vscode/.local/lib/python3.10/site-packages/airflow/example_dags/subdags/subdag.py
[2025-04-08T11:46:07.490+0000] {processor.py:179} INFO - Processing /home/vscode/.local/lib/python3.10/site-packages/airflow/example_dags/subdags/subdag.py took 0.012 seconds
[2025-04-08T11:46:39.391+0000] {processor.py:157} INFO - Started process (PID=4890) to work on /home/vscode/.local/lib/python3.10/site-packages/airflow/example_dags/subdags/subdag.py
[2025-04-08T11:46:39.392+0000] {processor.py:826} INFO - Processing file /home/vscode/.local/lib/python3.10/site-packages/airflow/example_dags/subdags/subdag.py for tasks to queue
[2025-04-08T11:46:39.393+0000] {logging_mixin.py:150} INFO - [2025-04-08T11:46:39.392+0000] {dagbag.py:541} INFO - Filling up the DagBag from /home/vscode/.local/lib/python3.10/site-packages/airflow/example_dags/subdags/subdag.py
[2025-04-08T11:46:39.394+0000] {processor.py:838} WARNING - No viable dags retrieved from /home/vscode/.local/lib/python3.10/site-packages/airflow/example_dags/subdags/subdag.py
[2025-04-08T11:46:39.402+0000] {processor.py:179} INFO - Processing /home/vscode/.local/lib/python3.10/site-packages/airflow/example_dags/subdags/subdag.py took 0.012 seconds
[2025-04-08T11:47:24.499+0000] {processor.py:157} INFO - Started process (PID=5196) to work on /home/vscode/.local/lib/python3.10/site-packages/airflow/example_dags/subdags/subdag.py
[2025-04-08T11:47:24.500+0000] {processor.py:826} INFO - Processing file /home/vscode/.local/lib/python3.10/site-packages/airflow/example_dags/subdags/subdag.py for tasks to queue
[2025-04-08T11:47:24.501+0000] {logging_mixin.py:150} INFO - [2025-04-08T11:47:24.500+0000] {dagbag.py:541} INFO - Filling up the DagBag from /home/vscode/.local/lib/python3.10/site-packages/airflow/example_dags/subdags/subdag.py
[2025-04-08T11:47:24.502+0000] {processor.py:838} WARNING - No viable dags retrieved from /home/vscode/.local/lib/python3.10/site-packages/airflow/example_dags/subdags/subdag.py
[2025-04-08T11:47:24.509+0000] {processor.py:179} INFO - Processing /home/vscode/.local/lib/python3.10/site-packages/airflow/example_dags/subdags/subdag.py took 0.011 seconds
[2025-04-08T11:47:56.402+0000] {processor.py:157} INFO - Started process (PID=5406) to work on /home/vscode/.local/lib/python3.10/site-packages/airflow/example_dags/subdags/subdag.py
[2025-04-08T11:47:56.402+0000] {processor.py:826} INFO - Processing file /home/vscode/.local/lib/python3.10/site-packages/airflow/example_dags/subdags/subdag.py for tasks to queue
[2025-04-08T11:47:56.403+0000] {logging_mixin.py:150} INFO - [2025-04-08T11:47:56.402+0000] {dagbag.py:541} INFO - Filling up the DagBag from /home/vscode/.local/lib/python3.10/site-packages/airflow/example_dags/subdags/subdag.py
[2025-04-08T11:47:56.404+0000] {processor.py:838} WARNING - No viable dags retrieved from /home/vscode/.local/lib/python3.10/site-packages/airflow/example_dags/subdags/subdag.py
[2025-04-08T11:47:56.414+0000] {processor.py:179} INFO - Processing /home/vscode/.local/lib/python3.10/site-packages/airflow/example_dags/subdags/subdag.py took 0.014 seconds
[2025-04-08T11:48:40.658+0000] {processor.py:157} INFO - Started process (PID=5747) to work on /home/vscode/.local/lib/python3.10/site-packages/airflow/example_dags/subdags/subdag.py
[2025-04-08T11:48:40.659+0000] {processor.py:826} INFO - Processing file /home/vscode/.local/lib/python3.10/site-packages/airflow/example_dags/subdags/subdag.py for tasks to queue
[2025-04-08T11:48:40.659+0000] {logging_mixin.py:150} INFO - [2025-04-08T11:48:40.659+0000] {dagbag.py:541} INFO - Filling up the DagBag from /home/vscode/.local/lib/python3.10/site-packages/airflow/example_dags/subdags/subdag.py
[2025-04-08T11:48:40.661+0000] {processor.py:838} WARNING - No viable dags retrieved from /home/vscode/.local/lib/python3.10/site-packages/airflow/example_dags/subdags/subdag.py
[2025-04-08T11:48:40.669+0000] {processor.py:179} INFO - Processing /home/vscode/.local/lib/python3.10/site-packages/airflow/example_dags/subdags/subdag.py took 0.013 seconds
[2025-04-08T11:49:22.340+0000] {processor.py:157} INFO - Started process (PID=6246) to work on /home/vscode/.local/lib/python3.10/site-packages/airflow/example_dags/subdags/subdag.py
[2025-04-08T11:49:22.341+0000] {processor.py:826} INFO - Processing file /home/vscode/.local/lib/python3.10/site-packages/airflow/example_dags/subdags/subdag.py for tasks to queue
[2025-04-08T11:49:22.342+0000] {logging_mixin.py:150} INFO - [2025-04-08T11:49:22.341+0000] {dagbag.py:541} INFO - Filling up the DagBag from /home/vscode/.local/lib/python3.10/site-packages/airflow/example_dags/subdags/subdag.py
[2025-04-08T11:49:22.343+0000] {processor.py:838} WARNING - No viable dags retrieved from /home/vscode/.local/lib/python3.10/site-packages/airflow/example_dags/subdags/subdag.py
[2025-04-08T11:49:22.350+0000] {processor.py:179} INFO - Processing /home/vscode/.local/lib/python3.10/site-packages/airflow/example_dags/subdags/subdag.py took 0.012 seconds
[2025-04-08T11:50:08.458+0000] {processor.py:157} INFO - Started process (PID=6795) to work on /home/vscode/.local/lib/python3.10/site-packages/airflow/example_dags/subdags/subdag.py
[2025-04-08T11:50:08.458+0000] {processor.py:826} INFO - Processing file /home/vscode/.local/lib/python3.10/site-packages/airflow/example_dags/subdags/subdag.py for tasks to queue
[2025-04-08T11:50:08.459+0000] {logging_mixin.py:150} INFO - [2025-04-08T11:50:08.459+0000] {dagbag.py:541} INFO - Filling up the DagBag from /home/vscode/.local/lib/python3.10/site-packages/airflow/example_dags/subdags/subdag.py
[2025-04-08T11:50:08.461+0000] {processor.py:838} WARNING - No viable dags retrieved from /home/vscode/.local/lib/python3.10/site-packages/airflow/example_dags/subdags/subdag.py
[2025-04-08T11:50:08.468+0000] {processor.py:179} INFO - Processing /home/vscode/.local/lib/python3.10/site-packages/airflow/example_dags/subdags/subdag.py took 0.012 seconds
[2025-04-08T11:50:52.685+0000] {processor.py:157} INFO - Started process (PID=7139) to work on /home/vscode/.local/lib/python3.10/site-packages/airflow/example_dags/subdags/subdag.py
[2025-04-08T11:50:52.685+0000] {processor.py:826} INFO - Processing file /home/vscode/.local/lib/python3.10/site-packages/airflow/example_dags/subdags/subdag.py for tasks to queue
[2025-04-08T11:50:52.686+0000] {logging_mixin.py:150} INFO - [2025-04-08T11:50:52.686+0000] {dagbag.py:541} INFO - Filling up the DagBag from /home/vscode/.local/lib/python3.10/site-packages/airflow/example_dags/subdags/subdag.py
[2025-04-08T11:50:52.688+0000] {processor.py:838} WARNING - No viable dags retrieved from /home/vscode/.local/lib/python3.10/site-packages/airflow/example_dags/subdags/subdag.py
[2025-04-08T11:50:52.695+0000] {processor.py:179} INFO - Processing /home/vscode/.local/lib/python3.10/site-packages/airflow/example_dags/subdags/subdag.py took 0.012 seconds
